
.Version 7.9.3 of ABINIT 
.(MPI version, prepared for a x86_64_linux_gnu4.7 computer) 

.Copyright (C) 1998-2014 ABINIT group . 
 ABINIT comes with ABSOLUTELY NO WARRANTY.
 It is free software, and you are welcome to redistribute it
 under certain conditions (GNU General Public License,
 see ~abinit/COPYING or http://www.gnu.org/copyleft/gpl.txt).

 ABINIT is a project of the Universite Catholique de Louvain,
 Corning Inc. and other collaborators, see ~abinit/doc/developers/contributors.txt .
 Please read ~abinit/doc/users/acknowledgments.html for suggested
 acknowledgments of the ABINIT effort.
 For more information, see http://www.abinit.org .

.Starting date : Sat 30 Aug 2014.
- ( at 22h19 )
  
- input  file    -> t01.in
- output file    -> t01.out
- root for input  files -> t01i
- root for output files -> t01o


 Symmetries : space group P1 (#  1); Bravais aP (primitive triclinic)
================================================================================
 Values of the parameters that define the memory need of the present run
   intxc =         1  ionmov =         0    iscf =         5 xclevel =         1
  lmnmax =         1   lnmax =         1   mband =         1  mffmem =         1
P  mgfft =        24   mkmem =         1 mpssoang=         1     mpw =       258
  mqgrid =      3001   natom =         1    nfft =     13824    nkpt =         1
  nloalg =         4  nspden =         1 nspinor =         1  nsppol =         1
    nsym =         1  n1xccc =         0  ntypat =         1  occopt =         1
================================================================================
P This job should need less than                       3.232 Mbytes of memory.
  Rough estimation (10% accuracy) of disk space for files :
_ WF disk file :      0.006 Mbytes ; DEN or POT disk file :      0.107 Mbytes.
================================================================================

--------------------------------------------------------------------------------
------------- Echo of variables that govern the present computation ------------
--------------------------------------------------------------------------------
-
- outvars: echo of selected default values                                      
-   accesswff0 =  0 , fftalg0 =112 , wfoptalg0 =  0
-
- outvars: echo of global parameters not present in the input file              
-  max_nthreads =    0
-
 -outvars: echo values of preprocessed input variables --------
            acell      1.0000000000E+01  1.0000000000E+01  1.0000000000E+01 Bohr
              amu      1.00794000E+00
           diemac      1.00000000E+00
             ecut      5.00000000E+00 Hartree
-          fftalg         112
            intxc           1
             iscf           5
           istwfk        2
           kptopt           0
P           mkmem           1
            natom           1
            nband           1
            ngfft          24      24      24
             nkpt           1
            nline           3
            nstep          20
             nsym           1
           ntypat           1
              occ      1.000000
          spgroup           1
           tolwfr      1.00000000E-14
            typat      1
            znucl        1.00000

================================================================================

 chkinp: Checking input parameters for consistency.

================================================================================
== DATASET  1 ==================================================================
-   nproc =    1

 Exchange-correlation functional for the present dataset will be:
  LDA: new Teter (4/93) with spin-polarized option - ixc=1
 Citation for XC functional:
  S. Goedecker, M. Teter, J. Huetter, PRB 54, 1703 (1996)

 Real(R)+Recip(G) space primitive vectors, cartesian coordinates (Bohr,Bohr^-1):
 R(1)= 10.0000000  0.0000000  0.0000000  G(1)=  0.1000000  0.0000000  0.0000000
 R(2)=  0.0000000 10.0000000  0.0000000  G(2)=  0.0000000  0.1000000  0.0000000
 R(3)=  0.0000000  0.0000000 10.0000000  G(3)=  0.0000000  0.0000000  0.1000000
 Unit cell volume ucvol=  1.0000000E+03 bohr^3
 Angles (23,13,12)=  9.00000000E+01  9.00000000E+01  9.00000000E+01 degrees

 getcut: wavevector=  0.0000  0.0000  0.0000  ngfft=  24  24  24
         ecut(hartree)=      5.000   => boxcut(ratio)=   2.38430

 getcut : COMMENT -
  Note that boxcut > 2.2 ; recall that boxcut=Gcut(box)/Gcut(sphere) = 2
  is sufficient for exact treatment of convolution.
  Such a large boxcut is a waste : you could raise ecut
  e.g. ecut=    7.106115 Hartrees makes boxcut=2


--- Pseudopotential description ------------------------------------------------
- pspini: atom type   1  psp file is /home/gonze/ABINIT/ABINITv7.9.3/trunk/7.9.3-private/tests/Psps_for_tests/1h.pspnc
- pspatm: opening atomic psp file    /home/gonze/ABINIT/ABINITv7.9.3/trunk/7.9.3-private/tests/Psps_for_tests/1h.pspnc
-  Troullier-Martins psp for element  H         Thu Oct 27 17:28:54 EDT 1994
-  1.00000   1.00000    940714                znucl, zion, pspdat
    1    1    0    0      2001   0.00000      pspcod,pspxc,lmax,lloc,mmax,r2well
    0   7.740  11.990    0   1.5855604        l,e99.0,e99.9,nproj,rcpsp
   0.00000000   0.00000000   0.00000000   0.00000000     rms, ekb1, ekb2, epsatm
    0.00000000000000    0.00000000000000    0.00000000000000   rchrg,fchrg,qchrg
 Note: local psp for atom with Z=  1.0
 pspatm: epsatm=    0.04198703
         --- l  ekb(1:nproj) -->
 pspatm: atomic psp has been read  and splines computed

   4.19870298E-02                                ecore*ucvol(ha*bohr**3)
--------------------------------------------------------------------------------

P newkpt: treating      1 bands with npw=     258 for ikpt=   1 by node    0

_setup2: Arith. and geom. avg. npw (full set) are     515.000     515.000

================================================================================

     iter   Etot(hartree)      deltaE(h)  residm     vres2
 ETOT  1 -0.43453952628139    -4.345E-01 3.908E-05 2.107E+00
 ETOT  2 -0.43477027851768    -2.308E-04 1.880E-10 8.209E-03
 ETOT  3 -0.43477297307293    -2.695E-06 4.025E-08 9.981E-05
 ETOT  4 -0.43477309575512    -1.227E-07 7.384E-10 4.986E-07
 ETOT  5 -0.43477309490592     8.492E-10 6.260E-12 2.101E-06
 ETOT  6 -0.43477309572720    -8.213E-10 1.272E-11 4.143E-08
 ETOT  7 -0.43477309577606    -4.887E-11 5.970E-14 2.144E-07
 ETOT  8 -0.43477309578637    -1.031E-11 2.784E-14 8.440E-10
 ETOT  9 -0.43477309578640    -3.192E-14 3.679E-15 3.074E-12

 At SCF step    9   max residual=  3.68E-15 < tolwfr=  1.00E-14 =>converged.

 Cartesian components of stress tensor (hartree/bohr^3)
  sigma(1 1)=  3.01068777E-05  sigma(3 2)=  9.10006992E-14
  sigma(2 2)=  3.01068773E-05  sigma(3 1)=  1.06738529E-13
  sigma(3 3)=  3.01068773E-05  sigma(2 1)= -3.76625478E-13

================================================================================

 ----iterations are completed or convergence reached----

 Mean square residual over all n,k,spin=   3.6791E-15; max=  3.6791E-15
   0.0000  0.0000  0.0000    1  3.67909E-15 kpt; spin; max resid(k); each band:
  3.68E-15
 reduced coordinates (array xred) for    1 atoms
       0.000000000000      0.000000000000      0.000000000000
 rms dE/dt=  8.6027E-09; max dE/dt=  3.0892E-10; dE/dt below (all hartree)
    1      -0.000000006521     -0.000000013394      0.000000000309

 cartesian coordinates (angstrom) at end:
    1      0.00000000000000     0.00000000000000     0.00000000000000

 cartesian forces (hartree/bohr) at end:
    1      0.00000000000000     0.00000000000000     0.00000000000000
 frms,max,avg= 0.0000000E+00 0.0000000E+00   6.521E-10  1.339E-09 -3.089E-11 h/b

 cartesian forces (eV/Angstrom) at end:
    1      0.00000000000000     0.00000000000000     0.00000000000000
 frms,max,avg= 0.0000000E+00 0.0000000E+00   3.353E-08  6.887E-08 -1.589E-09 e/A
 length scales= 10.000000000000 10.000000000000 10.000000000000 bohr
              =  5.291772085900  5.291772085900  5.291772085900 angstroms
 prteigrs : about to open file t01o_EIG
 Fermi (or HOMO) energy (hartree) =  -0.23096   Average Vxc (hartree)=  -0.08046
 Eigenvalues (hartree) for nkpt=   1  k points:
 kpt#   1, nband=  1, wtk=  1.00000, kpt=  0.0000  0.0000  0.0000 (reduced coord)
  -0.23096
 Total charge density [el/Bohr^3]
,     Maximum=    9.1838E-02  at reduced coord.    0.0000    0.0000    0.0000
,Next maximum=    7.8949E-02  at reduced coord.    0.0000    0.0417    0.0000
,     Minimum=    1.4114E-06  at reduced coord.    0.5000    0.5000    0.5000
,Next minimum=    2.6091E-06  at reduced coord.    0.5000    0.5000    0.4583
,  Integrated=    1.0000E+00

--------------------------------------------------------------------------------
 Components of total free energy (in Hartree) :

    Kinetic energy  =  3.39880583902551E-01
    Hartree energy  =  1.26904803474573E-01
    XC energy       = -2.14541073255949E-01
    Ewald energy    = -1.41864873974033E-01
    PspCore energy  =  4.19870298485538E-05
    Loc. psp. energy= -5.45194522963390E-01
    NL   psp  energy=  0.00000000000000E+00
    >>>>>>>>> Etotal= -4.34773095786399E-01

 Other information on the energy :
    Total energy(eV)= -1.18307776014442E+01 ; Band energy (Ha)=  -2.3095922722E-01
--------------------------------------------------------------------------------

 Cartesian components of stress tensor (hartree/bohr^3)
  sigma(1 1)=  3.01068777E-05  sigma(3 2)=  9.10006992E-14
  sigma(2 2)=  3.01068773E-05  sigma(3 1)=  1.06738529E-13
  sigma(3 3)=  3.01068773E-05  sigma(2 1)= -3.76625478E-13

-Cartesian components of stress tensor (GPa)         [Pressure= -8.8577E-01 GPa]
- sigma(1 1)=  8.85774774E-01  sigma(3 2)=  2.67733255E-09
- sigma(2 2)=  8.85774763E-01  sigma(3 1)=  3.14035542E-09
- sigma(3 3)=  8.85774763E-01  sigma(2 1)= -1.10807023E-08

== END DATASET(S) ==============================================================
================================================================================
  
 -outvars: echo values of variables after computation  --------
            acell      1.0000000000E+01  1.0000000000E+01  1.0000000000E+01 Bohr
              amu      1.00794000E+00
           diemac      1.00000000E+00
             ecut      5.00000000E+00 Hartree
           etotal     -4.3477309579E-01
            fcart      0.0000000000E+00  0.0000000000E+00  0.0000000000E+00
-          fftalg         112
            intxc           1
             iscf           5
           istwfk        2
           kptopt           0
P           mkmem           1
            natom           1
            nband           1
            ngfft          24      24      24
             nkpt           1
            nline           3
            nstep          20
             nsym           1
           ntypat           1
              occ      1.000000
          spgroup           1
           strten      3.0106877687E-05  3.0106877339E-05  3.0106877328E-05
                       9.1000699164E-14  1.0673852917E-13 -3.7662547779E-13
           tolwfr      1.00000000E-14
            typat      1
            znucl        1.00000

================================================================================


- Timing analysis has been suppressed with timopt=0



================================================================================

 Suggested references for the acknowledgment of ABINIT usage.

 The users of ABINIT have little formal obligations with respect to the ABINIT group
 (those specified in the GNU General Public License, http://www.gnu.org/copyleft/gpl.txt).
 However, it is common practice in the scientific literature,
 to acknowledge the efforts of people that have made the research possible.
 In this spirit, please find below suggested citations of work written by ABINIT developers,
 corresponding to implementations inside of ABINIT that you have used in the present run.
 Note also that it will be of great value to readers of publications presenting these results,
 to read papers enabling them to understand the theoretical formalism and details
 of the ABINIT implementation.
 For information on why they are suggested, see also http://www.abinit.org/about/?text=acknowledgments.

 [1] ABINIT : First-principles approach of materials and nanosystem properties.
 X. Gonze, B. Amadon, P.-M. Anglade, J.-M. Beuken, F. Bottin, P. Boulanger, F. Bruneval,
 D. Caliste, R. Caracas, M. Cote, T. Deutsch, L. Genovese, Ph. Ghosez, M. Giantomassi
 S. Goedecker, D.R. Hamann, P. Hermet, F. Jollet, G. Jomard, S. Leroux, M. Mancini, S. Mazevet,
 M.J.T. Oliveira, G. Onida, Y. Pouillon, T. Rangel, G.-M. Rignanese, D. Sangalli, R. Shaltaf,
 M. Torrent, M.J. Verstraete, G. Zerah, J.W. Zwanziger
 Computer Phys. Comm. 180, 2582-2615 (2009).
 Comment : the third generic paper describing the ABINIT project.
 Note that a version of this paper, that is not formatted for Computer Phys. Comm. 
 is available at http://www.abinit.org/about/ABINIT_CPC_v10.pdf .
 The licence allows the authors to put it on the Web.

 [2] A brief introduction to the ABINIT software package.
 X. Gonze, G.-M. Rignanese, M. Verstraete, J.-M. Beuken, Y. Pouillon, R. Caracas, F. Jollet,
 M. Torrent, G. Zerah, M. Mikami, Ph. Ghosez, M. Veithen, J.-Y. Raty, V. Olevano, F. Bruneval,
 L. Reining, R. Godby, G. Onida, D.R. Hamann, and D.C. Allan.
 Z. Kristallogr. 220, 558-562 (2005).
 Comment : the second generic paper describing the ABINIT project. Note that this paper
 should be cited especially if you are using the GW part of ABINIT, as several authors
 of this part are not in the list of authors of the first or third paper.
 The .pdf of the latter paper is available at http://www.abinit.org/about/zfk_0505-06_558-562.pdf.
 Note that it should not redistributed (Copyright by Oldenburg Wissenshaftverlag,
 the licence allows the authors to put it on the Web).


 And optionally :

 [3] First-principles computation of material properties : the ABINIT software project. 
 X. Gonze, J.-M. Beuken, R. Caracas, F. Detraux, M. Fuchs, G.-M. Rignanese, L. Sindic,
 M. Verstraete, G. Zerah, F. Jollet, M. Torrent, A. Roy, M. Mikami, Ph. Ghosez, J.-Y. Raty, D.C. Allan.
 Computational Materials Science 25, 478-492 (2002). http://dx.doi.org/10.1016/S0927-0256(02)00325-7
 Comment : the original paper describing the ABINIT project.

 [4] Fast radix 2, 3, 4 and 5 kernels for Fast Fourier Transformations
 on computers with overlapping multiply-add instructions.
 S. Goedecker, SIAM J. on Scientific Computing 18, 1605 (1997).

 [5] Towards a potential-based conjugate gradient algorithm for order-N self-consistent
 total energy calculations.
 X. Gonze, Phys. Rev. B 54, 4383 (1996).
 Comment : The potential-based conjugate-gradient algorithm, used when iscf=5, is not published.
 However, many elements of this algorithm have been explained in the paper above.
-
- Proc.   0 individual time (sec): cpu=          0.2  wall=          0.2

================================================================================

 Calculation completed.
.Delivered    7 WARNINGs and   7 COMMENTs to log file.
+Overall time at end (sec) : cpu=          0.2  wall=          0.2
