
.Version 7.9.3 of ABINIT 
.(MPI version, prepared for a x86_64_linux_gnu4.7 computer) 

.Copyright (C) 1998-2014 ABINIT group . 
 ABINIT comes with ABSOLUTELY NO WARRANTY.
 It is free software, and you are welcome to redistribute it
 under certain conditions (GNU General Public License,
 see ~abinit/COPYING or http://www.gnu.org/copyleft/gpl.txt).

 ABINIT is a project of the Universite Catholique de Louvain,
 Corning Inc. and other collaborators, see ~abinit/doc/developers/contributors.txt .
 Please read ~abinit/doc/users/acknowledgments.html for suggested
 acknowledgments of the ABINIT effort.
 For more information, see http://www.abinit.org .

.Starting date : Sat 30 Aug 2014.
- ( at 22h35 )
  
- input  file    -> t09.in
- output file    -> t09.out
- root for input  files -> t09i
- root for output files -> t09o


 Symmetries : space group P1 (#  1); Bravais aP (primitive triclinic)
================================================================================
 Values of the parameters that define the memory need of the present run
   intxc =         0  ionmov =         0    iscf =        17 xclevel =         1
  lmnmax =         8   lnmax =         4   mband =        10  mffmem =         1
P  mgfft =        24   mkmem =         1 mpssoang=         2     mpw =       619
  mqgrid =      3001   natom =         4    nfft =     13824    nkpt =         1
  nloalg =         4  nspden =         1 nspinor =         1  nsppol =         1
    nsym =         1  n1xccc =         1  ntypat =         1  occopt =         3
 PAW method is used; the additional fine FFT grid is defined by:
   mgfftf=        48    nfftf =    110592
================================================================================
P This job should need less than                      33.259 Mbytes of memory.
  Rough estimation (10% accuracy) of disk space for files :
_ WF disk file :      0.096 Mbytes ; DEN or POT disk file :      0.846 Mbytes.
================================================================================

--------------------------------------------------------------------------------
------------- Echo of variables that govern the present computation ------------
--------------------------------------------------------------------------------
-
- outvars: echo of selected default values                                      
-   accesswff0 =  0 , fftalg0 =112 , wfoptalg0 = 10
-
- outvars: echo of global parameters not present in the input file              
-  max_nthreads =    0
-
 -outvars: echo values of preprocessed input variables --------
            acell      7.3879600000E+00  7.3879600000E+00  7.3879600000E+00 Bohr
              amu      2.69800000E+01
             ecut      1.00000000E+01 Hartree
           enunit           2
-          fftalg         112
           istwfk        1
              ixc           7
           kptopt           0
P           mkmem           1
            natom           4
            nband          10
            ngfft          24      24      24
          ngfftdg          48      48      48
             nkpt           1
            nstep           5
             nsym           1
           ntypat           1
              occ      2.000000  2.000000  2.000000  2.000000  2.000000  2.000000
                       0.000000  0.000000  0.000000  0.000000
           occopt           3
        pawecutdg      5.00000000E+01 Hartree
         pawmixdg           1
           prtden           0
         prtnabla           1
          spgroup           1
           toldfe      1.00000000E-05 Hartree
           tsmear      3.67490000E-03 Hartree
            typat      1  1  1  1
           useylm           1
           xangst      0.0000000000E+00  0.0000000000E+00  0.0000000000E+00
                       1.9547700250E+00  1.9547700250E+00  0.0000000000E+00
                       1.9547700250E+00  0.0000000000E+00  1.9547700250E+00
                       0.0000000000E+00  1.9547700250E+00  1.9547700250E+00
            xcart      0.0000000000E+00  0.0000000000E+00  0.0000000000E+00
                       3.6939800000E+00  3.6939800000E+00  0.0000000000E+00
                       3.6939800000E+00  0.0000000000E+00  3.6939800000E+00
                       0.0000000000E+00  3.6939800000E+00  3.6939800000E+00
             xred      0.0000000000E+00  0.0000000000E+00  0.0000000000E+00
                       5.0000000000E-01  5.0000000000E-01  0.0000000000E+00
                       5.0000000000E-01  0.0000000000E+00  5.0000000000E-01
                       0.0000000000E+00  5.0000000000E-01  5.0000000000E-01
            znucl       13.00000

================================================================================

 chkinp: Checking input parameters for consistency.

================================================================================
== DATASET  1 ==================================================================
-   nproc =    1

 Exchange-correlation functional for the present dataset will be:
  LDA: Perdew-Wang 92 LSD fit to Ceperley-Alder data - ixc=7
 Citation for XC functional:
  J.P.Perdew and Y.Wang, PRB 45, 13244 (1992)

 Real(R)+Recip(G) space primitive vectors, cartesian coordinates (Bohr,Bohr^-1):
 R(1)=  7.3879600  0.0000000  0.0000000  G(1)=  0.1353554  0.0000000  0.0000000
 R(2)=  0.0000000  7.3879600  0.0000000  G(2)=  0.0000000  0.1353554  0.0000000
 R(3)=  0.0000000  0.0000000  7.3879600  G(3)=  0.0000000  0.0000000  0.1353554
 Unit cell volume ucvol=  4.0324929E+02 bohr^3
 Angles (23,13,12)=  9.00000000E+01  9.00000000E+01  9.00000000E+01 degrees

 Coarse grid specifications (used for wave-functions):

 getcut: wavevector=  0.0000  0.0000  0.0000  ngfft=  24  24  24
         ecut(hartree)=     10.000   => boxcut(ratio)=   2.28203

 getcut : COMMENT -
  Note that boxcut > 2.2 ; recall that boxcut=Gcut(box)/Gcut(sphere) = 2
  is sufficient for exact treatment of convolution.
  Such a large boxcut is a waste : you could raise ecut
  e.g. ecut=   13.019166 Hartrees makes boxcut=2


 Fine grid specifications (used for densities):

 getcut: wavevector=  0.0000  0.0000  0.0000  ngfft=  48  48  48
         ecut(hartree)=     50.000   => boxcut(ratio)=   2.04111

--- Pseudopotential description ------------------------------------------------
- pspini: atom type   1  psp file is /home/gonze/ABINIT/ABINITv7.9.3/trunk/7.9.3-private/tests/Psps_for_tests/13al.paw
- pspatm: opening atomic psp file    /home/gonze/ABINIT/ABINITv7.9.3/trunk/7.9.3-private/tests/Psps_for_tests/13al.paw
- Paw atomic data for element Al - Generated by AtomPAW (N. Holzwarth) + AtomPAW2Abinit v3.0.6
- 13.00000   3.00000  20061004                znucl, zion, pspdat
    7    7    1    0       690   0.00000      pspcod,pspxc,lmax,lloc,mmax,r2well
 Pseudopotential format is: paw3
 basis_size (lnmax)=  4 (lmn_size=  8), orbitals=   0   0   1   1
 Spheres core radius: rc_sph= 2.31261116
 3 radial meshes are used:
  - mesh 1: r(i)=AA*[exp(BB*(i-1))-1], size= 690 , AA= 0.87923E-03 BB= 0.11430E-01
  - mesh 2: r(i)=AA*[exp(BB*(i-1))-1], size= 752 , AA= 0.87923E-03 BB= 0.11430E-01
  - mesh 3: r(i)=AA*[exp(BB*(i-1))-1], size= 818 , AA= 0.87923E-03 BB= 0.11430E-01
 Shapefunction is SIN type: shapef(r)=[sin(pi*r/rshp)/(pi*r/rshp)]**2
 Radius for shape functions = sphere core radius
 Radial grid used for partial waves is grid 1
 Radial grid used for projectors is grid  1
 Radial grid used for (t)core density is grid 2
 Radial grid used for Vloc is grid 3

 pawpsp_calc: WARNING -
  Atomic data could produce inaccurate results:
    Wavefunctions and pseudo-wavefunctions should
    be given on a radial mesh larger than the PAW
    spheres (at least 2 additional points) !
  Action: check your pseudopotential file.
 Compensation charge density is taken into account in XC energy/potential
 pspatm: atomic psp has been read  and splines computed

   9.77338386E+02                                ecore*ucvol(ha*bohr**3)
--------------------------------------------------------------------------------

P newkpt: treating     10 bands with npw=     619 for ikpt=   1 by node    0

_setup2: Arith. and geom. avg. npw (full set) are     619.000     619.000

================================================================================

     iter   Etot(hartree)      deltaE(h)  residm     nres2
 ETOT  1  -8.1547015447535    -8.155E+00 3.342E-02 4.782E+00
 ETOT  2  -8.1901388343000    -3.544E-02 4.526E-04 2.437E+00
 ETOT  3  -8.1854422818375     4.697E-03 1.126E-05 4.465E-01
 ETOT  4  -8.1848947114548     5.476E-04 1.965E-06 4.391E-02
 ETOT  5  -8.1847941970646     1.005E-04 1.010E-07 1.977E-03

 Cartesian components of stress tensor (hartree/bohr^3)
  sigma(1 1)= -1.06408111E-03  sigma(3 2)=  3.10701789E-08
  sigma(2 2)= -1.05360401E-03  sigma(3 1)=  2.56311487E-07
  sigma(3 3)= -1.06231301E-03  sigma(2 1)= -1.11103298E-07


 scprqt:  WARNING -
  nstep=    5 was not enough SCF cycles to converge;
  maximum energy difference=  1.005E-04 exceeds toldfe=  1.000E-05


 PAW TEST:
 ==== Compensation charge inside spheres ============
 The following values must be close to each other ...
 Compensation charge over spherical meshes =     -0.376413007600094
 Compensation charge over fine fft grid    =     -0.379572931568751

 ==== Results concerning PAW augmentation regions ====

 Total pseudopotential strength Dij (hartree):
 Atom #  1
   0.08367  -0.26503  -0.00000  -0.00000  -0.00000   0.00000   0.00001   0.00001
  -0.26503   0.14868   0.00000   0.00001   0.00001  -0.00002  -0.00004  -0.00003
  -0.00000   0.00000   0.00116  -0.00000  -0.00000  -0.00404   0.00000   0.00000
  -0.00000   0.00001  -0.00000   0.00116  -0.00000   0.00000  -0.00404   0.00000
  -0.00000   0.00001  -0.00000  -0.00000   0.00116   0.00000   0.00000  -0.00404
   0.00000  -0.00002  -0.00404   0.00000   0.00000   0.57102  -0.00001  -0.00000
   0.00001  -0.00004   0.00000  -0.00404   0.00000  -0.00001   0.57101  -0.00001
   0.00001  -0.00003   0.00000   0.00000  -0.00404  -0.00000  -0.00001   0.57103
 Atom #  4
   0.08367  -0.26505   0.00000   0.00000  -0.00000  -0.00001  -0.00000   0.00001
  -0.26505   0.14899  -0.00001  -0.00001   0.00001   0.00003   0.00002  -0.00003
   0.00000  -0.00001   0.00114   0.00000  -0.00000  -0.00398  -0.00000   0.00000
   0.00000  -0.00001   0.00000   0.00114  -0.00000  -0.00000  -0.00398   0.00000
  -0.00000   0.00001  -0.00000  -0.00000   0.00114   0.00000   0.00000  -0.00398
  -0.00001   0.00003  -0.00398  -0.00000   0.00000   0.57076   0.00001  -0.00000
  -0.00000   0.00002  -0.00000  -0.00398   0.00000   0.00001   0.57078  -0.00001
   0.00001  -0.00003   0.00000   0.00000  -0.00398  -0.00000  -0.00001   0.57078

 Total pseudopotential strength Dij (eV):
 Atom #  1
   2.27691  -7.21180  -0.00002  -0.00010  -0.00006   0.00013   0.00034   0.00032
  -7.21180   4.04574   0.00011   0.00027   0.00014  -0.00059  -0.00108  -0.00090
  -0.00002   0.00011   0.03149  -0.00003  -0.00001  -0.11000   0.00009   0.00002
  -0.00010   0.00027  -0.00003   0.03144  -0.00002   0.00009  -0.10989   0.00007
  -0.00006   0.00014  -0.00001  -0.00002   0.03151   0.00002   0.00007  -0.11003
   0.00013  -0.00059  -0.11000   0.00009   0.00002  15.53836  -0.00038  -0.00007
   0.00034  -0.00108   0.00009  -0.10989   0.00007  -0.00038  15.53796  -0.00028
   0.00032  -0.00090   0.00002   0.00007  -0.11003  -0.00007  -0.00028  15.53840
 Atom #  4
   2.27665  -7.21237   0.00006   0.00004  -0.00005  -0.00024  -0.00010   0.00026
  -7.21237   4.05413  -0.00017  -0.00017   0.00019   0.00078   0.00052  -0.00093
   0.00006  -0.00017   0.03100   0.00002  -0.00001  -0.10828  -0.00005   0.00003
   0.00004  -0.00017   0.00002   0.03102  -0.00003  -0.00005  -0.10838   0.00009
  -0.00005   0.00019  -0.00001  -0.00003   0.03102   0.00003   0.00009  -0.10839
  -0.00024   0.00078  -0.10828  -0.00005   0.00003  15.53116   0.00020  -0.00012
  -0.00010   0.00052  -0.00005  -0.10838   0.00009   0.00020  15.53158  -0.00036
   0.00026  -0.00093   0.00003   0.00009  -0.10839  -0.00012  -0.00036  15.53166

 Augmentation waves occupancies Rhoij:
 Atom #  1
   1.46114   0.01816   0.00006   0.00013   0.00040  -0.00000  -0.00001  -0.00001
   0.01816   0.00148  -0.00000   0.00000  -0.00001  -0.00000  -0.00000  -0.00000
   0.00006  -0.00000   1.04150   0.00002  -0.00003   0.01782  -0.00000  -0.00000
   0.00013   0.00000   0.00002   1.04171   0.00008  -0.00000   0.01782  -0.00000
   0.00040  -0.00001  -0.00003   0.00008   1.04215   0.00000  -0.00000   0.01783
  -0.00000  -0.00000   0.01782  -0.00000   0.00000   0.00030  -0.00000   0.00000
  -0.00001  -0.00000  -0.00000   0.01782  -0.00000  -0.00000   0.00030  -0.00000
  -0.00001  -0.00000  -0.00000  -0.00000   0.01783   0.00000  -0.00000   0.00031
 Atom #  4
   1.47700   0.01791  -0.00011   0.00021   0.00013   0.00001   0.00000  -0.00001
   0.01791   0.00148   0.00000  -0.00000  -0.00001   0.00000   0.00000  -0.00000
  -0.00011   0.00000   1.04209   0.00001  -0.00003   0.01777   0.00000  -0.00000
   0.00021  -0.00000   0.00001   1.04184   0.00008   0.00000   0.01777  -0.00000
   0.00013  -0.00001  -0.00003   0.00008   1.04190  -0.00000  -0.00000   0.01777
   0.00001   0.00000   0.01777   0.00000  -0.00000   0.00030   0.00000  -0.00000
   0.00000   0.00000   0.00000   0.01777  -0.00000   0.00000   0.00030  -0.00000
  -0.00001  -0.00000  -0.00000  -0.00000   0.01777  -0.00000  -0.00000   0.00030


================================================================================

 ----iterations are completed or convergence reached----

 Mean square residual over all n,k,spin=   5.2419E-08; max=  1.0102E-07
   0.0000  0.0000  0.0000    1  1.01022E-07 kpt; spin; max resid(k); each band:
  9.22E-08 5.68E-09 3.39E-08 1.65E-08 2.21E-08 1.01E-07 1.13E-08 9.83E-08
  8.32E-08 6.00E-08
 reduced coordinates (array xred) for    4 atoms
       0.000000000000      0.000000000000      0.000000000000
       0.500000000000      0.500000000000      0.000000000000
       0.500000000000      0.000000000000      0.500000000000
       0.000000000000      0.500000000000      0.500000000000
 rms dE/dt=  2.8543E-04; max dE/dt=  5.6196E-04; dE/dt below (all hartree)
    1      -0.000404692921     -0.000085445167      0.000087335715
    2       0.000358430722      0.000023159426      0.000561956458
    3       0.000285938374     -0.000005962343     -0.000321190926
    4      -0.000216050379      0.000055576876     -0.000345534808

 cartesian coordinates (angstrom) at end:
    1      0.00000000000000     0.00000000000000     0.00000000000000
    2      1.95477002498729     1.95477002498729     0.00000000000000
    3      1.95477002498729     0.00000000000000     1.95477002498729
    4      0.00000000000000     1.95477002498729     1.95477002498729

 cartesian forces (hartree/bohr) at end:
    1      0.00005557682638     0.00001113668249    -0.00001241128875
    2     -0.00004771605059    -0.00000356353146    -0.00007665375129
    3     -0.00003790382259     0.00000037825616     0.00004288498258
    4      0.00003004304681    -0.00000795140719     0.00004618005747
 frms,max,avg= 3.8629155E-05 7.6653751E-05  -7.995E-07  4.288E-07  5.899E-07 h/b

 cartesian forces (eV/Angstrom) at end:
    1      0.00285787507797     0.00057267119064    -0.00063821407462
    2     -0.00245365776871    -0.00018324413998    -0.00394169404267
    3     -0.00194909276062     0.00001945071226     0.00220523428403
    4      0.00154487545136    -0.00040887776292     0.00237467383326
 frms,max,avg= 1.9863908E-03 3.9416940E-03  -4.111E-05  2.205E-05  3.034E-05 e/A
 length scales=  7.387960000000  7.387960000000  7.387960000000 bohr
              =  3.909540049975  3.909540049975  3.909540049975 angstroms
 prteigrs : about to open file t09o_EIG
 Fermi (or HOMO) energy (hartree) =   0.08179   Average Vxc (hartree)=  -0.35932
 Eigenvalues (hartree) for nkpt=   1  k points:
 kpt#   1, nband= 10, wtk=  1.00000, kpt=  0.0000  0.0000  0.0000 (reduced coord)
  -0.31250   0.00531   0.00534   0.00534   0.07909   0.07928   0.07937   0.34382
   0.34386   0.34397
      occupation numbers for kpt#   1
   2.00000   2.00000   2.00000   2.00000   1.35245   1.32946   1.31809   0.00000
   0.00000   0.00000
 Fermi (or HOMO) energy (eV) =   2.22572   Average Vxc (eV)=  -9.77751
 Eigenvalues (   eV  ) for nkpt=   1  k points:
 kpt#   1, nband= 10, wtk=  1.00000, kpt=  0.0000  0.0000  0.0000 (reduced coord)
  -8.50344   0.14441   0.14520   0.14538   2.15207   2.15728   2.15982   9.35575
   9.35677   9.35991
 Total charge density [el/Bohr^3]
,     Maximum=    3.4127E-02  at reduced coord.    0.0000    0.3125    0.6875
,Next maximum=    3.4124E-02  at reduced coord.    0.0208    0.3125    0.6875
,     Minimum=    5.2286E-03  at reduced coord.    0.5000    0.5000    0.0000
,Next minimum=    5.2578E-03  at reduced coord.    0.0000    0.0000    0.0000
,  Integrated=    1.2000E+01

--------------------------------------------------------------------------------
 Components of total free energy (in Hartree) :

    Kinetic energy  =  3.79202867573345E+00
    Hartree energy  =  1.19438372155234E-02
    XC energy       = -3.42683009233749E+00
    Ewald energy    = -1.11705419810135E+01
    PspCore energy  =  2.42365807456331E+00
    Loc. psp. energy= -4.46387193788659E-02
    Spherical terms =  2.40455878108009E-01
    >>>>> Internal E= -8.17392432710952E+00

    -kT*entropy     = -1.40322183256403E-02
    >>>>>>>>> Etotal= -8.18795654543517E+00

 "Double-counting" decomposition of free energy:
    Band energy     = -2.76042296468623E-01
    Ewald energy    = -1.11705419810135E+01
    PspCore energy  =  2.42365807456331E+00
    Dble-C XC-energy=  8.97319642680272E-01
    Spherical terms = -4.51554185004310E-02
    >>>>> Internal E= -8.17076197873893E+00

    -kT*entropy     = -1.40322183256403E-02
    >>>> Etotal (DC)= -8.18479419706457E+00

  >Total energy in eV           = -2.22805628586836E+02
  >Total DC energy in eV        = -2.22719576711424E+02
--------------------------------------------------------------------------------

 Cartesian components of stress tensor (hartree/bohr^3)
  sigma(1 1)= -1.06408111E-03  sigma(3 2)=  3.10701789E-08
  sigma(2 2)= -1.05360401E-03  sigma(3 1)=  2.56311487E-07
  sigma(3 3)= -1.06231301E-03  sigma(2 1)= -1.11103298E-07

-Cartesian components of stress tensor (GPa)         [Pressure=  3.1186E+01 GPa]
- sigma(1 1)= -3.13063418E+01  sigma(3 2)=  9.14116069E-04
- sigma(2 2)= -3.09980948E+01  sigma(3 1)=  7.54094304E-03
- sigma(3 3)= -3.12543226E+01  sigma(2 1)= -3.26877133E-03

== END DATASET(S) ==============================================================
================================================================================
  
 -outvars: echo values of variables after computation  --------
            acell      7.3879600000E+00  7.3879600000E+00  7.3879600000E+00 Bohr
              amu      2.69800000E+01
             ecut      1.00000000E+01 Hartree
           enunit           2
           etotal     -8.1847941971E+00
            fcart      5.5576826377E-05  1.1136682488E-05 -1.2411288754E-05
                      -4.7716050590E-05 -3.5635314611E-06 -7.6653751288E-05
                      -3.7903822593E-05  3.7825616189E-07  4.2884982576E-05
                       3.0043046806E-05 -7.9514071886E-06  4.6180057466E-05
-          fftalg         112
           istwfk        1
              ixc           7
           kptopt           0
P           mkmem           1
            natom           4
            nband          10
            ngfft          24      24      24
          ngfftdg          48      48      48
             nkpt           1
            nstep           5
             nsym           1
           ntypat           1
              occ      2.000000  2.000000  2.000000  2.000000  1.352451  1.329462
                       1.318088  0.000000  0.000000  0.000000
           occopt           3
        pawecutdg      5.00000000E+01 Hartree
         pawmixdg           1
           prtden           0
         prtnabla           1
          spgroup           1
           strten     -1.0640811098E-03 -1.0536040052E-03 -1.0623130131E-03
                       3.1070178886E-08  2.5631148743E-07 -1.1110329800E-07
           toldfe      1.00000000E-05 Hartree
           tsmear      3.67490000E-03 Hartree
            typat      1  1  1  1
           useylm           1
           xangst      0.0000000000E+00  0.0000000000E+00  0.0000000000E+00
                       1.9547700250E+00  1.9547700250E+00  0.0000000000E+00
                       1.9547700250E+00  0.0000000000E+00  1.9547700250E+00
                       0.0000000000E+00  1.9547700250E+00  1.9547700250E+00
            xcart      0.0000000000E+00  0.0000000000E+00  0.0000000000E+00
                       3.6939800000E+00  3.6939800000E+00  0.0000000000E+00
                       3.6939800000E+00  0.0000000000E+00  3.6939800000E+00
                       0.0000000000E+00  3.6939800000E+00  3.6939800000E+00
             xred      0.0000000000E+00  0.0000000000E+00  0.0000000000E+00
                       5.0000000000E-01  5.0000000000E-01  0.0000000000E+00
                       5.0000000000E-01  0.0000000000E+00  5.0000000000E-01
                       0.0000000000E+00  5.0000000000E-01  5.0000000000E-01
            znucl       13.00000

================================================================================


- Timing analysis has been suppressed with timopt=0



================================================================================

 Suggested references for the acknowledgment of ABINIT usage.

 The users of ABINIT have little formal obligations with respect to the ABINIT group
 (those specified in the GNU General Public License, http://www.gnu.org/copyleft/gpl.txt).
 However, it is common practice in the scientific literature,
 to acknowledge the efforts of people that have made the research possible.
 In this spirit, please find below suggested citations of work written by ABINIT developers,
 corresponding to implementations inside of ABINIT that you have used in the present run.
 Note also that it will be of great value to readers of publications presenting these results,
 to read papers enabling them to understand the theoretical formalism and details
 of the ABINIT implementation.
 For information on why they are suggested, see also http://www.abinit.org/about/?text=acknowledgments.

 [1] Calculations of the transport properties within the PAW formalism.
 S. Mazevet, M. Torrent, V. Recoules, F. Jollet, High Energy Density Physics, 6, 84-88 (2010).
 Comment : to be cited in case output for transport properties calculation within PAW is used,
           i.e. prtnabla>0 and usepaw=1.

 [2] Implementation of the Projector Augmented-Wave Method in the ABINIT code.
 M. Torrent, F. Jollet, F. Bottin, G. Zerah, and X. Gonze Comput. Mat. Science 42, 337, (2008).
 Comment : PAW calculations. Strong suggestion to cite this paper.

 [3] ABINIT : First-principles approach of materials and nanosystem properties.
 X. Gonze, B. Amadon, P.-M. Anglade, J.-M. Beuken, F. Bottin, P. Boulanger, F. Bruneval,
 D. Caliste, R. Caracas, M. Cote, T. Deutsch, L. Genovese, Ph. Ghosez, M. Giantomassi
 S. Goedecker, D.R. Hamann, P. Hermet, F. Jollet, G. Jomard, S. Leroux, M. Mancini, S. Mazevet,
 M.J.T. Oliveira, G. Onida, Y. Pouillon, T. Rangel, G.-M. Rignanese, D. Sangalli, R. Shaltaf,
 M. Torrent, M.J. Verstraete, G. Zerah, J.W. Zwanziger
 Computer Phys. Comm. 180, 2582-2615 (2009).
 Comment : the third generic paper describing the ABINIT project.
 Note that a version of this paper, that is not formatted for Computer Phys. Comm. 
 is available at http://www.abinit.org/about/ABINIT_CPC_v10.pdf .
 The licence allows the authors to put it on the Web.

 [4] A brief introduction to the ABINIT software package.
 X. Gonze, G.-M. Rignanese, M. Verstraete, J.-M. Beuken, Y. Pouillon, R. Caracas, F. Jollet,
 M. Torrent, G. Zerah, M. Mikami, Ph. Ghosez, M. Veithen, J.-Y. Raty, V. Olevano, F. Bruneval,
 L. Reining, R. Godby, G. Onida, D.R. Hamann, and D.C. Allan.
 Z. Kristallogr. 220, 558-562 (2005).
 Comment : the second generic paper describing the ABINIT project. Note that this paper
 should be cited especially if you are using the GW part of ABINIT, as several authors
 of this part are not in the list of authors of the first or third paper.
 The .pdf of the latter paper is available at http://www.abinit.org/about/zfk_0505-06_558-562.pdf.
 Note that it should not redistributed (Copyright by Oldenburg Wissenshaftverlag,
 the licence allows the authors to put it on the Web).


 And optionally :

 [5] First-principles computation of material properties : the ABINIT software project. 
 X. Gonze, J.-M. Beuken, R. Caracas, F. Detraux, M. Fuchs, G.-M. Rignanese, L. Sindic,
 M. Verstraete, G. Zerah, F. Jollet, M. Torrent, A. Roy, M. Mikami, Ph. Ghosez, J.-Y. Raty, D.C. Allan.
 Computational Materials Science 25, 478-492 (2002). http://dx.doi.org/10.1016/S0927-0256(02)00325-7
 Comment : the original paper describing the ABINIT project.
-
- Proc.   0 individual time (sec): cpu=          1.4  wall=          1.4

================================================================================

 Calculation completed.
.Delivered    2 WARNINGs and   4 COMMENTs to log file.
+Overall time at end (sec) : cpu=          1.4  wall=          1.4
