
.Version 7.10.4 of ANADDB 
.(MPI version, prepared for a x86_64_linux_gnu4.7 computer) 

.Copyright (C) 1998-2014 ABINIT group . 
 ANADDB comes with ABSOLUTELY NO WARRANTY.
 It is free software, and you are welcome to redistribute it
 under certain conditions (GNU General Public License,
 see ~abinit/COPYING or http://www.gnu.org/copyleft/gpl.txt).

 ABINIT is a project of the Universite Catholique de Louvain,
 Corning Inc. and other collaborators, see ~abinit/doc/developers/contributors.txt .
 Please read ~abinit/doc/users/acknowledgments.html for suggested
 acknowledgments of the ABINIT effort.
 For more information, see http://www.abinit.org .

.Starting date : Sun  8 Mar 2015.
- ( at 18h39 )
  

================================================================================

 -outvars_anaddb: echo values of input variables ----------------------

 Flags :
     ifcflag         1
    elphflag         1
 Miscellaneous information :
       eivec         1
         asr         2
 Interatomic Force Constants Inputs :
      dipdip         0
      ifcana         1
      ifcout         0
 Description of grid 1 :
        brav         1
       ngqpt         2         2         2
      nqshft         1
      q1shft
                     0.00000000E+00  0.00000000E+00  0.00000000E+00
 Phonon DOS information :
   dosdeltae  4.55633525E-06
    dossmear  9.00000000E-05
 Description of grid 2 for Fourier interpolation :
      ng2qpt        20        20        20
      ngrids         4
      q2shft         0.00000000E+00  0.00000000E+00  0.00000000E+00
 Elphon calculation will be carried out
   elphsmear    0.100000E-01
    a2fsmear    0.200000E-03
      mustar    0.136000E+00
      nqpath         7
       qpath
                0.000000E+00     0.000000E+00     0.000000E+00
                0.500000E+00     0.500000E+00     0.000000E+00
                0.100000E+01     0.100000E+01     0.100000E+01
                0.500000E+00     0.500000E+00     0.500000E+00
                0.500000E+00     0.500000E+00     0.000000E+00
                0.500000E+00     0.750000E+00     0.250000E+00
                0.500000E+00     0.500000E+00     0.500000E+00
    telphint         1
 Smeared weight integration for elphon
Gkk matrix elements on input grid of qpoints will be written to disk. File gkqfile must be absent.
 First list of wavevector (reduced coord.) :
       nph1l         8
       qph1l
                     0.00000000E+00  0.00000000E+00  0.00000000E+00    1.000E+00
                     5.00000000E-01  0.00000000E+00  0.00000000E+00    1.000E+00
                     0.00000000E+00  5.00000000E-01  0.00000000E+00    1.000E+00
                     5.00000000E-01  5.00000000E-01  0.00000000E+00    1.000E+00
                     0.00000000E+00  0.00000000E+00  5.00000000E-01    1.000E+00
                     5.00000000E-01  0.00000000E+00  5.00000000E-01    1.000E+00
                     0.00000000E+00  5.00000000E-01  5.00000000E-01    1.000E+00
                     5.00000000E-01  5.00000000E-01  5.00000000E-01    1.000E+00

================================================================================

 read the DDB information and perform some checks

-begin at tcpu      0.033  and twall      0.033 sec

 Real(R)+Recip(G) space primitive vectors, cartesian coordinates (Bohr,Bohr^-1):
 R(1)=  0.0000000  3.7500000  3.7500000  G(1)= -0.1333333  0.1333333  0.1333333
 R(2)=  3.7500000  0.0000000  3.7500000  G(2)=  0.1333333 -0.1333333  0.1333333
 R(3)=  3.7500000  3.7500000  0.0000000  G(3)=  0.1333333  0.1333333 -0.1333333
 Unit cell volume ucvol=  1.0546875E+02 bohr^3
 Angles (23,13,12)=  6.00000000E+01  6.00000000E+01  6.00000000E+01 degrees
 Now the whole DDB is in central memory

================================================================================

 Calculation of the interatomic forces 

-begin at tcpu      0.035  and twall      0.035 sec
       Homogeneous q point set in the B.Z.
 Grid q points  :        8
  1)   0.00000000E+00  0.00000000E+00  0.00000000E+00
  2)   5.00000000E-01  0.00000000E+00  0.00000000E+00
  3)   0.00000000E+00  5.00000000E-01  0.00000000E+00
  4)   5.00000000E-01  5.00000000E-01  0.00000000E+00
  5)   0.00000000E+00  0.00000000E+00  5.00000000E-01
  6)   5.00000000E-01  0.00000000E+00  5.00000000E-01
  7)   0.00000000E+00  5.00000000E-01  5.00000000E-01
  8)   5.00000000E-01  5.00000000E-01  5.00000000E-01

 The interatomic forces have been obtained

================================================================================

 Properties based on electron-phonon coupling 

 The set of symmetries contains only one element for this perturbation.
 The set of symmetries contains only one element for this perturbation.
 The set of symmetries contains only one element for this perturbation.
 The set of symmetries contains only one element for this perturbation.
 The set of symmetries contains only one element for this perturbation.
 The set of symmetries contains only one element for this perturbation.
 The set of symmetries contains only one element for this perturbation.
 The set of symmetries contains only one element for this perturbation.
 The set of symmetries contains only one element for this perturbation.

 Output of the linewidths for the first point of each segment. Linewidths are given in Hartree.

 Q point =    0.000000E+00    0.000000E+00    0.000000E+00   isppol =    1
 Mode number    Frequency (Ha)  Linewidth (Ha)  Lambda(q,n)
       1        0.000000E+00    5.160354E-06    0.000000E+00
       2        0.000000E+00    5.160354E-06    0.000000E+00
       3        0.000000E+00    5.160354E-06    0.000000E+00

 Q point =    5.000000E-01    5.000000E-01    0.000000E+00   isppol =    1
 Mode number    Frequency (Ha)  Linewidth (Ha)  Lambda(q,n)
       1       -9.501404E-04    2.592774E-05    3.211444E-01
       2       -9.501404E-04    2.592774E-05    3.211444E-01
       3        1.830588E-03    2.635550E-05    8.794298E-02

 Q point =    0.000000E+00    0.000000E+00    0.000000E+00   isppol =    1
 Mode number    Frequency (Ha)  Linewidth (Ha)  Lambda(q,n)
       1        0.000000E+00    5.160354E-06    0.000000E+00
       2        0.000000E+00    5.160354E-06    0.000000E+00
       3        0.000000E+00    5.160354E-06    0.000000E+00

 Q point =    5.000000E-01    5.000000E-01    5.000000E-01   isppol =    1
 Mode number    Frequency (Ha)  Linewidth (Ha)  Lambda(q,n)
       1       -1.129682E-03    8.108879E-11    7.104925E-07
       2       -1.129682E-03    8.108879E-11    7.104925E-07
       3        1.231062E-03    1.912089E-05    1.410782E-01

 Q point =    5.000000E-01    5.000000E-01    0.000000E+00   isppol =    1
 Mode number    Frequency (Ha)  Linewidth (Ha)  Lambda(q,n)
       1       -9.501404E-04    2.592774E-05    3.211444E-01
       2       -9.501404E-04    2.592774E-05    3.211444E-01
       3        1.830588E-03    2.635550E-05    8.794298E-02

 Q point =    5.000000E-01   -2.500000E-01    2.500000E-01   isppol =    1
 Mode number    Frequency (Ha)  Linewidth (Ha)  Lambda(q,n)
       1       -7.900582E-04    1.615071E-05    2.893242E-01
       2       -1.613053E-04    1.307085E-05    5.617171E+00
       3        9.510759E-04    1.944445E-05    2.403680E-01

 Q point =    5.000000E-01    5.000000E-01    5.000000E-01   isppol =    1
 Mode number    Frequency (Ha)  Linewidth (Ha)  Lambda(q,n)
       1       -1.129682E-03    8.108879E-11    7.104925E-07
       2       -1.129682E-03    8.108879E-11    7.104925E-07
       3        1.231062E-03    1.912089E-05    1.410782E-01


 Superconductivity : isotropic evaluation of parameters from electron-phonon coupling.

 mka2f: lambda <omega^2> =     4.598420E-07
 mka2f: lambda <omega^3> =     3.688716E-10
 mka2f: lambda <omega^4> =     3.779186E-13
 mka2f: lambda <omega^5> =     4.394795E-16
 mka2f: isotropic lambda =     1.286427E+01
 mka2f: omegalog  =     1.833815E-05 (Ha)     5.790722E+00 (Kelvin)
 mka2f: input mustar =     1.360000E-01
 mka2f: MacMillan Tc =     4.429594E-06 (Ha)     1.398754E+00 (Kelvin)

================================================================================

 Calculation of phonon density of states 

 Debye frequency from DOS:     0.2005872635E-02 (Ha) =     0.1319800792E+02 (THz)
 Debye temperature from DOS:     0.6334037292E+03 (K)

- Average speed of sound:     0.4707470155E+04 (at units) = 10298491287.6461 (m/s)


================================================================================

 Treat the first list of vectors 

-begin at tcpu      1.847  and twall      1.847 sec
 
  Phonon wavevector (reduced coordinates) :  0.00000  0.00000  0.00000
 Phonon energies in Hartree :
   0.000000E+00  0.000000E+00  0.000000E+00
 Phonon frequencies in cm-1    :
-  0.000000E+00  0.000000E+00  0.000000E+00

 Eigendisplacements 
 (will be given, for each mode : in cartesian coordinates
   for each atom the real part of the displacement vector,
   then the imaginary part of the displacement vector - absolute values smaller than 1.0d-7 are set to zero)
  Mode number    1   Energy    0.000000E+00
 Attention : low frequency mode.
   (Could be unstable or acoustic mode)
-  1  0.00000000E+00  0.00000000E+00 -4.50906598E-03
-     0.00000000E+00  0.00000000E+00  0.00000000E+00
  Mode number    2   Energy    0.000000E+00
 Attention : low frequency mode.
   (Could be unstable or acoustic mode)
-  1  0.00000000E+00  4.50906598E-03  0.00000000E+00
-     0.00000000E+00  0.00000000E+00  0.00000000E+00
  Mode number    3   Energy    0.000000E+00
 Attention : low frequency mode.
   (Could be unstable or acoustic mode)
-  1  4.50906598E-03  0.00000000E+00  0.00000000E+00
-     0.00000000E+00  0.00000000E+00  0.00000000E+00

 Analysis of degeneracies and characters (maximum tolerance=1.00E-06 a.u.)
 Symmetry characters of vibration mode #   1
       degenerate with vibration modes #   2 to    3
  3.0 -3.0 -1.0  1.0 -1.0  1.0 -1.0  1.0  1.0 -1.0 -1.0  1.0  1.0 -1.0 -1.0  1.0
 -0.0  0.0  0.0 -0.0 -0.0  0.0 -0.0  0.0  1.0 -1.0 -1.0  1.0 -1.0  1.0  1.0 -1.0
 -0.0  0.0 -0.0  0.0  0.0 -0.0  0.0 -0.0  1.0 -1.0  1.0 -1.0 -1.0  1.0 -1.0  1.0
 
  Phonon wavevector (reduced coordinates) :  0.50000  0.00000  0.00000
 Phonon energies in Hartree :
  -1.129682E-03 -1.129682E-03  1.231062E-03
 Phonon frequencies in cm-1    :
- -2.479366E+02 -2.479366E+02  2.701868E+02

 Eigendisplacements 
 (will be given, for each mode : in cartesian coordinates
   for each atom the real part of the displacement vector,
   then the imaginary part of the displacement vector - absolute values smaller than 1.0d-7 are set to zero)
  Mode number    1   Energy   -1.129682E-03
 Attention : low frequency mode.
   (Could be unstable or acoustic mode)
-  1  3.32769046E-04 -3.00895587E-03  3.34172491E-03
-     0.00000000E+00  0.00000000E+00  0.00000000E+00
  Mode number    2   Energy   -1.129682E-03
 Attention : low frequency mode.
   (Could be unstable or acoustic mode)
-  1  3.66656726E-03  2.12147008E-03  1.54509718E-03
-     0.00000000E+00  0.00000000E+00  0.00000000E+00
  Mode number    3   Energy    1.231062E-03
;  1  2.60331046E-03 -2.60331046E-03 -2.60331046E-03
;     0.00000000E+00  0.00000000E+00  0.00000000E+00
 
  Phonon wavevector (reduced coordinates) :  0.00000  0.50000  0.00000
 Phonon energies in Hartree :
  -1.129682E-03 -1.129682E-03  1.231062E-03
 Phonon frequencies in cm-1    :
- -2.479366E+02 -2.479366E+02  2.701868E+02

 Eigendisplacements 
 (will be given, for each mode : in cartesian coordinates
   for each atom the real part of the displacement vector,
   then the imaginary part of the displacement vector - absolute values smaller than 1.0d-7 are set to zero)
  Mode number    1   Energy   -1.129682E-03
 Attention : low frequency mode.
   (Could be unstable or acoustic mode)
-  1  3.33030435E-04 -3.00880462E-03 -3.34183505E-03
-     0.00000000E+00  0.00000000E+00  0.00000000E+00
  Mode number    2   Energy   -1.129682E-03
 Attention : low frequency mode.
   (Could be unstable or acoustic mode)
-  1  3.66654352E-03  2.12168458E-03 -1.54485895E-03
-     0.00000000E+00  0.00000000E+00  0.00000000E+00
  Mode number    3   Energy    1.231062E-03
;  1  2.60331046E-03 -2.60331046E-03  2.60331046E-03
;     0.00000000E+00  0.00000000E+00  0.00000000E+00
 
  Phonon wavevector (reduced coordinates) :  0.50000  0.50000  0.00000
 Phonon energies in Hartree :
  -9.501404E-04 -9.501404E-04  1.830588E-03
 Phonon frequencies in cm-1    :
- -2.085317E+02 -2.085317E+02  4.017677E+02

 Eigendisplacements 
 (will be given, for each mode : in cartesian coordinates
   for each atom the real part of the displacement vector,
   then the imaginary part of the displacement vector - absolute values smaller than 1.0d-7 are set to zero)
  Mode number    1   Energy   -9.501404E-04
 Attention : low frequency mode.
   (Could be unstable or acoustic mode)
-  1  7.10632797E-07  4.50906593E-03  0.00000000E+00
-     0.00000000E+00  0.00000000E+00  0.00000000E+00
  Mode number    2   Energy   -9.501404E-04
 Attention : low frequency mode.
   (Could be unstable or acoustic mode)
-  1  4.50906593E-03 -7.10632797E-07  0.00000000E+00
-     0.00000000E+00  0.00000000E+00  0.00000000E+00
  Mode number    3   Energy    1.830588E-03
;  1  0.00000000E+00  0.00000000E+00  4.50906598E-03
;     0.00000000E+00  0.00000000E+00  0.00000000E+00
 
  Phonon wavevector (reduced coordinates) :  0.00000  0.00000  0.50000
 Phonon energies in Hartree :
  -1.129682E-03 -1.129682E-03  1.231062E-03
 Phonon frequencies in cm-1    :
- -2.479366E+02 -2.479366E+02  2.701868E+02

 Eigendisplacements 
 (will be given, for each mode : in cartesian coordinates
   for each atom the real part of the displacement vector,
   then the imaginary part of the displacement vector - absolute values smaller than 1.0d-7 are set to zero)
  Mode number    1   Energy   -1.129682E-03
 Attention : low frequency mode.
   (Could be unstable or acoustic mode)
-  1  3.32512501E-04  3.00910429E-03  3.34161680E-03
-     0.00000000E+00  0.00000000E+00  0.00000000E+00
  Mode number    2   Energy   -1.129682E-03
 Attention : low frequency mode.
   (Could be unstable or acoustic mode)
-  1  3.66659053E-03 -2.12125954E-03  1.54533099E-03
-     0.00000000E+00  0.00000000E+00  0.00000000E+00
  Mode number    3   Energy    1.231062E-03
;  1  2.60331046E-03  2.60331046E-03 -2.60331046E-03
;     0.00000000E+00  0.00000000E+00  0.00000000E+00
 
  Phonon wavevector (reduced coordinates) :  0.50000  0.00000  0.50000
 Phonon energies in Hartree :
  -9.501404E-04 -9.501404E-04  1.830588E-03
 Phonon frequencies in cm-1    :
- -2.085317E+02 -2.085317E+02  4.017677E+02

 Eigendisplacements 
 (will be given, for each mode : in cartesian coordinates
   for each atom the real part of the displacement vector,
   then the imaginary part of the displacement vector - absolute values smaller than 1.0d-7 are set to zero)
  Mode number    1   Energy   -9.501404E-04
 Attention : low frequency mode.
   (Could be unstable or acoustic mode)
-  1  1.27781910E-06  0.00000000E+00 -4.50906580E-03
-     0.00000000E+00  0.00000000E+00  0.00000000E+00
  Mode number    2   Energy   -9.501404E-04
 Attention : low frequency mode.
   (Could be unstable or acoustic mode)
-  1  4.50906580E-03  0.00000000E+00  1.27781910E-06
-     0.00000000E+00  0.00000000E+00  0.00000000E+00
  Mode number    3   Energy    1.830588E-03
;  1  0.00000000E+00  4.50906598E-03  0.00000000E+00
;     0.00000000E+00  0.00000000E+00  0.00000000E+00
 
  Phonon wavevector (reduced coordinates) :  0.00000  0.50000  0.50000
 Phonon energies in Hartree :
  -9.501404E-04 -9.501404E-04  1.830588E-03
 Phonon frequencies in cm-1    :
- -2.085317E+02 -2.085317E+02  4.017677E+02

 Eigendisplacements 
 (will be given, for each mode : in cartesian coordinates
   for each atom the real part of the displacement vector,
   then the imaginary part of the displacement vector - absolute values smaller than 1.0d-7 are set to zero)
  Mode number    1   Energy   -9.501404E-04
 Attention : low frequency mode.
   (Could be unstable or acoustic mode)
-  1  0.00000000E+00  1.56367747E-04  4.50635386E-03
-     0.00000000E+00  0.00000000E+00  0.00000000E+00
  Mode number    2   Energy   -9.501404E-04
 Attention : low frequency mode.
   (Could be unstable or acoustic mode)
-  1  0.00000000E+00  4.50635386E-03 -1.56367747E-04
-     0.00000000E+00  0.00000000E+00  0.00000000E+00
  Mode number    3   Energy    1.830588E-03
;  1  4.50906598E-03  0.00000000E+00  0.00000000E+00
;     0.00000000E+00  0.00000000E+00  0.00000000E+00
 
  Phonon wavevector (reduced coordinates) :  0.50000  0.50000  0.50000
 Phonon energies in Hartree :
  -1.129682E-03 -1.129682E-03  1.231062E-03
 Phonon frequencies in cm-1    :
- -2.479366E+02 -2.479366E+02  2.701868E+02

 Eigendisplacements 
 (will be given, for each mode : in cartesian coordinates
   for each atom the real part of the displacement vector,
   then the imaginary part of the displacement vector - absolute values smaller than 1.0d-7 are set to zero)
  Mode number    1   Energy   -1.129682E-03
 Attention : low frequency mode.
   (Could be unstable or acoustic mode)
-  1  3.33971593E-04  3.00825990E-03 -3.34223149E-03
-     0.00000000E+00  0.00000000E+00  0.00000000E+00
  Mode number    2   Energy   -1.129682E-03
 Attention : low frequency mode.
   (Could be unstable or acoustic mode)
-  1  3.66645792E-03 -2.12245684E-03 -1.54400107E-03
-     0.00000000E+00  0.00000000E+00  0.00000000E+00
  Mode number    3   Energy    1.231062E-03
;  1  2.60331046E-03  2.60331046E-03  2.60331046E-03
;     0.00000000E+00  0.00000000E+00  0.00000000E+00
-
- Proc.   0 individual time (sec): cpu=          1.8  wall=          1.8

================================================================================

+Total cpu time      1.849  and wall time      1.849 sec

 anaddb : the run completed succesfully.
