
.Version 7.9.3 of ABINIT 
.(MPI version, prepared for a x86_64_linux_gnu4.7 computer) 

.Copyright (C) 1998-2014 ABINIT group . 
 ABINIT comes with ABSOLUTELY NO WARRANTY.
 It is free software, and you are welcome to redistribute it
 under certain conditions (GNU General Public License,
 see ~abinit/COPYING or http://www.gnu.org/copyleft/gpl.txt).

 ABINIT is a project of the Universite Catholique de Louvain,
 Corning Inc. and other collaborators, see ~abinit/doc/developers/contributors.txt .
 Please read ~abinit/doc/users/acknowledgments.html for suggested
 acknowledgments of the ABINIT effort.
 For more information, see http://www.abinit.org .

.Starting date : Sat 30 Aug 2014.
- ( at 22h31 )
  
- input  file    -> t63.in
- output file    -> t63.out
- root for input  files -> t63i
- root for output files -> t62o


 DATASET    5 : space group F-4 3 m (#216); Bravais cF (face-center cubic)
================================================================================
 Values of the parameters that define the memory need for DATASET  5.
   intxc =         1  ionmov =         0    iscf =         5 xclevel =         1
  lmnmax =         3   lnmax =         3   mband =         4  mffmem =         1
P  mgfft =        16   mkmem =        10 mpssoang=         2     mpw =       168
  mqgrid =      3001   natom =         1    nfft =      4096    nkpt =        10
  nloalg =         4  nspden =         1 nspinor =         1  nsppol =         1
    nsym =        24  n1xccc =         0  ntypat =         1  occopt =         4
================================================================================
P This job should need less than                       2.304 Mbytes of memory.
  Rough estimation (10% accuracy) of disk space for files :
_ WF disk file :      0.105 Mbytes ; DEN or POT disk file :      0.033 Mbytes.
================================================================================

--------------------------------------------------------------------------------
------------- Echo of variables that govern the present computation ------------
--------------------------------------------------------------------------------
-
- outvars: echo of selected default values                                      
-   accesswff0 =  0 , fftalg0 =112 , wfoptalg0 =  0
-
- outvars: echo of global parameters not present in the input file              
-  max_nthreads =    0
-
 -outvars: echo values of preprocessed input variables --------
            acell      7.5600000000E+00  7.5600000000E+00  7.5600000000E+00 Bohr
              amu      2.69815390E+01
             ecut      1.00000000E+01 Hartree
           enunit           2
-          fftalg         112
           getwfk           4
            intxc           1
             iscf           5
           jdtset        5
              kpt      3.75000000E-01  3.75000000E-01  3.75000000E-01
                       3.75000000E-01  3.75000000E-01  1.25000000E-01
                       5.00000000E-01  5.00000000E-01  1.25000000E-01
                       3.75000000E-01  3.75000000E-01  6.25000000E-01
                       3.75000000E-01  1.25000000E-01  1.25000000E-01
                       2.50000000E-01  5.00000000E-01  1.25000000E-01
                       3.75000000E-01  1.25000000E-01  6.25000000E-01
                       0.00000000E+00  1.25000000E-01  5.00000000E-01
                       1.25000000E-01  1.25000000E-01  1.25000000E-01
                       2.50000000E-01  2.50000000E-01  1.25000000E-01
           kptopt           0
P           mkmem          10
            natom           1
            nband           4
           ndtset           1
            ngfft          16      16      16
             nkpt          10
            nline           3
            nstep           7
             nsym          24
           ntypat           1
              occ      2.000000  1.000000  0.000000  0.000000
                       2.000000  1.000000  0.000000  0.000000
                       2.000000  1.000000  0.000000  0.000000
                       2.000000  1.000000  0.000000  0.000000
                       2.000000  1.000000  0.000000  0.000000
                       2.000000  1.000000  0.000000  0.000000
                       2.000000  1.000000  0.000000  0.000000
                       2.000000  1.000000  0.000000  0.000000
                       2.000000  1.000000  0.000000  0.000000
                       2.000000  1.000000  0.000000  0.000000
           occopt           4
            rprim      0.0000000000E+00  5.0000000000E-01  5.0000000000E-01
                       5.0000000000E-01  0.0000000000E+00  5.0000000000E-01
                       5.0000000000E-01  5.0000000000E-01  0.0000000000E+00
          spgroup         216
           symrel      1  0  0   0  1  0   0  0  1       0  1 -1   1  0 -1   0  0 -1
                      -1  0  0  -1  0  1  -1  1  0       0 -1  1   0 -1  0   1 -1  0
                      -1  0  1  -1  0  0  -1  1  0       0 -1  0   0 -1  1   1 -1  0
                       0 -1  1   1 -1  0   0 -1  0       0  1 -1   0  0 -1   1  0 -1
                       0  0 -1   1  0 -1   0  1 -1      -1  1  0  -1  0  1  -1  0  0
                       1  0 -1   0  1 -1   0  0 -1       1 -1  0   0 -1  0   0 -1  1
                      -1  0  0  -1  1  0  -1  0  1       0  1  0   1  0  0   0  0  1
                       0  0  1   0  1  0   1  0  0       1  0  0   0  0  1   0  1  0
                       0  0  1   1  0  0   0  1  0       0  1  0   0  0  1   1  0  0
                      -1  0  1  -1  1  0  -1  0  0       0  0 -1   0  1 -1   1  0 -1
                       1  0 -1   0  0 -1   0  1 -1       1 -1  0   0 -1  1   0 -1  0
                       0 -1  0   1 -1  0   0 -1  1      -1  1  0  -1  0  0  -1  0  1
           toldfe      1.00000000E-06 Hartree
           tsmear      1.00000000E-02 Hartree
            typat      1
              wtk        0.03125    0.09375    0.09375    0.09375    0.09375    0.18750
                         0.18750    0.09375    0.03125    0.09375
            znucl       13.00000

================================================================================

 chkinp: Checking input parameters for consistency, jdtset=   5.

================================================================================
== DATASET  5 ==================================================================
-   nproc =    1

 mkfilename : getwfk/=0, take file _WFK from output of DATASET   4.

 Exchange-correlation functional for the present dataset will be:
  LDA: new Teter (4/93) with spin-polarized option - ixc=1
 Citation for XC functional:
  S. Goedecker, M. Teter, J. Huetter, PRB 54, 1703 (1996)

 Real(R)+Recip(G) space primitive vectors, cartesian coordinates (Bohr,Bohr^-1):
 R(1)=  0.0000000  3.7800000  3.7800000  G(1)= -0.1322751  0.1322751  0.1322751
 R(2)=  3.7800000  0.0000000  3.7800000  G(2)=  0.1322751 -0.1322751  0.1322751
 R(3)=  3.7800000  3.7800000  0.0000000  G(3)=  0.1322751  0.1322751 -0.1322751
 Unit cell volume ucvol=  1.0802030E+02 bohr^3
 Angles (23,13,12)=  6.00000000E+01  6.00000000E+01  6.00000000E+01 degrees

 getcut: wavevector=  0.0000  0.0000  0.0000  ngfft=  16  16  16
         ecut(hartree)=     10.000   => boxcut(ratio)=   2.10256

--- Pseudopotential description ------------------------------------------------
- pspini: atom type   1  psp file is /home/gonze/ABINIT/ABINITv7.9.3/trunk/7.9.3-private/tests/Psps_for_tests/13al.pspgth
- pspatm: opening atomic psp file    /home/gonze/ABINIT/ABINITv7.9.3/trunk/7.9.3-private/tests/Psps_for_tests/13al.pspgth
- Goedecker-Teter-Hutter  Tue May 28 09:24:05 EDT 1996
- 13.00000   3.00000    960528                znucl, zion, pspdat
    2    1    1    0      2001   0.00000      pspcod,pspxc,lmax,lloc,mmax,r2well
 rloc=   0.4500000
  cc1=  -6.8340578; cc2=   0.0000000; cc3=   0.0000000; cc4=   0.0000000
  rrs=   0.4654363; h1s=   2.8140777; h2s=   1.9395165
  rrp=   0.5462433; h1p=   1.9160118
-  Local part computed in reciprocal space.

 pspatm : COMMENT -
  the projectors are not normalized,
  so that the KB energies are not consistent with 
  definition in PRB44, 8503 (1991). 
  However, this does not influence the results obtained hereafter.
 pspatm: epsatm=   -5.99108991
         --- l  ekb(1:nproj) -->
             0    1.005823    0.184862
             1    0.220213
 pspatm: atomic psp has been read  and splines computed

  -1.79732697E+01                                ecore*ucvol(ha*bohr**3)
--------------------------------------------------------------------------------

-inwffil : will read wavefunctions from disk file t62o_DS4_WFK
P newkpt: treating      4 bands with npw=     162 for ikpt=   1 by node    0
P newkpt: treating      4 bands with npw=     163 for ikpt=   2 by node    0
P newkpt: treating      4 bands with npw=     166 for ikpt=   3 by node    0
P newkpt: treating      4 bands with npw=     165 for ikpt=   4 by node    0
P newkpt: treating      4 bands with npw=     159 for ikpt=   5 by node    0
P newkpt: treating      4 bands with npw=     161 for ikpt=   6 by node    0
P newkpt: treating      4 bands with npw=     165 for ikpt=   7 by node    0
P newkpt: treating      4 bands with npw=     165 for ikpt=   8 by node    0
P newkpt: treating      4 bands with npw=     168 for ikpt=   9 by node    0
P newkpt: treating      4 bands with npw=     162 for ikpt=  10 by node    0

_setup2: Arith. and geom. avg. npw (full set) are     163.313     163.296

================================================================================

     iter   Etot(hartree)      deltaE(h)  residm     vres2
 ETOT  1  -2.0921119276228    -2.092E+00 6.536E-11 2.674E-08
 ETOT  2  -2.0921119276367    -1.383E-11 2.831E-13 1.626E-09
 ETOT  3  -2.0921119276375    -8.789E-13 1.021E-13 1.952E-11

 At SCF step    3, etot is converged : 
  for the second time, diff in etot=  8.789E-13 < toldfe=  1.000E-06

 Cartesian components of stress tensor (hartree/bohr^3)
  sigma(1 1)=  1.57159586E-05  sigma(3 2)=  0.00000000E+00
  sigma(2 2)=  1.57159586E-05  sigma(3 1)=  0.00000000E+00
  sigma(3 3)=  1.57159586E-05  sigma(2 1)=  0.00000000E+00

================================================================================

 ----iterations are completed or convergence reached----

 Mean square residual over all n,k,spin=   2.7365E-14; max=  1.0206E-13
   0.3750  0.3750  0.3750    1  1.02064E-13 kpt; spin; max resid(k); each band:
  1.30E-14 1.34E-14 1.02E-13 1.02E-13
   0.3750  0.3750  0.1250    1  6.74334E-14 kpt; spin; max resid(k); each band:
  1.76E-14 2.06E-14 6.74E-14 6.39E-16
   0.5000  0.5000  0.1250    1  2.79923E-14 kpt; spin; max resid(k); each band:
  1.64E-14 2.80E-14 1.43E-14 5.46E-16
   0.3750  0.3750  0.6250    1  3.17723E-14 kpt; spin; max resid(k); each band:
  3.05E-14 1.55E-14 3.18E-14 2.95E-15
   0.3750  0.1250  0.1250    1  6.10159E-14 kpt; spin; max resid(k); each band:
  2.27E-14 1.33E-14 2.22E-14 6.10E-14
   0.2500  0.5000  0.1250    1  4.14380E-14 kpt; spin; max resid(k); each band:
  3.24E-14 2.42E-14 4.14E-14 3.65E-14
   0.3750  0.1250  0.6250    1  4.68839E-14 kpt; spin; max resid(k); each band:
  3.04E-14 2.80E-14 4.69E-14 3.51E-14
   0.0000  0.1250  0.5000    1  7.88895E-14 kpt; spin; max resid(k); each band:
  2.05E-14 2.40E-14 7.89E-14 1.05E-14
   0.1250  0.1250  0.1250    1  5.70847E-15 kpt; spin; max resid(k); each band:
  5.03E-15 5.71E-15 3.70E-15 3.70E-15
   0.2500  0.2500  0.1250    1  3.47115E-14 kpt; spin; max resid(k); each band:
  2.34E-14 1.26E-14 1.16E-15 3.47E-14
 reduced coordinates (array xred) for    1 atoms
       0.000000000000      0.000000000000      0.000000000000
 rms dE/dt=  0.0000E+00; max dE/dt=  0.0000E+00; dE/dt below (all hartree)
    1       0.000000000000      0.000000000000      0.000000000000

 cartesian coordinates (angstrom) at end:
    1      0.00000000000000     0.00000000000000     0.00000000000000

 cartesian forces (hartree/bohr) at end:
    1     -0.00000000000000    -0.00000000000000    -0.00000000000000
 frms,max,avg= 0.0000000E+00 0.0000000E+00   0.000E+00  0.000E+00  0.000E+00 h/b

 cartesian forces (eV/Angstrom) at end:
    1     -0.00000000000000    -0.00000000000000    -0.00000000000000
 frms,max,avg= 0.0000000E+00 0.0000000E+00   0.000E+00  0.000E+00  0.000E+00 e/A
 length scales=  7.560000000000  7.560000000000  7.560000000000 bohr
              =  4.000579696940  4.000579696940  4.000579696940 angstroms
 prteigrs : about to open file t62o_DS5_EIG
 Fermi (or HOMO) energy (hartree) =   0.35929   Average Vxc (hartree)=  -0.34671
 Eigenvalues (hartree) for nkpt=  10  k points:
 kpt#   1, nband=  4, wtk=  0.03125, kpt=  0.3750  0.3750  0.3750 (reduced coord)
   0.07692   0.32090   0.75781   0.75781
      occupation numbers for kpt#   1
   2.00000   2.00000   0.00000   0.00000
 kpt#   2, nband=  4, wtk=  0.09375, kpt=  0.3750  0.3750  0.1250 (reduced coord)
   0.07680   0.47480   0.56347   0.61027
      occupation numbers for kpt#   2
   2.00000   0.00000   0.00000   0.00000
 kpt#   3, nband=  4, wtk=  0.09375, kpt=  0.5000  0.5000  0.1250 (reduced coord)
   0.19771   0.36795   0.43657   0.57339
      occupation numbers for kpt#   3
   2.00000   0.02750   0.00000   0.00000
 kpt#   4, nband=  4, wtk=  0.09375, kpt=  0.3750  0.3750  0.6250 (reduced coord)
   0.19927   0.27896   0.44872   0.64746
      occupation numbers for kpt#   4
   2.00000   2.00000   0.00000   0.00000
 kpt#   5, nband=  4, wtk=  0.09375, kpt=  0.3750  0.1250  0.1250 (reduced coord)
   0.03541   0.43761   0.60115   0.79297
      occupation numbers for kpt#   5
   2.00000   0.00000   0.00000   0.00000
 kpt#   6, nband=  4, wtk=  0.18750, kpt=  0.2500  0.5000  0.1250 (reduced coord)
   0.11800   0.35845   0.52516   0.60218
      occupation numbers for kpt#   6
   2.00000   0.98625   0.00000   0.00000
 kpt#   7, nband=  4, wtk=  0.18750, kpt=  0.3750  0.1250  0.6250 (reduced coord)
   0.23781   0.31827   0.40854   0.48882
      occupation numbers for kpt#   7
   2.00000   2.00000   0.00000   0.00000
 kpt#   8, nband=  4, wtk=  0.09375, kpt=  0.0000  0.1250  0.5000 (reduced coord)
   0.15877   0.24085   0.63849   0.68452
      occupation numbers for kpt#   8
   2.00000   2.00000   0.00000   0.00000
 kpt#   9, nband=  4, wtk=  0.03125, kpt=  0.1250  0.1250  0.1250 (reduced coord)
  -0.04845   0.66692   0.79321   0.79321
      occupation numbers for kpt#   9
   2.00000   0.00000   0.00000   0.00000
 kpt#  10, nband=  4, wtk=  0.09375, kpt=  0.2500  0.2500  0.1250 (reduced coord)
  -0.00636   0.55315   0.68401   0.74518
      occupation numbers for kpt#  10
   2.00000   0.00000   0.00000   0.00000
 Fermi (or HOMO) energy (eV) =   9.77680   Average Vxc (eV)=  -9.43450
 Eigenvalues (   eV  ) for nkpt=  10  k points:
 kpt#   1, nband=  4, wtk=  0.03125, kpt=  0.3750  0.3750  0.3750 (reduced coord)
   2.09309   8.73205  20.62099  20.62099
 kpt#   2, nband=  4, wtk=  0.09375, kpt=  0.3750  0.3750  0.1250 (reduced coord)
   2.08996  12.91990  15.33290  16.60637
 kpt#   3, nband=  4, wtk=  0.09375, kpt=  0.5000  0.5000  0.1250 (reduced coord)
   5.38002  10.01234  11.87978  15.60287
 kpt#   4, nband=  4, wtk=  0.09375, kpt=  0.3750  0.3750  0.6250 (reduced coord)
   5.42229   7.59086  12.21025  17.61832
 kpt#   5, nband=  4, wtk=  0.09375, kpt=  0.3750  0.1250  0.1250 (reduced coord)
   0.96361  11.90789  16.35818  21.57779
 kpt#   6, nband=  4, wtk=  0.18750, kpt=  0.2500  0.5000  0.1250 (reduced coord)
   3.21105   9.75391  14.29025  16.38618
 kpt#   7, nband=  4, wtk=  0.18750, kpt=  0.3750  0.1250  0.6250 (reduced coord)
   6.47116   8.66070  11.11698  13.30155
 kpt#   8, nband=  4, wtk=  0.09375, kpt=  0.0000  0.1250  0.5000 (reduced coord)
   4.32038   6.55389  17.37407  18.62675
 kpt#   9, nband=  4, wtk=  0.03125, kpt=  0.1250  0.1250  0.1250 (reduced coord)
  -1.31827  18.14786  21.58442  21.58442
 kpt#  10, nband=  4, wtk=  0.09375, kpt=  0.2500  0.2500  0.1250 (reduced coord)
  -0.17317  15.05194  18.61276  20.27739
 Total charge density [el/Bohr^3]
,     Maximum=    3.3358E-02  at reduced coord.    0.8125    0.8750    0.8750
,Next maximum=    3.3358E-02  at reduced coord.    0.4375    0.8750    0.8750
,     Minimum=    7.9775E-05  at reduced coord.    0.0000    0.0000    0.0000
,Next minimum=    1.0533E-03  at reduced coord.    0.0625    0.0000    0.0000
,  Integrated=    3.0000E+00

--------------------------------------------------------------------------------
 Components of total free energy (in Hartree) :

    Kinetic energy  =  8.95912513760902E-01
    Hartree energy  =  4.77447743409882E-03
    XC energy       = -8.09820809243376E-01
    Ewald energy    = -2.72908456792489E+00
    PspCore energy  = -1.66387883282358E-01
    Loc. psp. energy=  3.38462560560325E-01
    NL   psp  energy=  3.74578223928362E-01
    >>>>> Internal E= -2.09156548476693E+00

    -kT*entropy     = -5.46442870613369E-04
    >>>>>>>>> Etotal= -2.09211192763755E+00

 Other information on the energy :
    Total energy(eV)= -5.69292607410299E+01 ; Band energy (Ha)=   5.6336761560E-01
--------------------------------------------------------------------------------

 Cartesian components of stress tensor (hartree/bohr^3)
  sigma(1 1)=  1.57159586E-05  sigma(3 2)=  0.00000000E+00
  sigma(2 2)=  1.57159586E-05  sigma(3 1)=  0.00000000E+00
  sigma(3 3)=  1.57159586E-05  sigma(2 1)=  0.00000000E+00

-Cartesian components of stress tensor (GPa)         [Pressure= -4.6238E-01 GPa]
- sigma(1 1)=  4.62379387E-01  sigma(3 2)=  0.00000000E+00
- sigma(2 2)=  4.62379387E-01  sigma(3 1)=  0.00000000E+00
- sigma(3 3)=  4.62379387E-01  sigma(2 1)=  0.00000000E+00

== END DATASET(S) ==============================================================
================================================================================
  
 -outvars: echo values of variables after computation  --------
            acell      7.5600000000E+00  7.5600000000E+00  7.5600000000E+00 Bohr
              amu      2.69815390E+01
             ecut      1.00000000E+01 Hartree
           enunit           2
           etotal5    -2.0921119276E+00
            fcart5    -0.0000000000E+00 -0.0000000000E+00 -0.0000000000E+00
-          fftalg         112
           getwfk           4
            intxc           1
             iscf           5
           jdtset        5
              kpt      3.75000000E-01  3.75000000E-01  3.75000000E-01
                       3.75000000E-01  3.75000000E-01  1.25000000E-01
                       5.00000000E-01  5.00000000E-01  1.25000000E-01
                       3.75000000E-01  3.75000000E-01  6.25000000E-01
                       3.75000000E-01  1.25000000E-01  1.25000000E-01
                       2.50000000E-01  5.00000000E-01  1.25000000E-01
                       3.75000000E-01  1.25000000E-01  6.25000000E-01
                       0.00000000E+00  1.25000000E-01  5.00000000E-01
                       1.25000000E-01  1.25000000E-01  1.25000000E-01
                       2.50000000E-01  2.50000000E-01  1.25000000E-01
           kptopt           0
P           mkmem          10
            natom           1
            nband           4
           ndtset           1
            ngfft          16      16      16
             nkpt          10
            nline           3
            nstep           7
             nsym          24
           ntypat           1
              occ      2.000000  2.000003  0.000000  0.000000
                       2.000000  0.000000  0.000000  0.000000
                       2.000000  0.027495  0.000000  0.000000
                       2.000000  2.000000  0.000000  0.000000
                       2.000000  0.000000  0.000000  0.000000
                       2.000000  0.986251  0.000000  0.000000
                       2.000000  2.000000  0.000000  0.000000
                       2.000000  2.000000  0.000000  0.000000
                       2.000000  0.000000  0.000000  0.000000
                       2.000000  0.000000  0.000000  0.000000
           occopt           4
            rprim      0.0000000000E+00  5.0000000000E-01  5.0000000000E-01
                       5.0000000000E-01  0.0000000000E+00  5.0000000000E-01
                       5.0000000000E-01  5.0000000000E-01  0.0000000000E+00
          spgroup         216
           strten5     1.5715958568E-05  1.5715958568E-05  1.5715958568E-05
                       0.0000000000E+00  0.0000000000E+00  0.0000000000E+00
           symrel      1  0  0   0  1  0   0  0  1       0  1 -1   1  0 -1   0  0 -1
                      -1  0  0  -1  0  1  -1  1  0       0 -1  1   0 -1  0   1 -1  0
                      -1  0  1  -1  0  0  -1  1  0       0 -1  0   0 -1  1   1 -1  0
                       0 -1  1   1 -1  0   0 -1  0       0  1 -1   0  0 -1   1  0 -1
                       0  0 -1   1  0 -1   0  1 -1      -1  1  0  -1  0  1  -1  0  0
                       1  0 -1   0  1 -1   0  0 -1       1 -1  0   0 -1  0   0 -1  1
                      -1  0  0  -1  1  0  -1  0  1       0  1  0   1  0  0   0  0  1
                       0  0  1   0  1  0   1  0  0       1  0  0   0  0  1   0  1  0
                       0  0  1   1  0  0   0  1  0       0  1  0   0  0  1   1  0  0
                      -1  0  1  -1  1  0  -1  0  0       0  0 -1   0  1 -1   1  0 -1
                       1  0 -1   0  0 -1   0  1 -1       1 -1  0   0 -1  1   0 -1  0
                       0 -1  0   1 -1  0   0 -1  1      -1  1  0  -1  0  0  -1  0  1
           toldfe      1.00000000E-06 Hartree
           tsmear      1.00000000E-02 Hartree
            typat      1
              wtk        0.03125    0.09375    0.09375    0.09375    0.09375    0.18750
                         0.18750    0.09375    0.03125    0.09375
            znucl       13.00000

================================================================================


- Timing analysis has been suppressed with timopt=0



================================================================================

 Suggested references for the acknowledgment of ABINIT usage.

 The users of ABINIT have little formal obligations with respect to the ABINIT group
 (those specified in the GNU General Public License, http://www.gnu.org/copyleft/gpl.txt).
 However, it is common practice in the scientific literature,
 to acknowledge the efforts of people that have made the research possible.
 In this spirit, please find below suggested citations of work written by ABINIT developers,
 corresponding to implementations inside of ABINIT that you have used in the present run.
 Note also that it will be of great value to readers of publications presenting these results,
 to read papers enabling them to understand the theoretical formalism and details
 of the ABINIT implementation.
 For information on why they are suggested, see also http://www.abinit.org/about/?text=acknowledgments.

 [1] ABINIT : First-principles approach of materials and nanosystem properties.
 X. Gonze, B. Amadon, P.-M. Anglade, J.-M. Beuken, F. Bottin, P. Boulanger, F. Bruneval,
 D. Caliste, R. Caracas, M. Cote, T. Deutsch, L. Genovese, Ph. Ghosez, M. Giantomassi
 S. Goedecker, D.R. Hamann, P. Hermet, F. Jollet, G. Jomard, S. Leroux, M. Mancini, S. Mazevet,
 M.J.T. Oliveira, G. Onida, Y. Pouillon, T. Rangel, G.-M. Rignanese, D. Sangalli, R. Shaltaf,
 M. Torrent, M.J. Verstraete, G. Zerah, J.W. Zwanziger
 Computer Phys. Comm. 180, 2582-2615 (2009).
 Comment : the third generic paper describing the ABINIT project.
 Note that a version of this paper, that is not formatted for Computer Phys. Comm. 
 is available at http://www.abinit.org/about/ABINIT_CPC_v10.pdf .
 The licence allows the authors to put it on the Web.

 [2] A brief introduction to the ABINIT software package.
 X. Gonze, G.-M. Rignanese, M. Verstraete, J.-M. Beuken, Y. Pouillon, R. Caracas, F. Jollet,
 M. Torrent, G. Zerah, M. Mikami, Ph. Ghosez, M. Veithen, J.-Y. Raty, V. Olevano, F. Bruneval,
 L. Reining, R. Godby, G. Onida, D.R. Hamann, and D.C. Allan.
 Z. Kristallogr. 220, 558-562 (2005).
 Comment : the second generic paper describing the ABINIT project. Note that this paper
 should be cited especially if you are using the GW part of ABINIT, as several authors
 of this part are not in the list of authors of the first or third paper.
 The .pdf of the latter paper is available at http://www.abinit.org/about/zfk_0505-06_558-562.pdf.
 Note that it should not redistributed (Copyright by Oldenburg Wissenshaftverlag,
 the licence allows the authors to put it on the Web).


 And optionally :

 [3] First-principles computation of material properties : the ABINIT software project. 
 X. Gonze, J.-M. Beuken, R. Caracas, F. Detraux, M. Fuchs, G.-M. Rignanese, L. Sindic,
 M. Verstraete, G. Zerah, F. Jollet, M. Torrent, A. Roy, M. Mikami, Ph. Ghosez, J.-Y. Raty, D.C. Allan.
 Computational Materials Science 25, 478-492 (2002). http://dx.doi.org/10.1016/S0927-0256(02)00325-7
 Comment : the original paper describing the ABINIT project.

 [4] Fast radix 2, 3, 4 and 5 kernels for Fast Fourier Transformations
 on computers with overlapping multiply-add instructions.
 S. Goedecker, SIAM J. on Scientific Computing 18, 1605 (1997).

 [5] Towards a potential-based conjugate gradient algorithm for order-N self-consistent
 total energy calculations.
 X. Gonze, Phys. Rev. B 54, 4383 (1996).
 Comment : The potential-based conjugate-gradient algorithm, used when iscf=5, is not published.
 However, many elements of this algorithm have been explained in the paper above.
-
- Proc.   0 individual time (sec): cpu=          0.3  wall=          0.3

================================================================================

 Calculation completed.
.Delivered    5 WARNINGs and   1 COMMENTs to log file.
+Overall time at end (sec) : cpu=          0.3  wall=          0.3
