
.Version 7.9.3 of ABINIT 
.(MPI version, prepared for a x86_64_linux_gnu4.7 computer) 

.Copyright (C) 1998-2014 ABINIT group . 
 ABINIT comes with ABSOLUTELY NO WARRANTY.
 It is free software, and you are welcome to redistribute it
 under certain conditions (GNU General Public License,
 see ~abinit/COPYING or http://www.gnu.org/copyleft/gpl.txt).

 ABINIT is a project of the Universite Catholique de Louvain,
 Corning Inc. and other collaborators, see ~abinit/doc/developers/contributors.txt .
 Please read ~abinit/doc/users/acknowledgments.html for suggested
 acknowledgments of the ABINIT effort.
 For more information, see http://www.abinit.org .

.Starting date : Sat 30 Aug 2014.
- ( at 22h31 )
  
- input  file    -> t66.in
- output file    -> t66.out
- root for input  files -> t66i
- root for output files -> t66o


 DATASET    1 : space group Pm m m (# 47); Bravais oP (primitive ortho.)
================================================================================
 Values of the parameters that define the memory need for DATASET  1.
   intxc =         0  ionmov =         2    iscf =         5 xclevel =         1
  lmnmax =         1   lnmax =         1   mband =         1  mffmem =         1
P  mgfft =        24   mkmem =         1 mpssoang=         1     mpw =       349
  mqgrid =      3001   natom =         2    nfft =      6144    nkpt =         1
  nloalg =         4  nspden =         1 nspinor =         1  nsppol =         1
    nsym =         8  n1xccc =         0  ntypat =         1  occopt =         1
================================================================================
P This job should need less than                       1.871 Mbytes of memory.
  Rough estimation (10% accuracy) of disk space for files :
_ WF disk file :      0.007 Mbytes ; DEN or POT disk file :      0.049 Mbytes.
================================================================================


 DATASET    2 : space group Pm m m (# 47); Bravais oP (primitive ortho.)
================================================================================
 Values of the parameters that define the memory need for DATASET  2.
   intxc =         0  ionmov =         0    iscf =         5 xclevel =         1
  lmnmax =         1   lnmax =         1   mband =         3  mffmem =         1
P  mgfft =        27   mkmem =         1 mpssoang=         1     mpw =       485
  mqgrid =      3001   natom =         2    nfft =      8748    nkpt =         1
  nloalg =         4  nspden =         1 nspinor =         1  nsppol =         1
    nsym =         8  n1xccc =         0  ntypat =         1  occopt =         1
================================================================================
P This job should need less than                       2.502 Mbytes of memory.
  Rough estimation (10% accuracy) of disk space for files :
_ WF disk file :      0.024 Mbytes ; DEN or POT disk file :      0.069 Mbytes.
================================================================================

--------------------------------------------------------------------------------
------------- Echo of variables that govern the present computation ------------
--------------------------------------------------------------------------------
-
- outvars: echo of selected default values                                      
-   accesswff0 =  0 , fftalg0 =112 , wfoptalg0 =  0
-
- outvars: echo of global parameters not present in the input file              
-  max_nthreads =    0
-
 -outvars: echo values of preprocessed input variables --------
            acell      7.0000000000E+00  5.0000000000E+00  5.0000000000E+00 Bohr
              amu      1.00794000E+00
           diemac      1.00000000E+00
           diemix      5.00000000E-01
             ecut1     1.20000000E+01 Hartree
             ecut2     1.50000000E+01 Hartree
-          fftalg         112
           getwfk          -1
         getxcart          -1
           ionmov1          2
           ionmov2          0
           iprcch           1
             iscf           5
           jdtset        1    2
              kpt      1.00000000E+00  1.00000000E+00  1.00000000E+00
           kptnrm      4.00000000E+00
           kptopt           0
P           mkmem           1
            natom           2
            nband1          1
            nband2          3
           ndtset           2
            ngfft1         24      16      16
            ngfft2         27      18      18
             nkpt           1
            nline           3
            nstep           7
             nsym           8
            ntime           5
           ntypat           1
              occ1     2.000000
              occ2     2.000000  0.000000  0.000000
        optforces           1
          spgroup          47
           symrel      1  0  0   0  1  0   0  0  1      -1  0  0   0  1  0   0  0  1
                       1  0  0   0 -1  0   0  0  1      -1  0  0   0 -1  0   0  0  1
                       1  0  0   0  1  0   0  0 -1      -1  0  0   0  1  0   0  0 -1
                       1  0  0   0 -1  0   0  0 -1      -1  0  0   0 -1  0   0  0 -1
           toldff      5.00000000E-06
            typat      1  1
           xangst     -3.8500000000E-01  0.0000000000E+00  0.0000000000E+00
                       3.8500000000E-01  0.0000000000E+00  0.0000000000E+00
            xcart     -7.2754456116E-01  0.0000000000E+00  0.0000000000E+00
                       7.2754456116E-01  0.0000000000E+00  0.0000000000E+00
             xred     -1.0393493731E-01  0.0000000000E+00  0.0000000000E+00
                       1.0393493731E-01  0.0000000000E+00  0.0000000000E+00
            znucl        1.00000

================================================================================

 chkinp: Checking input parameters for consistency, jdtset=   1.

 chkinp: Checking input parameters for consistency, jdtset=   2.

================================================================================
== DATASET  1 ==================================================================
-   nproc =    1

 Exchange-correlation functional for the present dataset will be:
  LDA: new Teter (4/93) with spin-polarized option - ixc=1
 Citation for XC functional:
  S. Goedecker, M. Teter, J. Huetter, PRB 54, 1703 (1996)

 Real(R)+Recip(G) space primitive vectors, cartesian coordinates (Bohr,Bohr^-1):
 R(1)=  7.0000000  0.0000000  0.0000000  G(1)=  0.1428571  0.0000000  0.0000000
 R(2)=  0.0000000  5.0000000  0.0000000  G(2)=  0.0000000  0.2000000  0.0000000
 R(3)=  0.0000000  0.0000000  5.0000000  G(3)=  0.0000000  0.0000000  0.2000000
 Unit cell volume ucvol=  1.7500000E+02 bohr^3
 Angles (23,13,12)=  9.00000000E+01  9.00000000E+01  9.00000000E+01 degrees

 getcut: wavevector=  0.0000  0.0000  0.0000  ngfft=  24  16  16
         ecut(hartree)=     12.000   => boxcut(ratio)=   2.05208

--- Pseudopotential description ------------------------------------------------
- pspini: atom type   1  psp file is /home/gonze/ABINIT/ABINITv7.9.3/trunk/7.9.3-private/tests/Psps_for_tests/1h.pspnc
- pspatm: opening atomic psp file    /home/gonze/ABINIT/ABINITv7.9.3/trunk/7.9.3-private/tests/Psps_for_tests/1h.pspnc
-  Troullier-Martins psp for element  H         Thu Oct 27 17:28:54 EDT 1994
-  1.00000   1.00000    940714                znucl, zion, pspdat
    1    1    0    0      2001   0.00000      pspcod,pspxc,lmax,lloc,mmax,r2well
    0   7.740  11.990    0   1.5855604        l,e99.0,e99.9,nproj,rcpsp
   0.00000000   0.00000000   0.00000000   0.00000000     rms, ekb1, ekb2, epsatm
    0.00000000000000    0.00000000000000    0.00000000000000   rchrg,fchrg,qchrg
 Note: local psp for atom with Z=  1.0
 pspatm: epsatm=    0.04198703
         --- l  ekb(1:nproj) -->
 pspatm: atomic psp has been read  and splines computed

   1.67948119E-01                                ecore*ucvol(ha*bohr**3)
--------------------------------------------------------------------------------

P newkpt: treating      1 bands with npw=     349 for ikpt=   1 by node    0

_setup2: Arith. and geom. avg. npw (full set) are     349.000     349.000

================================================================================

=== [ionmov= 2] Broyden-Fletcher-Goldfard-Shanno method (forces)            
================================================================================

--- Iteration: (1/5) Internal Cycle: (1/1)
--------------------------------------------------------------------------------

---SELF-CONSISTENT-FIELD CONVERGENCE--------------------------------------------

     iter   Etot(hartree)      deltaE(h)  residm     vres2    diffor    maxfor
 ETOT  1  -1.1397308596924    -1.140E+00 1.171E-05 7.719E+00 3.303E-02 3.303E-02
 ETOT  2  -1.1420073057884    -2.276E-03 5.064E-09 1.536E+00 1.025E-02 2.278E-02
 ETOT  3  -1.1423504132723    -3.431E-04 1.938E-06 2.210E-01 6.006E-03 1.678E-02
 ETOT  4  -1.1423645977935    -1.418E-05 2.468E-08 6.193E-02 2.122E-04 1.699E-02
 ETOT  5  -1.1423694026242    -4.805E-06 2.307E-08 9.516E-05 2.279E-04 1.722E-02
 ETOT  6  -1.1423694217651    -1.914E-08 9.369E-11 6.975E-06 2.869E-05 1.719E-02
 ETOT  7  -1.1423694221255    -3.604E-10 3.594E-12 2.030E-07 8.289E-07 1.719E-02

 Cartesian components of stress tensor (hartree/bohr^3)
  sigma(1 1)=  2.01772084E-04  sigma(3 2)=  0.00000000E+00
  sigma(2 2)=  1.30429372E-04  sigma(3 1)=  0.00000000E+00
  sigma(3 3)=  1.30429366E-04  sigma(2 1)=  0.00000000E+00


---OUTPUT-----------------------------------------------------------------------

 Cartesian coordinates (xcart) [bohr]
 -7.27544561160973E-01  0.00000000000000E+00  0.00000000000000E+00
  7.27544561160973E-01  0.00000000000000E+00  0.00000000000000E+00
 Reduced coordinates (xred)
 -1.03934937308710E-01  0.00000000000000E+00  0.00000000000000E+00
  1.03934937308710E-01  0.00000000000000E+00  0.00000000000000E+00
 Cartesian forces (fcart) [Ha/bohr]; max,rms= 1.71882E-02 9.92359E-03 (free atoms)
  1.71881705532850E-02 -0.00000000000000E+00 -0.00000000000000E+00
 -1.71881705532850E-02 -0.00000000000000E+00 -0.00000000000000E+00
 Reduced forces (fred)
 -1.20317193872995E-01  0.00000000000000E+00  0.00000000000000E+00
  1.20317193872995E-01  0.00000000000000E+00  0.00000000000000E+00
 Total energy (etotal) [Ha]= -1.14236942212549E+00

--- Iteration: (2/5) Internal Cycle: (1/1)
--------------------------------------------------------------------------------

---SELF-CONSISTENT-FIELD CONVERGENCE--------------------------------------------

     iter   Etot(hartree)      deltaE(h)  residm     vres2    diffor    maxfor
 ETOT  1  -1.1427800413387    -1.143E+00 1.892E-09 3.025E-02 7.099E-03 1.009E-02
 ETOT  2  -1.1428082635727    -2.822E-05 1.343E-10 1.216E-04 1.891E-03 8.198E-03
 ETOT  3  -1.1428083072937    -4.372E-08 2.596E-10 4.470E-06 7.552E-05 8.123E-03
 ETOT  4  -1.1428083073938    -1.001E-10 9.654E-12 2.436E-06 6.001E-06 8.117E-03
 ETOT  5  -1.1428083078490    -4.552E-10 2.516E-12 1.171E-08 1.400E-06 8.115E-03
 ETOT  6  -1.1428083078539    -4.913E-12 1.769E-14 9.238E-12 8.676E-07 8.116E-03

 At SCF step    6, forces are converged : 
  for the second time, max diff in force=  8.676E-07 < toldff=  5.000E-06

 Cartesian components of stress tensor (hartree/bohr^3)
  sigma(1 1)=  1.20429726E-04  sigma(3 2)=  0.00000000E+00
  sigma(2 2)=  1.29535683E-04  sigma(3 1)=  0.00000000E+00
  sigma(3 3)=  1.29535683E-04  sigma(2 1)=  0.00000000E+00


---OUTPUT-----------------------------------------------------------------------

 Cartesian coordinates (xcart) [bohr]
 -7.10356390607688E-01  0.00000000000000E+00  0.00000000000000E+00
  7.10356390607688E-01  0.00000000000000E+00  0.00000000000000E+00
 Reduced coordinates (xred)
 -1.01479484372527E-01  0.00000000000000E+00  0.00000000000000E+00
  1.01479484372527E-01  0.00000000000000E+00  0.00000000000000E+00
 Cartesian forces (fcart) [Ha/bohr]; max,rms= 8.11606E-03 4.68581E-03 (free atoms)
  8.11606425800151E-03 -0.00000000000000E+00 -0.00000000000000E+00
 -8.11606425800151E-03 -0.00000000000000E+00 -0.00000000000000E+00
 Reduced forces (fred)
 -5.68124498060106E-02  0.00000000000000E+00  0.00000000000000E+00
  5.68124498060106E-02  0.00000000000000E+00  0.00000000000000E+00
 Total energy (etotal) [Ha]= -1.14280830785393E+00

 Difference of energy with previous step (new-old):
           Absolute (Ha)=-4.38886E-04
           Relative     =-3.84115E-04

--- Iteration: (3/5) Internal Cycle: (1/1)
--------------------------------------------------------------------------------

---SELF-CONSISTENT-FIELD CONVERGENCE--------------------------------------------

     iter   Etot(hartree)      deltaE(h)  residm     vres2    diffor    maxfor
 ETOT  1  -1.1428936794283    -1.143E+00 1.430E-09 2.458E-02 7.553E-03 5.631E-04
 ETOT  2  -1.1429145694366    -2.089E-05 1.953E-10 2.189E-03 2.408E-03 1.845E-03
 ETOT  3  -1.1429170269309    -2.457E-06 1.488E-08 2.951E-05 5.867E-04 1.258E-03
 ETOT  4  -1.1429170310327    -4.102E-09 3.143E-11 5.538E-08 7.348E-07 1.259E-03
 ETOT  5  -1.1429170310378    -5.096E-12 4.588E-14 1.960E-08 3.414E-07 1.258E-03

 At SCF step    5, forces are converged : 
  for the second time, max diff in force=  3.414E-07 < toldff=  5.000E-06

 Cartesian components of stress tensor (hartree/bohr^3)
  sigma(1 1)=  4.07769764E-05  sigma(3 2)=  0.00000000E+00
  sigma(2 2)=  1.28831485E-04  sigma(3 1)=  0.00000000E+00
  sigma(3 3)=  1.28831484E-04  sigma(2 1)=  0.00000000E+00


---OUTPUT-----------------------------------------------------------------------

 Cartesian coordinates (xcart) [bohr]
 -6.94979553945128E-01  0.00000000000000E+00  0.00000000000000E+00
  6.94979553945128E-01  0.00000000000000E+00  0.00000000000000E+00
 Reduced coordinates (xred)
 -9.92827934207326E-02  0.00000000000000E+00  0.00000000000000E+00
  9.92827934207326E-02  0.00000000000000E+00  0.00000000000000E+00
 Cartesian forces (fcart) [Ha/bohr]; max,rms= 1.25837E-03 7.26522E-04 (free atoms)
 -1.25837388069693E-03 -0.00000000000000E+00 -0.00000000000000E+00
  1.25837388069693E-03 -0.00000000000000E+00 -0.00000000000000E+00
 Reduced forces (fred)
  8.80861716487850E-03  0.00000000000000E+00  0.00000000000000E+00
 -8.80861716487850E-03  0.00000000000000E+00  0.00000000000000E+00
 Total energy (etotal) [Ha]= -1.14291703103777E+00

 Difference of energy with previous step (new-old):
           Absolute (Ha)=-1.08723E-04
           Relative     =-9.51323E-05

--- Iteration: (4/5) Internal Cycle: (1/1)
--------------------------------------------------------------------------------

---SELF-CONSISTENT-FIELD CONVERGENCE--------------------------------------------

     iter   Etot(hartree)      deltaE(h)  residm     vres2    diffor    maxfor
 ETOT  1  -1.1429190379488    -1.143E+00 2.542E-11 4.473E-04 1.086E-03 1.722E-04
 ETOT  2  -1.1429194214247    -3.835E-07 3.641E-12 4.040E-05 3.265E-04 1.542E-04
 ETOT  3  -1.1429194665555    -4.513E-08 2.710E-10 4.807E-07 7.904E-05 7.520E-05
 ETOT  4  -1.1429194666228    -6.732E-11 5.088E-13 9.791E-10 1.841E-07 7.501E-05
 ETOT  5  -1.1429194666229    -7.505E-14 7.985E-16 3.314E-10 3.299E-09 7.501E-05

 At SCF step    5, forces are converged : 
  for the second time, max diff in force=  3.299E-09 < toldff=  5.000E-06

 Cartesian components of stress tensor (hartree/bohr^3)
  sigma(1 1)=  5.18727544E-05  sigma(3 2)=  0.00000000E+00
  sigma(2 2)=  1.28924003E-04  sigma(3 1)=  0.00000000E+00
  sigma(3 3)=  1.28924003E-04  sigma(2 1)=  0.00000000E+00


---OUTPUT-----------------------------------------------------------------------

 Cartesian coordinates (xcart) [bohr]
 -6.97043657343926E-01  0.00000000000000E+00  0.00000000000000E+00
  6.97043657343926E-01  0.00000000000000E+00  0.00000000000000E+00
 Reduced coordinates (xred)
 -9.95776653348466E-02  0.00000000000000E+00  0.00000000000000E+00
  9.95776653348466E-02  0.00000000000000E+00  0.00000000000000E+00
 Cartesian forces (fcart) [Ha/bohr]; max,rms= 7.50092E-05 4.33066E-05 (free atoms)
  7.50092354662152E-05 -0.00000000000000E+00 -0.00000000000000E+00
 -7.50092354662152E-05 -0.00000000000000E+00 -0.00000000000000E+00
 Reduced forces (fred)
 -5.25064648263506E-04  0.00000000000000E+00  0.00000000000000E+00
  5.25064648263506E-04  0.00000000000000E+00  0.00000000000000E+00
 Total energy (etotal) [Ha]= -1.14291946662286E+00

 Difference of energy with previous step (new-old):
           Absolute (Ha)=-2.43559E-06
           Relative     =-2.13102E-06

--- Iteration: (5/5) Internal Cycle: (1/1)
--------------------------------------------------------------------------------

---SELF-CONSISTENT-FIELD CONVERGENCE--------------------------------------------

     iter   Etot(hartree)      deltaE(h)  residm     vres2    diffor    maxfor
 ETOT  1  -1.1429194740733    -1.143E+00 8.063E-14 1.413E-06 6.042E-05 1.459E-05
 ETOT  2  -1.1429194752837    -1.210E-09 1.148E-14 1.274E-07 1.834E-05 3.749E-06
 ETOT  3  -1.1429194754262    -1.425E-10 8.559E-13 1.531E-09 4.443E-06 6.936E-07
 ETOT  4  -1.1429194754264    -1.874E-13 1.629E-15 3.067E-12 8.355E-09 7.020E-07

 At SCF step    4, forces are converged : 
  for the second time, max diff in force=  8.355E-09 < toldff=  5.000E-06

 Cartesian components of stress tensor (hartree/bohr^3)
  sigma(1 1)=  5.12521670E-05  sigma(3 2)=  0.00000000E+00
  sigma(2 2)=  1.28918451E-04  sigma(3 1)=  0.00000000E+00
  sigma(3 3)=  1.28918451E-04  sigma(2 1)=  0.00000000E+00


---OUTPUT-----------------------------------------------------------------------

 Cartesian coordinates (xcart) [bohr]
 -6.96927541565955E-01  0.00000000000000E+00  0.00000000000000E+00
  6.96927541565955E-01  0.00000000000000E+00  0.00000000000000E+00
 Reduced coordinates (xred)
 -9.95610773665650E-02  0.00000000000000E+00  0.00000000000000E+00
  9.95610773665650E-02  0.00000000000000E+00  0.00000000000000E+00
 Cartesian forces (fcart) [Ha/bohr]; max,rms= 7.01957E-07 4.05275E-07 (free atoms)
  7.01956817713422E-07 -0.00000000000000E+00 -0.00000000000000E+00
 -7.01956817713422E-07 -0.00000000000000E+00 -0.00000000000000E+00
 Reduced forces (fred)
 -4.91369772399395E-06  0.00000000000000E+00  0.00000000000000E+00
  4.91369772399395E-06  0.00000000000000E+00  0.00000000000000E+00
 Total energy (etotal) [Ha]= -1.14291947542636E+00

 Difference of energy with previous step (new-old):
           Absolute (Ha)=-8.80350E-09
           Relative     =-7.70264E-09

 At Broyd/MD step   5, gradients are converged : 
  max grad (force/stress) = 7.0196E-07 < tolmxf= 5.0000E-05 ha/bohr (free atoms)

================================================================================

 ----iterations are completed or convergence reached----

 Mean square residual over all n,k,spin=   1.6294E-15; max=  1.6294E-15
   0.2500  0.2500  0.2500    1  1.62942E-15 kpt; spin; max resid(k); each band:
  1.63E-15
 reduced coordinates (array xred) for    2 atoms
      -0.099561077367      0.000000000000      0.000000000000
       0.099561077367      0.000000000000      0.000000000000
 rms dE/dt=  2.8369E-06; max dE/dt=  4.9137E-06; dE/dt below (all hartree)
    1      -0.000004913698      0.000000000000      0.000000000000
    2       0.000004913698      0.000000000000      0.000000000000

 cartesian coordinates (angstrom) at end:
    1     -0.36879817103536     0.00000000000000     0.00000000000000
    2      0.36879817103536     0.00000000000000     0.00000000000000

 cartesian forces (hartree/bohr) at end:
    1      0.00000070195682    -0.00000000000000    -0.00000000000000
    2     -0.00000070195682    -0.00000000000000    -0.00000000000000
 frms,max,avg= 4.0527496E-07 7.0195682E-07   0.000E+00  0.000E+00  0.000E+00 h/b

 cartesian forces (eV/Angstrom) at end:
    1      0.00003609606784    -0.00000000000000    -0.00000000000000
    2     -0.00003609606784    -0.00000000000000    -0.00000000000000
 frms,max,avg= 2.0840074E-05 3.6096068E-05   0.000E+00  0.000E+00  0.000E+00 e/A
 length scales=  7.000000000000  5.000000000000  5.000000000000 bohr
              =  3.704240460130  2.645886042950  2.645886042950 angstroms
 prteigrs : about to open file t66o_DS1_EIG
 Fermi (or HOMO) energy (hartree) =  -0.33229   Average Vxc (hartree)=  -0.20314
 Eigenvalues (hartree) for nkpt=   1  k points:
 kpt#   1, nband=  1, wtk=  1.00000, kpt=  0.2500  0.2500  0.2500 (reduced coord)
  -0.33229
 Total charge density [el/Bohr^3]
,     Maximum=    2.8544E-01  at reduced coord.    0.0000    0.0000    0.0000
,Next maximum=    2.7620E-01  at reduced coord.    0.9583    0.0000    0.0000
,     Minimum=    2.1770E-04  at reduced coord.    0.5000    0.5000    0.5000
,Next minimum=    2.2194E-04  at reduced coord.    0.5000    0.5000    0.4375
,  Integrated=    2.0000E+00

--------------------------------------------------------------------------------
 Components of total free energy (in Hartree) :

    Kinetic energy  =  1.02485721683142E+00
    Hartree energy  =  4.24521593350089E-01
    XC energy       = -6.49576879576124E-01
    Ewald energy    = -2.53512482257890E-01
    PspCore energy  =  9.59703539395516E-04
    Loc. psp. energy= -1.69016862731325E+00
    NL   psp  energy=  0.00000000000000E+00
    >>>>>>>>> Etotal= -1.14291947542636E+00

 Other information on the energy :
    Total energy(eV)= -3.11004205668965E+01 ; Band energy (Ha)=  -6.6457655036E-01
--------------------------------------------------------------------------------
 rms coord change=  2.5252E-03   atom, delta coord (reduced):
     1        0.004373859942      0.000000000000      0.000000000000
     2       -0.004373859942      0.000000000000      0.000000000000

 Cartesian components of stress tensor (hartree/bohr^3)
  sigma(1 1)=  5.12521670E-05  sigma(3 2)=  0.00000000E+00
  sigma(2 2)=  1.28918451E-04  sigma(3 1)=  0.00000000E+00
  sigma(3 3)=  1.28918451E-04  sigma(2 1)=  0.00000000E+00

-Cartesian components of stress tensor (GPa)         [Pressure= -3.0312E+00 GPa]
- sigma(1 1)=  1.50789056E+00  sigma(3 2)=  0.00000000E+00
- sigma(2 2)=  3.79291114E+00  sigma(3 1)=  0.00000000E+00
- sigma(3 3)=  3.79291114E+00  sigma(2 1)=  0.00000000E+00

================================================================================
== DATASET  2 ==================================================================
-   nproc =    1

 mkfilename : getwfk/=0, take file _WFK from output of DATASET   1.

 find_getdtset : getxcart/=0, take data from output of dataset with index  1.

 Exchange-correlation functional for the present dataset will be:
  LDA: new Teter (4/93) with spin-polarized option - ixc=1
 Citation for XC functional:
  S. Goedecker, M. Teter, J. Huetter, PRB 54, 1703 (1996)

 Real(R)+Recip(G) space primitive vectors, cartesian coordinates (Bohr,Bohr^-1):
 R(1)=  7.0000000  0.0000000  0.0000000  G(1)=  0.1428571  0.0000000  0.0000000
 R(2)=  0.0000000  5.0000000  0.0000000  G(2)=  0.0000000  0.2000000  0.0000000
 R(3)=  0.0000000  0.0000000  5.0000000  G(3)=  0.0000000  0.0000000  0.2000000
 Unit cell volume ucvol=  1.7500000E+02 bohr^3
 Angles (23,13,12)=  9.00000000E+01  9.00000000E+01  9.00000000E+01 degrees

 getcut: wavevector=  0.0000  0.0000  0.0000  ngfft=  27  18  18
         ecut(hartree)=     15.000   => boxcut(ratio)=   2.06487

--- Pseudopotential description ------------------------------------------------
- pspini: atom type   1  psp file is /home/gonze/ABINIT/ABINITv7.9.3/trunk/7.9.3-private/tests/Psps_for_tests/1h.pspnc
- pspatm: opening atomic psp file    /home/gonze/ABINIT/ABINITv7.9.3/trunk/7.9.3-private/tests/Psps_for_tests/1h.pspnc
-  Troullier-Martins psp for element  H         Thu Oct 27 17:28:54 EDT 1994
-  1.00000   1.00000    940714                znucl, zion, pspdat
    1    1    0    0      2001   0.00000      pspcod,pspxc,lmax,lloc,mmax,r2well
    0   7.740  11.990    0   1.5855604        l,e99.0,e99.9,nproj,rcpsp
   0.00000000   0.00000000   0.00000000   0.00000000     rms, ekb1, ekb2, epsatm
    0.00000000000000    0.00000000000000    0.00000000000000   rchrg,fchrg,qchrg
 Note: local psp for atom with Z=  1.0
 pspatm: epsatm=    0.04198703
         --- l  ekb(1:nproj) -->
 pspatm: atomic psp has been read  and splines computed

--------------------------------------------------------------------------------

-inwffil : will read wavefunctions from disk file t66o_DS1_WFK
- newkpt: read input wf with ikpt,npw=   1     349, make ikpt,npw=   1     485

_setup2: Arith. and geom. avg. npw (full set) are     485.000     485.000

================================================================================

     iter   Etot(hartree)      deltaE(h)  residm     vres2    diffor    maxfor
 ETOT  1  -1.1437705767657    -1.144E+00 1.257E-03 2.821E-03 4.141E-04 4.141E-04
 ETOT  2  -1.1437707533988    -1.766E-07 1.610E-09 6.932E-04 5.161E-05 3.625E-04
 ETOT  3  -1.1437707818202    -2.842E-08 2.340E-09 1.195E-04 3.108E-05 3.314E-04
 ETOT  4  -1.1437707847021    -2.882E-09 2.819E-11 3.022E-05 1.455E-05 3.460E-04
 ETOT  5  -1.1437707855589    -8.568E-10 6.990E-12 1.136E-08 1.242E-05 3.584E-04
 ETOT  6  -1.1437707855592    -2.394E-13 6.142E-15 1.145E-09 1.491E-07 3.585E-04
 ETOT  7  -1.1437707855592    -2.620E-14 1.451E-15 4.111E-13 1.478E-08 3.585E-04

 At SCF step    7, forces are converged : 
  for the second time, max diff in force=  1.478E-08 < toldff=  5.000E-06

 Cartesian components of stress tensor (hartree/bohr^3)
  sigma(1 1)=  3.71020734E-05  sigma(3 2)=  0.00000000E+00
  sigma(2 2)=  1.01270654E-04  sigma(3 1)=  0.00000000E+00
  sigma(3 3)=  1.01270654E-04  sigma(2 1)=  0.00000000E+00

================================================================================

 ----iterations are completed or convergence reached----

 Mean square residual over all n,k,spin=   1.0113E-15; max=  1.4513E-15
   0.2500  0.2500  0.2500    1  1.45129E-15 kpt; spin; max resid(k); each band:
  4.98E-16 1.08E-15 1.45E-15
 reduced coordinates (array xred) for    2 atoms
      -0.099561077367      0.000000000000      0.000000000000
       0.099561077367      0.000000000000      0.000000000000
 rms dE/dt=  1.4490E-03; max dE/dt=  2.5098E-03; dE/dt below (all hartree)
    1      -0.002509762474      0.000000000000      0.000000000000
    2       0.002509762474      0.000000000000      0.000000000000

 cartesian coordinates (angstrom) at end:
    1     -0.36879817103536     0.00000000000000     0.00000000000000
    2      0.36879817103536     0.00000000000000     0.00000000000000

 cartesian forces (hartree/bohr) at end:
    1      0.00035853749623    -0.00000000000000    -0.00000000000000
    2     -0.00035853749623    -0.00000000000000    -0.00000000000000
 frms,max,avg= 2.0700172E-04 3.5853750E-04   0.000E+00  0.000E+00  0.000E+00 h/b

 cartesian forces (eV/Angstrom) at end:
    1      0.01843673778791    -0.00000000000000    -0.00000000000000
    2     -0.01843673778791    -0.00000000000000    -0.00000000000000
 frms,max,avg= 1.0644456E-02 1.8436738E-02   0.000E+00  0.000E+00  0.000E+00 e/A
 length scales=  7.000000000000  5.000000000000  5.000000000000 bohr
              =  3.704240460130  2.645886042950  2.645886042950 angstroms
 prteigrs : about to open file t66o_DS2_EIG
 Fermi (or HOMO) energy (hartree) =  -0.33242   Average Vxc (hartree)=  -0.20309
 Eigenvalues (hartree) for nkpt=   1  k points:
 kpt#   1, nband=  3, wtk=  1.00000, kpt=  0.2500  0.2500  0.2500 (reduced coord)
  -0.33242   0.07316   0.20558
 Total charge density [el/Bohr^3]
,     Maximum=    2.8820E-01  at reduced coord.    0.0000    0.0000    0.0000
,Next maximum=    2.8192E-01  at reduced coord.    0.9630    0.0000    0.0000
,     Minimum=    2.0301E-04  at reduced coord.    0.4815    0.5000    0.5000
,Next minimum=    2.0301E-04  at reduced coord.    0.5185    0.5000    0.5000
,  Integrated=    2.0000E+00

--------------------------------------------------------------------------------
 Components of total free energy (in Hartree) :

    Kinetic energy  =  1.02697160321332E+00
    Hartree energy  =  4.25248513720140E-01
    XC energy       = -6.49999159921707E-01
    Ewald energy    = -2.53512482257890E-01
    PspCore energy  =  9.59703539395516E-04
    Loc. psp. energy= -1.69343896385244E+00
    NL   psp  energy=  0.00000000000000E+00
    >>>>>>>>> Etotal= -1.14377078555918E+00

 Other information on the energy :
    Total energy(eV)= -3.11235858937047E+01 ; Band energy (Ha)=  -6.6483617374E-01
--------------------------------------------------------------------------------

 Cartesian components of stress tensor (hartree/bohr^3)
  sigma(1 1)=  3.71020734E-05  sigma(3 2)=  0.00000000E+00
  sigma(2 2)=  1.01270654E-04  sigma(3 1)=  0.00000000E+00
  sigma(3 3)=  1.01270654E-04  sigma(2 1)=  0.00000000E+00

-Cartesian components of stress tensor (GPa)         [Pressure= -2.3502E+00 GPa]
- sigma(1 1)=  1.09158050E+00  sigma(3 2)=  0.00000000E+00
- sigma(2 2)=  2.97948500E+00  sigma(3 1)=  0.00000000E+00
- sigma(3 3)=  2.97948501E+00  sigma(2 1)=  0.00000000E+00

== END DATASET(S) ==============================================================
================================================================================
  
 -outvars: echo values of variables after computation  --------
            acell      7.0000000000E+00  5.0000000000E+00  5.0000000000E+00 Bohr
              amu      1.00794000E+00
           diemac      1.00000000E+00
           diemix      5.00000000E-01
             ecut1     1.20000000E+01 Hartree
             ecut2     1.50000000E+01 Hartree
           etotal1    -1.1429194754E+00
           etotal2    -1.1437707856E+00
            fcart1     7.0195681771E-07 -0.0000000000E+00 -0.0000000000E+00
                      -7.0195681771E-07 -0.0000000000E+00 -0.0000000000E+00
            fcart2     3.5853749623E-04 -0.0000000000E+00 -0.0000000000E+00
                      -3.5853749623E-04 -0.0000000000E+00 -0.0000000000E+00
-          fftalg         112
           getwfk          -1
         getxcart          -1
           ionmov1          2
           ionmov2          0
           iprcch           1
             iscf           5
           jdtset        1    2
              kpt      1.00000000E+00  1.00000000E+00  1.00000000E+00
           kptnrm      4.00000000E+00
           kptopt           0
P           mkmem           1
            natom           2
            nband1          1
            nband2          3
           ndtset           2
            ngfft1         24      16      16
            ngfft2         27      18      18
             nkpt           1
            nline           3
            nstep           7
             nsym           8
            ntime           5
           ntypat           1
              occ1     2.000000
              occ2     2.000000  0.000000  0.000000
        optforces           1
          spgroup          47
           strten1     5.1252167044E-05  1.2891845091E-04  1.2891845086E-04
                       0.0000000000E+00  0.0000000000E+00  0.0000000000E+00
           strten2     3.7102073384E-05  1.0127065378E-04  1.0127065407E-04
                       0.0000000000E+00  0.0000000000E+00  0.0000000000E+00
           symrel      1  0  0   0  1  0   0  0  1      -1  0  0   0  1  0   0  0  1
                       1  0  0   0 -1  0   0  0  1      -1  0  0   0 -1  0   0  0  1
                       1  0  0   0  1  0   0  0 -1      -1  0  0   0  1  0   0  0 -1
                       1  0  0   0 -1  0   0  0 -1      -1  0  0   0 -1  0   0  0 -1
           toldff      5.00000000E-06
            typat      1  1
           xangst     -3.6879817104E-01  0.0000000000E+00  0.0000000000E+00
                       3.6879817104E-01  0.0000000000E+00  0.0000000000E+00
            xcart     -6.9692754157E-01  0.0000000000E+00  0.0000000000E+00
                       6.9692754157E-01  0.0000000000E+00  0.0000000000E+00
             xred     -9.9561077367E-02  0.0000000000E+00  0.0000000000E+00
                       9.9561077367E-02  0.0000000000E+00  0.0000000000E+00
            znucl        1.00000

================================================================================


- Timing analysis has been suppressed with timopt=0



================================================================================

 Suggested references for the acknowledgment of ABINIT usage.

 The users of ABINIT have little formal obligations with respect to the ABINIT group
 (those specified in the GNU General Public License, http://www.gnu.org/copyleft/gpl.txt).
 However, it is common practice in the scientific literature,
 to acknowledge the efforts of people that have made the research possible.
 In this spirit, please find below suggested citations of work written by ABINIT developers,
 corresponding to implementations inside of ABINIT that you have used in the present run.
 Note also that it will be of great value to readers of publications presenting these results,
 to read papers enabling them to understand the theoretical formalism and details
 of the ABINIT implementation.
 For information on why they are suggested, see also http://www.abinit.org/about/?text=acknowledgments.

 [1] ABINIT : First-principles approach of materials and nanosystem properties.
 X. Gonze, B. Amadon, P.-M. Anglade, J.-M. Beuken, F. Bottin, P. Boulanger, F. Bruneval,
 D. Caliste, R. Caracas, M. Cote, T. Deutsch, L. Genovese, Ph. Ghosez, M. Giantomassi
 S. Goedecker, D.R. Hamann, P. Hermet, F. Jollet, G. Jomard, S. Leroux, M. Mancini, S. Mazevet,
 M.J.T. Oliveira, G. Onida, Y. Pouillon, T. Rangel, G.-M. Rignanese, D. Sangalli, R. Shaltaf,
 M. Torrent, M.J. Verstraete, G. Zerah, J.W. Zwanziger
 Computer Phys. Comm. 180, 2582-2615 (2009).
 Comment : the third generic paper describing the ABINIT project.
 Note that a version of this paper, that is not formatted for Computer Phys. Comm. 
 is available at http://www.abinit.org/about/ABINIT_CPC_v10.pdf .
 The licence allows the authors to put it on the Web.

 [2] A brief introduction to the ABINIT software package.
 X. Gonze, G.-M. Rignanese, M. Verstraete, J.-M. Beuken, Y. Pouillon, R. Caracas, F. Jollet,
 M. Torrent, G. Zerah, M. Mikami, Ph. Ghosez, M. Veithen, J.-Y. Raty, V. Olevano, F. Bruneval,
 L. Reining, R. Godby, G. Onida, D.R. Hamann, and D.C. Allan.
 Z. Kristallogr. 220, 558-562 (2005).
 Comment : the second generic paper describing the ABINIT project. Note that this paper
 should be cited especially if you are using the GW part of ABINIT, as several authors
 of this part are not in the list of authors of the first or third paper.
 The .pdf of the latter paper is available at http://www.abinit.org/about/zfk_0505-06_558-562.pdf.
 Note that it should not redistributed (Copyright by Oldenburg Wissenshaftverlag,
 the licence allows the authors to put it on the Web).


 And optionally :

 [3] First-principles computation of material properties : the ABINIT software project. 
 X. Gonze, J.-M. Beuken, R. Caracas, F. Detraux, M. Fuchs, G.-M. Rignanese, L. Sindic,
 M. Verstraete, G. Zerah, F. Jollet, M. Torrent, A. Roy, M. Mikami, Ph. Ghosez, J.-Y. Raty, D.C. Allan.
 Computational Materials Science 25, 478-492 (2002). http://dx.doi.org/10.1016/S0927-0256(02)00325-7
 Comment : the original paper describing the ABINIT project.

 [4] Fast radix 2, 3, 4 and 5 kernels for Fast Fourier Transformations
 on computers with overlapping multiply-add instructions.
 S. Goedecker, SIAM J. on Scientific Computing 18, 1605 (1997).

 [5] Towards a potential-based conjugate gradient algorithm for order-N self-consistent
 total energy calculations.
 X. Gonze, Phys. Rev. B 54, 4383 (1996).
 Comment : The potential-based conjugate-gradient algorithm, used when iscf=5, is not published.
 However, many elements of this algorithm have been explained in the paper above.
-
- Proc.   0 individual time (sec): cpu=          0.5  wall=          0.5

================================================================================

 Calculation completed.
.Delivered    9 WARNINGs and   6 COMMENTs to log file.
+Overall time at end (sec) : cpu=          0.5  wall=          0.5
