
.Version 7.10.4 of ANADDB 
.(MPI version, prepared for a x86_64_linux_gnu4.7 computer) 

.Copyright (C) 1998-2014 ABINIT group . 
 ANADDB comes with ABSOLUTELY NO WARRANTY.
 It is free software, and you are welcome to redistribute it
 under certain conditions (GNU General Public License,
 see ~abinit/COPYING or http://www.gnu.org/copyleft/gpl.txt).

 ABINIT is a project of the Universite Catholique de Louvain,
 Corning Inc. and other collaborators, see ~abinit/doc/developers/contributors.txt .
 Please read ~abinit/doc/users/acknowledgments.html for suggested
 acknowledgments of the ABINIT effort.
 For more information, see http://www.abinit.org .

.Starting date : Sun  1 Feb 2015.
- ( at 15h06 )
  

================================================================================

 -outvars_anaddb: echo values of input variables ----------------------

 Flags :
     ifcflag         1
 Miscellaneous information :
         asr         1
      chneut         1
 Interatomic Force Constants Inputs :
      dipdip         0
      ifcana         1
      ifcout        20
      natifc         1
       atifc         1
 Description of grid 1 :
        brav         2
       ngqpt         4         4         4
      nqshft         1
      q1shft
                     5.00000000E-01  5.00000000E-01  5.00000000E-01
 First list of wavevector (reduced coord.) :
       nph1l        20
       qph1l
                     0.00000000E+00  0.00000000E+00  0.00000000E+00    1.000E+00
                     1.00000000E-01  0.00000000E+00  0.00000000E+00    1.000E+00
                     2.00000000E-01  0.00000000E+00  0.00000000E+00    1.000E+00
                     3.00000000E-01  0.00000000E+00  0.00000000E+00    1.000E+00
                     4.00000000E-01  0.00000000E+00  0.00000000E+00    1.000E+00
                     5.00000000E-01  0.00000000E+00  0.00000000E+00    1.000E+00
                     5.00000000E-01  1.00000000E-01  0.00000000E+00    1.000E+00
                     5.00000000E-01  2.00000000E-01  0.00000000E+00    1.000E+00
                     5.00000000E-01  3.00000000E-01  0.00000000E+00    1.000E+00
                     5.00000000E-01  4.00000000E-01  0.00000000E+00    1.000E+00
                     5.00000000E-01  5.00000000E-01  0.00000000E+00    1.000E+00
                     5.00000000E-01  5.00000000E-01  1.00000000E-01    1.000E+00
                     5.00000000E-01  5.00000000E-01  2.00000000E-01    1.000E+00
                     5.00000000E-01  5.00000000E-01  3.00000000E-01    1.000E+00
                     5.00000000E-01  5.00000000E-01  4.00000000E-01    1.000E+00
                     5.00000000E-01  5.00000000E-01  5.00000000E-01    1.000E+00
                     4.00000000E-01  4.00000000E-01  4.00000000E-01    1.000E+00
                     3.00000000E-01  3.00000000E-01  3.00000000E-01    1.000E+00
                     2.00000000E-01  2.00000000E-01  2.00000000E-01    1.000E+00
                     1.00000000E-01  1.00000000E-01  1.00000000E-01    1.000E+00

================================================================================

 read the DDB information and perform some checks

-begin at tcpu      0.019  and twall      0.018 sec

 Real(R)+Recip(G) space primitive vectors, cartesian coordinates (Bohr,Bohr^-1):
 R(1)=  0.0000000  5.3000000  5.3000000  G(1)= -0.0943396  0.0943396  0.0943396
 R(2)=  5.3000000  0.0000000  5.3000000  G(2)=  0.0943396 -0.0943396  0.0943396
 R(3)=  5.3000000  5.3000000  0.0000000  G(3)=  0.0943396  0.0943396 -0.0943396
 Unit cell volume ucvol=  2.9775400E+02 bohr^3
 Angles (23,13,12)=  6.00000000E+01  6.00000000E+01  6.00000000E+01 degrees
 Now the whole DDB is in central memory

================================================================================

 Dielectric Tensor and Effective Charges 

-begin at tcpu      0.028  and twall*********** sec

 anaddb : Zero the imaginary part of the Dynamical Matrix at Gamma,
   and impose the ASR on the effective charges 

 The violation of the charge neutrality conditions
 by the effective charges is as follows :
    atom        electric field
 displacement     direction
       1               1        0.142681        0.000000
       1               2        0.000000        0.000000
       1               3       -0.000000        0.000000
       2               1        0.000000        0.000000
       2               2        0.142681        0.000000
       2               3       -0.000000        0.000000
       3               1        0.000000        0.000000
       3               2        0.000000        0.000000
       3               3        0.142681        0.000000

 Effective charge tensors after 
 imposition of the charge neutrality,
 and eventual restriction to some part :
   atom    displacement
         1         1    9.877479E-01    0.000000E+00    2.891951E-19
         1         2    0.000000E+00    9.877479E-01    2.891951E-19
         1         3    0.000000E+00    0.000000E+00    9.877479E-01
         2         1   -9.877479E-01    0.000000E+00   -2.891951E-19
         2         2    0.000000E+00   -9.877479E-01   -2.891951E-19
         2         3    0.000000E+00    0.000000E+00   -9.877479E-01
 Now, the imaginary part of the dynamical matrix is zeroed

================================================================================

 Calculation of the interatomic forces 

-begin at tcpu      0.020  and twall      0.020 sec
       Homogeneous q point set in the B.Z.
 Grid q points  :       32
  1)   2.50000000E-01  2.50000000E-01  2.50000000E-01
  2)   2.50000000E-01  5.00000000E-01  5.00000000E-01
  3)   2.50000000E-01 -2.50000000E-01 -2.50000000E-01
  4)   2.50000000E-01 -5.55111512E-17 -5.55111512E-17
  5)   5.00000000E-01  2.50000000E-01  5.00000000E-01
  6)   5.00000000E-01 -5.55111512E-17  2.50000000E-01
  7)  -2.50000000E-01  2.50000000E-01 -2.50000000E-01
  8)  -2.50000000E-01 -5.55111512E-17 -5.00000000E-01
  9)  -5.55111512E-17  2.50000000E-01 -5.55111512E-17
 10)  -5.55111512E-17  5.00000000E-01  2.50000000E-01
 11)  -5.55111512E-17 -2.50000000E-01 -5.00000000E-01
 12)  -5.55111512E-17 -5.55111512E-17 -2.50000000E-01
 13)   5.00000000E-01  5.00000000E-01  2.50000000E-01
 14)   5.00000000E-01  2.50000000E-01 -5.55111512E-17
 15)   2.50000000E-01  5.00000000E-01 -5.55111512E-17
 16)   2.50000000E-01  2.50000000E-01 -2.50000000E-01
 17)  -2.50000000E-01 -2.50000000E-01  2.50000000E-01
 18)  -2.50000000E-01 -5.00000000E-01 -5.55111512E-17
 19)  -5.00000000E-01 -2.50000000E-01 -5.55111512E-17
 20)  -5.00000000E-01 -5.00000000E-01 -2.50000000E-01
 21)  -5.55111512E-17 -5.55111512E-17  2.50000000E-01
 22)  -5.55111512E-17  2.50000000E-01  5.00000000E-01
 23)  -5.55111512E-17 -5.00000000E-01 -2.50000000E-01
 24)  -5.55111512E-17 -2.50000000E-01 -5.55111512E-17
 25)   2.50000000E-01 -5.55111512E-17  5.00000000E-01
 26)   2.50000000E-01 -2.50000000E-01  2.50000000E-01
 27)  -5.00000000E-01 -5.55111512E-17 -2.50000000E-01
 28)  -5.00000000E-01 -2.50000000E-01 -5.00000000E-01
 29)  -2.50000000E-01 -5.55111512E-17 -5.55111512E-17
 30)  -2.50000000E-01  2.50000000E-01  2.50000000E-01
 31)  -2.50000000E-01 -5.00000000E-01 -5.00000000E-01
 32)  -2.50000000E-01 -2.50000000E-01 -2.50000000E-01

 The interatomic forces have been obtained

 Analysis of interatomic force constants 

 column 1 is related to the displacement
        of the generic atom along x,    
 column 2 is related to the displacement
        of the generic atom along y,    
 column 3 is related to the displacement
        of the generic atom along z,    

 generic atom number   1
 with cartesian coordinates  0.00000000E+00  0.00000000E+00  0.00000000E+00

 Third atom defining local coordinates : 
     ib =    2   irpt =  147

   1 interaction with atom     1 cell     249
 with coordinates     0.000000E+00    0.000000E+00    0.000000E+00
 and distance     0.000000E+00
   0.28938  0.00000  0.00000
   0.00000  0.28938  0.00000
   0.00000  0.00000  0.28938
  Trace           0.86813
 Transformation to local coordinates 
 First  local vector :        0.000000        0.707107       -0.707107
 Second local vector :       -1.000000        0.000000        0.000000
 Third  local vector :        0.000000        0.707107        0.707107
   0.28938  0.00000  0.00000
   0.00000  0.28938  0.00000
   0.00000  0.00000  0.28938

   2 interaction with atom     2 cell     132
 with coordinates    -2.650000E+00   -2.650000E+00    2.650000E+00
 and distance     4.589935E+00
  -0.07329 -0.06754  0.06754
  -0.06754 -0.07329  0.06754
   0.06754  0.06754 -0.07329
  Trace          -0.21986
 Transformation to local coordinates 
 First  local vector :       -0.577350       -0.577350        0.577350
 Second local vector :        0.816497       -0.408248        0.408248
 Third  local vector :        0.000000        0.707107        0.707107
  -0.20837  0.00000  0.00000
   0.00000 -0.00575  0.00000
   0.00000  0.00000 -0.00575

   3 interaction with atom     2 cell     147
 with coordinates    -2.650000E+00    2.650000E+00   -2.650000E+00
 and distance     4.589935E+00
  -0.07329  0.06754 -0.06754
   0.06754 -0.07329  0.06754
  -0.06754  0.06754 -0.07329
  Trace          -0.21986
 Transformation to local coordinates 
 First  local vector :       -0.577350        0.577350       -0.577350
 Second local vector :        0.816497        0.408248       -0.408248
 Third  local vector :       -0.000000       -0.707107       -0.707107
  -0.20837  0.00000  0.00000
   0.00000 -0.00575  0.00000
   0.00000  0.00000 -0.00575

   4 interaction with atom     2 cell     226
 with coordinates     2.650000E+00   -2.650000E+00   -2.650000E+00
 and distance     4.589935E+00
  -0.07329  0.06754  0.06754
   0.06754 -0.07329 -0.06754
   0.06754 -0.06754 -0.07329
  Trace          -0.21986
 Transformation to local coordinates 
 First  local vector :        0.577350       -0.577350       -0.577350
 Second local vector :        0.816497        0.408248        0.408248
 Third  local vector :        0.000000       -0.707107        0.707107
  -0.20837  0.00000  0.00000
   0.00000 -0.00575  0.00000
   0.00000  0.00000 -0.00575

   5 interaction with atom     2 cell     249
 with coordinates     2.650000E+00    2.650000E+00    2.650000E+00
 and distance     4.589935E+00
  -0.07329 -0.06754 -0.06754
  -0.06754 -0.07329 -0.06754
  -0.06754 -0.06754 -0.07329
  Trace          -0.21986
 Transformation to local coordinates 
 First  local vector :        0.577350        0.577350        0.577350
 Second local vector :        0.816497       -0.408248       -0.408248
 Third  local vector :        0.000000        0.707107       -0.707107
  -0.20837  0.00000  0.00000
   0.00000 -0.00575  0.00000
   0.00000  0.00000 -0.00575

   6 interaction with atom     1 cell     132
 with coordinates    -5.300000E+00   -5.300000E+00    0.000000E+00
 and distance     7.495332E+00
  -0.00250 -0.00202 -0.00176
  -0.00202 -0.00250 -0.00176
   0.00176  0.00176  0.00517
  Trace           0.00017
 Transformation to local coordinates 
 First  local vector :       -0.707107       -0.707107        0.000000
 Second local vector :       -0.000000        0.000000        1.000000
 Third  local vector :       -0.707107        0.707107       -0.000000
  -0.00451  0.00248  0.00000
  -0.00248  0.00517  0.00000
   0.00000  0.00000 -0.00048

   7 interaction with atom     1 cell     147
 with coordinates    -5.300000E+00    0.000000E+00   -5.300000E+00
 and distance     7.495332E+00
  -0.00250 -0.00176 -0.00202
   0.00176  0.00517  0.00176
  -0.00202 -0.00176 -0.00250
  Trace           0.00017
 Transformation to local coordinates 
 First  local vector :       -0.707107        0.000000       -0.707107
 Second local vector :        0.000000        1.000000       -0.000000
 Third  local vector :        0.707107       -0.000000       -0.707107
  -0.00451  0.00248  0.00000
  -0.00248  0.00517  0.00000
   0.00000  0.00000 -0.00048

   8 interaction with atom     1 cell     151
 with coordinates    -5.300000E+00    0.000000E+00    5.300000E+00
 and distance     7.495332E+00
  -0.00250  0.00176  0.00202
  -0.00176  0.00517  0.00176
   0.00202 -0.00176 -0.00250
  Trace           0.00017
 Transformation to local coordinates 
 First  local vector :       -0.707107        0.000000        0.707107
 Second local vector :       -0.000000       -1.000000       -0.000000
 Third  local vector :        0.707107       -0.000000        0.707107
  -0.00451  0.00248  0.00000
  -0.00248  0.00517  0.00000
   0.00000  0.00000 -0.00048

   9 interaction with atom     1 cell     152
 with coordinates    -5.300000E+00    5.300000E+00    0.000000E+00
 and distance     7.495332E+00
  -0.00250  0.00202  0.00176
   0.00202 -0.00250 -0.00176
  -0.00176  0.00176  0.00517
  Trace           0.00017
 Transformation to local coordinates 
 First  local vector :       -0.707107        0.707107        0.000000
 Second local vector :        0.000000        0.000000       -1.000000
 Third  local vector :       -0.707107       -0.707107       -0.000000
  -0.00451  0.00248  0.00000
  -0.00248  0.00517  0.00000
   0.00000  0.00000 -0.00048

  10 interaction with atom     1 cell     226
 with coordinates     0.000000E+00   -5.300000E+00   -5.300000E+00
 and distance     7.495332E+00
   0.00517  0.00176  0.00176
  -0.00176 -0.00250 -0.00202
  -0.00176 -0.00202 -0.00250
  Trace           0.00017
 Transformation to local coordinates 
 First  local vector :        0.000000       -0.707107       -0.707107
 Second local vector :        1.000000       -0.000000        0.000000
 Third  local vector :       -0.000000       -0.707107        0.707107
  -0.00451  0.00248  0.00000
  -0.00248  0.00517  0.00000
   0.00000  0.00000 -0.00048

  11 interaction with atom     1 cell     230
 with coordinates     0.000000E+00   -5.300000E+00    5.300000E+00
 and distance     7.495332E+00
   0.00517 -0.00176  0.00176
   0.00176 -0.00250  0.00202
  -0.00176  0.00202 -0.00250
  Trace           0.00017
 Transformation to local coordinates 
 First  local vector :        0.000000       -0.707107        0.707107
 Second local vector :       -1.000000        0.000000        0.000000
 Third  local vector :       -0.000000       -0.707107       -0.707107
  -0.00451  0.00248  0.00000
  -0.00248  0.00517  0.00000
   0.00000  0.00000 -0.00048

  12 interaction with atom     1 cell     232
 with coordinates     5.300000E+00   -5.300000E+00    0.000000E+00
 and distance     7.495332E+00
  -0.00250  0.00202 -0.00176
   0.00202 -0.00250  0.00176
   0.00176 -0.00176  0.00517
  Trace           0.00017
 Transformation to local coordinates 
 First  local vector :        0.707107       -0.707107        0.000000
 Second local vector :        0.000000        0.000000       -1.000000
 Third  local vector :        0.707107        0.707107        0.000000
  -0.00451  0.00248  0.00000
  -0.00248  0.00517  0.00000
   0.00000  0.00000 -0.00048

  13 interaction with atom     1 cell     246
 with coordinates     0.000000E+00    5.300000E+00   -5.300000E+00
 and distance     7.495332E+00
   0.00517  0.00176 -0.00176
  -0.00176 -0.00250  0.00202
   0.00176  0.00202 -0.00250
  Trace           0.00017
 Transformation to local coordinates 
 First  local vector :        0.000000        0.707107       -0.707107
 Second local vector :       -1.000000       -0.000000       -0.000000
 Third  local vector :       -0.000000        0.707107        0.707107
  -0.00451  0.00248  0.00000
  -0.00248  0.00517  0.00000
   0.00000  0.00000 -0.00048

  14 interaction with atom     1 cell     247
 with coordinates     5.300000E+00    0.000000E+00   -5.300000E+00
 and distance     7.495332E+00
  -0.00250 -0.00176  0.00202
   0.00176  0.00517 -0.00176
   0.00202  0.00176 -0.00250
  Trace           0.00017
 Transformation to local coordinates 
 First  local vector :        0.707107        0.000000       -0.707107
 Second local vector :        0.000000       -1.000000        0.000000
 Third  local vector :       -0.707107       -0.000000       -0.707107
  -0.00451  0.00248  0.00000
  -0.00248  0.00517  0.00000
   0.00000  0.00000 -0.00048

  15 interaction with atom     1 cell     250
 with coordinates     0.000000E+00    5.300000E+00    5.300000E+00
 and distance     7.495332E+00
   0.00517 -0.00176 -0.00176
   0.00176 -0.00250 -0.00202
   0.00176 -0.00202 -0.00250
  Trace           0.00017
 Transformation to local coordinates 
 First  local vector :        0.000000        0.707107        0.707107
 Second local vector :        1.000000        0.000000       -0.000000
 Third  local vector :       -0.000000        0.707107       -0.707107
  -0.00451  0.00248  0.00000
  -0.00248  0.00517  0.00000
   0.00000  0.00000 -0.00048

  16 interaction with atom     1 cell     251
 with coordinates     5.300000E+00    0.000000E+00    5.300000E+00
 and distance     7.495332E+00
  -0.00250  0.00176 -0.00202
  -0.00176  0.00517 -0.00176
  -0.00202  0.00176 -0.00250
  Trace           0.00017
 Transformation to local coordinates 
 First  local vector :        0.707107        0.000000        0.707107
 Second local vector :       -0.000000        1.000000        0.000000
 Third  local vector :       -0.707107       -0.000000        0.707107
  -0.00451  0.00248  0.00000
  -0.00248  0.00517  0.00000
   0.00000  0.00000 -0.00048

  17 interaction with atom     1 cell     252
 with coordinates     5.300000E+00    5.300000E+00    0.000000E+00
 and distance     7.495332E+00
  -0.00250 -0.00202  0.00176
  -0.00202 -0.00250  0.00176
  -0.00176 -0.00176  0.00517
  Trace           0.00017
 Transformation to local coordinates 
 First  local vector :        0.707107        0.707107        0.000000
 Second local vector :        0.000000       -0.000000        1.000000
 Third  local vector :        0.707107       -0.707107       -0.000000
  -0.00451  0.00248  0.00000
  -0.00248  0.00517  0.00000
   0.00000  0.00000 -0.00048

  18 interaction with atom     2 cell     126
 with coordinates    -7.950000E+00   -2.650000E+00   -2.650000E+00
 and distance     8.789056E+00
   0.00094  0.00050  0.00050
   0.00089 -0.00000  0.00016
   0.00089  0.00016 -0.00000
  Trace           0.00094
 Transformation to local coordinates 
 First  local vector :       -0.904534       -0.301511       -0.301511
 Second local vector :        0.426401       -0.639602       -0.639602
 Third  local vector :       -0.000000       -0.707107        0.707107
   0.00156  0.00004  0.00000
   0.00060 -0.00046  0.00000
   0.00000  0.00000 -0.00016

  19 interaction with atom     2 cell     127
 with coordinates    -2.650000E+00   -7.950000E+00   -2.650000E+00
 and distance     8.789056E+00
  -0.00000  0.00089  0.00016
   0.00050  0.00094  0.00050
   0.00016  0.00089 -0.00000
  Trace           0.00094
 Transformation to local coordinates 
 First  local vector :       -0.301511       -0.904534       -0.301511
 Second local vector :       -0.639602        0.426401       -0.639602
 Third  local vector :        0.707107        0.000000       -0.707107
   0.00156  0.00004  0.00000
   0.00060 -0.00046  0.00000
   0.00000  0.00000 -0.00016

  20 interaction with atom     2 cell     128
 with coordinates    -2.650000E+00   -2.650000E+00   -7.950000E+00
 and distance     8.789056E+00
  -0.00000  0.00016  0.00089
   0.00016 -0.00000  0.00089
   0.00050  0.00050  0.00094
  Trace           0.00094
 Transformation to local coordinates 
 First  local vector :       -0.301511       -0.301511       -0.904534
 Second local vector :       -0.639602       -0.639602        0.426401
 Third  local vector :       -0.707107        0.707107       -0.000000
   0.00156  0.00004  0.00000
   0.00060 -0.00046  0.00000
   0.00000  0.00000 -0.00016

================================================================================

 Treat the first list of vectors 

-begin at tcpu      0.026  and twall      0.026 sec
 
  Phonon wavevector (reduced coordinates) :  0.00000  0.00000  0.00000
 Phonon energies in Hartree :
   0.000000E+00  0.000000E+00  0.000000E+00  2.099069E-03  2.099069E-03
   2.099069E-03
 Phonon frequencies in cm-1    :
-  0.000000E+00  0.000000E+00  0.000000E+00  4.606923E+02  4.606923E+02
-  4.606923E+02

 Analysis of degeneracies and characters (maximum tolerance=1.00E-06 a.u.)
 Symmetry characters of vibration mode #   1
       degenerate with vibration modes #   2 to    3
  3.0 -1.0 -1.0 -1.0 -0.0  0.0 -0.0  0.0 -0.0  0.0  0.0 -0.0  1.0  1.0 -1.0 -1.0
 -1.0  1.0 -1.0  1.0 -1.0  1.0  1.0 -1.0
 Symmetry characters of vibration mode #   4
       degenerate with vibration modes #   5 to    6
  3.0 -1.0 -1.0 -1.0 -0.0 -0.0 -0.0  0.0 -0.0  0.0  0.0 -0.0  1.0  1.0 -1.0 -1.0
 -1.0  1.0 -1.0  1.0 -1.0  1.0  1.0 -1.0
 
  Phonon wavevector (reduced coordinates) :  0.10000  0.00000  0.00000
 Phonon energies in Hartree :
   1.847098E-05  1.847098E-05  2.689911E-04  2.084160E-03  2.091069E-03
   2.091069E-03
 Phonon frequencies in cm-1    :
-  4.053912E+00  4.053912E+00  5.903672E+01  4.574203E+02  4.589365E+02
-  4.589365E+02
 Found acoustic mode      1 for |q| in red coord < 0.25 ; q =       0.1000      0.0000      0.0000
 Speed of sound for this q and mode:
   in atomic units:     0.1799100410E-03
   in SI units m/s:            393.58762
 Partial Debye temperature for this q and mode:
   in atomic units:     0.1050154505E-03
   in SI units K  :             33.16122

 Found acoustic mode      2 for |q| in red coord < 0.25 ; q =       0.1000      0.0000      0.0000
 Speed of sound for this q and mode:
   in atomic units:     0.1799100422E-03
   in SI units m/s:            393.58763
 Partial Debye temperature for this q and mode:
   in atomic units:     0.1050154512E-03
   in SI units K  :             33.16122

 Found acoustic mode      3 for |q| in red coord < 0.25 ; q =       0.1000      0.0000      0.0000
 Speed of sound for this q and mode:
   in atomic units:     0.2620011883E-02
   in SI units m/s:           5731.77708
 Partial Debye temperature for this q and mode:
   in atomic units:     0.1529329472E-02
   in SI units K  :            482.92348

 
  Phonon wavevector (reduced coordinates) :  0.20000  0.00000  0.00000
 Phonon energies in Hartree :
  -4.666254E-05 -4.666254E-05  5.308599E-04  2.031920E-03  2.074629E-03
   2.074629E-03
 Phonon frequencies in cm-1    :
- -1.024124E+01 -1.024124E+01  1.165103E+02  4.459549E+02  4.553285E+02
-  4.553285E+02
 Found acoustic mode      1 for |q| in red coord < 0.25 ; q =       0.2000      0.0000      0.0000
 Speed of sound for this q and mode:
   in atomic units:    -0.2272499482E-03
   in SI units m/s:           -497.15272
 Partial Debye temperature for this q and mode:
   in atomic units:    -0.1326482699E-03
   in SI units K  :            -41.88696

 Found acoustic mode      2 for |q| in red coord < 0.25 ; q =       0.2000      0.0000      0.0000
 Speed of sound for this q and mode:
   in atomic units:    -0.2272499479E-03
   in SI units m/s:           -497.15272
 Partial Debye temperature for this q and mode:
   in atomic units:    -0.1326482698E-03
   in SI units K  :            -41.88696

 Found acoustic mode      3 for |q| in red coord < 0.25 ; q =       0.2000      0.0000      0.0000
 Speed of sound for this q and mode:
   in atomic units:     0.2585325655E-02
   in SI units m/s:           5655.89433
 Partial Debye temperature for this q and mode:
   in atomic units:     0.1509082744E-02
   in SI units K  :            476.53008

 
  Phonon wavevector (reduced coordinates) :  0.30000  0.00000  0.00000
 Phonon energies in Hartree :
  -1.126574E-04 -1.126574E-04  7.746286E-04  1.933940E-03  2.063630E-03
   2.063630E-03
 Phonon frequencies in cm-1    :
- -2.472545E+01 -2.472545E+01  1.700113E+02  4.244507E+02  4.529144E+02
-  4.529144E+02
 
  Phonon wavevector (reduced coordinates) :  0.40000  0.00000  0.00000
 Phonon energies in Hartree :
  -1.657648E-04 -1.657648E-04  9.758498E-04  1.810979E-03  2.062448E-03
   2.062448E-03
 Phonon frequencies in cm-1    :
- -3.638117E+01 -3.638117E+01  2.141743E+02  3.974640E+02  4.526551E+02
-  4.526551E+02
 
  Phonon wavevector (reduced coordinates) :  0.50000  0.00000  0.00000
 Phonon energies in Hartree :
  -1.860244E-04 -1.860244E-04  1.065830E-03  1.744268E-03  2.063824E-03
   2.063824E-03
 Phonon frequencies in cm-1    :
- -4.082763E+01 -4.082763E+01  2.339227E+02  3.828225E+02  4.529570E+02
-  4.529570E+02
 
  Phonon wavevector (reduced coordinates) :  0.50000  0.10000  0.00000
 Phonon energies in Hartree :
  -1.723466E-04  1.104504E-04  1.058610E-03  1.730694E-03  2.058484E-03
   2.067218E-03
 Phonon frequencies in cm-1    :
- -3.782571E+01  2.424107E+01  2.323381E+02  3.798435E+02  4.517850E+02
-  4.537020E+02
 
  Phonon wavevector (reduced coordinates) :  0.50000  0.20000  0.00000
 Phonon energies in Hartree :
  -1.625827E-04  2.798562E-04  1.069985E-03  1.702248E-03  2.046152E-03
   2.068543E-03
 Phonon frequencies in cm-1    :
- -3.568279E+01  6.142134E+01  2.348346E+02  3.736003E+02  4.490785E+02
-  4.539928E+02
 
  Phonon wavevector (reduced coordinates) :  0.50000  0.30000  0.00000
 Phonon energies in Hartree :
  -2.055252E-04  2.097256E-04  1.154183E-03  1.672118E-03  2.034433E-03
   2.056802E-03
 Phonon frequencies in cm-1    :
- -4.510757E+01  4.602945E+01  2.533138E+02  3.669874E+02  4.465064E+02
-  4.514159E+02
 
  Phonon wavevector (reduced coordinates) :  0.50000  0.40000  0.00000
 Phonon energies in Hartree :
  -2.674121E-04 -2.127867E-04  1.275906E-03  1.636693E-03  2.027950E-03
   2.036548E-03
 Phonon frequencies in cm-1    :
- -5.869017E+01 -4.670127E+01  2.800289E+02  3.592125E+02  4.450837E+02
-  4.469707E+02
 
  Phonon wavevector (reduced coordinates) :  0.50000  0.50000  0.00000
 Phonon energies in Hartree :
  -2.942736E-04 -2.942736E-04  1.340423E-03  1.611453E-03  2.026193E-03
   2.026193E-03
 Phonon frequencies in cm-1    :
- -6.458560E+01 -6.458560E+01  2.941888E+02  3.536730E+02  4.446979E+02
-  4.446979E+02
 
  Phonon wavevector (reduced coordinates) :  0.50000  0.50000  0.10000
 Phonon energies in Hartree :
  -2.674121E-04 -2.127867E-04  1.275906E-03  1.636693E-03  2.027950E-03
   2.036548E-03
 Phonon frequencies in cm-1    :
- -5.869017E+01 -4.670127E+01  2.800289E+02  3.592125E+02  4.450837E+02
-  4.469707E+02
 
  Phonon wavevector (reduced coordinates) :  0.50000  0.50000  0.20000
 Phonon energies in Hartree :
  -2.055252E-04  2.097256E-04  1.154183E-03  1.672118E-03  2.034433E-03
   2.056802E-03
 Phonon frequencies in cm-1    :
- -4.510757E+01  4.602945E+01  2.533138E+02  3.669874E+02  4.465064E+02
-  4.514159E+02
 
  Phonon wavevector (reduced coordinates) :  0.50000  0.50000  0.30000
 Phonon energies in Hartree :
  -1.625827E-04  2.798562E-04  1.069985E-03  1.702248E-03  2.046152E-03
   2.068543E-03
 Phonon frequencies in cm-1    :
- -3.568279E+01  6.142134E+01  2.348346E+02  3.736003E+02  4.490785E+02
-  4.539928E+02
 
  Phonon wavevector (reduced coordinates) :  0.50000  0.50000  0.40000
 Phonon energies in Hartree :
  -1.723466E-04  1.104504E-04  1.058610E-03  1.730694E-03  2.058484E-03
   2.067218E-03
 Phonon frequencies in cm-1    :
- -3.782571E+01  2.424107E+01  2.323381E+02  3.798435E+02  4.517850E+02
-  4.537020E+02
 
  Phonon wavevector (reduced coordinates) :  0.50000  0.50000  0.50000
 Phonon energies in Hartree :
  -1.860244E-04 -1.860244E-04  1.065830E-03  1.744268E-03  2.063824E-03
   2.063824E-03
 Phonon frequencies in cm-1    :
- -4.082763E+01 -4.082763E+01  2.339227E+02  3.828225E+02  4.529570E+02
-  4.529570E+02
 
  Phonon wavevector (reduced coordinates) :  0.40000  0.40000  0.40000
 Phonon energies in Hartree :
  -1.657648E-04 -1.657648E-04  9.758498E-04  1.810979E-03  2.062448E-03
   2.062448E-03
 Phonon frequencies in cm-1    :
- -3.638117E+01 -3.638117E+01  2.141743E+02  3.974640E+02  4.526551E+02
-  4.526551E+02
 
  Phonon wavevector (reduced coordinates) :  0.30000  0.30000  0.30000
 Phonon energies in Hartree :
  -1.126574E-04 -1.126574E-04  7.746286E-04  1.933940E-03  2.063630E-03
   2.063630E-03
 Phonon frequencies in cm-1    :
- -2.472545E+01 -2.472545E+01  1.700113E+02  4.244507E+02  4.529144E+02
-  4.529144E+02
 
  Phonon wavevector (reduced coordinates) :  0.20000  0.20000  0.20000
 Phonon energies in Hartree :
  -4.666254E-05 -4.666254E-05  5.308599E-04  2.031920E-03  2.074629E-03
   2.074629E-03
 Phonon frequencies in cm-1    :
- -1.024124E+01 -1.024124E+01  1.165103E+02  4.459549E+02  4.553285E+02
-  4.553285E+02
 
  Phonon wavevector (reduced coordinates) :  0.10000  0.10000  0.10000
 Phonon energies in Hartree :
   1.847098E-05  1.847098E-05  2.689911E-04  2.084160E-03  2.091069E-03
   2.091069E-03
 Phonon frequencies in cm-1    :
-  4.053912E+00  4.053912E+00  5.903672E+01  4.574203E+02  4.589365E+02
-  4.589365E+02
 Found acoustic mode      1 for |q| in red coord < 0.25 ; q =       0.1000      0.1000      0.1000
 Speed of sound for this q and mode:
   in atomic units:     0.1799100410E-03
   in SI units m/s:            393.58762
 Partial Debye temperature for this q and mode:
   in atomic units:     0.1050154505E-03
   in SI units K  :             33.16122

 Found acoustic mode      2 for |q| in red coord < 0.25 ; q =       0.1000      0.1000      0.1000
 Speed of sound for this q and mode:
   in atomic units:     0.1799100422E-03
   in SI units m/s:            393.58763
 Partial Debye temperature for this q and mode:
   in atomic units:     0.1050154512E-03
   in SI units K  :             33.16122

 Found acoustic mode      3 for |q| in red coord < 0.25 ; q =       0.1000      0.1000      0.1000
 Speed of sound for this q and mode:
   in atomic units:     0.2620011883E-02
   in SI units m/s:           5731.77708
 Partial Debye temperature for this q and mode:
   in atomic units:     0.1529329472E-02
   in SI units K  :            482.92348

-
- Proc.   0 individual time (sec): cpu=          0.0  wall=          0.0

================================================================================

+Total cpu time      0.029  and wall time      0.028 sec

 anaddb : the run completed succesfully.
