
.Version 7.9.3 of ABINIT 
.(MPI version, prepared for a x86_64_linux_gnu4.7 computer) 

.Copyright (C) 1998-2014 ABINIT group . 
 ABINIT comes with ABSOLUTELY NO WARRANTY.
 It is free software, and you are welcome to redistribute it
 under certain conditions (GNU General Public License,
 see ~abinit/COPYING or http://www.gnu.org/copyleft/gpl.txt).

 ABINIT is a project of the Universite Catholique de Louvain,
 Corning Inc. and other collaborators, see ~abinit/doc/developers/contributors.txt .
 Please read ~abinit/doc/users/acknowledgments.html for suggested
 acknowledgments of the ABINIT effort.
 For more information, see http://www.abinit.org .

.Starting date : Sat 30 Aug 2014.
- ( at 22h31 )
  
- input  file    -> t56.in
- output file    -> t56.out
- root for input  files -> t56i
- root for output files -> t56o


 Symmetries : space group Pm -3 m (#221); Bravais cP (primitive cubic)
================================================================================
 Values of the parameters that define the memory need of the present run
   intxc =         0  ionmov =         0    iscf =         5 xclevel =         1
  lmnmax =         3   lnmax =         3   mband =         6  mffmem =         1
P  mgfft =        48   mkmem =         1 mpssoang=         3     mpw =      2872
  mqgrid =      3001   natom =         1    nfft =    110592    nkpt =         1
  nloalg =         4  nspden =         1 nspinor =         1  nsppol =         1
    nsym =        48  n1xccc =      2501  ntypat =         1  occopt =         7
================================================================================
P This job should need less than                      28.001 Mbytes of memory.
  Rough estimation (10% accuracy) of disk space for files :
_ WF disk file :      0.265 Mbytes ; DEN or POT disk file :      0.846 Mbytes.
================================================================================

--------------------------------------------------------------------------------
------------- Echo of variables that govern the present computation ------------
--------------------------------------------------------------------------------
-
- outvars: echo of selected default values                                      
-   accesswff0 =  0 , fftalg0 =112 , wfoptalg0 =  0
-
- outvars: echo of global parameters not present in the input file              
-  max_nthreads =    0
-
 -outvars: echo values of preprocessed input variables --------
            acell      9.0010000000E+00  9.0010000000E+00  9.0010000000E+00 Bohr
              amu      5.19961000E+01
           diemac      2.00000000E+00
           diemix      1.00000000E-01
             ecut      3.00000000E+01 Hartree
-          fftalg         112
             iscf           5
           istwfk        2
           kptopt           0
P           mkmem           1
            natom           1
            nband           6
            ngfft          48      48      48
             nkpt           1
            nstep          20
             nsym          48
           ntypat           1
              occ      2.000000  2.000000  2.000000  0.000000  0.000000  0.000000
           occopt           7
          spgroup         221
           symrel      1  0  0   0  1  0   0  0  1      -1  0  0   0 -1  0   0  0 -1
                      -1  0  0   0  1  0   0  0 -1       1  0  0   0 -1  0   0  0  1
                      -1  0  0   0 -1  0   0  0  1       1  0  0   0  1  0   0  0 -1
                       1  0  0   0 -1  0   0  0 -1      -1  0  0   0  1  0   0  0  1
                       0  1  0   1  0  0   0  0  1       0 -1  0  -1  0  0   0  0 -1
                       0 -1  0   1  0  0   0  0 -1       0  1  0  -1  0  0   0  0  1
                       0 -1  0  -1  0  0   0  0  1       0  1  0   1  0  0   0  0 -1
                       0  1  0  -1  0  0   0  0 -1       0 -1  0   1  0  0   0  0  1
                       0  0  1   1  0  0   0  1  0       0  0 -1  -1  0  0   0 -1  0
                       0  0 -1   1  0  0   0 -1  0       0  0  1  -1  0  0   0  1  0
                       0  0 -1  -1  0  0   0  1  0       0  0  1   1  0  0   0 -1  0
                       0  0  1  -1  0  0   0 -1  0       0  0 -1   1  0  0   0  1  0
                       1  0  0   0  0  1   0  1  0      -1  0  0   0  0 -1   0 -1  0
                      -1  0  0   0  0  1   0 -1  0       1  0  0   0  0 -1   0  1  0
                      -1  0  0   0  0 -1   0  1  0       1  0  0   0  0  1   0 -1  0
                       1  0  0   0  0 -1   0 -1  0      -1  0  0   0  0  1   0  1  0
                       0  1  0   0  0  1   1  0  0       0 -1  0   0  0 -1  -1  0  0
                       0 -1  0   0  0  1  -1  0  0       0  1  0   0  0 -1   1  0  0
                       0 -1  0   0  0 -1   1  0  0       0  1  0   0  0  1  -1  0  0
                       0  1  0   0  0 -1  -1  0  0       0 -1  0   0  0  1   1  0  0
                       0  0  1   0  1  0   1  0  0       0  0 -1   0 -1  0  -1  0  0
                       0  0 -1   0  1  0  -1  0  0       0  0  1   0 -1  0   1  0  0
                       0  0 -1   0 -1  0   1  0  0       0  0  1   0  1  0  -1  0  0
                       0  0  1   0 -1  0  -1  0  0       0  0 -1   0  1  0   1  0  0
           tolvrs      1.00000000E-05
            typat      1
            znucl       24.00000

================================================================================

 chkinp: Checking input parameters for consistency.

================================================================================
== DATASET  1 ==================================================================
-   nproc =    1

 Exchange-correlation functional for the present dataset will be:
  LDA: new Teter (4/93) with spin-polarized option - ixc=1
 Citation for XC functional:
  S. Goedecker, M. Teter, J. Huetter, PRB 54, 1703 (1996)

 Real(R)+Recip(G) space primitive vectors, cartesian coordinates (Bohr,Bohr^-1):
 R(1)=  9.0010000  0.0000000  0.0000000  G(1)=  0.1110988  0.0000000  0.0000000
 R(2)=  0.0000000  9.0010000  0.0000000  G(2)=  0.0000000  0.1110988  0.0000000
 R(3)=  0.0000000  0.0000000  9.0010000  G(3)=  0.0000000  0.0000000  0.1110988
 Unit cell volume ucvol=  7.2924303E+02 bohr^3
 Angles (23,13,12)=  9.00000000E+01  9.00000000E+01  9.00000000E+01 degrees

 getcut: wavevector=  0.0000  0.0000  0.0000  ngfft=  48  48  48
         ecut(hartree)=     30.000   => boxcut(ratio)=   2.16284

--- Pseudopotential description ------------------------------------------------
- pspini: atom type   1  psp file is /home/gonze/ABINIT/ABINITv7.9.3/trunk/7.9.3-private/tests/Psps_for_tests/24cr.000107.fhi
- pspatm: opening atomic psp file    /home/gonze/ABINIT/ABINITv7.9.3/trunk/7.9.3-private/tests/Psps_for_tests/24cr.000107.fhi
- Cromium fhi98PP : TM-type, LDA CA PerdewWang, l=0 local (by Alessio Filipetti)
- 24.00000   6.00000       107                znucl, zion, pspdat
    6    1    2    0       517   0.00000      pspcod,pspxc,lmax,lloc,mmax,r2well
    5.00000000000000    1.00000000000000    0.00000000000000   rchrg,fchrg,qchrg
  1.024700          amesh (Hamman grid)
 pspatm: epsatm=   62.59871360
         --- l  ekb(1:nproj) -->
             1    3.154537
             2  -10.409887
 pspatm: atomic psp has been read  and splines computed

   3.75592282E+02                                ecore*ucvol(ha*bohr**3)
--------------------------------------------------------------------------------

P newkpt: treating      6 bands with npw=    2872 for ikpt=   1 by node    0

_setup2: Arith. and geom. avg. npw (full set) are    5743.000    5743.000

================================================================================

     iter   Etot(hartree)      deltaE(h)  residm     vres2
 ETOT  1  -16.036954257156    -1.604E+01 2.898E-01 7.733E+02
 ETOT  2  -15.377912434252     6.590E-01 2.358E-01 4.897E+03
 ETOT  3  -15.611440357540    -2.335E-01 1.352E-01 4.104E+03
 ETOT  4  -16.443246275044    -8.318E-01 2.619E-02 1.244E+03
 ETOT  5  -16.701633404747    -2.584E-01 2.055E-03 1.060E+02
 ETOT  6  -16.676341117229     2.529E-02 7.319E-04 1.576E+02
 ETOT  7  -16.725599636909    -4.926E-02 1.794E-04 1.507E+01
 ETOT  8  -16.727561313684    -1.962E-03 3.364E-06 6.087E+00
 ETOT  9  -16.727743159983    -1.818E-04 4.717E-07 4.228E+00
 ETOT 10  -16.728060043350    -3.169E-04 8.586E-07 2.375E-01
 ETOT 11  -16.728062161695    -2.118E-06 4.684E-08 1.555E-01
 ETOT 12  -16.728063457476    -1.296E-06 3.552E-08 6.913E-03
 ETOT 13  -16.728064548221    -1.091E-06 4.346E-09 3.064E-02
 ETOT 14  -16.728065470851    -9.226E-07 4.667E-09 1.880E-02
 ETOT 15  -16.728065960272    -4.894E-07 6.194E-09 1.101E-03
 ETOT 16  -16.728066005253    -4.498E-08 1.178E-10 7.555E-04
 ETOT 17  -16.728066041542    -3.629E-08 4.886E-11 4.731E-04
 ETOT 18  -16.728066043051    -1.509E-09 1.125E-11 4.212E-04
 ETOT 19  -16.728066047681    -4.630E-09 7.707E-12 2.457E-04
 ETOT 20  -16.728066052586    -4.905E-09 3.226E-11 6.343E-06

 At SCF step   20       vres2   =  6.34E-06 < tolvrs=  1.00E-05 =>converged.

 Cartesian components of stress tensor (hartree/bohr^3)
  sigma(1 1)=  1.66286897E-03  sigma(3 2)=  0.00000000E+00
  sigma(2 2)=  1.66286897E-03  sigma(3 1)=  0.00000000E+00
  sigma(3 3)=  1.66286897E-03  sigma(2 1)=  0.00000000E+00

================================================================================

 ----iterations are completed or convergence reached----

 Mean square residual over all n,k,spin=   2.2359E-11; max=  3.2260E-11
   0.0000  0.0000  0.0000    1  3.22596E-11 kpt; spin; max resid(k); each band:
  9.78E-12 1.36E-11 1.55E-11 3.14E-11 3.23E-11 3.16E-11
 reduced coordinates (array xred) for    1 atoms
       0.000000000000      0.000000000000      0.000000000000
 rms dE/dt=  0.0000E+00; max dE/dt=  0.0000E+00; dE/dt below (all hartree)
    1       0.000000000000      0.000000000000      0.000000000000

 cartesian coordinates (angstrom) at end:
    1      0.00000000000000     0.00000000000000     0.00000000000000

 cartesian forces (hartree/bohr) at end:
    1     -0.00000000000000    -0.00000000000000    -0.00000000000000
 frms,max,avg= 0.0000000E+00 0.0000000E+00   0.000E+00  0.000E+00  0.000E+00 h/b

 cartesian forces (eV/Angstrom) at end:
    1     -0.00000000000000    -0.00000000000000    -0.00000000000000
 frms,max,avg= 0.0000000E+00 0.0000000E+00   0.000E+00  0.000E+00  0.000E+00 e/A
 length scales=  9.001000000000  9.001000000000  9.001000000000 bohr
              =  4.763124054519  4.763124054519  4.763124054519 angstroms
 prteigrs : about to open file t56o_EIG
 Fermi (or HOMO) energy (hartree) =  -0.20337   Average Vxc (hartree)=  -0.18868
 Eigenvalues (hartree) for nkpt=   1  k points:
 kpt#   1, nband=  6, wtk=  1.00000, kpt=  0.0000  0.0000  0.0000 (reduced coord)
  -0.23285  -0.20085  -0.20085  -0.19668  -0.19668  -0.19668
      occupation numbers for kpt#   1
   1.70274   0.92895   0.92895   0.81312   0.81312   0.81312
 Total charge density [el/Bohr^3]
,     Maximum=    5.3178E-01  at reduced coord.    0.0000    0.9375    0.9583
,Next maximum=    5.3178E-01  at reduced coord.    0.0000    0.0625    0.9583
,     Minimum=    3.6305E-04  at reduced coord.    0.5000    0.5000    0.5000
,Next minimum=    3.6448E-04  at reduced coord.    0.5000    0.5000    0.4792
,  Integrated=    6.0000E+00

--------------------------------------------------------------------------------
 Components of total free energy (in Hartree) :

    Kinetic energy  =  1.78476111041145E+01
    Hartree energy  =  3.78134170571875E+00
    XC energy       = -1.03793360039702E+01
    Ewald energy    = -5.67396451845919E+00
    PspCore energy  =  5.15044049345106E-01
    Loc. psp. energy= -2.83397229046677E+00
    NL   psp  energy= -1.98608881927503E+01
    >>>>> Internal E= -1.66041641464681E+01

    -kT*entropy     = -1.23901906118082E-01
    >>>>>>>>> Etotal= -1.67280660525862E+01

 Other information on the energy :
    Total energy(eV)= -4.55193826592357E+02 ; Band energy (Ha)=  -1.2494067784E+00
--------------------------------------------------------------------------------

 Cartesian components of stress tensor (hartree/bohr^3)
  sigma(1 1)=  1.66286897E-03  sigma(3 2)=  0.00000000E+00
  sigma(2 2)=  1.66286897E-03  sigma(3 1)=  0.00000000E+00
  sigma(3 3)=  1.66286897E-03  sigma(2 1)=  0.00000000E+00

-Cartesian components of stress tensor (GPa)         [Pressure= -4.8923E+01 GPa]
- sigma(1 1)=  4.89232858E+01  sigma(3 2)=  0.00000000E+00
- sigma(2 2)=  4.89232858E+01  sigma(3 1)=  0.00000000E+00
- sigma(3 3)=  4.89232858E+01  sigma(2 1)=  0.00000000E+00

== END DATASET(S) ==============================================================
================================================================================
  
 -outvars: echo values of variables after computation  --------
            acell      9.0010000000E+00  9.0010000000E+00  9.0010000000E+00 Bohr
              amu      5.19961000E+01
           diemac      2.00000000E+00
           diemix      1.00000000E-01
             ecut      3.00000000E+01 Hartree
           etotal     -1.6728066053E+01
            fcart     -0.0000000000E+00 -0.0000000000E+00 -0.0000000000E+00
-          fftalg         112
             iscf           5
           istwfk        2
           kptopt           0
P           mkmem           1
            natom           1
            nband           6
            ngfft          48      48      48
             nkpt           1
            nstep          20
             nsym          48
           ntypat           1
              occ      1.702745  0.928953  0.928953  0.813116  0.813116  0.813116
           occopt           7
          spgroup         221
           strten      1.6628689656E-03  1.6628689656E-03  1.6628689656E-03
                       0.0000000000E+00  0.0000000000E+00  0.0000000000E+00
           symrel      1  0  0   0  1  0   0  0  1      -1  0  0   0 -1  0   0  0 -1
                      -1  0  0   0  1  0   0  0 -1       1  0  0   0 -1  0   0  0  1
                      -1  0  0   0 -1  0   0  0  1       1  0  0   0  1  0   0  0 -1
                       1  0  0   0 -1  0   0  0 -1      -1  0  0   0  1  0   0  0  1
                       0  1  0   1  0  0   0  0  1       0 -1  0  -1  0  0   0  0 -1
                       0 -1  0   1  0  0   0  0 -1       0  1  0  -1  0  0   0  0  1
                       0 -1  0  -1  0  0   0  0  1       0  1  0   1  0  0   0  0 -1
                       0  1  0  -1  0  0   0  0 -1       0 -1  0   1  0  0   0  0  1
                       0  0  1   1  0  0   0  1  0       0  0 -1  -1  0  0   0 -1  0
                       0  0 -1   1  0  0   0 -1  0       0  0  1  -1  0  0   0  1  0
                       0  0 -1  -1  0  0   0  1  0       0  0  1   1  0  0   0 -1  0
                       0  0  1  -1  0  0   0 -1  0       0  0 -1   1  0  0   0  1  0
                       1  0  0   0  0  1   0  1  0      -1  0  0   0  0 -1   0 -1  0
                      -1  0  0   0  0  1   0 -1  0       1  0  0   0  0 -1   0  1  0
                      -1  0  0   0  0 -1   0  1  0       1  0  0   0  0  1   0 -1  0
                       1  0  0   0  0 -1   0 -1  0      -1  0  0   0  0  1   0  1  0
                       0  1  0   0  0  1   1  0  0       0 -1  0   0  0 -1  -1  0  0
                       0 -1  0   0  0  1  -1  0  0       0  1  0   0  0 -1   1  0  0
                       0 -1  0   0  0 -1   1  0  0       0  1  0   0  0  1  -1  0  0
                       0  1  0   0  0 -1  -1  0  0       0 -1  0   0  0  1   1  0  0
                       0  0  1   0  1  0   1  0  0       0  0 -1   0 -1  0  -1  0  0
                       0  0 -1   0  1  0  -1  0  0       0  0  1   0 -1  0   1  0  0
                       0  0 -1   0 -1  0   1  0  0       0  0  1   0  1  0  -1  0  0
                       0  0  1   0 -1  0  -1  0  0       0  0 -1   0  1  0   1  0  0
           tolvrs      1.00000000E-05
            typat      1
            znucl       24.00000

================================================================================


- Timing analysis has been suppressed with timopt=0



================================================================================

 Suggested references for the acknowledgment of ABINIT usage.

 The users of ABINIT have little formal obligations with respect to the ABINIT group
 (those specified in the GNU General Public License, http://www.gnu.org/copyleft/gpl.txt).
 However, it is common practice in the scientific literature,
 to acknowledge the efforts of people that have made the research possible.
 In this spirit, please find below suggested citations of work written by ABINIT developers,
 corresponding to implementations inside of ABINIT that you have used in the present run.
 Note also that it will be of great value to readers of publications presenting these results,
 to read papers enabling them to understand the theoretical formalism and details
 of the ABINIT implementation.
 For information on why they are suggested, see also http://www.abinit.org/about/?text=acknowledgments.

 [1] Ab initio pseudopotentials for electronic structure calculations of poly-atomic systems, 
 using density-functional theory.
 M. Fuchs, M. Scheffler, Comput. Phys. Commun. 119, 67 (1999).
 Comment : Some pseudopotential generated using the FHI code were used.

 [2] ABINIT : First-principles approach of materials and nanosystem properties.
 X. Gonze, B. Amadon, P.-M. Anglade, J.-M. Beuken, F. Bottin, P. Boulanger, F. Bruneval,
 D. Caliste, R. Caracas, M. Cote, T. Deutsch, L. Genovese, Ph. Ghosez, M. Giantomassi
 S. Goedecker, D.R. Hamann, P. Hermet, F. Jollet, G. Jomard, S. Leroux, M. Mancini, S. Mazevet,
 M.J.T. Oliveira, G. Onida, Y. Pouillon, T. Rangel, G.-M. Rignanese, D. Sangalli, R. Shaltaf,
 M. Torrent, M.J. Verstraete, G. Zerah, J.W. Zwanziger
 Computer Phys. Comm. 180, 2582-2615 (2009).
 Comment : the third generic paper describing the ABINIT project.
 Note that a version of this paper, that is not formatted for Computer Phys. Comm. 
 is available at http://www.abinit.org/about/ABINIT_CPC_v10.pdf .
 The licence allows the authors to put it on the Web.

 [3] A brief introduction to the ABINIT software package.
 X. Gonze, G.-M. Rignanese, M. Verstraete, J.-M. Beuken, Y. Pouillon, R. Caracas, F. Jollet,
 M. Torrent, G. Zerah, M. Mikami, Ph. Ghosez, M. Veithen, J.-Y. Raty, V. Olevano, F. Bruneval,
 L. Reining, R. Godby, G. Onida, D.R. Hamann, and D.C. Allan.
 Z. Kristallogr. 220, 558-562 (2005).
 Comment : the second generic paper describing the ABINIT project. Note that this paper
 should be cited especially if you are using the GW part of ABINIT, as several authors
 of this part are not in the list of authors of the first or third paper.
 The .pdf of the latter paper is available at http://www.abinit.org/about/zfk_0505-06_558-562.pdf.
 Note that it should not redistributed (Copyright by Oldenburg Wissenshaftverlag,
 the licence allows the authors to put it on the Web).


 And optionally :

 [4] First-principles computation of material properties : the ABINIT software project. 
 X. Gonze, J.-M. Beuken, R. Caracas, F. Detraux, M. Fuchs, G.-M. Rignanese, L. Sindic,
 M. Verstraete, G. Zerah, F. Jollet, M. Torrent, A. Roy, M. Mikami, Ph. Ghosez, J.-Y. Raty, D.C. Allan.
 Computational Materials Science 25, 478-492 (2002). http://dx.doi.org/10.1016/S0927-0256(02)00325-7
 Comment : the original paper describing the ABINIT project.

 [5] Fast radix 2, 3, 4 and 5 kernels for Fast Fourier Transformations
 on computers with overlapping multiply-add instructions.
 S. Goedecker, SIAM J. on Scientific Computing 18, 1605 (1997).
-
- Proc.   0 individual time (sec): cpu=          2.8  wall=          2.8

================================================================================

 Calculation completed.
.Delivered    3 WARNINGs and   0 COMMENTs to log file.
+Overall time at end (sec) : cpu=          2.8  wall=          2.8
