
.Version 7.0.2 of FFTPROF 
.(MPI version, prepared for a x86_64_darwin10.8.0_gnu4.4 computer) 

.Copyright (C) 1998-2014 ABINIT group . 
 FFTPROF comes with ABSOLUTELY NO WARRANTY.
 It is free software, and you are welcome to redistribute it
 under certain conditions (GNU General Public License,
 see ~abinit/COPYING or http://www.gnu.org/copyleft/gpl.txt).

 ABINIT is a project of the Universite Catholique de Louvain,
 Corning Inc. and other collaborators, see ~abinit/doc/developers/contributors.txt .
 Please read ~abinit/doc/users/acknowledgments.html for suggested
 acknowledgments of the ABINIT effort.
 For more information, see http://www.abinit.org .

.Starting date : Mon 29 Oct 2012.
- ( at 13h55 )
  
 Tool for profiling and testing the FFT libraries used in ABINIT.
 Allowed options are: 
   fourdp --> Test FFT transforms of density and potentials on the full box.
   fourwf --> Test FFT transforms of wavefunctions using the zero-pad algorithm.
   gw_fft --> Test the FFT transforms used in the GW code.
   all    --> Test all FFT routines.
 

  ==== OpenMP parallelism is ON ====
- Max_threads:       1
- Num_threads:       1
- Num_procs:         4
- Dynamic:           F
- Nested:            F
 
 Real(R)+Recip(G) space primitive vectors, cartesian coordinates (Bohr,Bohr^-1):
 R(1)= 20.0000000  0.0000000  0.0000000  G(1)=  0.0500000  0.0000000  0.0000000
 R(2)=  0.0000000 20.0000000  0.0000000  G(2)=  0.0000000  0.0500000  0.0000000
 R(3)=  0.0000000  0.0000000 20.0000000  G(3)=  0.0000000  0.0000000  0.0500000
 Unit cell volume ucvol=  8.0000000E+03 bohr^3
 Unit cell volume ucvol=  8.0000000E+03 bohr^3
 Angles (23,13,12)=  9.00000000E+01  9.00000000E+01  9.00000000E+01 degrees
 Angles (23,13,12)=  9.00000000E+01  9.00000000E+01  9.00000000E+01 degrees

 ==== FFT setup for fftalg 112 ====
  FFT mesh divisions ........................    90   90   90
  Augmented FFT divisions ...................    91   91   90
  FFT algorithm .............................   112
  FFT cache size ............................    16

 ==== FFT setup for fftalg  412 ====
  FFT mesh divisions ........................    90   90   90
  Augmented FFT divisions ...................    91   91   90
  FFT algorithm .............................   412
  FFT cache size ............................    16

 ==== FFT setup for fftalg  312 ====
  FFT mesh divisions ........................    90   90   90
  Augmented FFT divisions ...................    91   91   90
  FFT algorithm .............................   312
  FFT cache size ............................    16

====================================================
==== fftbox with isign -1, in-place  0, ndat  1 ====
====================================================
        Library        CPU-time   WALL-time   nthreads  ncalls  Max_|Err|   <|Err|>
- Goedecker (112)       0.0743     0.0746      1 (100%) 5     0.00E+00    0.00E+00
- Goedecker (112)       0.0849     0.0497      2 ( 75%) 5     0.00E+00    0.00E+00
- Goedecker (112)       0.1162     0.0521      3 ( 48%) 5     0.00E+00    0.00E+00
- Goedecker (112)       0.1215     0.0536      4 ( 35%) 5     0.00E+00    0.00E+00
- Goedecker2002 (412)   0.0716     0.0716      1 (100%) 5     8.01E-16    1.88E-19
- Goedecker2002 (412)   0.0732     0.0700      2 ( 51%) 5     8.01E-16    1.88E-19
- Goedecker2002 (412)   0.0772     0.0711      3 ( 34%) 5     8.01E-16    1.88E-19
- Goedecker2002 (412)   0.0772     0.0681      4 ( 26%) 5     8.01E-16    1.88E-19
- FFTW3 (312)           0.0224     0.0224      1 (100%) 5     6.05E-16    1.72E-19
- FFTW3 (312)           0.0387     0.0203      2 ( 55%) 5     6.05E-16    1.72E-19
- FFTW3 (312)           0.0332     0.0163      3 ( 46%) 5     6.05E-16    1.72E-19
- FFTW3 (312)           0.0304     0.0152      4 ( 37%) 5     6.05E-16    1.72E-19

 Consistency check: MAX(Max_|Err|) =  8.01E-16, Max(<|Err|>) =  1.88E-19, reference_lib: Goedecker (112)


====================================================
==== fftbox with isign -1, in-place  1, ndat  1 ====
====================================================
        Library        CPU-time   WALL-time   nthreads  ncalls  Max_|Err|   <|Err|>
- Goedecker (112)       0.0687     0.0690      1 (100%) 5     0.00E+00    0.00E+00
- Goedecker (112)       0.0844     0.0492      2 ( 70%) 5     0.00E+00    0.00E+00
- Goedecker (112)       0.1098     0.0506      3 ( 46%) 5     0.00E+00    0.00E+00
- Goedecker (112)       0.1312     0.0455      4 ( 38%) 5     0.00E+00    0.00E+00
- Goedecker2002 (412)   0.0684     0.0685      1 (100%) 5     8.01E-16    1.88E-19
- Goedecker2002 (412)   0.0701     0.0669      2 ( 51%) 5     8.01E-16    1.88E-19
- Goedecker2002 (412)   0.0732     0.0672      3 ( 34%) 5     8.01E-16    1.88E-19
- Goedecker2002 (412)   0.0764     0.0671      4 ( 26%) 5     8.01E-16    1.88E-19
- FFTW3 (312)           0.0277     0.0277      1 (100%) 5     6.05E-16    1.72E-19
- FFTW3 (312)           0.0399     0.0206      2 ( 67%) 5     6.05E-16    1.72E-19
- FFTW3 (312)           0.0370     0.0191      3 ( 48%) 5     6.05E-16    1.72E-19
- FFTW3 (312)           0.0368     0.0190      4 ( 36%) 5     6.05E-16    1.72E-19

 Consistency check: MAX(Max_|Err|) =  8.01E-16, Max(<|Err|>) =  1.88E-19, reference_lib: Goedecker (112)


====================================================
==== fftbox with isign  1, in-place  0, ndat  1 ====
====================================================
        Library        CPU-time   WALL-time   nthreads  ncalls  Max_|Err|   <|Err|>
- Goedecker (112)       0.0658     0.0658      1 (100%) 5     0.00E+00    0.00E+00
- Goedecker (112)       0.0865     0.0484      2 ( 68%) 5     0.00E+00    0.00E+00
- Goedecker (112)       0.1132     0.0494      3 ( 44%) 5     0.00E+00    0.00E+00
- Goedecker (112)       0.1347     0.0462      4 ( 36%) 5     0.00E+00    0.00E+00
- Goedecker2002 (412)   0.0654     0.0654      1 (100%) 5     1.96E-13    3.18E-15
- Goedecker2002 (412)   0.0707     0.0642      2 ( 51%) 5     1.96E-13    3.18E-15
- Goedecker2002 (412)   0.0770     0.0652      3 ( 33%) 5     1.96E-13    3.18E-15
- Goedecker2002 (412)   0.0842     0.0656      4 ( 25%) 5     1.96E-13    3.18E-15
- FFTW3 (312)           0.0248     0.0248      1 (100%) 5     2.07E-13    3.30E-15
- FFTW3 (312)           0.0326     0.0169      2 ( 73%) 5     2.07E-13    3.30E-15
- FFTW3 (312)           0.0240     0.0127      3 ( 65%) 5     2.07E-13    3.30E-15
- FFTW3 (312)           0.0250     0.0132      4 ( 47%) 5     2.07E-13    3.30E-15

 Consistency check: MAX(Max_|Err|) =  2.07E-13, Max(<|Err|>) =  3.30E-15, reference_lib: Goedecker (112)


====================================================
==== fftbox with isign  1, in-place  1, ndat  1 ====
====================================================
        Library        CPU-time   WALL-time   nthreads  ncalls  Max_|Err|   <|Err|>
- Goedecker (112)       0.0669     0.0669      1 (100%) 5     0.00E+00    0.00E+00
- Goedecker (112)       0.0898     0.0500      2 ( 67%) 5     0.00E+00    0.00E+00
- Goedecker (112)       0.1131     0.0487      3 ( 46%) 5     0.00E+00    0.00E+00
- Goedecker (112)       0.1397     0.0460      4 ( 36%) 5     0.00E+00    0.00E+00
- Goedecker2002 (412)   0.0643     0.0643      1 (100%) 5     1.96E-13    3.18E-15
- Goedecker2002 (412)   0.0695     0.0630      2 ( 51%) 5     1.96E-13    3.18E-15
- Goedecker2002 (412)   0.0752     0.0638      3 ( 34%) 5     1.96E-13    3.18E-15
- Goedecker2002 (412)   0.0824     0.0635      4 ( 25%) 5     1.96E-13    3.18E-15
- FFTW3 (312)           0.0220     0.0220      1 (100%) 5     2.07E-13    3.30E-15
- FFTW3 (312)           0.0320     0.0166      2 ( 66%) 5     2.07E-13    3.30E-15
- FFTW3 (312)           0.0319     0.0165      3 ( 44%) 5     2.07E-13    3.30E-15
- FFTW3 (312)           0.0321     0.0166      4 ( 33%) 5     2.07E-13    3.30E-15

 Consistency check: MAX(Max_|Err|) =  2.07E-13, Max(<|Err|>) =  3.30E-15, reference_lib: Goedecker (112)


=====================================
==== fftu with isign -1, ndat  1 ====
=====================================
        Library        CPU-time   WALL-time   nthreads  ncalls  Max_|Err|   <|Err|>
- Goedecker (112)       0.0441     0.0441      1 (100%) 5     0.00E+00    0.00E+00
- Goedecker (112)       0.0544     0.0337      2 ( 66%) 5     0.00E+00    0.00E+00
- Goedecker (112)       0.0677     0.0329      3 ( 45%) 5     0.00E+00    0.00E+00
- Goedecker (112)       0.0804     0.0314      4 ( 35%) 5     0.00E+00    0.00E+00
- Goedecker2002 (412)     N/A        N/A        N/A       N/A         N/A         N/A
- Goedecker2002 (412)     N/A        N/A        N/A       N/A         N/A         N/A
- Goedecker2002 (412)     N/A        N/A        N/A       N/A         N/A         N/A
- Goedecker2002 (412)     N/A        N/A        N/A       N/A         N/A         N/A
- FFTW3 (312)           0.0210     0.0210      1 (100%) 5     7.36E-16    1.38E-20
- FFTW3 (312)           0.0349     0.0176      2 ( 60%) 5     7.36E-16    1.38E-20
- FFTW3 (312)           0.0337     0.0169      3 ( 42%) 5     7.36E-16    1.38E-20
- FFTW3 (312)           0.0346     0.0175      4 ( 30%) 5     7.36E-16    1.38E-20

 Consistency check: MAX(Max_|Err|) =  7.36E-16, Max(<|Err|>) =  1.38E-20, reference_lib: Goedecker (112)


=====================================
==== fftu with isign  1, ndat  1 ====
=====================================
        Library        CPU-time   WALL-time   nthreads  ncalls  Max_|Err|   <|Err|>
- Goedecker (112)       0.0443     0.0444      1 (100%) 5     0.00E+00    0.00E+00
- Goedecker (112)       0.0519     0.0326      2 ( 68%) 5     0.00E+00    0.00E+00
- Goedecker (112)       0.0678     0.0340      3 ( 44%) 5     0.00E+00    0.00E+00
- Goedecker (112)       0.0841     0.0319      4 ( 35%) 5     0.00E+00    0.00E+00
- Goedecker2002 (412)     N/A        N/A        N/A       N/A         N/A         N/A
- Goedecker2002 (412)     N/A        N/A        N/A       N/A         N/A         N/A
- Goedecker2002 (412)     N/A        N/A        N/A       N/A         N/A         N/A
- Goedecker2002 (412)     N/A        N/A        N/A       N/A         N/A         N/A
- FFTW3 (312)           0.0175     0.0175      1 (100%) 5     2.11E-13    3.07E-15
- FFTW3 (312)           0.0268     0.0135      2 ( 65%) 5     2.11E-13    3.07E-15
- FFTW3 (312)           0.0262     0.0133      3 ( 44%) 5     2.11E-13    3.07E-15
- FFTW3 (312)           0.0253     0.0133      4 ( 33%) 5     2.11E-13    3.07E-15

 Consistency check: MAX(Max_|Err|) =  2.11E-13, Max(<|Err|>) =  3.07E-15, reference_lib: Goedecker (112)


=============================================================
==== rho_tw_g with use_padfft  0, map2sphere  1, ndat  1 ====
=============================================================
        Library        CPU-time   WALL-time   nthreads  ncalls  Max_|Err|   <|Err|>
- Goedecker (112)       0.0861     0.0861      1 (100%) 5     0.00E+00    0.00E+00
- Goedecker (112)       0.1150     0.0677      2 ( 64%) 5     0.00E+00    0.00E+00
- Goedecker (112)       0.1510     0.0695      3 ( 41%) 5     0.00E+00    0.00E+00
- Goedecker (112)       0.1824     0.0636      4 ( 34%) 5     0.00E+00    0.00E+00
- Goedecker2002 (412)   0.0907     0.0908      1 (100%) 5     5.02E-16    1.62E-19
- Goedecker2002 (412)   0.1034     0.0873      2 ( 52%) 5     5.02E-16    1.62E-19
- Goedecker2002 (412)   0.1157     0.0862      3 ( 35%) 5     5.02E-16    1.62E-19
- Goedecker2002 (412)   0.1273     0.0852      4 ( 27%) 5     5.02E-16    1.62E-19
- FFTW3 (312)           0.0454     0.0454      1 (100%) 5     5.39E-16    1.52E-19
- FFTW3 (312)           0.0988     0.0454      2 ( 50%) 5     5.39E-16    1.52E-19
- FFTW3 (312)           0.0984     0.0405      3 ( 37%) 5     5.39E-16    1.52E-19
- FFTW3 (312)           0.1070     0.0432      4 ( 26%) 5     5.39E-16    1.52E-19

 Consistency check: MAX(Max_|Err|) =  5.39E-16, Max(<|Err|>) =  1.62E-19, reference_lib: Goedecker (112)


=============================================================
==== rho_tw_g with use_padfft  1, map2sphere  1, ndat  1 ====
=============================================================
        Library        CPU-time   WALL-time   nthreads  ncalls  Max_|Err|   <|Err|>
- Goedecker (112)       0.0705     0.0605      1 (100%) 5     0.00E+00    0.00E+00
- Goedecker (112)       0.0771     0.0455      2 ( 66%) 5     0.00E+00    0.00E+00
- Goedecker (112)       0.0998     0.0455      3 ( 44%) 5     0.00E+00    0.00E+00
- Goedecker (112)       0.1217     0.0433      4 ( 35%) 5     0.00E+00    0.00E+00
- Goedecker2002 (412)     N/A        N/A        N/A       N/A         N/A         N/A
- Goedecker2002 (412)     N/A        N/A        N/A       N/A         N/A         N/A
- Goedecker2002 (412)     N/A        N/A        N/A       N/A         N/A         N/A
- Goedecker2002 (412)     N/A        N/A        N/A       N/A         N/A         N/A
- FFTW3 (312)           0.0362     0.0362      1 (100%) 5     3.60E-16    1.79E-19
- FFTW3 (312)           0.0806     0.0357      2 ( 51%) 5     3.60E-16    1.79E-19
- FFTW3 (312)           0.0821     0.0339      3 ( 36%) 5     3.60E-16    1.79E-19
- FFTW3 (312)           0.0934     0.0369      4 ( 25%) 5     3.60E-16    1.79E-19

 Consistency check: MAX(Max_|Err|) =  3.60E-16, Max(<|Err|>) =  1.79E-19, reference_lib: Goedecker (112)


 Analysis completed.
