
.Version 7.10.4 of ANADDB 
.(MPI version, prepared for a x86_64_linux_gnu4.7 computer) 

.Copyright (C) 1998-2014 ABINIT group . 
 ANADDB comes with ABSOLUTELY NO WARRANTY.
 It is free software, and you are welcome to redistribute it
 under certain conditions (GNU General Public License,
 see ~abinit/COPYING or http://www.gnu.org/copyleft/gpl.txt).

 ABINIT is a project of the Universite Catholique de Louvain,
 Corning Inc. and other collaborators, see ~abinit/doc/developers/contributors.txt .
 Please read ~abinit/doc/users/acknowledgments.html for suggested
 acknowledgments of the ABINIT effort.
 For more information, see http://www.abinit.org .

.Starting date : Sun  8 Mar 2015.
- ( at 18h39 )
  

================================================================================

 -outvars_anaddb: echo values of input variables ----------------------

 Flags :
     ifcflag         1
    elphflag         1
 Miscellaneous information :
       eivec         1
         asr         2
 Interatomic Force Constants Inputs :
      dipdip         0
      ifcana         1
      ifcout         0
 Description of grid 1 :
        brav         1
       ngqpt         2         2         2
      nqshft         1
      q1shft
                     0.00000000E+00  0.00000000E+00  0.00000000E+00
 Elphon calculation will be carried out
   elphsmear    0.100000E-01
    a2fsmear    0.200000E-04
      mustar    0.136000E+00
      nqpath         7
       qpath
                0.000000E+00     0.000000E+00     0.000000E+00
                0.500000E+00     0.500000E+00     0.000000E+00
                0.100000E+01     0.100000E+01     0.100000E+01
                0.500000E+00     0.500000E+00     0.500000E+00
                0.500000E+00     0.500000E+00     0.000000E+00
                0.500000E+00     0.750000E+00     0.250000E+00
                0.500000E+00     0.500000E+00     0.500000E+00
    telphint         1
 Smeared weight integration for elphon
 First list of wavevector (reduced coord.) :
       nph1l         1
       qph1l
                     0.00000000E+00  0.00000000E+00  0.00000000E+00    1.000E+00

================================================================================

 read the DDB information and perform some checks

-begin at tcpu      0.039  and twall      0.039 sec

 Real(R)+Recip(G) space primitive vectors, cartesian coordinates (Bohr,Bohr^-1):
 R(1)=  0.0000000  3.5000000  3.5000000  G(1)= -0.1428571  0.1428571  0.1428571
 R(2)=  3.5000000  0.0000000  3.5000000  G(2)=  0.1428571 -0.1428571  0.1428571
 R(3)=  3.5000000  3.5000000  0.0000000  G(3)=  0.1428571  0.1428571 -0.1428571
 Unit cell volume ucvol=  8.5750000E+01 bohr^3
 Angles (23,13,12)=  6.00000000E+01  6.00000000E+01  6.00000000E+01 degrees
 Now the whole DDB is in central memory

================================================================================

 Calculation of the interatomic forces 

-begin at tcpu      0.042  and twall      0.041 sec
       Homogeneous q point set in the B.Z.
 Grid q points  :        8
  1)   0.00000000E+00  0.00000000E+00  0.00000000E+00
  2)   5.00000000E-01  0.00000000E+00  0.00000000E+00
  3)   0.00000000E+00  5.00000000E-01  0.00000000E+00
  4)   5.00000000E-01  5.00000000E-01  0.00000000E+00
  5)   0.00000000E+00  0.00000000E+00  5.00000000E-01
  6)   5.00000000E-01  0.00000000E+00  5.00000000E-01
  7)   0.00000000E+00  5.00000000E-01  5.00000000E-01
  8)   5.00000000E-01  5.00000000E-01  5.00000000E-01

 The interatomic forces have been obtained

================================================================================

 Properties based on electron-phonon coupling 

 Found     4 symmetries that leave the perturbation invariant.
 Found     4 symmetries that leave the perturbation invariant.
 Found     4 symmetries that leave the perturbation invariant.
 Found     2 symmetries that leave the perturbation invariant.
 The set of symmetries contains only one element for this perturbation.
 The set of symmetries contains only one element for this perturbation.
 Found     2 symmetries that leave the perturbation invariant.
 Found     2 symmetries that leave the perturbation invariant.
 Found     2 symmetries that leave the perturbation invariant.

 Output of the linewidths for the first point of each segment. Linewidths are given in Hartree.

 Q point =    0.000000E+00    0.000000E+00    0.000000E+00   isppol =    1
 Mode number    Frequency (Ha)  Linewidth (Ha)  Lambda(q,n)
       1        0.000000E+00    2.056419E-30    0.000000E+00
       2        0.000000E+00    2.056419E-30    0.000000E+00
       3        0.000000E+00    2.056419E-30    0.000000E+00

 Q point =    5.000000E-01    5.000000E-01    0.000000E+00   isppol =    1
 Mode number    Frequency (Ha)  Linewidth (Ha)  Lambda(q,n)
       1       -2.316961E-03    3.364709E-28    5.565664E-22
       2        1.234011E-03    3.811315E-28    2.222510E-21
       3        1.234011E-03    3.811315E-28    2.222510E-21

 Q point =    0.000000E+00    0.000000E+00    0.000000E+00   isppol =    1
 Mode number    Frequency (Ha)  Linewidth (Ha)  Lambda(q,n)
       1        0.000000E+00    2.056419E-30    0.000000E+00
       2        0.000000E+00    2.056419E-30    0.000000E+00
       3        0.000000E+00    2.056419E-30    0.000000E+00

 Q point =    5.000000E-01    5.000000E-01    5.000000E-01   isppol =    1
 Mode number    Frequency (Ha)  Linewidth (Ha)  Lambda(q,n)
       1        1.299226E-03   -1.158539E-44   -6.094639E-38
       2        1.406903E-03    1.897669E-45    8.513318E-39
       3        1.406903E-03   -1.834145E-44   -8.228336E-38

 Q point =    5.000000E-01    5.000000E-01    0.000000E+00   isppol =    1
 Mode number    Frequency (Ha)  Linewidth (Ha)  Lambda(q,n)
       1       -2.316961E-03    3.364709E-28    5.565664E-22
       2        1.234011E-03    3.811315E-28    2.222510E-21
       3        1.234011E-03    3.811315E-28    2.222510E-21

 Q point =    5.000000E-01   -2.500000E-01    2.500000E-01   isppol =    1
 Mode number    Frequency (Ha)  Linewidth (Ha)  Lambda(q,n)
       1       -2.623399E-04    1.794006E-28    2.314740E-20
       2        1.682472E-04    1.794006E-28    5.627755E-20
       3        1.304805E-03    1.905657E-28    9.939411E-22

 Q point =    5.000000E-01    5.000000E-01    5.000000E-01   isppol =    1
 Mode number    Frequency (Ha)  Linewidth (Ha)  Lambda(q,n)
       1        1.299226E-03   -1.158539E-44   -6.094639E-38
       2        1.406903E-03    1.897669E-45    8.513318E-39
       3        1.406903E-03   -1.834145E-44   -8.228336E-38


 Output of the linewidths for the first point of each segment. Linewidths are given in Hartree.

 Q point =    0.000000E+00    0.000000E+00    0.000000E+00   isppol =    2
 Mode number    Frequency (Ha)  Linewidth (Ha)  Lambda(q,n)
       1        0.000000E+00    1.506600E-30    0.000000E+00
       2        0.000000E+00    1.506600E-30    0.000000E+00
       3        0.000000E+00    1.506600E-30    0.000000E+00

 Q point =    5.000000E-01    5.000000E-01    0.000000E+00   isppol =    2
 Mode number    Frequency (Ha)  Linewidth (Ha)  Lambda(q,n)
       1       -2.316961E-03    2.979123E-28    4.912545E-22
       2        1.234011E-03    3.434132E-28    1.996340E-21
       3        1.234011E-03    3.434132E-28    1.996340E-21

 Q point =    0.000000E+00    0.000000E+00    0.000000E+00   isppol =    2
 Mode number    Frequency (Ha)  Linewidth (Ha)  Lambda(q,n)
       1        0.000000E+00    1.506600E-30    0.000000E+00
       2        0.000000E+00    1.506600E-30    0.000000E+00
       3        0.000000E+00    1.506600E-30    0.000000E+00

 Q point =    5.000000E-01    5.000000E-01    5.000000E-01   isppol =    2
 Mode number    Frequency (Ha)  Linewidth (Ha)  Lambda(q,n)
       1        1.299226E-03    7.474446E-46    3.919810E-39
       2        1.406903E-03    1.079350E-44    4.827133E-38
       3        1.406903E-03    4.155394E-45    1.858401E-38

 Q point =    5.000000E-01    5.000000E-01    0.000000E+00   isppol =    2
 Mode number    Frequency (Ha)  Linewidth (Ha)  Lambda(q,n)
       1       -2.316961E-03    2.979123E-28    4.912545E-22
       2        1.234011E-03    3.434132E-28    1.996340E-21
       3        1.234011E-03    3.434132E-28    1.996340E-21

 Q point =    5.000000E-01   -2.500000E-01    2.500000E-01   isppol =    2
 Mode number    Frequency (Ha)  Linewidth (Ha)  Lambda(q,n)
       1       -2.623399E-04    1.603314E-28    2.062270E-20
       2        1.682472E-04    1.603314E-28    5.013933E-20
       3        1.304805E-03    1.717066E-28    8.927945E-22

 Q point =    5.000000E-01    5.000000E-01    5.000000E-01   isppol =    2
 Mode number    Frequency (Ha)  Linewidth (Ha)  Lambda(q,n)
       1        1.299226E-03    7.474446E-46    3.919810E-39
       2        1.406903E-03    1.079350E-44    4.827133E-38
       3        1.406903E-03    4.155394E-45    1.858401E-38


 Warning : some of the following quantities should be integrated over spin


 Superconductivity : isotropic evaluation of parameters from electron-phonon coupling.

 mka2f: isotropic lambda for spin      1 =     9.379107E-22
 mka2f: lambda <omega^2> =     1.829366E-27
 mka2f: lambda <omega^3> =     2.864399E-30
 mka2f: lambda <omega^4> =     4.941153E-33
 mka2f: lambda <omega^5> =     9.356400E-36
 mka2f: omegalog for spin      1 =     1.323376E-03 (Ha)     4.178887E+02 (Kelvin)

 Warning : some of the following quantities should be integrated over spin


 Superconductivity : isotropic evaluation of parameters from electron-phonon coupling.

 mka2f: isotropic lambda for spin      2 =     8.408395E-22
 mka2f: lambda <omega^2> =     1.634474E-27
 mka2f: lambda <omega^3> =     2.552679E-30
 mka2f: lambda <omega^4> =     4.391451E-33
 mka2f: lambda <omega^5> =     8.295644E-36
 mka2f: omegalog for spin      2 =     1.321944E-03 (Ha)     4.174363E+02 (Kelvin)
 mka2f: isotropic lambda =     1.778750E-21
 mka2f: omegalog  =     1.322699E-03 (Ha)     4.176748E+02 (Kelvin)
 mka2f: input mustar =     1.360000E-01
 mka2f: MacMillan Tc =     2.308634E+00 (Ha)     7.290082E+05 (Kelvin)

================================================================================

 Treat the first list of vectors 

-begin at tcpu      0.414  and twall      0.414 sec
 
  Phonon wavevector (reduced coordinates) :  0.00000  0.00000  0.00000
 Phonon energies in Hartree :
   0.000000E+00  0.000000E+00  0.000000E+00
 Phonon frequencies in cm-1    :
-  0.000000E+00  0.000000E+00  0.000000E+00

 Eigendisplacements 
 (will be given, for each mode : in cartesian coordinates
   for each atom the real part of the displacement vector,
   then the imaginary part of the displacement vector - absolute values smaller than 1.0d-7 are set to zero)
  Mode number    1   Energy    0.000000E+00
 Attention : low frequency mode.
   (Could be unstable or acoustic mode)
-  1  0.00000000E+00  0.00000000E+00 -3.05729886E-03
-     0.00000000E+00  0.00000000E+00  0.00000000E+00
  Mode number    2   Energy    0.000000E+00
 Attention : low frequency mode.
   (Could be unstable or acoustic mode)
-  1  0.00000000E+00 -3.05729886E-03  0.00000000E+00
-     0.00000000E+00  0.00000000E+00  0.00000000E+00
  Mode number    3   Energy    0.000000E+00
 Attention : low frequency mode.
   (Could be unstable or acoustic mode)
-  1  3.05729886E-03  0.00000000E+00  0.00000000E+00
-     0.00000000E+00  0.00000000E+00  0.00000000E+00

 Analysis of degeneracies and characters (maximum tolerance=1.00E-06 a.u.)
 Symmetry characters of vibration mode #   1
       degenerate with vibration modes #   2 to    3
  3.0 -3.0 -1.0  1.0 -1.0  1.0 -1.0  1.0  1.0 -1.0 -1.0  1.0  1.0 -1.0 -1.0  1.0
  0.0 -0.0 -0.0  0.0  0.0 -0.0 -0.0  0.0  1.0 -1.0 -1.0  1.0 -1.0  1.0  1.0 -1.0
  0.0 -0.0  0.0 -0.0 -0.0  0.0  0.0 -0.0  1.0 -1.0  1.0 -1.0 -1.0  1.0 -1.0  1.0
-
- Proc.   0 individual time (sec): cpu=          0.4  wall=          0.4

================================================================================

+Total cpu time      0.415  and wall time      0.415 sec

 anaddb : the run completed succesfully.
