
.Version 7.9.3 of ABINIT 
.(MPI version, prepared for a x86_64_linux_gnu4.7 computer) 

.Copyright (C) 1998-2014 ABINIT group . 
 ABINIT comes with ABSOLUTELY NO WARRANTY.
 It is free software, and you are welcome to redistribute it
 under certain conditions (GNU General Public License,
 see ~abinit/COPYING or http://www.gnu.org/copyleft/gpl.txt).

 ABINIT is a project of the Universite Catholique de Louvain,
 Corning Inc. and other collaborators, see ~abinit/doc/developers/contributors.txt .
 Please read ~abinit/doc/users/acknowledgments.html for suggested
 acknowledgments of the ABINIT effort.
 For more information, see http://www.abinit.org .

.Starting date : Sat 30 Aug 2014.
- ( at 22h44 )
  
- input  file    -> t02.in
- output file    -> t02.out
- root for input  files -> t02i
- root for output files -> t02o


 Symmetries : space group Fd -3 m (#227); Bravais cF (face-center cubic)
================================================================================
 Values of the parameters that define the memory need of the present run
   intxc =         0  ionmov =         0    iscf =        17 xclevel =         1
  lmnmax =         8   lnmax =         4   mband =         4  mffmem =         1
P  mgfft =        18   mkmem =         6 mpssoang=         2     mpw =       244
  mqgrid =      3001   natom =         2    nfft =      5832    nkpt =         6
  nloalg =         4  nspden =         1 nspinor =         1  nsppol =         1
    nsym =        48  n1xccc =         1  ntypat =         1  occopt =         1
 PAW method is used; the additional fine FFT grid is defined by:
   mgfftf=        24    nfftf =     13824
================================================================================
P This job should need less than                       3.861 Mbytes of memory.
  Rough estimation (10% accuracy) of disk space for files :
_ WF disk file :      0.091 Mbytes ; DEN or POT disk file :      0.107 Mbytes.
================================================================================

--------------------------------------------------------------------------------
------------- Echo of variables that govern the present computation ------------
--------------------------------------------------------------------------------
-
- outvars: echo of selected default values                                      
-   accesswff0 =  0 , fftalg0 =112 , wfoptalg0 = 10
-
- outvars: echo of global parameters not present in the input file              
-  max_nthreads =    0
-
 -outvars: echo values of preprocessed input variables --------
            acell      1.0261212902E+01  1.0261212902E+01  1.0261212902E+01 Bohr
              amu      2.80855000E+01
             ecut      7.00000000E+00 Hartree
-          fftalg         112
           istwfk        0    0    0    0    0    3
              ixc           2
              kpt     -1.66666667E-01 -3.33333333E-01  0.00000000E+00
                      -1.66666667E-01  3.33333333E-01  0.00000000E+00
                      -3.33333333E-01  5.00000000E-01  0.00000000E+00
                      -1.66666667E-01  5.00000000E-01  1.66666667E-01
                      -1.66666667E-01  0.00000000E+00  0.00000000E+00
                       5.00000000E-01  0.00000000E+00  0.00000000E+00
         kptrlatt        3   -3    3     -3    3    3     -3   -3    3
          kptrlen      3.07836387E+01
P           mkmem           6
            natom           2
            nband           4
            ngfft          18      18      18
          ngfftdg          24      24      24
             nkpt           6
            nstep          50
             nsym          48
           ntypat           1
              occ      2.000000  2.000000  2.000000  2.000000
        pawecutdg      1.20000000E+01 Hartree
           prtden           0
           prteig           0
            prtwf           0
            rprim      0.0000000000E+00  5.0000000000E-01  5.0000000000E-01
                       5.0000000000E-01  0.0000000000E+00  5.0000000000E-01
                       5.0000000000E-01  5.0000000000E-01  0.0000000000E+00
           shiftk      5.00000000E-01  5.00000000E-01  5.00000000E-01
          spgroup         227
           symrel      1  0  0   0  1  0   0  0  1      -1  0  0   0 -1  0   0  0 -1
                       0 -1  1   0 -1  0   1 -1  0       0  1 -1   0  1  0  -1  1  0
                      -1  0  0  -1  0  1  -1  1  0       1  0  0   1  0 -1   1 -1  0
                       0  1 -1   1  0 -1   0  0 -1       0 -1  1  -1  0  1   0  0  1
                      -1  0  0  -1  1  0  -1  0  1       1  0  0   1 -1  0   1  0 -1
                       0 -1  1   1 -1  0   0 -1  0       0  1 -1  -1  1  0   0  1  0
                       1  0  0   0  0  1   0  1  0      -1  0  0   0  0 -1   0 -1  0
                       0  1 -1   0  0 -1   1  0 -1       0 -1  1   0  0  1  -1  0  1
                      -1  0  1  -1  1  0  -1  0  0       1  0 -1   1 -1  0   1  0  0
                       0 -1  0   1 -1  0   0 -1  1       0  1  0  -1  1  0   0  1 -1
                       1  0 -1   0  0 -1   0  1 -1      -1  0  1   0  0  1   0 -1  1
                       0  1  0   0  0  1   1  0  0       0 -1  0   0  0 -1  -1  0  0
                       1  0 -1   0  1 -1   0  0 -1      -1  0  1   0 -1  1   0  0  1
                       0 -1  0   0 -1  1   1 -1  0       0  1  0   0  1 -1  -1  1  0
                      -1  0  1  -1  0  0  -1  1  0       1  0 -1   1  0  0   1 -1  0
                       0  1  0   1  0  0   0  0  1       0 -1  0  -1  0  0   0  0 -1
                       0  0 -1   0  1 -1   1  0 -1       0  0  1   0 -1  1  -1  0  1
                       1 -1  0   0 -1  1   0 -1  0      -1  1  0   0  1 -1   0  1  0
                       0  0  1   1  0  0   0  1  0       0  0 -1  -1  0  0   0 -1  0
                      -1  1  0  -1  0  0  -1  0  1       1 -1  0   1  0  0   1  0 -1
                       0  0  1   0  1  0   1  0  0       0  0 -1   0 -1  0  -1  0  0
                       1 -1  0   0 -1  0   0 -1  1      -1  1  0   0  1  0   0  1 -1
                       0  0 -1   1  0 -1   0  1 -1       0  0  1  -1  0  1   0 -1  1
                      -1  1  0  -1  0  1  -1  0  0       1 -1  0   1  0 -1   1  0  0
            tnons      0.0000000  0.0000000  0.0000000     0.2500000  0.2500000  0.2500000
                       0.0000000  0.0000000  0.0000000     0.2500000  0.2500000  0.2500000
                       0.0000000  0.0000000  0.0000000     0.2500000  0.2500000  0.2500000
                       0.0000000  0.0000000  0.0000000     0.2500000  0.2500000  0.2500000
                       0.0000000  0.0000000  0.0000000     0.2500000  0.2500000  0.2500000
                       0.0000000  0.0000000  0.0000000     0.2500000  0.2500000  0.2500000
                       0.0000000  0.0000000  0.0000000     0.2500000  0.2500000  0.2500000
                       0.0000000  0.0000000  0.0000000     0.2500000  0.2500000  0.2500000
                       0.0000000  0.0000000  0.0000000     0.2500000  0.2500000  0.2500000
                       0.0000000  0.0000000  0.0000000     0.2500000  0.2500000  0.2500000
                       0.0000000  0.0000000  0.0000000     0.2500000  0.2500000  0.2500000
                       0.0000000  0.0000000  0.0000000     0.2500000  0.2500000  0.2500000
                       0.0000000  0.0000000  0.0000000     0.2500000  0.2500000  0.2500000
                       0.0000000  0.0000000  0.0000000     0.2500000  0.2500000  0.2500000
                       0.0000000  0.0000000  0.0000000     0.2500000  0.2500000  0.2500000
                       0.0000000  0.0000000  0.0000000     0.2500000  0.2500000  0.2500000
                       0.0000000  0.0000000  0.0000000     0.2500000  0.2500000  0.2500000
                       0.0000000  0.0000000  0.0000000     0.2500000  0.2500000  0.2500000
                       0.0000000  0.0000000  0.0000000     0.2500000  0.2500000  0.2500000
                       0.0000000  0.0000000  0.0000000     0.2500000  0.2500000  0.2500000
                       0.0000000  0.0000000  0.0000000     0.2500000  0.2500000  0.2500000
                       0.0000000  0.0000000  0.0000000     0.2500000  0.2500000  0.2500000
                       0.0000000  0.0000000  0.0000000     0.2500000  0.2500000  0.2500000
                       0.0000000  0.0000000  0.0000000     0.2500000  0.2500000  0.2500000
           tolvrs      1.00000000E-10
            typat      1  1
           useylm           1
              wtk        0.22222    0.22222    0.22222    0.22222    0.07407    0.03704
           xangst      0.0000000000E+00  0.0000000000E+00  0.0000000000E+00
                       1.3575000000E+00  1.3575000000E+00  1.3575000000E+00
            xcart      0.0000000000E+00  0.0000000000E+00  0.0000000000E+00
                       2.5653032254E+00  2.5653032254E+00  2.5653032254E+00
             xred      0.0000000000E+00  0.0000000000E+00  0.0000000000E+00
                       2.5000000000E-01  2.5000000000E-01  2.5000000000E-01
            znucl       14.00000

================================================================================

 chkinp: Checking input parameters for consistency.

================================================================================
== DATASET  1 ==================================================================
-   nproc =    1

 Exchange-correlation functional for the present dataset will be:
  LDA: Perdew-Zunger-Ceperley-Alder - ixc=2
 Citation for XC functional:
  J.P.Perdew and A.Zunger, PRB 23, 5048 (1981)

 Real(R)+Recip(G) space primitive vectors, cartesian coordinates (Bohr,Bohr^-1):
 R(1)=  0.0000000  5.1306065  5.1306065  G(1)= -0.0974544  0.0974544  0.0974544
 R(2)=  5.1306065  0.0000000  5.1306065  G(2)=  0.0974544 -0.0974544  0.0974544
 R(3)=  5.1306065  5.1306065  0.0000000  G(3)=  0.0974544  0.0974544 -0.0974544
 Unit cell volume ucvol=  2.7010716E+02 bohr^3
 Angles (23,13,12)=  6.00000000E+01  6.00000000E+01  6.00000000E+01 degrees

 Coarse grid specifications (used for wave-functions):

 getcut: wavevector=  0.0000  0.0000  0.0000  ngfft=  18  18  18
         ecut(hartree)=      7.000   => boxcut(ratio)=   2.08935

 Fine grid specifications (used for densities):

 getcut: wavevector=  0.0000  0.0000  0.0000  ngfft=  24  24  24
         ecut(hartree)=     12.000   => boxcut(ratio)=   2.12115

--- Pseudopotential description ------------------------------------------------
- pspini: atom type   1  psp file is /home/gonze/ABINIT/ABINITv7.9.3/trunk/7.9.3-private/tests/Psps_for_tests/si_ps.736.lda
- pspatm: opening atomic psp file    /home/gonze/ABINIT/ABINITv7.9.3/trunk/7.9.3-private/tests/Psps_for_tests/si_ps.736.lda
- silicon - PAW data extracted from US-psp (D.Vanderbilt) - generated by USpp2Abinit v2.2.1
- 14.00000   4.00000  20071017                znucl, zion, pspdat
    7    2    1    0       620   0.00000      pspcod,pspxc,lmax,lloc,mmax,r2well
 Pseudopotential format is: paw3
 basis_size (lnmax)=  4 (lmn_size=  8), orbitals=   0   0   1   1
 Spheres core radius: rc_sph= 1.81165366
 4 radial meshes are used:
  - mesh 1: r(i)=AA*[exp(BB*(i-1))-1], size= 620 , AA= 0.65134E-04 BB= 0.16667E-01
  - mesh 2: r(i)=AA*[exp(BB*(i-1))-1], size= 616 , AA= 0.65134E-04 BB= 0.16667E-01
  - mesh 3: r(i)=AA*[exp(BB*(i-1))-1], size= 663 , AA= 0.65134E-04 BB= 0.16667E-01
  - mesh 4: r(i)=AA*[exp(BB*(i-1))-1], size= 717 , AA= 0.65134E-04 BB= 0.16667E-01
 Shapefunction is BESSEL type: shapef(r,l)=aa(1,l)*jl(q(1,l)*r)+aa(2,l)*jl(q(2,l)*r)
 Radius for shape functions = sphere core radius
 Radial grid used for partial waves is grid 1
 Radial grid used for projectors is grid  2
 Radial grid used for (t)core density is grid 3
 Radial grid used for Vloc is grid 4
 Compensation charge density is taken into account in XC energy/potential
 pspatm: atomic psp has been read  and splines computed

   4.54064827E+01                                ecore*ucvol(ha*bohr**3)
--------------------------------------------------------------------------------

P newkpt: treating      4 bands with npw=     237 for ikpt=   1 by node    0
P newkpt: treating      4 bands with npw=     244 for ikpt=   2 by node    0
P newkpt: treating      4 bands with npw=     235 for ikpt=   3 by node    0
P newkpt: treating      4 bands with npw=     238 for ikpt=   4 by node    0
P newkpt: treating      4 bands with npw=     238 for ikpt=   5 by node    0
P newkpt: treating      4 bands with npw=     121 for ikpt=   6 by node    0

_setup2: Arith. and geom. avg. npw (full set) are     238.593     238.571

================================================================================

     iter   Etot(hartree)      deltaE(h)  residm     nres2
 ETOT  1  -8.0679534797078    -8.068E+00 5.082E-03 1.967E+00
 ETOT  2  -8.0448867459141     2.307E-02 2.488E-07 2.965E-01
 ETOT  3  -8.0396981529526     5.189E-03 3.732E-06 4.022E-03
 ETOT  4  -8.0397214561825    -2.330E-05 8.173E-08 7.801E-05
 ETOT  5  -8.0397207343649     7.218E-07 2.151E-09 4.882E-06
 ETOT  6  -8.0397209006724    -1.663E-07 1.861E-10 3.049E-08
 ETOT  7  -8.0397209005846     8.777E-11 3.213E-12 1.235E-09
 ETOT  8  -8.0397209005562     2.841E-11 3.398E-14 4.143E-11

 At SCF step    8       nres2   =  4.14E-11 < tolvrs=  1.00E-10 =>converged.

 Cartesian components of stress tensor (hartree/bohr^3)
  sigma(1 1)=  7.16031685E-05  sigma(3 2)=  0.00000000E+00
  sigma(2 2)=  7.16031685E-05  sigma(3 1)=  0.00000000E+00
  sigma(3 3)=  7.16031685E-05  sigma(2 1)=  0.00000000E+00


 PAW TEST:
 ==== Compensation charge inside spheres ============
 The following values must be close to each other ...
 Compensation charge over spherical meshes =     -0.147979821117655
 Compensation charge over fine fft grid    =     -0.147983735706797

 ==== Results concerning PAW augmentation regions ====

 Total pseudopotential strength Dij (hartree):
 Atom #  1
   0.43997   1.01229   0.00000   0.00000   0.00000   0.00000   0.00000   0.00000
   1.01229   2.31468   0.00000   0.00000   0.00000   0.00000   0.00000   0.00000
   0.00000   0.00000   0.13716   0.00000   0.00000   0.29353   0.00000   0.00000
   0.00000   0.00000   0.00000   0.13716   0.00000   0.00000   0.29353   0.00000
   0.00000   0.00000   0.00000   0.00000   0.13716   0.00000   0.00000   0.29353
   0.00000   0.00000   0.29353   0.00000   0.00000   0.62552   0.00000   0.00000
   0.00000   0.00000   0.00000   0.29353   0.00000   0.00000   0.62552   0.00000
   0.00000   0.00000   0.00000   0.00000   0.29353   0.00000   0.00000   0.62552
 Atom #  2
   0.43997   1.01229   0.00000   0.00000   0.00000   0.00000   0.00000   0.00000
   1.01229   2.31468   0.00000   0.00000   0.00000   0.00000   0.00000   0.00000
   0.00000   0.00000   0.13716   0.00000   0.00000   0.29353   0.00000   0.00000
   0.00000   0.00000   0.00000   0.13716   0.00000   0.00000   0.29353   0.00000
   0.00000   0.00000   0.00000   0.00000   0.13716   0.00000   0.00000   0.29353
   0.00000   0.00000   0.29353   0.00000   0.00000   0.62552   0.00000   0.00000
   0.00000   0.00000   0.00000   0.29353   0.00000   0.00000   0.62552   0.00000
   0.00000   0.00000   0.00000   0.00000   0.29353   0.00000   0.00000   0.62552


 Augmentation waves occupancies Rhoij:
 Atom #  1
   0.79951   0.13668   0.00000   0.00000   0.00000   0.00000   0.00000   0.00000
   0.13668   0.03325   0.00000   0.00000   0.00000   0.00000   0.00000   0.00000
   0.00000   0.00000   1.58890   0.00000   0.00000  -0.14854   0.00000   0.00000
   0.00000   0.00000   0.00000   1.58890   0.00000   0.00000  -0.14854   0.00000
   0.00000   0.00000   0.00000   0.00000   1.58890   0.00000   0.00000  -0.14854
   0.00000   0.00000  -0.14854   0.00000   0.00000   0.01736   0.00000   0.00000
   0.00000   0.00000   0.00000  -0.14854   0.00000   0.00000   0.01736   0.00000
   0.00000   0.00000   0.00000   0.00000  -0.14854   0.00000   0.00000   0.01736
 Atom #  2
   0.79951   0.13668   0.00000   0.00000   0.00000   0.00000   0.00000   0.00000
   0.13668   0.03325   0.00000   0.00000   0.00000   0.00000   0.00000   0.00000
   0.00000   0.00000   1.58890   0.00000   0.00000  -0.14854   0.00000   0.00000
   0.00000   0.00000   0.00000   1.58890   0.00000   0.00000  -0.14854   0.00000
   0.00000   0.00000   0.00000   0.00000   1.58890   0.00000   0.00000  -0.14854
   0.00000   0.00000  -0.14854   0.00000   0.00000   0.01736   0.00000   0.00000
   0.00000   0.00000   0.00000  -0.14854   0.00000   0.00000   0.01736   0.00000
   0.00000   0.00000   0.00000   0.00000  -0.14854   0.00000   0.00000   0.01736


================================================================================

 ----iterations are completed or convergence reached----

 Mean square residual over all n,k,spin=   1.1610E-14; max=  3.3980E-14
  -0.1667 -0.3333  0.0000    1  3.39796E-14 kpt; spin; max resid(k); each band:
  3.40E-14 1.62E-14 1.74E-14 9.41E-16
  -0.1667  0.3333  0.0000    1  3.20394E-14 kpt; spin; max resid(k); each band:
  3.20E-14 2.18E-14 1.66E-14 1.01E-15
  -0.3333  0.5000  0.0000    1  1.97389E-14 kpt; spin; max resid(k); each band:
  1.97E-14 6.05E-15 5.91E-15 5.31E-15
  -0.1667  0.5000  0.1667    1  2.74512E-14 kpt; spin; max resid(k); each band:
  1.60E-14 2.75E-14 1.32E-14 3.68E-15
  -0.1667  0.0000  0.0000    1  7.96801E-15 kpt; spin; max resid(k); each band:
  5.94E-15 7.97E-15 1.89E-15 1.83E-15
   0.5000  0.0000  0.0000    1  1.13357E-14 kpt; spin; max resid(k); each band:
  1.13E-14 6.82E-16 5.93E-15 5.82E-15
 reduced coordinates (array xred) for    2 atoms
       0.000000000000      0.000000000000      0.000000000000
       0.250000000000      0.250000000000      0.250000000000
 rms dE/dt=  1.5239E-28; max dE/dt=  1.3463E-28; dE/dt below (all hartree)
    1      -0.000000000000     -0.000000000000      0.000000000000
    2       0.000000000000     -0.000000000000     -0.000000000000

 cartesian coordinates (angstrom) at end:
    1      0.00000000000000     0.00000000000000     0.00000000000000
    2      1.35750000000000     1.35750000000000     1.35750000000000

 cartesian forces (hartree/bohr) at end:
    1     -0.00000000000000    -0.00000000000000     0.00000000000000
    2      0.00000000000000     0.00000000000000    -0.00000000000000
 frms,max,avg= 1.8040690E-29 2.1320815E-29   0.000E+00  0.000E+00  0.000E+00 h/b

 cartesian forces (eV/Angstrom) at end:
    1     -0.00000000000000    -0.00000000000000     0.00000000000000
    2      0.00000000000000     0.00000000000000    -0.00000000000000
 frms,max,avg= 9.2768949E-28 1.0963603E-27   0.000E+00  0.000E+00  0.000E+00 e/A
 length scales= 10.261212901569 10.261212901569 10.261212901569 bohr
              =  5.430000000000  5.430000000000  5.430000000000 angstroms
 Fermi (or HOMO) energy (hartree) =   0.18549   Average Vxc (hartree)=  -0.35964
 Eigenvalues (hartree) for nkpt=   6  k points:
 kpt#   1, nband=  4, wtk=  0.22222, kpt= -0.1667 -0.3333  0.0000 (reduced coord)
  -0.19016   0.03825   0.12803   0.13763
 kpt#   2, nband=  4, wtk=  0.22222, kpt= -0.1667  0.3333  0.0000 (reduced coord)
  -0.16047  -0.01957   0.08902   0.15425
 kpt#   3, nband=  4, wtk=  0.22222, kpt= -0.3333  0.5000  0.0000 (reduced coord)
  -0.12509  -0.03967   0.06741   0.10786
 kpt#   4, nband=  4, wtk=  0.22222, kpt= -0.1667  0.5000  0.1667 (reduced coord)
  -0.11742  -0.04999   0.05337   0.09975
 kpt#   5, nband=  4, wtk=  0.07407, kpt= -0.1667  0.0000  0.0000 (reduced coord)
  -0.22462   0.11374   0.18549   0.18549
 kpt#   6, nband=  4, wtk=  0.03704, kpt=  0.5000  0.0000  0.0000 (reduced coord)
  -0.15212  -0.05526   0.15788   0.15788
 Total charge density [el/Bohr^3]
,     Maximum=    8.4618E-02  at reduced coord.    0.1250    0.1250    0.6250
,Next maximum=    8.4618E-02  at reduced coord.    0.1250    0.6250    0.1250
,     Minimum=   -8.5960E-03  at reduced coord.    0.0000    0.0000    0.0000
,Next minimum=   -8.5960E-03  at reduced coord.    0.2500    0.2500    0.2500
,  Integrated=    8.0000E+00

--------------------------------------------------------------------------------
 Components of total free energy (in Hartree) :

    Kinetic energy  =  3.00802290015520E+00
    Hartree energy  =  5.46420612025164E-01
    XC energy       = -6.91753259715792E+00
    Ewald energy    = -8.39947182979608E+00
    PspCore energy  =  1.68105436135424E-01
    Loc. psp. energy= -2.44304963804713E+00
    Spherical terms =  5.99777574179923E+00
    >>>>>>>>> Etotal= -8.03972937488612E+00

 "Double-counting" decomposition of free energy:
    Band energy     =  1.23537702961917E-01
    Ewald energy    = -8.39947182979608E+00
    PspCore energy  =  1.68105436135424E-01
    Dble-C XC-energy= -4.13159667144984E+00
    Spherical terms =  4.19970446159238E+00
    >>>> Etotal (DC)= -8.03972090055620E+00

  >Total energy in eV           = -2.18772162150544E+02
  >Total DC energy in eV        = -2.18771931552300E+02
--------------------------------------------------------------------------------

 Cartesian components of stress tensor (hartree/bohr^3)
  sigma(1 1)=  7.16031685E-05  sigma(3 2)=  0.00000000E+00
  sigma(2 2)=  7.16031685E-05  sigma(3 1)=  0.00000000E+00
  sigma(3 3)=  7.16031685E-05  sigma(2 1)=  0.00000000E+00

-Cartesian components of stress tensor (GPa)         [Pressure= -2.1066E+00 GPa]
- sigma(1 1)=  2.10663760E+00  sigma(3 2)=  0.00000000E+00
- sigma(2 2)=  2.10663760E+00  sigma(3 1)=  0.00000000E+00
- sigma(3 3)=  2.10663760E+00  sigma(2 1)=  0.00000000E+00

== END DATASET(S) ==============================================================
================================================================================
  
 -outvars: echo values of variables after computation  --------
            acell      1.0261212902E+01  1.0261212902E+01  1.0261212902E+01 Bohr
              amu      2.80855000E+01
             ecut      7.00000000E+00 Hartree
           etotal     -8.0397209006E+00
            fcart     -2.1320815237E-29 -8.2003135527E-30  2.1320815237E-29
                       2.1320815237E-29  8.2003135527E-30 -2.1320815237E-29
-          fftalg         112
           istwfk        0    0    0    0    0    3
              ixc           2
              kpt     -1.66666667E-01 -3.33333333E-01  0.00000000E+00
                      -1.66666667E-01  3.33333333E-01  0.00000000E+00
                      -3.33333333E-01  5.00000000E-01  0.00000000E+00
                      -1.66666667E-01  5.00000000E-01  1.66666667E-01
                      -1.66666667E-01  0.00000000E+00  0.00000000E+00
                       5.00000000E-01  0.00000000E+00  0.00000000E+00
         kptrlatt        3   -3    3     -3    3    3     -3   -3    3
          kptrlen      3.07836387E+01
P           mkmem           6
            natom           2
            nband           4
            ngfft          18      18      18
          ngfftdg          24      24      24
             nkpt           6
            nstep          50
             nsym          48
           ntypat           1
              occ      2.000000  2.000000  2.000000  2.000000
        pawecutdg      1.20000000E+01 Hartree
           prtden           0
           prteig           0
            prtwf           0
            rprim      0.0000000000E+00  5.0000000000E-01  5.0000000000E-01
                       5.0000000000E-01  0.0000000000E+00  5.0000000000E-01
                       5.0000000000E-01  5.0000000000E-01  0.0000000000E+00
           shiftk      5.00000000E-01  5.00000000E-01  5.00000000E-01
          spgroup         227
           strten      7.1603168543E-05  7.1603168543E-05  7.1603168543E-05
                       0.0000000000E+00  0.0000000000E+00  0.0000000000E+00
           symrel      1  0  0   0  1  0   0  0  1      -1  0  0   0 -1  0   0  0 -1
                       0 -1  1   0 -1  0   1 -1  0       0  1 -1   0  1  0  -1  1  0
                      -1  0  0  -1  0  1  -1  1  0       1  0  0   1  0 -1   1 -1  0
                       0  1 -1   1  0 -1   0  0 -1       0 -1  1  -1  0  1   0  0  1
                      -1  0  0  -1  1  0  -1  0  1       1  0  0   1 -1  0   1  0 -1
                       0 -1  1   1 -1  0   0 -1  0       0  1 -1  -1  1  0   0  1  0
                       1  0  0   0  0  1   0  1  0      -1  0  0   0  0 -1   0 -1  0
                       0  1 -1   0  0 -1   1  0 -1       0 -1  1   0  0  1  -1  0  1
                      -1  0  1  -1  1  0  -1  0  0       1  0 -1   1 -1  0   1  0  0
                       0 -1  0   1 -1  0   0 -1  1       0  1  0  -1  1  0   0  1 -1
                       1  0 -1   0  0 -1   0  1 -1      -1  0  1   0  0  1   0 -1  1
                       0  1  0   0  0  1   1  0  0       0 -1  0   0  0 -1  -1  0  0
                       1  0 -1   0  1 -1   0  0 -1      -1  0  1   0 -1  1   0  0  1
                       0 -1  0   0 -1  1   1 -1  0       0  1  0   0  1 -1  -1  1  0
                      -1  0  1  -1  0  0  -1  1  0       1  0 -1   1  0  0   1 -1  0
                       0  1  0   1  0  0   0  0  1       0 -1  0  -1  0  0   0  0 -1
                       0  0 -1   0  1 -1   1  0 -1       0  0  1   0 -1  1  -1  0  1
                       1 -1  0   0 -1  1   0 -1  0      -1  1  0   0  1 -1   0  1  0
                       0  0  1   1  0  0   0  1  0       0  0 -1  -1  0  0   0 -1  0
                      -1  1  0  -1  0  0  -1  0  1       1 -1  0   1  0  0   1  0 -1
                       0  0  1   0  1  0   1  0  0       0  0 -1   0 -1  0  -1  0  0
                       1 -1  0   0 -1  0   0 -1  1      -1  1  0   0  1  0   0  1 -1
                       0  0 -1   1  0 -1   0  1 -1       0  0  1  -1  0  1   0 -1  1
                      -1  1  0  -1  0  1  -1  0  0       1 -1  0   1  0 -1   1  0  0
            tnons      0.0000000  0.0000000  0.0000000     0.2500000  0.2500000  0.2500000
                       0.0000000  0.0000000  0.0000000     0.2500000  0.2500000  0.2500000
                       0.0000000  0.0000000  0.0000000     0.2500000  0.2500000  0.2500000
                       0.0000000  0.0000000  0.0000000     0.2500000  0.2500000  0.2500000
                       0.0000000  0.0000000  0.0000000     0.2500000  0.2500000  0.2500000
                       0.0000000  0.0000000  0.0000000     0.2500000  0.2500000  0.2500000
                       0.0000000  0.0000000  0.0000000     0.2500000  0.2500000  0.2500000
                       0.0000000  0.0000000  0.0000000     0.2500000  0.2500000  0.2500000
                       0.0000000  0.0000000  0.0000000     0.2500000  0.2500000  0.2500000
                       0.0000000  0.0000000  0.0000000     0.2500000  0.2500000  0.2500000
                       0.0000000  0.0000000  0.0000000     0.2500000  0.2500000  0.2500000
                       0.0000000  0.0000000  0.0000000     0.2500000  0.2500000  0.2500000
                       0.0000000  0.0000000  0.0000000     0.2500000  0.2500000  0.2500000
                       0.0000000  0.0000000  0.0000000     0.2500000  0.2500000  0.2500000
                       0.0000000  0.0000000  0.0000000     0.2500000  0.2500000  0.2500000
                       0.0000000  0.0000000  0.0000000     0.2500000  0.2500000  0.2500000
                       0.0000000  0.0000000  0.0000000     0.2500000  0.2500000  0.2500000
                       0.0000000  0.0000000  0.0000000     0.2500000  0.2500000  0.2500000
                       0.0000000  0.0000000  0.0000000     0.2500000  0.2500000  0.2500000
                       0.0000000  0.0000000  0.0000000     0.2500000  0.2500000  0.2500000
                       0.0000000  0.0000000  0.0000000     0.2500000  0.2500000  0.2500000
                       0.0000000  0.0000000  0.0000000     0.2500000  0.2500000  0.2500000
                       0.0000000  0.0000000  0.0000000     0.2500000  0.2500000  0.2500000
                       0.0000000  0.0000000  0.0000000     0.2500000  0.2500000  0.2500000
           tolvrs      1.00000000E-10
            typat      1  1
           useylm           1
              wtk        0.22222    0.22222    0.22222    0.22222    0.07407    0.03704
           xangst      0.0000000000E+00  0.0000000000E+00  0.0000000000E+00
                       1.3575000000E+00  1.3575000000E+00  1.3575000000E+00
            xcart      0.0000000000E+00  0.0000000000E+00  0.0000000000E+00
                       2.5653032254E+00  2.5653032254E+00  2.5653032254E+00
             xred      0.0000000000E+00  0.0000000000E+00  0.0000000000E+00
                       2.5000000000E-01  2.5000000000E-01  2.5000000000E-01
            znucl       14.00000

================================================================================


- Timing analysis has been suppressed with timopt=0



================================================================================

 Suggested references for the acknowledgment of ABINIT usage.

 The users of ABINIT have little formal obligations with respect to the ABINIT group
 (those specified in the GNU General Public License, http://www.gnu.org/copyleft/gpl.txt).
 However, it is common practice in the scientific literature,
 to acknowledge the efforts of people that have made the research possible.
 In this spirit, please find below suggested citations of work written by ABINIT developers,
 corresponding to implementations inside of ABINIT that you have used in the present run.
 Note also that it will be of great value to readers of publications presenting these results,
 to read papers enabling them to understand the theoretical formalism and details
 of the ABINIT implementation.
 For information on why they are suggested, see also http://www.abinit.org/about/?text=acknowledgments.

 [1] Implementation of the Projector Augmented-Wave Method in the ABINIT code.
 M. Torrent, F. Jollet, F. Bottin, G. Zerah, and X. Gonze Comput. Mat. Science 42, 337, (2008).
 Comment : PAW calculations. Strong suggestion to cite this paper.

 [2] ABINIT : First-principles approach of materials and nanosystem properties.
 X. Gonze, B. Amadon, P.-M. Anglade, J.-M. Beuken, F. Bottin, P. Boulanger, F. Bruneval,
 D. Caliste, R. Caracas, M. Cote, T. Deutsch, L. Genovese, Ph. Ghosez, M. Giantomassi
 S. Goedecker, D.R. Hamann, P. Hermet, F. Jollet, G. Jomard, S. Leroux, M. Mancini, S. Mazevet,
 M.J.T. Oliveira, G. Onida, Y. Pouillon, T. Rangel, G.-M. Rignanese, D. Sangalli, R. Shaltaf,
 M. Torrent, M.J. Verstraete, G. Zerah, J.W. Zwanziger
 Computer Phys. Comm. 180, 2582-2615 (2009).
 Comment : the third generic paper describing the ABINIT project.
 Note that a version of this paper, that is not formatted for Computer Phys. Comm. 
 is available at http://www.abinit.org/about/ABINIT_CPC_v10.pdf .
 The licence allows the authors to put it on the Web.

 [3] A brief introduction to the ABINIT software package.
 X. Gonze, G.-M. Rignanese, M. Verstraete, J.-M. Beuken, Y. Pouillon, R. Caracas, F. Jollet,
 M. Torrent, G. Zerah, M. Mikami, Ph. Ghosez, M. Veithen, J.-Y. Raty, V. Olevano, F. Bruneval,
 L. Reining, R. Godby, G. Onida, D.R. Hamann, and D.C. Allan.
 Z. Kristallogr. 220, 558-562 (2005).
 Comment : the second generic paper describing the ABINIT project. Note that this paper
 should be cited especially if you are using the GW part of ABINIT, as several authors
 of this part are not in the list of authors of the first or third paper.
 The .pdf of the latter paper is available at http://www.abinit.org/about/zfk_0505-06_558-562.pdf.
 Note that it should not redistributed (Copyright by Oldenburg Wissenshaftverlag,
 the licence allows the authors to put it on the Web).


 And optionally :

 [4] First-principles computation of material properties : the ABINIT software project. 
 X. Gonze, J.-M. Beuken, R. Caracas, F. Detraux, M. Fuchs, G.-M. Rignanese, L. Sindic,
 M. Verstraete, G. Zerah, F. Jollet, M. Torrent, A. Roy, M. Mikami, Ph. Ghosez, J.-Y. Raty, D.C. Allan.
 Computational Materials Science 25, 478-492 (2002). http://dx.doi.org/10.1016/S0927-0256(02)00325-7
 Comment : the original paper describing the ABINIT project.

 [5] Fast radix 2, 3, 4 and 5 kernels for Fast Fourier Transformations
 on computers with overlapping multiply-add instructions.
 S. Goedecker, SIAM J. on Scientific Computing 18, 1605 (1997).
-
- Proc.   0 individual time (sec): cpu=          1.0  wall=          1.0

================================================================================

 Calculation completed.
.Delivered    6 WARNINGs and   0 COMMENTs to log file.
+Overall time at end (sec) : cpu=          1.0  wall=          1.0
