
 **** DERIVATIVE DATABASE ****    
+DDB, Version number    100401

 C diamond DDB file                                                                                                                                                                                                                                                      

    usepaw         0
     natom         2
      nkpt         8
    nsppol         1
      nsym         1
    ntypat         1
    occopt         1
     nband         8
     acell  0.67034680500000D+01  0.67034680500000D+01  0.67034680500000D+01
       amu  0.12011000000000D+02
   dilatmx  0.10000000000000D+01
      ecut  0.20000000000000D+02
    ecutsm  0.50000000000000D+00
     intxc         0
      iscf         7
       ixc         1
       kpt  0.00000000000000D+00  0.00000000000000D+00  0.00000000000000D+00
            0.50000000000000D+00  0.00000000000000D+00  0.00000000000000D+00
            0.00000000000000D+00  0.50000000000000D+00  0.00000000000000D+00
            0.50000000000000D+00  0.50000000000000D+00  0.00000000000000D+00
            0.00000000000000D+00  0.00000000000000D+00  0.50000000000000D+00
            0.50000000000000D+00  0.00000000000000D+00  0.50000000000000D+00
            0.00000000000000D+00  0.50000000000000D+00  0.50000000000000D+00
            0.50000000000000D+00  0.50000000000000D+00  0.50000000000000D+00
    kptnrm  0.10000000000000D+01
     ngfft        20   20   20
    nspden         1
   nspinor         1
       occ  0.20000000000000D+01  0.20000000000000D+01  0.20000000000000D+01
            0.20000000000000D+01  0.00000000000000D+00  0.00000000000000D+00
            0.00000000000000D+00  0.00000000000000D+00
     rprim  0.00000000000000D+00  0.50000000000000D+00  0.50000000000000D+00
            0.50000000000000D+00  0.00000000000000D+00  0.50000000000000D+00
            0.50000000000000D+00  0.50000000000000D+00  0.00000000000000D+00
     sciss  0.00000000000000D+00
    spinat  0.00000000000000D+00  0.00000000000000D+00  0.00000000000000D+00
            0.00000000000000D+00  0.00000000000000D+00  0.00000000000000D+00
    symafm         1
    symrel         1    0    0    0    1    0    0    0    1
     tnons  0.00000000000000D+00  0.00000000000000D+00  0.00000000000000D+00
    tolwfr  0.10000000000000D+01
   tphysel  0.00000000000000D+00
    tsmear  0.40000000000000D-01
     typat         1    1
       wtk  0.12500000000000D+00  0.12500000000000D+00  0.12500000000000D+00
            0.12500000000000D+00  0.12500000000000D+00  0.12500000000000D+00
            0.12500000000000D+00  0.12500000000000D+00
      xred  0.00000000000000D+00  0.00000000000000D+00  0.00000000000000D+00
            0.25000000000000D+00  0.25000000000000D+00  0.25000000000000D+00
     znucl  0.60000000000000D+01
      zion  0.40000000000000D+01
 
  Description of the potentials (KB energies)
  vrsio8 (for pseudopotentials)=100401
  usepaw =  0
  dimekb =  1       lmnmax=  1
  Atom type=    1   pspso=  0   nekb=   1
  iln lpsang iproj  ekb(:)
     1     0     1     4.9214663E+00
 
 **** Database of total energy derivatives ****
 Number of data blocks=    2
  
 2nd derivatives (non-stat.)  - # elements :      36
 qpt  0.00000000E+00  0.00000000E+00  0.00000000E+00   1.0
   1   1   1   1  0.13616105201882D+02  0.00000000000000D+00
   2   1   1   1  0.68080526355671D+01  0.00000000000000D+00
   3   1   1   1  0.68080526848727D+01  0.00000000000000D+00
   1   2   1   1 -0.13616102125067D+02  0.21180275447042D-16
   2   2   1   1 -0.68080511031151D+01 -0.33188834487859D-16
   3   2   1   1 -0.68080510297486D+01  0.30727404332027D-16
   1   1   2   1  0.68080526792798D+01  0.00000000000000D+00
   2   1   2   1  0.13616105093264D+02  0.00000000000000D+00
   3   1   2   1  0.68080526300826D+01  0.00000000000000D+00
   1   2   2   1 -0.68080510445683D+01 -0.33188834487859D-16
   2   2   2   1 -0.13616102149669D+02 -0.30658272680456D-16
   3   2   2   1 -0.68080510653690D+01  0.48099595177262D-17
   1   1   3   1  0.68080526654626D+01  0.00000000000000D+00
   2   1   3   1  0.68080526252585D+01  0.00000000000000D+00
   3   1   3   1  0.13616105004516D+02  0.00000000000000D+00
   1   2   3   1 -0.68080510696332D+01  0.30727404332027D-16
   2   2   3   1 -0.68080510934926D+01  0.48099595177262D-17
   3   2   3   1 -0.13616102090668D+02 -0.17207090307282D-16
   1   1   1   2 -0.13616102125598D+02 -0.21180275447042D-16
   2   1   1   2 -0.68080511112405D+01  0.33188834487859D-16
   3   1   1   2 -0.68080510469874D+01 -0.30727404332027D-16
   1   2   1   2  0.13616104911617D+02  0.00000000000000D+00
   2   2   1   2  0.68080524933958D+01  0.00000000000000D+00
   3   2   1   2  0.68080525457212D+01  0.00000000000000D+00
   1   1   2   2 -0.68080510869739D+01  0.33188834487859D-16
   2   1   2   2 -0.13616102151823D+02  0.30658272680456D-16
   3   1   2   2 -0.68080510895287D+01 -0.48099595177262D-17
   1   2   2   2  0.68080525333859D+01  0.00000000000000D+00
   2   2   2   2  0.13616105038745D+02  0.00000000000000D+00
   3   2   2   2  0.68080525403726D+01  0.00000000000000D+00
   1   1   3   2 -0.68080510860528D+01 -0.30727404332027D-16
   2   1   3   2 -0.68080510855644D+01 -0.48099595177262D-17
   3   1   3   2 -0.13616102091883D+02  0.17207090307282D-16
   1   2   3   2  0.68080525405389D+01  0.00000000000000D+00
   2   2   3   2  0.68080525425633D+01  0.00000000000000D+00
   3   2   3   2  0.13616104903998D+02  0.00000000000000D+00
  
 2nd derivatives (non-stat.)  - # elements :      36
 qpt  5.00000000E-01  5.00000000E-01  0.00000000E+00   1.0
   1   1   1   1  0.11760441692232D+02  0.00000000000000D+00
   2   1   1   1  0.75020738854505D+01  0.24598090563789D-14
   3   1   1   1  0.42583679336021D+01  0.11624870685406D-13
   1   2   1   1 -0.56316016202635D-07  0.23387961652200D-14
   2   2   1   1 -0.22183690057813D+01  0.41701404977727D-14
   3   2   1   1 -0.22183689943403D+01  0.27459779667662D-14
   1   1   2   1  0.75020738834166D+01  0.62218749353448D-14
   2   1   2   1  0.11760441592531D+02  0.00000000000000D+00
   3   1   2   1  0.42583679133918D+01  0.55944474521047D-14
   1   2   2   1 -0.22183689716614D+01 -0.61387073420299D-15
   2   2   2   1 -0.50277385936463D-07 -0.39445423162817D-14
   3   2   2   1 -0.22183689945096D+01  0.75508616805387D-16
   1   1   3   1  0.42583679365490D+01 -0.28085043327788D-14
   2   1   3   1  0.42583679193409D+01 -0.13492226502875D-15
   3   1   3   1  0.85167355378361D+01  0.00000000000000D+00
   1   2   3   1 -0.22183690015367D+01 -0.15128329536206D-14
   2   2   3   1 -0.22183690027224D+01 -0.51173461164457D-15
   3   2   3   1 -0.44367378665907D+01 -0.23170740763981D-15
   1   1   1   2 -0.58146495460573D-07  0.17056533072161D-14
   2   1   1   2 -0.22183689729089D+01 -0.70142991152893D-14
   3   1   1   2 -0.22183689919748D+01  0.51318499305802D-14
   1   2   1   2  0.11760441411853D+02  0.00000000000000D+00
   2   2   1   2  0.75020737618218D+01  0.22835149709309D-14
   3   2   1   2  0.42583678248224D+01  0.63865998329193D-14
   1   1   2   2 -0.22183690079750D+01  0.51528815957313D-14
   2   1   2   2 -0.47639604659558D-07  0.24465269787058D-14
   3   1   2   2 -0.22183689878563D+01  0.11000777505374D-13
   1   2   2   2  0.75020737554198D+01 -0.10195142146337D-14
   2   2   2   2  0.11760441556712D+02  0.00000000000000D+00
   3   2   2   2  0.42583678508393D+01  0.69603682704618D-14
   1   1   3   2 -0.22183690033812D+01 -0.36469368409237D-14
   2   1   3   2 -0.22183690099590D+01 -0.99146230197503D-14
   3   1   3   2 -0.44367378664605D+01 -0.25634666775877D-14
   1   2   3   2  0.42583678300449D+01  0.94268846196964D-14
   2   2   3   2  0.42583678583164D+01  0.51509082301665D-14
   3   2   3   2  0.85167354601110D+01  0.00000000000000D+00

 List of bloks and their characteristics 
  
 2nd derivatives (non-stat.)  - # elements :      36
 qpt  0.00000000E+00  0.00000000E+00  0.00000000E+00   1.0
  
 2nd derivatives (non-stat.)  - # elements :      36
 qpt  5.00000000E-01  5.00000000E-01  0.00000000E+00   1.0
