
.Version 7.9.3 of ABINIT 
.(MPI version, prepared for a x86_64_linux_gnu4.7 computer) 

.Copyright (C) 1998-2014 ABINIT group . 
 ABINIT comes with ABSOLUTELY NO WARRANTY.
 It is free software, and you are welcome to redistribute it
 under certain conditions (GNU General Public License,
 see ~abinit/COPYING or http://www.gnu.org/copyleft/gpl.txt).

 ABINIT is a project of the Universite Catholique de Louvain,
 Corning Inc. and other collaborators, see ~abinit/doc/developers/contributors.txt .
 Please read ~abinit/doc/users/acknowledgments.html for suggested
 acknowledgments of the ABINIT effort.
 For more information, see http://www.abinit.org .

.Starting date : Sat 30 Aug 2014.
- ( at 22h19 )
  
- input  file    -> t31.in
- output file    -> t31.out
- root for input  files -> t31i
- root for output files -> t31o


 DATASET    1 : space group P1 (#  1); Bravais aP (primitive triclinic)
--------------------------------------------------------------------------------
------------- Echo of variables that govern the present computation ------------
--------------------------------------------------------------------------------
-
- outvars: echo of selected default values                                      
-   accesswff0 =  0 , fftalg0 =112 , wfoptalg0 = 10
-
- outvars: echo of global parameters not present in the input file              
-  max_nthreads =    0
-
 -outvars: echo values of preprocessed input variables --------
            acell      1.7400000000E+01  1.7400000000E+01  1.7400000000E+01 Bohr
              amu      1.00000000E+00
-          fftalg         112
         icoulomb           1
           istwfk        1
           jdtset        1
           kptopt           0
P           mkmem           1
            natom           1
            nband           1
           ndtset           1
            ngfft           2       2       2
          ngfftdg           2       2       2
             nkpt           1
            nline           2
        nscforder          14
            nstep           5
             nsym           1
           ntypat           1
         nwfshist           4
              occ      1.000000
        optforces           0
        optstress           0
         pawmixdg           1
           prtden           0
           prteig           0
            prtwf           0
          spgroup           1
           tolvrs      1.00000000E-03
            typat      1
           usewvl           1
       wvl_crmult      3.00000000E+00
       wvl_frmult      2.00000000E+00
        wvl_hgrid      4.00000000E-01
       wvl_nprccg           5
           xangst      4.6038417147E+00  4.6038417147E+00  4.6038417147E+00
            xcart      8.7000000000E+00  8.7000000000E+00  8.7000000000E+00
             xred      5.0000000000E-01  5.0000000000E-01  5.0000000000E-01
            znucl        1.00000

================================================================================

 chkinp: Checking input parameters for consistency, jdtset=   1.

================================================================================
== DATASET  1 ==================================================================
-   nproc =    1

 Exchange-correlation functional for the present dataset will be:
  LDA: new Teter (4/93) with spin-polarized option - ixc=1
 Citation for XC functional:
  S. Goedecker, M. Teter, J. Huetter, PRB 54, 1703 (1996)

 Real(R)+Recip(G) space primitive vectors, cartesian coordinates (Bohr,Bohr^-1):
 R(1)= 17.4000000  0.0000000  0.0000000  G(1)=  0.0574713  0.0000000  0.0000000
 R(2)=  0.0000000 17.4000000  0.0000000  G(2)=  0.0000000  0.0574713  0.0000000
 R(3)=  0.0000000  0.0000000 17.4000000  G(3)=  0.0000000  0.0000000  0.0574713
 Unit cell volume ucvol=  5.2680240E+03 bohr^3
 Angles (23,13,12)=  9.00000000E+01  9.00000000E+01  9.00000000E+01 degrees

 Coarse grid specifications (used for wave-functions):

 Fine grid specifications (used for densities):

--- Pseudopotential description ------------------------------------------------
- pspini: atom type   1  psp file is /home/gonze/ABINIT/ABINITv7.9.3/trunk/7.9.3-private/tests/Psps_for_tests/1h.atompaw.wvl
- pspatm: opening atomic psp file    /home/gonze/ABINIT/ABINITv7.9.3/trunk/7.9.3-private/tests/Psps_for_tests/1h.atompaw.wvl
- Paw atomic data for element H - Generated by atompaw v3.0.1.5 & AtomPAW2Abinit v3.3.1
-  1.00000   1.00000  20120829                znucl, zion, pspdat
    7    7    0    0      5992   0.00000      pspcod,pspxc,lmax,lloc,mmax,r2well
 Pseudopotential format is: paw5
 basis_size (lnmax)=  1 (lmn_size=  1), orbitals=   0
 Spheres core radius: rc_sph= 0.89923524
 4 radial meshes are used:
  - mesh 1: r(i)=AA*[exp(BB*(i-1))-1], size=5992 , AA= 0.11178E-02 BB= 0.11178E-02
  - mesh 2: r(i)=AA*[exp(BB*(i-1))-1], size=5987 , AA= 0.11178E-02 BB= 0.11178E-02
  - mesh 3: r(i)=AA*[exp(BB*(i-1))-1], size=8140 , AA= 0.11178E-02 BB= 0.11178E-02
  - mesh 4: r(i)=AA*[exp(BB*(i-1))-1], size=8438 , AA= 0.11178E-02 BB= 0.11178E-02
 Shapefunction is SIN type: shapef(r)=[sin(pi*r/rshp)/(pi*r/rshp)]**2
 Radius for shape functions = sphere core radius
 Radial grid used for partial waves is grid 1
 Radial grid used for projectors is grid  2
 Radial grid used for (t)core density is grid 1
 Radial grid used for Vloc is grid 3
 Radial grid used for pseudo valence density is grid 4
 Compensation charge density is not taken into account in XC energy/potential
 pspatm: atomic psp has been read  and splines computed

-
- pawpsp_fill_hgh : COMMENT -
-  HGH geometric informations have been computed:
-  These are needed for the initial guess
-  and to set the size of the mesh around the atoms
  radii_cf(1)=   1.4634185; radii_cf(2)=   0.2000000; rad_cov=   0.7500000
  radii for projectors: radii_cf(3)=   0.8317092

   1.92885389E-01                                ecore*ucvol(ha*bohr**3)
--------------------------------------------------------------------------------


 setup2: nwvl coarse and fine are    5520       8

================================================================================

     iter   Etot(hartree)      deltaE(h)  grdnorm    nres2
 ETOT  1 -0.38291313708704    -3.829E-01 1.531E-01 3.516E+00
 ETOT  2 -0.41866703792366    -3.575E-02 2.625E-02 2.251E-01
 ETOT  3 -0.42202139512190    -3.354E-03 7.966E-03 2.707E-03
 ETOT  4 -0.42248546015016    -4.641E-04 3.895E-04 6.308E-07

 At SCF step    4       nres2   =  6.31E-07 < tolvrs=  1.00E-03 =>converged.

 PAW TEST:
 ==== Compensation charge inside spheres ============
 The following values must be close to each other ...
 Compensation charge over spherical meshes =      0.004206887116856
 Compensation charge over fft grid         =      0.004205488179023

 ==== Results concerning PAW augmentation regions ====

 Total pseudopotential strength Dij (hartree):
  -0.03725


 Augmentation waves occupancies Rhoij:
   0.83104


================================================================================

 ----iterations are completed or convergence reached----

 Mean square residual over all n,k,spin=   0.0000E+00; max=  0.0000E+00
   0.0000  0.0000  0.0000    1  0.00000E+00 kpt; spin; max resid(k); each band:
  0.00E+00
 reduced coordinates (array xred) for    1 atoms
       0.500000000000      0.500000000000      0.500000000000
 rms dE/dt=  0.0000E+00; max dE/dt=  0.0000E+00; dE/dt below (all hartree)
    1       0.000000000000      0.000000000000      0.000000000000

 cartesian coordinates (angstrom) at end:
    1      2.22254427607800     2.22254427607800     2.22254427607800
 length scales=  8.400000000000  8.400000000000  8.400000000000 bohr
              =  4.445088552156  4.445088552156  4.445088552156 angstroms
 Fermi (or HOMO) energy (hartree) =   0.00000   Average Vxc (hartree)=  -0.01296
 Eigenvalues (hartree) for nkpt=   1  k points:
 kpt#   1, nband=  1, wtk=  1.00000, kpt=  0.0000  0.0000  0.0000 (reduced coord)
  -0.19174
 Total charge density [el/Bohr^3]
,     Maximum=    1.8347E-01  at reduced coord.    0.4795    0.4795    0.4795
,Next maximum=    1.6808E-01  at reduced coord.    0.4795    0.4932    0.4795
,     Minimum=    1.0000E-20  at reduced coord.    0.0000    0.0000    0.0000
,Next minimum=    1.0000E-20  at reduced coord.    0.0137    0.0000    0.0000
,  Integrated=    1.9045E-01

--------------------------------------------------------------------------------
 Components of total free energy (in Hartree) :

    Kinetic energy  =  4.60675760029855E-01
    Hartree energy  =  3.06161115955480E-01
    XC energy       = -2.46639024394387E-01
    Ion-ion energy  =  0.00000000000000E+00
    PspCore energy  =  0.00000000000000E+00
    Loc. psp. energy= -9.12306243340010E-01
    Spherical terms = -3.09573665137882E-02
    >>>>>>>>> Etotal= -4.23065758262850E-01

 "Double-counting" decomposition of free energy:
    Band energy     = -1.91739741224246E-01
    Ion-ion energy  =  0.00000000000000E+00
    PspCore energy  =  0.00000000000000E+00
    Dble-C XC-energy= -2.31324801038899E-01
    Spherical terms =  5.79082112986722E-04
    >>>> Etotal (DC)= -4.22485460150158E-01

  >Total energy in eV           = -1.15122047461124E+01
  >Total DC energy in eV        = -1.14964140314147E+01
--------------------------------------------------------------------------------

== END DATASET(S) ==============================================================
================================================================================
  
 -outvars: echo values of variables after computation  --------
            acell      8.4000000000E+00  8.4000000000E+00  8.4000000000E+00 Bohr
              amu      1.00000000E+00
           etotal1    -4.2248546015E-01
            fcart1     9.9999999999E+99  9.9999999999E+99  9.9999999999E+99
-          fftalg         112
         icoulomb           1
           istwfk        1
           jdtset        1
           kptopt           0
P           mkmem           1
            natom           1
            nband           1
           ndtset           1
            ngfft           2       2       2
          ngfftdg           2       2       2
             nkpt           1
            nline           2
        nscforder          14
            nstep           5
             nsym           1
           ntypat           1
         nwfshist           4
              occ      1.000000
        optforces           0
        optstress           0
         pawmixdg           1
           prtden           0
           prteig           0
            prtwf           0
          spgroup           1
           strten1     9.9999999999E+99  9.9999999999E+99  9.9999999999E+99
                       9.9999999999E+99  9.9999999999E+99  9.9999999999E+99
           tolvrs      1.00000000E-03
            typat      1
           usewvl           1
       wvl_crmult      3.00000000E+00
       wvl_frmult      2.00000000E+00
        wvl_hgrid      4.00000000E-01
       wvl_nprccg           5
           xangst      2.2225442761E+00  2.2225442761E+00  2.2225442761E+00
            xcart      4.2000000000E+00  4.2000000000E+00  4.2000000000E+00
             xred      5.0000000000E-01  5.0000000000E-01  5.0000000000E-01
            znucl        1.00000

================================================================================


- Timing analysis has been suppressed with timopt=0



================================================================================

 Suggested references for the acknowledgment of ABINIT usage.

 The users of ABINIT have little formal obligations with respect to the ABINIT group
 (those specified in the GNU General Public License, http://www.gnu.org/copyleft/gpl.txt).
 However, it is common practice in the scientific literature,
 to acknowledge the efforts of people that have made the research possible.
 In this spirit, please find below suggested citations of work written by ABINIT developers,
 corresponding to implementations inside of ABINIT that you have used in the present run.
 Note also that it will be of great value to readers of publications presenting these results,
 to read papers enabling them to understand the theoretical formalism and details
 of the ABINIT implementation.
 For information on why they are suggested, see also http://www.abinit.org/about/?text=acknowledgments.

 [1] Implementation of the Projector Augmented-Wave Method in the ABINIT code.
 M. Torrent, F. Jollet, F. Bottin, G. Zerah, and X. Gonze Comput. Mat. Science 42, 337, (2008).
 Comment : PAW calculations. Strong suggestion to cite this paper.

 [2] Daubechies wavelets as a basis set for density functional pseudopotential calculations.
 L. Genovese, A. Neelov, S. Goedecker, T. Deutsch, S.A. Ghasemi, A. Willand, D. Caliste, O. Zilberberg, M. Rayson, A. Bergman et R. Schneider,
 J. Chem. Phys. 129, 014109 (2008).
 Comment : to be cited in case BigDFT project is used, i.e. usewvl=1.

 [3] ABINIT : First-principles approach of materials and nanosystem properties.
 X. Gonze, B. Amadon, P.-M. Anglade, J.-M. Beuken, F. Bottin, P. Boulanger, F. Bruneval,
 D. Caliste, R. Caracas, M. Cote, T. Deutsch, L. Genovese, Ph. Ghosez, M. Giantomassi
 S. Goedecker, D.R. Hamann, P. Hermet, F. Jollet, G. Jomard, S. Leroux, M. Mancini, S. Mazevet,
 M.J.T. Oliveira, G. Onida, Y. Pouillon, T. Rangel, G.-M. Rignanese, D. Sangalli, R. Shaltaf,
 M. Torrent, M.J. Verstraete, G. Zerah, J.W. Zwanziger
 Computer Phys. Comm. 180, 2582-2615 (2009).
 Comment : the third generic paper describing the ABINIT project.
 Note that a version of this paper, that is not formatted for Computer Phys. Comm. 
 is available at http://www.abinit.org/about/ABINIT_CPC_v10.pdf .
 The licence allows the authors to put it on the Web.

 [4] A brief introduction to the ABINIT software package.
 X. Gonze, G.-M. Rignanese, M. Verstraete, J.-M. Beuken, Y. Pouillon, R. Caracas, F. Jollet,
 M. Torrent, G. Zerah, M. Mikami, Ph. Ghosez, M. Veithen, J.-Y. Raty, V. Olevano, F. Bruneval,
 L. Reining, R. Godby, G. Onida, D.R. Hamann, and D.C. Allan.
 Z. Kristallogr. 220, 558-562 (2005).
 Comment : the second generic paper describing the ABINIT project. Note that this paper
 should be cited especially if you are using the GW part of ABINIT, as several authors
 of this part are not in the list of authors of the first or third paper.
 The .pdf of the latter paper is available at http://www.abinit.org/about/zfk_0505-06_558-562.pdf.
 Note that it should not redistributed (Copyright by Oldenburg Wissenshaftverlag,
 the licence allows the authors to put it on the Web).


 And optionally :

 [5] First-principles computation of material properties : the ABINIT software project. 
 X. Gonze, J.-M. Beuken, R. Caracas, F. Detraux, M. Fuchs, G.-M. Rignanese, L. Sindic,
 M. Verstraete, G. Zerah, F. Jollet, M. Torrent, A. Roy, M. Mikami, Ph. Ghosez, J.-Y. Raty, D.C. Allan.
 Computational Materials Science 25, 478-492 (2002). http://dx.doi.org/10.1016/S0927-0256(02)00325-7
 Comment : the original paper describing the ABINIT project.
-
- Proc.   0 individual time (sec): cpu=          2.8  wall=          2.8

================================================================================

 Calculation completed.
.Delivered   11 WARNINGs and   5 COMMENTs to log file.
+Overall time at end (sec) : cpu=          2.8  wall=          2.8
