
.Version 7.9.3 of ABINIT 
.(MPI version, prepared for a x86_64_linux_gnu4.7 computer) 

.Copyright (C) 1998-2014 ABINIT group . 
 ABINIT comes with ABSOLUTELY NO WARRANTY.
 It is free software, and you are welcome to redistribute it
 under certain conditions (GNU General Public License,
 see ~abinit/COPYING or http://www.gnu.org/copyleft/gpl.txt).

 ABINIT is a project of the Universite Catholique de Louvain,
 Corning Inc. and other collaborators, see ~abinit/doc/developers/contributors.txt .
 Please read ~abinit/doc/users/acknowledgments.html for suggested
 acknowledgments of the ABINIT effort.
 For more information, see http://www.abinit.org .

.Starting date : Sat 30 Aug 2014.
- ( at 22h32 )
  
- input  file    -> t15.in
- output file    -> t15.out
- root for input  files -> t15i
- root for output files -> t15o


 DATASET    1 : space group Fm -3 m (#225); Bravais cF (face-center cubic)
================================================================================
 Values of the parameters that define the memory need for DATASET  1.
   intxc =         0  ionmov =         0    iscf =         5 xclevel =         1
  lmnmax =         2   lnmax =         2   mband =        10  mffmem =         1
P  mgfft =        20   mkmem =         1 mpssoang=         3     mpw =       166
  mqgrid =      3001   natom =         1    nfft =      8000    nkpt =         1
  nloalg =         4  nspden =         2 nspinor =         1  nsppol =         2
    nsym =        48  n1xccc =      2501  ntypat =         1  occopt =         4
================================================================================
P This job should need less than                       4.090 Mbytes of memory.
  Rough estimation (10% accuracy) of disk space for files :
_ WF disk file :      0.053 Mbytes ; DEN or POT disk file :      0.124 Mbytes.
================================================================================


 DATASET    2 : space group Fm -3 m (#225); Bravais cF (face-center cubic)
================================================================================
 Values of the parameters that define the memory need for DATASET  2 (RF).
   intxc =         0    iscf =         5 xclevel =         1  lmnmax =         2
   lnmax =         2   mband =        10  mffmem =         1   mgfft =        20
P  mkmem =         1  mkqmem =         1  mk1mem =         1 mpssoang=         3
     mpw =       331  mqgrid =      3001   natom =         1    nfft =      8000
    nkpt =         1  nloalg =         4  nspden =         2 nspinor =         1
  nsppol =         2    nsym =        48  n1xccc =      2501  ntypat =         1
  occopt =         4
================================================================================
P This job should need less than                       4.717 Mbytes of memory.
  Rough estimation (10% accuracy) of disk space for files :
_ WF disk file :      0.103 Mbytes ; DEN or POT disk file :      0.124 Mbytes.
================================================================================

--------------------------------------------------------------------------------
------------- Echo of variables that govern the present computation ------------
--------------------------------------------------------------------------------
-
- outvars: echo of selected default values                                      
-   accesswff0 =  0 , fftalg0 =112 , wfoptalg0 =  0
-
- outvars: echo of global parameters not present in the input file              
-  max_nthreads =    0
-
 -outvars: echo values of preprocessed input variables --------
            acell      6.5000000000E+00  6.5000000000E+00  6.5000000000E+00 Bohr
              amu      5.58470000E+01
             ecut      2.20000000E+01 Hartree
-          fftalg         112
           getwfk1          0
           getwfk2          1
             iscf           5
           istwfk1       2
           istwfk2       1
           jdtset        1    2
           kptopt           0
P           mkmem           1
P          mkqmem           1
P          mk1mem           1
            natom           1
            nband          10
           nbdbuf1          0
           nbdbuf2          2
           ndtset           2
            ngfft          20      20      20
             nkpt           1
             nqpt1          0
             nqpt2          1
           nspden           2
           nsppol           2
            nstep1         30
            nstep2         18
             nsym          48
           ntypat           1
              occ      1.000000  1.000000  1.000000  1.000000  0.000000  0.000000
                       0.000000  0.000000  0.000000  0.000000
                       1.000000  1.000000  1.000000  1.000000  0.000000  0.000000
                       0.000000  0.000000  0.000000  0.000000
           occopt           4
        optdriver1          0
        optdriver2          1
            rfdir1          0       0       0
            rfdir2          1       1       1
           rfphon1          0
           rfphon2          1
            rprim      0.0000000000E+00  5.0000000000E-01  5.0000000000E-01
                       5.0000000000E-01  0.0000000000E+00  5.0000000000E-01
                       5.0000000000E-01  5.0000000000E-01  0.0000000000E+00
          spgroup         225
           spinat      0.0000000000E+00  0.0000000000E+00  4.0000000000E+00
           symrel      1  0  0   0  1  0   0  0  1      -1  0  0   0 -1  0   0  0 -1
                       0 -1  1   0 -1  0   1 -1  0       0  1 -1   0  1  0  -1  1  0
                      -1  0  0  -1  0  1  -1  1  0       1  0  0   1  0 -1   1 -1  0
                       0  1 -1   1  0 -1   0  0 -1       0 -1  1  -1  0  1   0  0  1
                      -1  0  0  -1  1  0  -1  0  1       1  0  0   1 -1  0   1  0 -1
                       0 -1  1   1 -1  0   0 -1  0       0  1 -1  -1  1  0   0  1  0
                       1  0  0   0  0  1   0  1  0      -1  0  0   0  0 -1   0 -1  0
                       0  1 -1   0  0 -1   1  0 -1       0 -1  1   0  0  1  -1  0  1
                      -1  0  1  -1  1  0  -1  0  0       1  0 -1   1 -1  0   1  0  0
                       0 -1  0   1 -1  0   0 -1  1       0  1  0  -1  1  0   0  1 -1
                       1  0 -1   0  0 -1   0  1 -1      -1  0  1   0  0  1   0 -1  1
                       0  1  0   0  0  1   1  0  0       0 -1  0   0  0 -1  -1  0  0
                       1  0 -1   0  1 -1   0  0 -1      -1  0  1   0 -1  1   0  0  1
                       0 -1  0   0 -1  1   1 -1  0       0  1  0   0  1 -1  -1  1  0
                      -1  0  1  -1  0  0  -1  1  0       1  0 -1   1  0  0   1 -1  0
                       0  1  0   1  0  0   0  0  1       0 -1  0  -1  0  0   0  0 -1
                       0  0 -1   0  1 -1   1  0 -1       0  0  1   0 -1  1  -1  0  1
                       1 -1  0   0 -1  1   0 -1  0      -1  1  0   0  1 -1   0  1  0
                       0  0  1   1  0  0   0  1  0       0  0 -1  -1  0  0   0 -1  0
                      -1  1  0  -1  0  0  -1  0  1       1 -1  0   1  0  0   1  0 -1
                       0  0  1   0  1  0   1  0  0       0  0 -1   0 -1  0  -1  0  0
                       1 -1  0   0 -1  0   0 -1  1      -1  1  0   0  1  0   0  1 -1
                       0  0 -1   1  0 -1   0  1 -1       0  0  1  -1  0  1   0 -1  1
                      -1  1  0  -1  0  1  -1  0  0       1 -1  0   1  0 -1   1  0  0
           tolvrs1     1.00000000E-13
           tolvrs2     1.00000000E-10
            typat      1
            znucl       26.00000

================================================================================

 chkinp: Checking input parameters for consistency, jdtset=   1.

 chkinp: Checking input parameters for consistency, jdtset=   2.

================================================================================
== DATASET  1 ==================================================================
-   nproc =    1

 Exchange-correlation functional for the present dataset will be:
  LDA: new Teter (4/93) with spin-polarized option - ixc=1
 Citation for XC functional:
  S. Goedecker, M. Teter, J. Huetter, PRB 54, 1703 (1996)

 Real(R)+Recip(G) space primitive vectors, cartesian coordinates (Bohr,Bohr^-1):
 R(1)=  0.0000000  3.2500000  3.2500000  G(1)= -0.1538462  0.1538462  0.1538462
 R(2)=  3.2500000  0.0000000  3.2500000  G(2)=  0.1538462 -0.1538462  0.1538462
 R(3)=  3.2500000  3.2500000  0.0000000  G(3)=  0.1538462  0.1538462 -0.1538462
 Unit cell volume ucvol=  6.8656250E+01 bohr^3
 Angles (23,13,12)=  6.00000000E+01  6.00000000E+01  6.00000000E+01 degrees

 getcut: wavevector=  0.0000  0.0000  0.0000  ngfft=  20  20  20
         ecut(hartree)=     22.000   => boxcut(ratio)=   2.06089

--- Pseudopotential description ------------------------------------------------
- pspini: atom type   1  psp file is /home/gonze/ABINIT/ABINITv7.9.3/trunk/7.9.3-private/tests/Psps_for_tests/26fe.pspnc
- pspatm: opening atomic psp file    /home/gonze/ABINIT/ABINITv7.9.3/trunk/7.9.3-private/tests/Psps_for_tests/26fe.pspnc
-  Troullier-Martins psp for element  Fe        Thu Oct 27 17:35:05 EDT 1994
- 26.00000   8.00000    940714                znucl, zion, pspdat
    1    1    2    0      2001   0.00000      pspcod,pspxc,lmax,lloc,mmax,r2well
    0   4.333  10.868    0   2.2918558        l,e99.0,e99.9,nproj,rcpsp
   0.00000000   0.00000000   0.00000000   0.00000000     rms, ekb1, ekb2, epsatm
    1   1.213   4.197    1   2.8345121        l,e99.0,e99.9,nproj,rcpsp
   0.00000000   0.00000000   0.00000000   0.00000000     rms, ekb1, ekb2, epsatm
    2  18.664  23.972    1   2.2918558        l,e99.0,e99.9,nproj,rcpsp
   0.00000000   0.00000000   0.00000000   0.00000000     rms, ekb1, ekb2, epsatm
    1.56404770202776    2.06158206779471    6.88331421535388   rchrg,fchrg,qchrg
 pspatm: epsatm=   62.03296659
         --- l  ekb(1:nproj) -->
             1    1.561134
             2   -8.115829
 pspatm: atomic psp has been read  and splines computed

   4.96263733E+02                                ecore*ucvol(ha*bohr**3)
--------------------------------------------------------------------------------

P newkpt: treating     10 bands with npw=     166 for ikpt=   1 by node    0
P newkpt: treating     10 bands with npw=     166 for ikpt=   1 by node    0

_setup2: Arith. and geom. avg. npw (full set) are     331.000     331.000

================================================================================

     iter   Etot(hartree)     deltaE(h) residm    vres2    magn
 ETOT  1  -23.680706901504    -2.37E+01 2.53E-02 3.47E+03 2.167
 ETOT  2  -24.993973530379    -1.31E+00 2.19E-05 8.55E+02 1.464
 ETOT  3  -25.246788332856    -2.53E-01 2.18E-05 3.29E+01 3.438
 ETOT  4  -25.266220315053    -1.94E-02 3.18E-06 5.91E+01 3.954
 ETOT  5  -25.278856583595    -1.26E-02 2.78E-05 1.48E+00 4.156
 ETOT  6  -25.275917829988     2.94E-03 8.67E-06 1.20E+01 4.000
 ETOT  7  -25.276326595607    -4.09E-04 9.70E-06 1.01E+01 4.026
 ETOT  8  -25.276415217172    -8.86E-05 1.69E-07 8.55E+00 4.010
 ETOT  9  -25.276227069744     1.88E-04 5.19E-07 9.41E+00 4.001
 ETOT 10  -25.277787263485    -1.56E-03 1.77E-06 2.84E+00 4.064
 ETOT 11  -25.278679442959    -8.92E-04 1.70E-06 1.68E+00 4.138
 ETOT 12  -25.279067844552    -3.88E-04 1.25E-07 2.71E+00 4.194
 ETOT 13  -25.278343434094     7.24E-04 9.67E-07 1.45E-01 4.047
 ETOT 14  -25.278351779478    -8.35E-06 4.79E-08 5.17E-03 4.046
 ETOT 15  -25.278351658492     1.21E-07 2.09E-09 2.80E-04 4.043
 ETOT 16  -25.278351627491     3.10E-08 1.65E-09 1.18E-03 4.042
 ETOT 17  -25.278351607247     2.02E-08 6.22E-10 4.18E-03 4.041
 ETOT 18  -25.278351481913     1.25E-07 6.10E-09 2.57E-02 4.037
 ETOT 19  -25.278351651415    -1.70E-07 4.78E-15 8.46E-04 4.042
 ETOT 20  -25.278351652763    -1.35E-09 7.10E-15 2.46E-03 4.041
 ETOT 21  -25.278351653984    -1.22E-09 1.94E-14 1.48E-04 4.042
 ETOT 22  -25.278351653074     9.10E-10 2.75E-17 1.52E-05 4.042
 ETOT 23  -25.278351653116    -4.12E-11 7.00E-17 4.23E-05 4.042
 ETOT 24  -25.278351653099     1.67E-11 1.71E-16 8.15E-06 4.042
 ETOT 25  -25.278351653283    -1.84E-10 9.77E-16 1.37E-04 4.042
 ETOT 26  -25.278351653138     1.46E-10 8.08E-16 1.35E-05 4.042
 ETOT 27  -25.278351653057     8.09E-11 1.77E-17 3.78E-06 4.043
 ETOT 28  -25.278351652619     4.38E-10 1.36E-15 7.17E-05 4.043
 ETOT 29  -25.278351653033    -4.15E-10 1.16E-15 1.70E-06 4.043
 ETOT 30  -25.278351652655     3.78E-10 1.43E-15 8.74E-05 4.043

 Cartesian components of stress tensor (hartree/bohr^3)
  sigma(1 1)=  4.62996412E-03  sigma(3 2)=  0.00000000E+00
  sigma(2 2)=  4.62996412E-03  sigma(3 1)=  0.00000000E+00
  sigma(3 3)=  4.62996412E-03  sigma(2 1)=  0.00000000E+00


 scprqt:  WARNING -
  nstep=   30 was not enough SCF cycles to converge;
  potential residual=  8.744E-05 exceeds tolvrs=  1.000E-13

================================================================================

 ----iterations are completed or convergence reached----

 Mean square residual over all n,k,spin=   7.8627E-17; max=  1.4285E-15
   0.0000  0.0000  0.0000    1  1.43184E-17 kpt; spin; max resid(k); each band:
  1.03E-18 5.46E-19 5.46E-19 5.46E-19 1.26E-19 1.26E-19 1.43E-17 7.71E-19
  7.71E-19 7.71E-19
   0.0000  0.0000  0.0000    2  1.42852E-15 kpt; spin; max resid(k); each band:
  1.43E-15 6.08E-19 6.08E-19 6.08E-19 5.50E-17 5.50E-17 1.08E-21 4.19E-18
  4.19E-18 4.19E-18
 reduced coordinates (array xred) for    1 atoms
       0.000000000000      0.000000000000      0.000000000000
 rms dE/dt=  0.0000E+00; max dE/dt=  0.0000E+00; dE/dt below (all hartree)
    1       0.000000000000      0.000000000000      0.000000000000

 cartesian coordinates (angstrom) at end:
    1      0.00000000000000     0.00000000000000     0.00000000000000

 cartesian forces (hartree/bohr) at end:
    1     -0.00000000000000    -0.00000000000000    -0.00000000000000
 frms,max,avg= 0.0000000E+00 0.0000000E+00   0.000E+00  0.000E+00  0.000E+00 h/b

 cartesian forces (eV/Angstrom) at end:
    1     -0.00000000000000    -0.00000000000000    -0.00000000000000
 frms,max,avg= 0.0000000E+00 0.0000000E+00   0.000E+00  0.000E+00  0.000E+00 e/A
 length scales=  6.500000000000  6.500000000000  6.500000000000 bohr
              =  3.439651855835  3.439651855835  3.439651855835 angstroms
 prteigrs : about to open file t15o_DS1_EIG
 Fermi (or HOMO) energy (hartree) =  -0.28858   Average Vxc (hartree)=  -0.54563
 Magnetization (Bohr magneton)=  4.04289117E+00
 Total spin up =  6.02144559E+00   Total spin down =  1.97855441E+00
 Eigenvalues (hartree) for nkpt=   1  k points, SPIN UP:
 kpt#   1, nband= 10, wtk=  1.00000, kpt=  0.0000  0.0000  0.0000 (reduced coord)
  -0.67426  -0.41964  -0.41964  -0.41964  -0.37519  -0.37519   0.60863   0.76627
   0.76627   0.76627
      occupation numbers for kpt#   1
   1.00000   1.00005   1.00005   1.00005   1.01064   1.01064   0.00000   0.00000
   0.00000   0.00000
 Eigenvalues (hartree) for nkpt=   1  k points, SPIN DOWN:
 kpt#   1, nband= 10, wtk=  1.00000, kpt=  0.0000  0.0000  0.0000 (reduced coord)
  -0.62674  -0.28386  -0.28386  -0.28386  -0.20791  -0.20791   0.63809   0.81510
   0.81510   0.81510
      occupation numbers for kpt#   1
   1.00000   0.32476   0.32476   0.32476   0.00214   0.00214   0.00000   0.00000
   0.00000   0.00000
 Total charge density [el/Bohr^3]
,     Maximum=    6.8248E-01  at reduced coord.    0.9000    0.9500    0.9500
,Next maximum=    6.8248E-01  at reduced coord.    0.2000    0.9500    0.9500
,     Minimum=    2.6328E-03  at reduced coord.    0.0000    0.0000    0.0000
,Next minimum=    3.0269E-02  at reduced coord.    0.0500    0.0000    0.0000
,  Integrated=    8.0000E+00
 Spin up density      [el/Bohr^3]
,     Maximum=    5.8384E-01  at reduced coord.    0.1500    0.8500    0.9000
,Next maximum=    5.8384E-01  at reduced coord.    0.1000    0.8500    0.9000
,     Minimum=    1.4041E-03  at reduced coord.    0.0000    0.0000    0.0000
,Next minimum=    1.6683E-02  at reduced coord.    0.5000    0.5000    0.5000
,  Integrated=    6.0214E+00
 Spin down density    [el/Bohr^3]
,     Maximum=    1.5619E-01  at reduced coord.    0.9000    0.9500    0.9500
,Next maximum=    1.5619E-01  at reduced coord.    0.2000    0.9500    0.9500
,     Minimum=    1.2288E-03  at reduced coord.    0.0000    0.0000    0.0000
,Next minimum=    1.6147E-03  at reduced coord.    0.9500    0.0500    0.0500
,  Integrated=    1.9786E+00
 Magnetization (spin up - spin down) [el/Bohr^3]
,     Maximum=    5.6127E-01  at reduced coord.    0.1500    0.8500    0.9000
,Next maximum=    5.6127E-01  at reduced coord.    0.1000    0.8500    0.9000
,     Minimum=   -1.3615E-03  at reduced coord.    0.5000    0.5000    0.5000
,Next minimum=   -1.3146E-03  at reduced coord.    0.5000    0.5000    0.4500
,  Integrated=    4.0429E+00
 Relative magnetization (=zeta, between -1 and 1)
,     Maximum=    9.8722E-01  at reduced coord.    0.1000    0.9000    0.9000
,Next maximum=    9.8722E-01  at reduced coord.    0.9000    0.1000    0.9000
,     Minimum=   -3.9205E-02  at reduced coord.    0.5000    0.5000    0.5000
,Next minimum=   -3.7751E-02  at reduced coord.    0.5000    0.5000    0.4500

--------------------------------------------------------------------------------
 Components of total free energy (in Hartree) :

    Kinetic energy  =  2.49266439773238E+01
    Hartree energy  =  2.32858485726175E+00
    XC energy       = -1.07330760168721E+01
    Ewald energy    = -2.25716286725603E+01
    PspCore energy  =  7.22823825532316E+00
    Loc. psp. energy=  2.59270081237235E+00
    NL   psp  energy= -2.90352279921444E+01
    >>>>> Internal E= -2.52637647792958E+01

    -kT*entropy     = -1.45868733589617E-02
    >>>>>>>>> Etotal= -2.52783516526547E+01

 Other information on the energy :
    Total energy(eV)= -6.87858930168453E+02 ; Band energy (Ha)=  -3.5957985608E+00
--------------------------------------------------------------------------------

 Cartesian components of stress tensor (hartree/bohr^3)
  sigma(1 1)=  4.62996412E-03  sigma(3 2)=  0.00000000E+00
  sigma(2 2)=  4.62996412E-03  sigma(3 1)=  0.00000000E+00
  sigma(3 3)=  4.62996412E-03  sigma(2 1)=  0.00000000E+00

-Cartesian components of stress tensor (GPa)         [Pressure= -1.3622E+02 GPa]
- sigma(1 1)=  1.36218224E+02  sigma(3 2)=  0.00000000E+00
- sigma(2 2)=  1.36218224E+02  sigma(3 1)=  0.00000000E+00
- sigma(3 3)=  1.36218224E+02  sigma(2 1)=  0.00000000E+00

================================================================================
== DATASET  2 ==================================================================
-   nproc =    1

 mkfilename : getwfk/=0, take file _WFK from output of DATASET   1.

 Exchange-correlation functional for the present dataset will be:
  LDA: new Teter (4/93) with spin-polarized option - ixc=1
 Citation for XC functional:
  S. Goedecker, M. Teter, J. Huetter, PRB 54, 1703 (1996)

 Real(R)+Recip(G) space primitive vectors, cartesian coordinates (Bohr,Bohr^-1):
 R(1)=  0.0000000  3.2500000  3.2500000  G(1)= -0.1538462  0.1538462  0.1538462
 R(2)=  3.2500000  0.0000000  3.2500000  G(2)=  0.1538462 -0.1538462  0.1538462
 R(3)=  3.2500000  3.2500000  0.0000000  G(3)=  0.1538462  0.1538462 -0.1538462
 Unit cell volume ucvol=  6.8656250E+01 bohr^3
 Angles (23,13,12)=  6.00000000E+01  6.00000000E+01  6.00000000E+01 degrees
 setup1 : take into account q-point for computing boxcut.

 getcut: wavevector=  0.0000  0.0000  0.0000  ngfft=  20  20  20
         ecut(hartree)=     22.000   => boxcut(ratio)=   2.06089
--------------------------------------------------------------------------------

-inwffil : will read wavefunctions from disk file t15o_DS1_WFK
- newkpt: read input wf with ikpt,npw=   1     166, make ikpt,npw=   1     331
- newkpt: read input wf with ikpt,npw=   1     166, make ikpt,npw=   1     331


 ==>  initialize data related to q vector <== 

 The list of irreducible perturbations for this q vector is:
    1)    idir= 1    ipert=   1

================================================================================

 The perturbation idir=   2  ipert=   1 is
 symmetric of a previously calculated perturbation.
 So, its SCF calculation is not needed.


 The perturbation idir=   3  ipert=   1 is
 symmetric of a previously calculated perturbation.
 So, its SCF calculation is not needed.


--------------------------------------------------------------------------------
 Perturbation wavevector (in red.coord.)   0.000000  0.000000  0.000000
 Perturbation : displacement of atom   1   along direction   1
 Found     4 symmetries that leave the perturbation invariant.
 symkpt : not enough symmetry to change the number of k points.

--------------------------------------------------------------------------------

-inwffil : will read wavefunctions from disk file t15o_DS1_WFK
- newkpt: read input wf with ikpt,npw=   1     166, make ikpt,npw=   1     331
- newkpt: read input wf with ikpt,npw=   1     166, make ikpt,npw=   1     331

--------------------------------------------------------------------------------

-inwffil : will read wavefunctions from disk file t15o_DS1_WFK
- newkpt: read input wf with ikpt,npw=   1     166, make ikpt,npw=   1     331
- newkpt: read input wf with ikpt,npw=   1     166, make ikpt,npw=   1     331

 loper3 : total number of electrons, from k and k+q
  fully or partially occupied states are    8.000000E+00 and    8.000000E+00.
 Initialisation of the first-order wave-functions :
  ireadwf=   0
P newkpt: treating     10 bands with npw=     331 for ikpt=   1 by node    0
P newkpt: treating     10 bands with npw=     331 for ikpt=   1 by node    0


     iter   2DEtotal(Ha)        deltaE(Ha) residm    vres2
-ETOT  1   47.785722177930     -5.546E+03 5.111E+00 1.282E+05
 ETOT  2  0.90330211169201     -4.688E+01 3.696E-02 1.911E+03
 ETOT  3  0.10818880110945     -7.951E-01 3.892E-04 3.829E+02
 ETOT  4  2.50714940275287E-02 -8.312E-02 4.106E-05 9.518E+00
 ETOT  5  2.30520012537312E-02 -2.019E-03 8.434E-06 7.609E-02
 ETOT  6  2.30281420926843E-02 -2.386E-05 4.240E-08 5.708E-04
 ETOT  7  2.30281070316636E-02 -3.506E-08 7.353E-10 7.088E-04
 ETOT  8  2.30279575962271E-02 -1.494E-07 2.475E-10 1.144E-05
 ETOT  9  2.30279512079363E-02 -6.388E-09 1.224E-11 1.204E-06
 ETOT 10  2.30279509296309E-02 -2.783E-10 1.709E-13 2.691E-08
 ETOT 11  2.30279509132600E-02 -1.637E-11 1.842E-14 3.122E-09
 ETOT 12  2.30279509168980E-02  3.638E-12 1.767E-15 9.402E-11

 At SCF step   12       vres2   =  9.40E-11 < tolvrs=  1.00E-10 =>converged.
================================================================================

 ----iterations are completed or convergence reached----

 Mean square residual over all n,k,spin=  -2.0000E-02; max=  1.7673E-15
   0.0000  0.0000  0.0000    1  2.46687E-16 kpt; spin; max resid(k); each band:
  1.33E-16 1.37E-17 2.21E-17 2.17E-17 1.12E-17 1.72E-17 2.47E-16 1.24E-16
 -1.00E-01-1.00E-01
   0.0000  0.0000  0.0000    2  2.12625E-15 kpt; spin; max resid(k); each band:
  9.03E-17 1.77E-15 1.27E-16 1.56E-16 3.39E-16 4.24E-16 2.03E-15 2.13E-15
 -1.00E-01-1.00E-01

 Thirteen components of 2nd-order total energy (hartree) are
 1,2,3: 0th-order hamiltonian combined with 1st-order wavefunctions
     kin0=   4.53906788E+03 eigvalue=   2.44614890E+02  local=   4.72913365E+02
 4,5,6: 1st-order hamiltonian combined with 1st and 0th-order wfs
 loc psp =   1.67848741E+02  Hartree=   1.24182564E+02     xc=  -4.39526966E+01
 note that "loc psp" includes a xc core correction that could be resolved
 7,8,9: eventually, occupation + non-local contributions
    edocc=   7.14188218E+01     enl0=   1.85954881E+02   enl1=  -1.13562482E+04
 1-9 gives the relaxation energy (to be shifted if some occ is /=2.0)
   erelax=  -5.59419970E+03
 10,11,12 Non-relaxation  contributions : frozen-wavefunctions and Ewald
 fr.local=  -1.08499523E+02 fr.nonlo=   5.67814642E+03  Ewald=   0.00000000E+00
 13,14 Frozen wf xc core corrections (1) and (2)
 frxc 1  =  -6.05554010E+01  frxc 2 =   8.51312365E+01
 Resulting in :
 2DEtotal=    0.2302795092E-01 Ha. Also 2DEtotal=    0.626622411909E+00 eV
    (2DErelax=   -5.5941997038E+03 Ha. 2DEnonrelax=    5.5942227318E+03 Ha)
    (  non-var. 2DEtotal :    2.3025857823E-02 Ha)

================================================================================

 ---- first-order wavefunction calculations are completed ----


 ==> Compute Derivative Database <==
  
  2nd-order matrix (non-cartesian coordinates, masses not included,
   asr not included )
     j1       j2             matrix element
  dir pert dir pert     real part     imaginary part
  
   1    1   1    1         0.0230258578         0.0000000000
   1    1   2    1         0.0115129289         0.0000000000
   1    1   3    1         0.0115129289         0.0000000000
   1    1   2    3         0.0000000000         0.0000000000
   1    1   3    3         0.0000000000         0.0000000000
  
   2    1   1    1         0.0115129289         0.0000000000
   2    1   2    1         0.0230258578         0.0000000000
   2    1   3    1         0.0115129289         0.0000000000
   2    1   1    3         0.0000000000         0.0000000000
   2    1   3    3         0.0000000000         0.0000000000
  
   3    1   1    1         0.0115129289         0.0000000000
   3    1   2    1         0.0115129289         0.0000000000
   3    1   3    1         0.0230258578         0.0000000000
   3    1   1    3         0.0000000000         0.0000000000
   3    1   2    3         0.0000000000         0.0000000000
  
   1    3   2    1         0.0000000000         0.0000000000
   1    3   3    1         0.0000000000         0.0000000000
  
   2    3   1    1         0.0000000000         0.0000000000
   2    3   3    1         0.0000000000         0.0000000000
  
   3    3   1    1         0.0000000000         0.0000000000
   3    3   2    1         0.0000000000         0.0000000000
  
  
  Dynamical matrix, in cartesian coordinates,
   if specified in the inputs, asr has been imposed
     j1       j2             matrix element
  dir pert dir pert     real part    imaginary part
  
   1    1   1    1         0.0010899814         0.0000000000
   1    1   2    1         0.0000000000         0.0000000000
   1    1   3    1        -0.0000000000         0.0000000000
  
   2    1   1    1         0.0000000000         0.0000000000
   2    1   2    1         0.0010899814         0.0000000000
   2    1   3    1        -0.0000000000         0.0000000000
  
   3    1   1    1        -0.0000000000         0.0000000000
   3    1   2    1        -0.0000000000         0.0000000000
   3    1   3    1         0.0010899814         0.0000000000
 
  Phonon wavevector (reduced coordinates) :  0.00000  0.00000  0.00000
 Phonon energies in Hartree :
   1.034736E-04  1.034736E-04  1.034736E-04
 Phonon frequencies in cm-1    :
-  2.270983E+01  2.270983E+01  2.270983E+01

== END DATASET(S) ==============================================================
================================================================================
  
 -outvars: echo values of variables after computation  --------
            acell      6.5000000000E+00  6.5000000000E+00  6.5000000000E+00 Bohr
              amu      5.58470000E+01
             ecut      2.20000000E+01 Hartree
           etotal1    -2.5278351653E+01
           etotal2     2.3027950917E-02
            fcart1    -0.0000000000E+00 -0.0000000000E+00 -0.0000000000E+00
            fcart2     0.0000000000E+00  0.0000000000E+00  0.0000000000E+00
-          fftalg         112
           getwfk1          0
           getwfk2          1
             iscf           5
           istwfk1       2
           istwfk2       1
           jdtset        1    2
           kptopt           0
P           mkmem           1
P          mkqmem           1
P          mk1mem           1
            natom           1
            nband          10
           nbdbuf1          0
           nbdbuf2          2
           ndtset           2
            ngfft          20      20      20
             nkpt           1
             nqpt1          0
             nqpt2          1
           nspden           2
           nsppol           2
            nstep1         30
            nstep2         18
             nsym          48
           ntypat           1
              occ      1.000000  1.000054  1.000054  1.000054  1.010642  1.010642
                       0.000000  0.000000  0.000000  0.000000
                       1.000000  0.324759  0.324759  0.324759  0.002138  0.002138
                       0.000000  0.000000  0.000000  0.000000
           occopt           4
        optdriver1          0
        optdriver2          1
            rfdir1          0       0       0
            rfdir2          1       1       1
           rfphon1          0
           rfphon2          1
            rprim      0.0000000000E+00  5.0000000000E-01  5.0000000000E-01
                       5.0000000000E-01  0.0000000000E+00  5.0000000000E-01
                       5.0000000000E-01  5.0000000000E-01  0.0000000000E+00
          spgroup         225
           spinat      0.0000000000E+00  0.0000000000E+00  4.0000000000E+00
           strten1     4.6299641186E-03  4.6299641186E-03  4.6299641186E-03
                       0.0000000000E+00  0.0000000000E+00  0.0000000000E+00
           strten2     0.0000000000E+00  0.0000000000E+00  0.0000000000E+00
                       0.0000000000E+00  0.0000000000E+00  0.0000000000E+00
           symrel      1  0  0   0  1  0   0  0  1      -1  0  0   0 -1  0   0  0 -1
                       0 -1  1   0 -1  0   1 -1  0       0  1 -1   0  1  0  -1  1  0
                      -1  0  0  -1  0  1  -1  1  0       1  0  0   1  0 -1   1 -1  0
                       0  1 -1   1  0 -1   0  0 -1       0 -1  1  -1  0  1   0  0  1
                      -1  0  0  -1  1  0  -1  0  1       1  0  0   1 -1  0   1  0 -1
                       0 -1  1   1 -1  0   0 -1  0       0  1 -1  -1  1  0   0  1  0
                       1  0  0   0  0  1   0  1  0      -1  0  0   0  0 -1   0 -1  0
                       0  1 -1   0  0 -1   1  0 -1       0 -1  1   0  0  1  -1  0  1
                      -1  0  1  -1  1  0  -1  0  0       1  0 -1   1 -1  0   1  0  0
                       0 -1  0   1 -1  0   0 -1  1       0  1  0  -1  1  0   0  1 -1
                       1  0 -1   0  0 -1   0  1 -1      -1  0  1   0  0  1   0 -1  1
                       0  1  0   0  0  1   1  0  0       0 -1  0   0  0 -1  -1  0  0
                       1  0 -1   0  1 -1   0  0 -1      -1  0  1   0 -1  1   0  0  1
                       0 -1  0   0 -1  1   1 -1  0       0  1  0   0  1 -1  -1  1  0
                      -1  0  1  -1  0  0  -1  1  0       1  0 -1   1  0  0   1 -1  0
                       0  1  0   1  0  0   0  0  1       0 -1  0  -1  0  0   0  0 -1
                       0  0 -1   0  1 -1   1  0 -1       0  0  1   0 -1  1  -1  0  1
                       1 -1  0   0 -1  1   0 -1  0      -1  1  0   0  1 -1   0  1  0
                       0  0  1   1  0  0   0  1  0       0  0 -1  -1  0  0   0 -1  0
                      -1  1  0  -1  0  0  -1  0  1       1 -1  0   1  0  0   1  0 -1
                       0  0  1   0  1  0   1  0  0       0  0 -1   0 -1  0  -1  0  0
                       1 -1  0   0 -1  0   0 -1  1      -1  1  0   0  1  0   0  1 -1
                       0  0 -1   1  0 -1   0  1 -1       0  0  1  -1  0  1   0 -1  1
                      -1  1  0  -1  0  1  -1  0  0       1 -1  0   1  0 -1   1  0  0
           tolvrs1     1.00000000E-13
           tolvrs2     1.00000000E-10
            typat      1
            znucl       26.00000

================================================================================


- Timing analysis has been suppressed with timopt=0



================================================================================

 Suggested references for the acknowledgment of ABINIT usage.

 The users of ABINIT have little formal obligations with respect to the ABINIT group
 (those specified in the GNU General Public License, http://www.gnu.org/copyleft/gpl.txt).
 However, it is common practice in the scientific literature,
 to acknowledge the efforts of people that have made the research possible.
 In this spirit, please find below suggested citations of work written by ABINIT developers,
 corresponding to implementations inside of ABINIT that you have used in the present run.
 Note also that it will be of great value to readers of publications presenting these results,
 to read papers enabling them to understand the theoretical formalism and details
 of the ABINIT implementation.
 For information on why they are suggested, see also http://www.abinit.org/about/?text=acknowledgments.

 [1] First-principles responses of solids to atomic displacements and homogeneous electric fields:,
 implementation of a conjugate-gradient algorithm. X. Gonze, Phys. Rev. B55, 10337 (1997).
 Comment : Non-vanishing rfphon and/or rfelfd, in the norm-conserving case.

 [2] Dynamical matrices, Born effective charges, dielectric permittivity tensors, and ,
 interatomic force constants from density-functional perturbation theory,
 X. Gonze and C. Lee, Phys. Rev. B55, 10355 (1997).
 Comment : Non-vanishing rfphon and/or rfelfd, in the norm-conserving case.

 [3] ABINIT : First-principles approach of materials and nanosystem properties.
 X. Gonze, B. Amadon, P.-M. Anglade, J.-M. Beuken, F. Bottin, P. Boulanger, F. Bruneval,
 D. Caliste, R. Caracas, M. Cote, T. Deutsch, L. Genovese, Ph. Ghosez, M. Giantomassi
 S. Goedecker, D.R. Hamann, P. Hermet, F. Jollet, G. Jomard, S. Leroux, M. Mancini, S. Mazevet,
 M.J.T. Oliveira, G. Onida, Y. Pouillon, T. Rangel, G.-M. Rignanese, D. Sangalli, R. Shaltaf,
 M. Torrent, M.J. Verstraete, G. Zerah, J.W. Zwanziger
 Computer Phys. Comm. 180, 2582-2615 (2009).
 Comment : the third generic paper describing the ABINIT project.
 Note that a version of this paper, that is not formatted for Computer Phys. Comm. 
 is available at http://www.abinit.org/about/ABINIT_CPC_v10.pdf .
 The licence allows the authors to put it on the Web.

 [4] A brief introduction to the ABINIT software package.
 X. Gonze, G.-M. Rignanese, M. Verstraete, J.-M. Beuken, Y. Pouillon, R. Caracas, F. Jollet,
 M. Torrent, G. Zerah, M. Mikami, Ph. Ghosez, M. Veithen, J.-Y. Raty, V. Olevano, F. Bruneval,
 L. Reining, R. Godby, G. Onida, D.R. Hamann, and D.C. Allan.
 Z. Kristallogr. 220, 558-562 (2005).
 Comment : the second generic paper describing the ABINIT project. Note that this paper
 should be cited especially if you are using the GW part of ABINIT, as several authors
 of this part are not in the list of authors of the first or third paper.
 The .pdf of the latter paper is available at http://www.abinit.org/about/zfk_0505-06_558-562.pdf.
 Note that it should not redistributed (Copyright by Oldenburg Wissenshaftverlag,
 the licence allows the authors to put it on the Web).


 And optionally :

 [5] First-principles computation of material properties : the ABINIT software project. 
 X. Gonze, J.-M. Beuken, R. Caracas, F. Detraux, M. Fuchs, G.-M. Rignanese, L. Sindic,
 M. Verstraete, G. Zerah, F. Jollet, M. Torrent, A. Roy, M. Mikami, Ph. Ghosez, J.-Y. Raty, D.C. Allan.
 Computational Materials Science 25, 478-492 (2002). http://dx.doi.org/10.1016/S0927-0256(02)00325-7
 Comment : the original paper describing the ABINIT project.
-
- Proc.   0 individual time (sec): cpu=          1.9  wall=          1.9

================================================================================

 Calculation completed.
.Delivered   23 WARNINGs and   0 COMMENTs to log file.
+Overall time at end (sec) : cpu=          1.9  wall=          1.9
