
.Version 7.9.3 of ABINIT 
.(MPI version, prepared for a x86_64_linux_gnu4.7 computer) 

.Copyright (C) 1998-2014 ABINIT group . 
 ABINIT comes with ABSOLUTELY NO WARRANTY.
 It is free software, and you are welcome to redistribute it
 under certain conditions (GNU General Public License,
 see ~abinit/COPYING or http://www.gnu.org/copyleft/gpl.txt).

 ABINIT is a project of the Universite Catholique de Louvain,
 Corning Inc. and other collaborators, see ~abinit/doc/developers/contributors.txt .
 Please read ~abinit/doc/users/acknowledgments.html for suggested
 acknowledgments of the ABINIT effort.
 For more information, see http://www.abinit.org .

.Starting date : Sat 30 Aug 2014.
- ( at 22h32 )
  
- input  file    -> t19.in
- output file    -> t19.out
- root for input  files -> t19i
- root for output files -> t19o


 DATASET    1 : space group Pm -3 m (#221); Bravais cP (primitive cubic)
================================================================================
 Values of the parameters that define the memory need for DATASET  1.
   intxc =         0  ionmov =         0    iscf =         5 xclevel =         1
  lmnmax =         2   lnmax =         2   mband =         7  mffmem =         1
P  mgfft =        30   mkmem =         1 mpssoang=         3     mpw =       619
  mqgrid =      3001   natom =         1    nfft =     27000    nkpt =         1
  nloalg =         4  nspden =         2 nspinor =         1  nsppol =         2
    nsym =        48  n1xccc =      2501  ntypat =         1  occopt =         2
================================================================================
P This job should need less than                       9.987 Mbytes of memory.
  Rough estimation (10% accuracy) of disk space for files :
_ WF disk file :      0.134 Mbytes ; DEN or POT disk file :      0.414 Mbytes.
================================================================================


 DATASET    2 : space group Pm -3 m (#221); Bravais cP (primitive cubic)
================================================================================
 Values of the parameters that define the memory need for DATASET  2 (RF).
   intxc =         0    iscf =         5 xclevel =         1  lmnmax =         2
   lnmax =         2   mband =         7  mffmem =         1   mgfft =        30
P  mkmem =         1  mkqmem =         1  mk1mem =         1 mpssoang=         3
     mpw =      1237  mqgrid =      3001   natom =         1    nfft =     27000
    nkpt =         1  nloalg =         4  nspden =         2 nspinor =         1
  nsppol =         2    nsym =        48  n1xccc =      2501  ntypat =         1
  occopt =         2
================================================================================
P This job should need less than                      11.958 Mbytes of memory.
  Rough estimation (10% accuracy) of disk space for files :
_ WF disk file :      0.266 Mbytes ; DEN or POT disk file :      0.414 Mbytes.
================================================================================

--------------------------------------------------------------------------------
------------- Echo of variables that govern the present computation ------------
--------------------------------------------------------------------------------
-
- outvars: echo of selected default values                                      
-   accesswff0 =  0 , fftalg0 =112 , wfoptalg0 =  0
-
- outvars: echo of global parameters not present in the input file              
-  max_nthreads =    0
-
 -outvars: echo values of preprocessed input variables --------
            acell      7.0000000000E+00  7.0000000000E+00  7.0000000000E+00 Bohr
              amu      5.58470000E+01
           diemac      2.00000000E+00
           diemix      4.00000000E-01
             ecut      1.80000000E+01 Hartree
-          fftalg         112
           getwfk1          0
           getwfk2          1
             iscf           5
           istwfk1       2
           istwfk2       1
           jdtset        1    2
           kptopt           0
P           mkmem           1
P          mkqmem           1
P          mk1mem           1
            natom           1
            nband           7       7
           ndtset           2
            ngfft          30      30      30
             nkpt           1
            nline           6
             nqpt1          0
             nqpt2          1
           nspden           2
           nsppol           2
            nstep1         30
            nstep2         15
             nsym          48
           ntypat           1
              occ      1.000000  1.000000  1.000000  1.000000  1.000000  1.000000
                       0.000000
                       0.333333  0.333333  0.333333  0.333333  0.333333  0.333333
                       0.000000
           occopt           2
        optdriver1          0
        optdriver2          1
            rfdir1          0       0       0
            rfdir2          1       1       1
           rfphon1          0
           rfphon2          1
          spgroup         221
           spinat      0.0000000000E+00  0.0000000000E+00  4.0000000000E+00
           symrel      1  0  0   0  1  0   0  0  1      -1  0  0   0 -1  0   0  0 -1
                      -1  0  0   0  1  0   0  0 -1       1  0  0   0 -1  0   0  0  1
                      -1  0  0   0 -1  0   0  0  1       1  0  0   0  1  0   0  0 -1
                       1  0  0   0 -1  0   0  0 -1      -1  0  0   0  1  0   0  0  1
                       0  1  0   1  0  0   0  0  1       0 -1  0  -1  0  0   0  0 -1
                       0 -1  0   1  0  0   0  0 -1       0  1  0  -1  0  0   0  0  1
                       0 -1  0  -1  0  0   0  0  1       0  1  0   1  0  0   0  0 -1
                       0  1  0  -1  0  0   0  0 -1       0 -1  0   1  0  0   0  0  1
                       0  0  1   1  0  0   0  1  0       0  0 -1  -1  0  0   0 -1  0
                       0  0 -1   1  0  0   0 -1  0       0  0  1  -1  0  0   0  1  0
                       0  0 -1  -1  0  0   0  1  0       0  0  1   1  0  0   0 -1  0
                       0  0  1  -1  0  0   0 -1  0       0  0 -1   1  0  0   0  1  0
                       1  0  0   0  0  1   0  1  0      -1  0  0   0  0 -1   0 -1  0
                      -1  0  0   0  0  1   0 -1  0       1  0  0   0  0 -1   0  1  0
                      -1  0  0   0  0 -1   0  1  0       1  0  0   0  0  1   0 -1  0
                       1  0  0   0  0 -1   0 -1  0      -1  0  0   0  0  1   0  1  0
                       0  1  0   0  0  1   1  0  0       0 -1  0   0  0 -1  -1  0  0
                       0 -1  0   0  0  1  -1  0  0       0  1  0   0  0 -1   1  0  0
                       0 -1  0   0  0 -1   1  0  0       0  1  0   0  0  1  -1  0  0
                       0  1  0   0  0 -1  -1  0  0       0 -1  0   0  0  1   1  0  0
                       0  0  1   0  1  0   1  0  0       0  0 -1   0 -1  0  -1  0  0
                       0  0 -1   0  1  0  -1  0  0       0  0  1   0 -1  0   1  0  0
                       0  0 -1   0 -1  0   1  0  0       0  0  1   0  1  0  -1  0  0
                       0  0  1   0 -1  0  -1  0  0       0  0 -1   0  1  0   1  0  0
           tolvrs1     1.00000000E-13
           tolvrs2     1.00000000E-10
            typat      1
            znucl       26.00000

================================================================================

 chkinp: Checking input parameters for consistency, jdtset=   1.

 chkinp: Checking input parameters for consistency, jdtset=   2.

================================================================================
== DATASET  1 ==================================================================
-   nproc =    1

 Exchange-correlation functional for the present dataset will be:
  LDA: new Teter (4/93) with spin-polarized option - ixc=1
 Citation for XC functional:
  S. Goedecker, M. Teter, J. Huetter, PRB 54, 1703 (1996)

 Real(R)+Recip(G) space primitive vectors, cartesian coordinates (Bohr,Bohr^-1):
 R(1)=  7.0000000  0.0000000  0.0000000  G(1)=  0.1428571  0.0000000  0.0000000
 R(2)=  0.0000000  7.0000000  0.0000000  G(2)=  0.0000000  0.1428571  0.0000000
 R(3)=  0.0000000  0.0000000  7.0000000  G(3)=  0.0000000  0.0000000  0.1428571
 Unit cell volume ucvol=  3.4300000E+02 bohr^3
 Angles (23,13,12)=  9.00000000E+01  9.00000000E+01  9.00000000E+01 degrees

 getcut: wavevector=  0.0000  0.0000  0.0000  ngfft=  30  30  30
         ecut(hartree)=     18.000   => boxcut(ratio)=   2.24399

 getcut : COMMENT -
  Note that boxcut > 2.2 ; recall that boxcut=Gcut(box)/Gcut(sphere) = 2
  is sufficient for exact treatment of convolution.
  Such a large boxcut is a waste : you could raise ecut
  e.g. ecut=   22.659806 Hartrees makes boxcut=2


--- Pseudopotential description ------------------------------------------------
- pspini: atom type   1  psp file is /home/gonze/ABINIT/ABINITv7.9.3/trunk/7.9.3-private/tests/Psps_for_tests/26fe.pspnc
- pspatm: opening atomic psp file    /home/gonze/ABINIT/ABINITv7.9.3/trunk/7.9.3-private/tests/Psps_for_tests/26fe.pspnc
-  Troullier-Martins psp for element  Fe        Thu Oct 27 17:35:05 EDT 1994
- 26.00000   8.00000    940714                znucl, zion, pspdat
    1    1    2    0      2001   0.00000      pspcod,pspxc,lmax,lloc,mmax,r2well
    0   4.333  10.868    0   2.2918558        l,e99.0,e99.9,nproj,rcpsp
   0.00000000   0.00000000   0.00000000   0.00000000     rms, ekb1, ekb2, epsatm
    1   1.213   4.197    1   2.8345121        l,e99.0,e99.9,nproj,rcpsp
   0.00000000   0.00000000   0.00000000   0.00000000     rms, ekb1, ekb2, epsatm
    2  18.664  23.972    1   2.2918558        l,e99.0,e99.9,nproj,rcpsp
   0.00000000   0.00000000   0.00000000   0.00000000     rms, ekb1, ekb2, epsatm
    1.56404770202776    2.06158206779471    6.88331421535388   rchrg,fchrg,qchrg
 pspatm: epsatm=   62.03296659
         --- l  ekb(1:nproj) -->
             1    1.561134
             2   -8.115829
 pspatm: atomic psp has been read  and splines computed

   4.96263733E+02                                ecore*ucvol(ha*bohr**3)
--------------------------------------------------------------------------------

P newkpt: treating      7 bands with npw=     619 for ikpt=   1 by node    0
P newkpt: treating      7 bands with npw=     619 for ikpt=   1 by node    0

_setup2: Arith. and geom. avg. npw (full set) are    1237.000    1237.000

================================================================================

     iter   Etot(hartree)      deltaE(h)  residm     vres2
 ETOT  1  -24.017431568746    -2.402E+01 8.168E-02 2.831E+03
 ETOT  2  -24.401860418047    -3.844E-01 6.532E-08 7.639E+02
 ETOT  3  -24.527321509654    -1.255E-01 6.307E-05 5.524E+01
 ETOT  4  -24.544049572928    -1.673E-02 2.802E-05 1.296E+01
 ETOT  5  -24.544737629948    -6.881E-04 1.723E-07 4.603E+00
 ETOT  6  -24.544986716765    -2.491E-04 2.927E-07 3.929E-01
 ETOT  7  -24.545014490073    -2.777E-05 1.917E-08 1.357E-01
 ETOT  8  -24.545021873601    -7.384E-06 4.367E-08 4.047E-03
 ETOT  9  -24.545022104595    -2.310E-07 2.940E-10 3.556E-04
 ETOT 10  -24.545022132075    -2.748E-08 7.093E-11 3.785E-05
 ETOT 11  -24.545022133597    -1.521E-09 2.325E-12 3.686E-05
 ETOT 12  -24.545022136455    -2.859E-09 2.438E-12 7.463E-06
 ETOT 13  -24.545022136990    -5.347E-10 2.178E-12 3.654E-07
 ETOT 14  -24.545022137003    -1.345E-11 5.478E-15 3.454E-08
 ETOT 15  -24.545022137005    -1.894E-12 3.424E-15 5.274E-09
 ETOT 16  -24.545022137006    -5.933E-13 9.879E-16 1.101E-09
 ETOT 17  -24.545022137007    -8.704E-13 1.221E-16 3.372E-10
 ETOT 18  -24.545022137006     4.370E-13 1.624E-17 3.485E-11
 ETOT 19  -24.545022137006    -1.776E-14 2.915E-18 5.983E-13
 ETOT 20  -24.545022137006     1.776E-13 3.355E-20 1.338E-13
 ETOT 21  -24.545022137007    -4.476E-13 1.956E-20 3.017E-14

 At SCF step   21       vres2   =  3.02E-14 < tolvrs=  1.00E-13 =>converged.

 Cartesian components of stress tensor (hartree/bohr^3)
  sigma(1 1)=  5.13067397E-03  sigma(3 2)=  0.00000000E+00
  sigma(2 2)=  5.13067397E-03  sigma(3 1)=  0.00000000E+00
  sigma(3 3)=  5.13067397E-03  sigma(2 1)=  0.00000000E+00

================================================================================

 ----iterations are completed or convergence reached----

 Mean square residual over all n,k,spin=   5.7369E-21; max=  1.9557E-20
   0.0000  0.0000  0.0000    1  1.95571E-20 kpt; spin; max resid(k); each band:
  1.96E-20 1.88E-20 4.91E-21 5.29E-21 5.30E-21 5.29E-21 6.08E-21
   0.0000  0.0000  0.0000    2  3.40560E-21 kpt; spin; max resid(k); each band:
  1.31E-22 2.95E-21 3.41E-21 2.10E-21 1.74E-21 2.31E-21 2.49E-21
 reduced coordinates (array xred) for    1 atoms
       0.000000000000      0.000000000000      0.000000000000
 rms dE/dt=  0.0000E+00; max dE/dt=  0.0000E+00; dE/dt below (all hartree)
    1       0.000000000000      0.000000000000      0.000000000000

 cartesian coordinates (angstrom) at end:
    1      0.00000000000000     0.00000000000000     0.00000000000000

 cartesian forces (hartree/bohr) at end:
    1     -0.00000000000000    -0.00000000000000    -0.00000000000000
 frms,max,avg= 0.0000000E+00 0.0000000E+00   0.000E+00  0.000E+00  0.000E+00 h/b

 cartesian forces (eV/Angstrom) at end:
    1     -0.00000000000000    -0.00000000000000    -0.00000000000000
 frms,max,avg= 0.0000000E+00 0.0000000E+00   0.000E+00  0.000E+00  0.000E+00 e/A
 length scales=  7.000000000000  7.000000000000  7.000000000000 bohr
              =  3.704240460130  3.704240460130  3.704240460130 angstroms
 prteigrs : about to open file t19o_DS1_EIG
 Fermi (or HOMO) energy (hartree) =  -0.10201   Average Vxc (hartree)=  -0.25582
 Eigenvalues (hartree) for nkpt=   1  k points, SPIN UP:
 kpt#   1, nband=  7, wtk=  1.00000, kpt=  0.0000  0.0000  0.0000 (reduced coord)
  -0.31065  -0.24354  -0.24354  -0.22042  -0.22042  -0.22042   0.07931
 Eigenvalues (hartree) for nkpt=   1  k points, SPIN DOWN:
 kpt#   1, nband=  7, wtk=  1.00000, kpt=  0.0000  0.0000  0.0000 (reduced coord)
  -0.26754  -0.13435  -0.13435  -0.10201  -0.10201  -0.10201   0.12381
 Total charge density [el/Bohr^3]
,     Maximum=    6.7836E-01  at reduced coord.    0.9333    0.9333    0.9333
,Next maximum=    6.7836E-01  at reduced coord.    0.0667    0.9333    0.9333
,     Minimum=    9.7843E-04  at reduced coord.    0.0000    0.0000    0.0000
,Next minimum=    1.3661E-03  at reduced coord.    0.5000    0.5000    0.5000
,  Integrated=    8.0000E+00
 Spin up density      [el/Bohr^3]
,     Maximum=    5.1347E-01  at reduced coord.    0.9333    0.9333    0.9333
,Next maximum=    5.1347E-01  at reduced coord.    0.0667    0.9333    0.9333
,     Minimum=    7.6704E-04  at reduced coord.    0.0000    0.0000    0.0000
,Next minimum=    9.7366E-04  at reduced coord.    0.5000    0.5000    0.5000
,  Integrated=    6.0000E+00
 Spin down density    [el/Bohr^3]
,     Maximum=    1.6490E-01  at reduced coord.    0.9333    0.9333    0.9333
,Next maximum=    1.6490E-01  at reduced coord.    0.0667    0.9333    0.9333
,     Minimum=    2.1139E-04  at reduced coord.    0.0000    0.0000    0.0000
,Next minimum=    3.9245E-04  at reduced coord.    0.5000    0.5000    0.5000
,  Integrated=    2.0000E+00
 Magnetization (spin up - spin down) [el/Bohr^3]
,     Maximum=    3.4857E-01  at reduced coord.    0.9333    0.9333    0.9333
,Next maximum=    3.4857E-01  at reduced coord.    0.0667    0.9333    0.9333
,     Minimum=    5.5566E-04  at reduced coord.    0.0000    0.0000    0.0000
,Next minimum=    5.8121E-04  at reduced coord.    0.5000    0.5000    0.5000
,  Integrated=    4.0000E+00
 Relative magnetization (=zeta, between -1 and 1)
,     Maximum=    5.6791E-01  at reduced coord.    0.0000    0.0000    0.0000
,Next maximum=    5.3724E-01  at reduced coord.    0.0000    0.0000    0.9667
,     Minimum=    4.2540E-01  at reduced coord.    0.5000    0.4333    0.0000
,Next minimum=    4.2540E-01  at reduced coord.    0.4333    0.5000    0.0000

--------------------------------------------------------------------------------
 Components of total free energy (in Hartree) :

    Kinetic energy  =  2.54960782120485E+01
    Hartree energy  =  7.16875056784853E+00
    XC energy       = -1.03839638738264E+01
    Ewald energy    = -1.29705027633400E+01
    PspCore energy  =  1.44683303999134E+00
    Loc. psp. energy= -5.86748923517323E+00
    NL   psp  energy= -2.94347280845554E+01
    >>>>>>>>> Etotal= -2.45450221370066E+01

 Other information on the energy :
    Total energy(eV)= -6.67904019222285E+02 ; Band energy (Ha)=  -1.7397366737E+00
--------------------------------------------------------------------------------

 Cartesian components of stress tensor (hartree/bohr^3)
  sigma(1 1)=  5.13067397E-03  sigma(3 2)=  0.00000000E+00
  sigma(2 2)=  5.13067397E-03  sigma(3 1)=  0.00000000E+00
  sigma(3 3)=  5.13067397E-03  sigma(2 1)=  0.00000000E+00

-Cartesian components of stress tensor (GPa)         [Pressure= -1.5095E+02 GPa]
- sigma(1 1)=  1.50949614E+02  sigma(3 2)=  0.00000000E+00
- sigma(2 2)=  1.50949614E+02  sigma(3 1)=  0.00000000E+00
- sigma(3 3)=  1.50949614E+02  sigma(2 1)=  0.00000000E+00

================================================================================
== DATASET  2 ==================================================================
-   nproc =    1

 mkfilename : getwfk/=0, take file _WFK from output of DATASET   1.

 Exchange-correlation functional for the present dataset will be:
  LDA: new Teter (4/93) with spin-polarized option - ixc=1
 Citation for XC functional:
  S. Goedecker, M. Teter, J. Huetter, PRB 54, 1703 (1996)

 Real(R)+Recip(G) space primitive vectors, cartesian coordinates (Bohr,Bohr^-1):
 R(1)=  7.0000000  0.0000000  0.0000000  G(1)=  0.1428571  0.0000000  0.0000000
 R(2)=  0.0000000  7.0000000  0.0000000  G(2)=  0.0000000  0.1428571  0.0000000
 R(3)=  0.0000000  0.0000000  7.0000000  G(3)=  0.0000000  0.0000000  0.1428571
 Unit cell volume ucvol=  3.4300000E+02 bohr^3
 Angles (23,13,12)=  9.00000000E+01  9.00000000E+01  9.00000000E+01 degrees
 setup1 : take into account q-point for computing boxcut.

 getcut: wavevector=  0.0000  0.0000  0.0000  ngfft=  30  30  30
         ecut(hartree)=     18.000   => boxcut(ratio)=   2.24399

 getcut : COMMENT -
  Note that boxcut > 2.2 ; recall that boxcut=Gcut(box)/Gcut(sphere) = 2
  is sufficient for exact treatment of convolution.
  Such a large boxcut is a waste : you could raise ecut
  e.g. ecut=   22.659806 Hartrees makes boxcut=2

--------------------------------------------------------------------------------

-inwffil : will read wavefunctions from disk file t19o_DS1_WFK
- newkpt: read input wf with ikpt,npw=   1     619, make ikpt,npw=   1    1237
- newkpt: read input wf with ikpt,npw=   1     619, make ikpt,npw=   1    1237


 ==>  initialize data related to q vector <== 

 The list of irreducible perturbations for this q vector is:
    1)    idir= 1    ipert=   1

================================================================================

 The perturbation idir=   2  ipert=   1 is
 symmetric of a previously calculated perturbation.
 So, its SCF calculation is not needed.


 The perturbation idir=   3  ipert=   1 is
 symmetric of a previously calculated perturbation.
 So, its SCF calculation is not needed.


--------------------------------------------------------------------------------
 Perturbation wavevector (in red.coord.)   0.000000  0.000000  0.000000
 Perturbation : displacement of atom   1   along direction   1
 Found     8 symmetries that leave the perturbation invariant.
 symkpt : not enough symmetry to change the number of k points.

--------------------------------------------------------------------------------

-inwffil : will read wavefunctions from disk file t19o_DS1_WFK
- newkpt: read input wf with ikpt,npw=   1     619, make ikpt,npw=   1    1237
- newkpt: read input wf with ikpt,npw=   1     619, make ikpt,npw=   1    1237

--------------------------------------------------------------------------------

-inwffil : will read wavefunctions from disk file t19o_DS1_WFK
- newkpt: read input wf with ikpt,npw=   1     619, make ikpt,npw=   1    1237
- newkpt: read input wf with ikpt,npw=   1     619, make ikpt,npw=   1    1237

 Initialisation of the first-order wave-functions :
  ireadwf=   0
P newkpt: treating      7 bands with npw=    1237 for ikpt=   1 by node    0
P newkpt: treating      7 bands with npw=    1237 for ikpt=   1 by node    0


     iter   2DEtotal(Ha)        deltaE(Ha) residm    vres2
-ETOT  1   386.52005197540     -1.260E+04 1.523E+01 1.033E+06
 ETOT  2   97.559910706555     -2.890E+02 1.134E-01 2.355E+05
 ETOT  3   4.0544559481512     -9.351E+01 2.033E-01 6.211E+03
 ETOT  4  0.57624955476771     -3.478E+00 1.864E-03 9.216E+02
 ETOT  5  2.18115471201941E-03 -5.741E-01 5.789E-04 1.936E+01
 ETOT  6  3.16558391062927E-04 -1.865E-03 3.346E-06 1.114E+01
 ETOT  7 -1.08973597176032E-03 -1.406E-03 1.213E-05 2.707E+00
 ETOT  8 -1.38635985982205E-03 -2.966E-04 1.230E-06 8.151E-01
 ETOT  9 -1.48796934823281E-03 -1.016E-04 3.438E-08 3.072E-01
 ETOT 10 -1.50940067956640E-03 -2.143E-05 2.310E-08 1.222E-01
 ETOT 11 -1.51727812240665E-03 -7.877E-06 1.304E-08 4.703E-02
 ETOT 12 -1.52285054733170E-03 -5.572E-06 2.293E-08 2.274E-03
 ETOT 13 -1.52305633324090E-03 -2.058E-07 6.602E-10 2.322E-04
 ETOT 14 -1.52307642943583E-03 -2.010E-08 3.528E-11 6.720E-05
 ETOT 15 -1.52308610827845E-03 -9.679E-09 1.107E-10 9.456E-06

 scprqt:  WARNING -
  nstep=   15 was not enough SCF cycles to converge;
  potential residual=  9.456E-06 exceeds tolvrs=  1.000E-10

================================================================================

 ----iterations are completed or convergence reached----

 Mean square residual over all n,k,spin=   1.8471E-11; max=  1.1070E-10
   0.0000  0.0000  0.0000    1  6.03561E-12 kpt; spin; max resid(k); each band:
  4.53E-13 9.48E-13 6.04E-12 3.77E-14 1.70E-12 1.88E-12 2.21E-12
   0.0000  0.0000  0.0000    2  1.10701E-10 kpt; spin; max resid(k); each band:
  6.94E-12 1.65E-12 1.51E-11 1.99E-12 1.08E-10 1.11E-10 7.53E-13

 Thirteen components of 2nd-order total energy (hartree) are
 1,2,3: 0th-order hamiltonian combined with 1st-order wavefunctions
     kin0=   1.06577980E+04 eigvalue=   3.33656802E+02  local=   1.23050558E+03
 4,5,6: 1st-order hamiltonian combined with 1st and 0th-order wfs
 loc psp =   1.83508781E+02  Hartree=   4.28963956E+02     xc=  -1.10960126E+02
 note that "loc psp" includes a xc core correction that could be resolved
 7,8,9: eventually, occupation + non-local contributions
    edocc=   2.99271554E+00     enl0=   4.44629253E+02   enl1=  -2.61586804E+04
 1-9 gives the relaxation energy (to be shifted if some occ is /=2.0)
   erelax=  -1.29875855E+04
 10,11,12 Non-relaxation  contributions : frozen-wavefunctions and Ewald
 fr.local=  -1.56900084E+02 fr.nonlo=   1.30793381E+04  Ewald=   0.00000000E+00
 13,14 Frozen wf xc core corrections (1) and (2)
 frxc 1  =  -1.39372090E+02  frxc 2 =   2.04517963E+02
 Resulting in :
 2DEtotal=   -0.1523086108E-02 Ha. Also 2DEtotal=   -0.414452807442E-01 eV
    (2DErelax=   -1.2987585456E+04 Ha. 2DEnonrelax=    1.2987583933E+04 Ha)
    (  non-var. 2DEtotal :   -1.9006191325E-03 Ha)

================================================================================

 ---- first-order wavefunction calculations are completed ----


 ==> Compute Derivative Database <==
  
  2nd-order matrix (non-cartesian coordinates, masses not included,
   asr not included )
     j1       j2             matrix element
  dir pert dir pert     real part     imaginary part
  
   1    1   1    1        -0.0019006191         0.0000000000
   1    1   2    1        -0.0000000000         0.0000000000
   1    1   3    1        -0.0000000000         0.0000000000
   1    1   2    3         0.0000000000         0.0000000000
   1    1   3    3         0.0000000000         0.0000000000
  
   2    1   1    1         0.0000000000         0.0000000000
   2    1   2    1        -0.0019006191         0.0000000000
   2    1   3    1        -0.0000000000         0.0000000000
   2    1   1    3         0.0000000000         0.0000000000
   2    1   3    3         0.0000000000         0.0000000000
  
   3    1   1    1        -0.0000000000         0.0000000000
   3    1   2    1        -0.0000000000         0.0000000000
   3    1   3    1        -0.0019006191         0.0000000000
   3    1   1    3         0.0000000000         0.0000000000
   3    1   2    3         0.0000000000         0.0000000000
  
   1    3   2    1         0.0000000000         0.0000000000
   1    3   3    1         0.0000000000         0.0000000000
   1    3   2    3         0.0000000000         0.0000000000
   1    3   3    3         0.0000000000         0.0000000000
  
   2    3   1    1         0.0000000000         0.0000000000
   2    3   3    1         0.0000000000         0.0000000000
   2    3   1    3         0.0000000000         0.0000000000
   2    3   3    3         0.0000000000         0.0000000000
  
   3    3   1    1         0.0000000000         0.0000000000
   3    3   2    1         0.0000000000         0.0000000000
   3    3   1    3         0.0000000000         0.0000000000
   3    3   2    3         0.0000000000         0.0000000000
  
  
  Dynamical matrix, in cartesian coordinates,
   if specified in the inputs, asr has been imposed
     j1       j2             matrix element
  dir pert dir pert     real part    imaginary part
  
   1    1   1    1        -0.0000387881         0.0000000000
   1    1   2    1        -0.0000000000         0.0000000000
   1    1   3    1        -0.0000000000         0.0000000000
  
   2    1   1    1         0.0000000000         0.0000000000
   2    1   2    1        -0.0000387881         0.0000000000
   2    1   3    1        -0.0000000000         0.0000000000
  
   3    1   1    1        -0.0000000000         0.0000000000
   3    1   2    1        -0.0000000000         0.0000000000
   3    1   3    1        -0.0000387881         0.0000000000
 
  Phonon wavevector (reduced coordinates) :  0.00000  0.00000  0.00000
 Phonon energies in Hartree :
  -1.951954E-05 -1.951954E-05 -1.951954E-05
 Phonon frequencies in cm-1    :
- -4.284043E+00 -4.284043E+00 -4.284043E+00

== END DATASET(S) ==============================================================
================================================================================
  
 -outvars: echo values of variables after computation  --------
            acell      7.0000000000E+00  7.0000000000E+00  7.0000000000E+00 Bohr
              amu      5.58470000E+01
           diemac      2.00000000E+00
           diemix      4.00000000E-01
             ecut      1.80000000E+01 Hartree
           etotal1    -2.4545022137E+01
           etotal2    -1.5230861083E-03
            fcart1    -0.0000000000E+00 -0.0000000000E+00 -0.0000000000E+00
            fcart2     0.0000000000E+00  0.0000000000E+00  0.0000000000E+00
-          fftalg         112
           getwfk1          0
           getwfk2          1
             iscf           5
           istwfk1       2
           istwfk2       1
           jdtset        1    2
           kptopt           0
P           mkmem           1
P          mkqmem           1
P          mk1mem           1
            natom           1
            nband           7       7
           ndtset           2
            ngfft          30      30      30
             nkpt           1
            nline           6
             nqpt1          0
             nqpt2          1
           nspden           2
           nsppol           2
            nstep1         30
            nstep2         15
             nsym          48
           ntypat           1
              occ      1.000000  1.000000  1.000000  1.000000  1.000000  1.000000
                       0.000000
                       0.333333  0.333333  0.333333  0.333333  0.333333  0.333333
                       0.000000
           occopt           2
        optdriver1          0
        optdriver2          1
            rfdir1          0       0       0
            rfdir2          1       1       1
           rfphon1          0
           rfphon2          1
          spgroup         221
           spinat      0.0000000000E+00  0.0000000000E+00  4.0000000000E+00
           strten1     5.1306739744E-03  5.1306739744E-03  5.1306739744E-03
                       0.0000000000E+00  0.0000000000E+00  0.0000000000E+00
           strten2     0.0000000000E+00  0.0000000000E+00  0.0000000000E+00
                       0.0000000000E+00  0.0000000000E+00  0.0000000000E+00
           symrel      1  0  0   0  1  0   0  0  1      -1  0  0   0 -1  0   0  0 -1
                      -1  0  0   0  1  0   0  0 -1       1  0  0   0 -1  0   0  0  1
                      -1  0  0   0 -1  0   0  0  1       1  0  0   0  1  0   0  0 -1
                       1  0  0   0 -1  0   0  0 -1      -1  0  0   0  1  0   0  0  1
                       0  1  0   1  0  0   0  0  1       0 -1  0  -1  0  0   0  0 -1
                       0 -1  0   1  0  0   0  0 -1       0  1  0  -1  0  0   0  0  1
                       0 -1  0  -1  0  0   0  0  1       0  1  0   1  0  0   0  0 -1
                       0  1  0  -1  0  0   0  0 -1       0 -1  0   1  0  0   0  0  1
                       0  0  1   1  0  0   0  1  0       0  0 -1  -1  0  0   0 -1  0
                       0  0 -1   1  0  0   0 -1  0       0  0  1  -1  0  0   0  1  0
                       0  0 -1  -1  0  0   0  1  0       0  0  1   1  0  0   0 -1  0
                       0  0  1  -1  0  0   0 -1  0       0  0 -1   1  0  0   0  1  0
                       1  0  0   0  0  1   0  1  0      -1  0  0   0  0 -1   0 -1  0
                      -1  0  0   0  0  1   0 -1  0       1  0  0   0  0 -1   0  1  0
                      -1  0  0   0  0 -1   0  1  0       1  0  0   0  0  1   0 -1  0
                       1  0  0   0  0 -1   0 -1  0      -1  0  0   0  0  1   0  1  0
                       0  1  0   0  0  1   1  0  0       0 -1  0   0  0 -1  -1  0  0
                       0 -1  0   0  0  1  -1  0  0       0  1  0   0  0 -1   1  0  0
                       0 -1  0   0  0 -1   1  0  0       0  1  0   0  0  1  -1  0  0
                       0  1  0   0  0 -1  -1  0  0       0 -1  0   0  0  1   1  0  0
                       0  0  1   0  1  0   1  0  0       0  0 -1   0 -1  0  -1  0  0
                       0  0 -1   0  1  0  -1  0  0       0  0  1   0 -1  0   1  0  0
                       0  0 -1   0 -1  0   1  0  0       0  0  1   0  1  0  -1  0  0
                       0  0  1   0 -1  0  -1  0  0       0  0 -1   0  1  0   1  0  0
           tolvrs1     1.00000000E-13
           tolvrs2     1.00000000E-10
            typat      1
            znucl       26.00000

================================================================================


- Timing analysis has been suppressed with timopt=0



================================================================================

 Suggested references for the acknowledgment of ABINIT usage.

 The users of ABINIT have little formal obligations with respect to the ABINIT group
 (those specified in the GNU General Public License, http://www.gnu.org/copyleft/gpl.txt).
 However, it is common practice in the scientific literature,
 to acknowledge the efforts of people that have made the research possible.
 In this spirit, please find below suggested citations of work written by ABINIT developers,
 corresponding to implementations inside of ABINIT that you have used in the present run.
 Note also that it will be of great value to readers of publications presenting these results,
 to read papers enabling them to understand the theoretical formalism and details
 of the ABINIT implementation.
 For information on why they are suggested, see also http://www.abinit.org/about/?text=acknowledgments.

 [1] First-principles responses of solids to atomic displacements and homogeneous electric fields:,
 implementation of a conjugate-gradient algorithm. X. Gonze, Phys. Rev. B55, 10337 (1997).
 Comment : Non-vanishing rfphon and/or rfelfd, in the norm-conserving case.

 [2] Dynamical matrices, Born effective charges, dielectric permittivity tensors, and ,
 interatomic force constants from density-functional perturbation theory,
 X. Gonze and C. Lee, Phys. Rev. B55, 10355 (1997).
 Comment : Non-vanishing rfphon and/or rfelfd, in the norm-conserving case.

 [3] ABINIT : First-principles approach of materials and nanosystem properties.
 X. Gonze, B. Amadon, P.-M. Anglade, J.-M. Beuken, F. Bottin, P. Boulanger, F. Bruneval,
 D. Caliste, R. Caracas, M. Cote, T. Deutsch, L. Genovese, Ph. Ghosez, M. Giantomassi
 S. Goedecker, D.R. Hamann, P. Hermet, F. Jollet, G. Jomard, S. Leroux, M. Mancini, S. Mazevet,
 M.J.T. Oliveira, G. Onida, Y. Pouillon, T. Rangel, G.-M. Rignanese, D. Sangalli, R. Shaltaf,
 M. Torrent, M.J. Verstraete, G. Zerah, J.W. Zwanziger
 Computer Phys. Comm. 180, 2582-2615 (2009).
 Comment : the third generic paper describing the ABINIT project.
 Note that a version of this paper, that is not formatted for Computer Phys. Comm. 
 is available at http://www.abinit.org/about/ABINIT_CPC_v10.pdf .
 The licence allows the authors to put it on the Web.

 [4] A brief introduction to the ABINIT software package.
 X. Gonze, G.-M. Rignanese, M. Verstraete, J.-M. Beuken, Y. Pouillon, R. Caracas, F. Jollet,
 M. Torrent, G. Zerah, M. Mikami, Ph. Ghosez, M. Veithen, J.-Y. Raty, V. Olevano, F. Bruneval,
 L. Reining, R. Godby, G. Onida, D.R. Hamann, and D.C. Allan.
 Z. Kristallogr. 220, 558-562 (2005).
 Comment : the second generic paper describing the ABINIT project. Note that this paper
 should be cited especially if you are using the GW part of ABINIT, as several authors
 of this part are not in the list of authors of the first or third paper.
 The .pdf of the latter paper is available at http://www.abinit.org/about/zfk_0505-06_558-562.pdf.
 Note that it should not redistributed (Copyright by Oldenburg Wissenshaftverlag,
 the licence allows the authors to put it on the Web).


 And optionally :

 [5] First-principles computation of material properties : the ABINIT software project. 
 X. Gonze, J.-M. Beuken, R. Caracas, F. Detraux, M. Fuchs, G.-M. Rignanese, L. Sindic,
 M. Verstraete, G. Zerah, F. Jollet, M. Torrent, A. Roy, M. Mikami, Ph. Ghosez, J.-Y. Raty, D.C. Allan.
 Computational Materials Science 25, 478-492 (2002). http://dx.doi.org/10.1016/S0927-0256(02)00325-7
 Comment : the original paper describing the ABINIT project.
-
- Proc.   0 individual time (sec): cpu=          3.8  wall=          3.8

================================================================================

 Calculation completed.
.Delivered    7 WARNINGs and   5 COMMENTs to log file.
+Overall time at end (sec) : cpu=          3.8  wall=          3.8
