
.Version 7.10.4 of ABINIT 
.(MPI version, prepared for a x86_64_linux_gnu4.7 computer) 

.Copyright (C) 1998-2014 ABINIT group . 
 ABINIT comes with ABSOLUTELY NO WARRANTY.
 It is free software, and you are welcome to redistribute it
 under certain conditions (GNU General Public License,
 see ~abinit/COPYING or http://www.gnu.org/copyleft/gpl.txt).

 ABINIT is a project of the Universite Catholique de Louvain,
 Corning Inc. and other collaborators, see ~abinit/doc/developers/contributors.txt .
 Please read ~abinit/doc/users/acknowledgments.html for suggested
 acknowledgments of the ABINIT effort.
 For more information, see http://www.abinit.org .

.Starting date : Wed 11 Mar 2015.
- ( at 10h19 )
  
- input  file    -> tw90_1.in
- output file    -> tw90_1.out
- root for input  files -> tw90_1i
- root for output files -> tw90_1o


 DATASET    1 : space group Fd -3 m (#227); Bravais cF (face-center cubic)
================================================================================
 Values of the parameters that define the memory need for DATASET  1.
   intxc =         0  ionmov =         0    iscf =         5 xclevel =         1
  lmnmax =         2   lnmax =         2   mband =         5  mffmem =         1
P  mgfft =        20   mkmem =         3 mpssoang=         3     mpw =       302
  mqgrid =      3001   natom =         2    nfft =      8000    nkpt =         3
  nloalg =         4  nspden =         1 nspinor =         1  nsppol =         1
    nsym =        24  n1xccc =      2501  ntypat =         1  occopt =         1
================================================================================
P This job should need less than                       2.572 Mbytes of memory.
  Rough estimation (10% accuracy) of disk space for files :
_ WF disk file :      0.071 Mbytes ; DEN or POT disk file :      0.063 Mbytes.
================================================================================


 DATASET    2 : space group Fd -3 m (#227); Bravais cF (face-center cubic)
================================================================================
 Values of the parameters that define the memory need for DATASET  2.
   intxc =         0  ionmov =         0    iscf =        -2 xclevel =         1
  lmnmax =         2   lnmax =         2   mband =         4  mffmem =         1
P  mgfft =        20   mkmem =         8 mpssoang=         3     mpw =       302
  mqgrid =      3001   natom =         2    nfft =      8000    nkpt =         8
  nloalg =         4  nspden =         1 nspinor =         1  nsppol =         1
    nsym =        24  n1xccc =      2501  ntypat =         1  occopt =         1
================================================================================
P This job should need less than                       2.059 Mbytes of memory.
  Rough estimation (10% accuracy) of disk space for files :
_ WF disk file :      0.149 Mbytes ; DEN or POT disk file :      0.063 Mbytes.
================================================================================

--------------------------------------------------------------------------------
------------- Echo of variables that govern the present computation ------------
--------------------------------------------------------------------------------
-
- outvars: echo of selected default values                                      
-   accesswff0 =  0 , fftalg0 =112 , wfoptalg0 =  0
-
- outvars: echo of global parameters not present in the input file              
-  max_nthreads =    0
-
 -outvars: echo values of preprocessed input variables --------
            acell      1.0263000000E+01  1.0263000000E+01  1.0263000000E+01 Bohr
              amu      2.80855000E+01
           diemac1     1.20000000E+01
           diemac2     1.00000000E+06
             ecut      8.00000000E+00 Hartree
-          fftalg         112
           getden1          0
           getden2          1
           getwfk1          0
           getwfk2          1
             iscf1          5
             iscf2         -2
           istwfk1       1    1    1
           istwfk2       1    1    1    1    1    1    1    1
           jdtset        1    2
              kpt1     0.00000000E+00  0.00000000E+00  0.00000000E+00
                       5.00000000E-01  0.00000000E+00  0.00000000E+00
                       5.00000000E-01  5.00000000E-01  0.00000000E+00
              kpt2     0.00000000E+00  0.00000000E+00  0.00000000E+00
                       5.00000000E-01  0.00000000E+00  0.00000000E+00
                       0.00000000E+00  5.00000000E-01  0.00000000E+00
                       5.00000000E-01  5.00000000E-01  0.00000000E+00
                       0.00000000E+00  0.00000000E+00  5.00000000E-01
                       5.00000000E-01  0.00000000E+00  5.00000000E-01
                       0.00000000E+00  5.00000000E-01  5.00000000E-01
                       5.00000000E-01  5.00000000E-01  5.00000000E-01
           kptopt1          1
           kptopt2          3
         kptrlatt        2    0    0      0    2    0      0    0    2
          kptrlen      1.45140738E+01
P           mkmem1          3
P           mkmem2          8
            natom           2
            nband1          5
            nband2          4
           nbdbuf1          0
           nbdbuf2          2
           ndtset           2
            ngfft          20      20      20
             nkpt1          3
             nkpt2          8
            nstep1        100
            nstep2          0
             nsym          24
           ntypat           1
              occ      2.000000  2.000000  2.000000  2.000000  0.000000
        optforces           1
          prtwant1          0
          prtwant2          2
            rprim      0.0000000000E+00  5.0000000000E-01  5.0000000000E-01
                       5.0000000000E-01  0.0000000000E+00  5.0000000000E-01
                       5.0000000000E-01  5.0000000000E-01  0.0000000000E+00
          spgroup         227
        symmorphi           0
           symrel      1  0  0   0  1  0   0  0  1       0 -1  1   0 -1  0   1 -1  0
                      -1  0  0  -1  0  1  -1  1  0       0  1 -1   1  0 -1   0  0 -1
                      -1  0  0  -1  1  0  -1  0  1       0 -1  1   1 -1  0   0 -1  0
                       1  0  0   0  0  1   0  1  0       0  1 -1   0  0 -1   1  0 -1
                      -1  0  1  -1  1  0  -1  0  0       0 -1  0   1 -1  0   0 -1  1
                       1  0 -1   0  0 -1   0  1 -1       0  1  0   0  0  1   1  0  0
                       1  0 -1   0  1 -1   0  0 -1       0 -1  0   0 -1  1   1 -1  0
                      -1  0  1  -1  0  0  -1  1  0       0  1  0   1  0  0   0  0  1
                       0  0 -1   0  1 -1   1  0 -1       1 -1  0   0 -1  1   0 -1  0
                       0  0  1   1  0  0   0  1  0      -1  1  0  -1  0  0  -1  0  1
                       0  0  1   0  1  0   1  0  0       1 -1  0   0 -1  0   0 -1  1
                       0  0 -1   1  0 -1   0  1 -1      -1  1  0  -1  0  1  -1  0  0
           tolvrs1     1.00000000E-10
           tolvrs2     0.00000000E+00
           tolwfr1     0.00000000E+00
           tolwfr2     1.00000000E-10
            typat      1  1
              wtk1       0.12500    0.50000    0.37500
              wtk2       0.12500    0.12500    0.12500    0.12500    0.12500    0.12500
                         0.12500    0.12500
        w90prtunk1          0
        w90prtunk2          1
           xangst      0.0000000000E+00  0.0000000000E+00  0.0000000000E+00
                       1.3577364229E+00  1.3577364229E+00  1.3577364229E+00
            xcart      0.0000000000E+00  0.0000000000E+00  0.0000000000E+00
                       2.5657500000E+00  2.5657500000E+00  2.5657500000E+00
             xred      0.0000000000E+00  0.0000000000E+00  0.0000000000E+00
                       2.5000000000E-01  2.5000000000E-01  2.5000000000E-01
            znucl       14.00000

================================================================================

 chkinp: Checking input parameters for consistency, jdtset=   1.

 chkinp: Checking input parameters for consistency, jdtset=   2.

================================================================================
== DATASET  1 ==================================================================
-   nproc =    1

 Exchange-correlation functional for the present dataset will be:
  LDA: new Teter (4/93) with spin-polarized option - ixc=1
 Citation for XC functional:
  S. Goedecker, M. Teter, J. Huetter, PRB 54, 1703 (1996)

 Real(R)+Recip(G) space primitive vectors, cartesian coordinates (Bohr,Bohr^-1):
 R(1)=  0.0000000  5.1315000  5.1315000  G(1)= -0.0974374  0.0974374  0.0974374
 R(2)=  5.1315000  0.0000000  5.1315000  G(2)=  0.0974374 -0.0974374  0.0974374
 R(3)=  5.1315000  5.1315000  0.0000000  G(3)=  0.0974374  0.0974374 -0.0974374
 Unit cell volume ucvol=  2.7024832E+02 bohr^3
 Angles (23,13,12)=  6.00000000E+01  6.00000000E+01  6.00000000E+01 degrees

 getcut: wavevector=  0.0000  0.0000  0.0000  ngfft=  20  20  20
         ecut(hartree)=      8.000   => boxcut(ratio)=   2.16451

--- Pseudopotential description ------------------------------------------------
- pspini: atom type   1  psp file is /home/gonze/ABINIT/ABINITv7.10.4/trunk/7.10.4-private/tests/Psps_for_tests/14si.pspnc
- pspatm: opening atomic psp file    /home/gonze/ABINIT/ABINITv7.10.4/trunk/7.10.4-private/tests/Psps_for_tests/14si.pspnc
-  Troullier-Martins psp for element  Si        Thu Oct 27 17:31:21 EDT 1994
- 14.00000   4.00000    940714                znucl, zion, pspdat
    1    1    2    2      2001   0.00000      pspcod,pspxc,lmax,lloc,mmax,r2well
    0   5.907  14.692    1   2.0872718        l,e99.0,e99.9,nproj,rcpsp
   0.00000000   0.00000000   0.00000000   0.00000000     rms, ekb1, ekb2, epsatm
    1   2.617   4.181    1   2.0872718        l,e99.0,e99.9,nproj,rcpsp
   0.00000000   0.00000000   0.00000000   0.00000000     rms, ekb1, ekb2, epsatm
    2   0.000   0.000    0   2.0872718        l,e99.0,e99.9,nproj,rcpsp
   0.00000000   0.00000000   0.00000000   0.00000000     rms, ekb1, ekb2, epsatm
    1.80626423934776    0.22824404341771    1.17378968127746   rchrg,fchrg,qchrg
 pspatm: epsatm=    1.43386982
         --- l  ekb(1:nproj) -->
             0    3.287949
             1    1.849886
 pspatm: atomic psp has been read  and splines computed

   2.29419171E+01                                ecore*ucvol(ha*bohr**3)
--------------------------------------------------------------------------------

P newkpt: treating      5 bands with npw=     283 for ikpt=   1 by node    0
P newkpt: treating      5 bands with npw=     272 for ikpt=   2 by node    0
P newkpt: treating      5 bands with npw=     302 for ikpt=   3 by node    0

_setup2: Arith. and geom. avg. npw (full set) are     284.625     284.289

================================================================================

     iter   Etot(hartree)      deltaE(h)  residm     vres2    diffor    maxfor
 ETOT  1  -8.7687791638219    -8.769E+00 1.303E-03 9.212E+00 0.000E+00 0.000E+00
 ETOT  2  -8.7757141188798    -6.935E-03 3.132E-07 3.334E-01 2.050E-30 2.050E-30
 ETOT  3  -8.7758534008084    -1.393E-04 3.000E-06 7.228E-02 2.460E-30 2.460E-30
 ETOT  4  -8.7758732658799    -1.987E-05 1.368E-07 8.912E-03 2.460E-30 0.000E+00
 ETOT  5  -8.7758761069722    -2.841E-06 6.670E-08 9.353E-04 0.000E+00 0.000E+00
 ETOT  6  -8.7758764715977    -3.646E-07 1.021E-08 1.076E-04 0.000E+00 0.000E+00
 ETOT  7  -8.7758764837575    -1.216E-08 2.013E-10 1.352E-04 0.000E+00 0.000E+00
 ETOT  8  -8.7758765311223    -4.736E-08 1.017E-09 1.705E-05 0.000E+00 0.000E+00
 ETOT  9  -8.7758765382582    -7.136E-09 2.271E-10 4.883E-10 0.000E+00 0.000E+00
 ETOT 10  -8.7758765382592    -1.007E-12 3.915E-15 1.418E-10 0.000E+00 0.000E+00
 ETOT 11  -8.7758765382592    -8.882E-14 5.225E-16 1.314E-11 0.000E+00 0.000E+00

 At SCF step   11       vres2   =  1.31E-11 < tolvrs=  1.00E-10 =>converged.

 Cartesian components of stress tensor (hartree/bohr^3)
  sigma(1 1)= -1.81612504E-04  sigma(3 2)=  0.00000000E+00
  sigma(2 2)= -1.81612504E-04  sigma(3 1)=  0.00000000E+00
  sigma(3 3)= -1.81612504E-04  sigma(2 1)=  0.00000000E+00

================================================================================

 ----iterations are completed or convergence reached----

 Mean square residual over all n,k,spin=   1.5050E-16; max=  5.2252E-16
   0.0000  0.0000  0.0000    1  1.96524E-16 kpt; spin; max resid(k); each band:
  1.04E-17 1.74E-16 9.04E-17 7.81E-17 1.97E-16
   0.5000  0.0000  0.0000    1  5.22523E-16 kpt; spin; max resid(k); each band:
  4.92E-16 1.84E-16 1.90E-17 1.90E-17 5.23E-16
   0.5000  0.5000  0.0000    1  2.42963E-16 kpt; spin; max resid(k); each band:
  5.16E-17 1.20E-16 2.89E-17 2.89E-17 2.43E-16
 reduced coordinates (array xred) for    2 atoms
       0.000000000000      0.000000000000      0.000000000000
       0.250000000000      0.250000000000      0.250000000000
 rms dE/dt=  0.0000E+00; max dE/dt=  0.0000E+00; dE/dt below (all hartree)
    1       0.000000000000      0.000000000000      0.000000000000
    2       0.000000000000      0.000000000000      0.000000000000

 cartesian coordinates (angstrom) at end:
    1      0.00000000000000     0.00000000000000     0.00000000000000
    2      1.35773642293979     1.35773642293979     1.35773642293979

 cartesian forces (hartree/bohr) at end:
    1     -0.00000000000000    -0.00000000000000    -0.00000000000000
    2     -0.00000000000000    -0.00000000000000    -0.00000000000000
 frms,max,avg= 0.0000000E+00 0.0000000E+00   0.000E+00  0.000E+00  0.000E+00 h/b

 cartesian forces (eV/Angstrom) at end:
    1     -0.00000000000000    -0.00000000000000    -0.00000000000000
    2     -0.00000000000000    -0.00000000000000    -0.00000000000000
 frms,max,avg= 0.0000000E+00 0.0000000E+00   0.000E+00  0.000E+00  0.000E+00 e/A
 length scales= 10.263000000000 10.263000000000 10.263000000000 bohr
              =  5.430945691759  5.430945691759  5.430945691759 angstroms
 prteigrs : about to open file tw90_1o_DS1_EIG
 Fermi (or HOMO) energy (hartree) =   0.22332   Average Vxc (hartree)=  -0.34875
 Eigenvalues (hartree) for nkpt=   3  k points:
 kpt#   1, nband=  5, wtk=  0.12500, kpt=  0.0000  0.0000  0.0000 (reduced coord)
  -0.22053   0.22332   0.22332   0.22332   0.31088
 kpt#   2, nband=  5, wtk=  0.50000, kpt=  0.5000  0.0000  0.0000 (reduced coord)
  -0.13301  -0.03830   0.17771   0.17771   0.27195
 kpt#   3, nband=  5, wtk=  0.37500, kpt=  0.5000  0.5000  0.0000 (reduced coord)
  -0.06651  -0.06651   0.11471   0.11471   0.23865
 Total charge density [el/Bohr^3]
,     Maximum=    9.2803E-02  at reduced coord.    0.1000    0.1000    0.7000
,Next maximum=    9.2803E-02  at reduced coord.    0.1000    0.7000    0.1000
,     Minimum=    1.9159E-03  at reduced coord.    0.7500    0.7500    0.7500
,Next minimum=    1.9159E-03  at reduced coord.    0.5000    0.5000    0.5000
,  Integrated=    8.0000E+00

--------------------------------------------------------------------------------
 Components of total free energy (in Hartree) :

    Kinetic energy  =  3.22358900774943E+00
    Hartree energy  =  6.23795662434364E-01
    XC energy       = -3.56393406586194E+00
    Ewald energy    = -8.39800922793231E+00
    PspCore energy  =  8.48919894704955E-02
    Loc. psp. energy= -2.57347339848441E+00
    NL   psp  energy=  1.82726349436512E+00
    >>>>>>>>> Etotal= -8.77587653825925E+00

 Other information on the energy :
    Total energy(eV)= -2.38803745190540E+02 ; Band energy (Ha)=   3.6877647657E-01
--------------------------------------------------------------------------------

 Cartesian components of stress tensor (hartree/bohr^3)
  sigma(1 1)= -1.81612504E-04  sigma(3 2)=  0.00000000E+00
  sigma(2 2)= -1.81612504E-04  sigma(3 1)=  0.00000000E+00
  sigma(3 3)= -1.81612504E-04  sigma(2 1)=  0.00000000E+00

-Cartesian components of stress tensor (GPa)         [Pressure=  5.3432E+00 GPa]
- sigma(1 1)= -5.34322343E+00  sigma(3 2)=  0.00000000E+00
- sigma(2 2)= -5.34322343E+00  sigma(3 1)=  0.00000000E+00
- sigma(3 3)= -5.34322343E+00  sigma(2 1)=  0.00000000E+00

================================================================================
== DATASET  2 ==================================================================
-   nproc =    1

 mkfilename : getwfk/=0, take file _WFK from output of DATASET   1.

 mkfilename : getden/=0, take file _DEN from output of DATASET   1.

 Exchange-correlation functional for the present dataset will be:
  LDA: new Teter (4/93) with spin-polarized option - ixc=1
 Citation for XC functional:
  S. Goedecker, M. Teter, J. Huetter, PRB 54, 1703 (1996)

 Real(R)+Recip(G) space primitive vectors, cartesian coordinates (Bohr,Bohr^-1):
 R(1)=  0.0000000  5.1315000  5.1315000  G(1)= -0.0974374  0.0974374  0.0974374
 R(2)=  5.1315000  0.0000000  5.1315000  G(2)=  0.0974374 -0.0974374  0.0974374
 R(3)=  5.1315000  5.1315000  0.0000000  G(3)=  0.0974374  0.0974374 -0.0974374
 Unit cell volume ucvol=  2.7024832E+02 bohr^3
 Angles (23,13,12)=  6.00000000E+01  6.00000000E+01  6.00000000E+01 degrees

 getcut: wavevector=  0.0000  0.0000  0.0000  ngfft=  20  20  20
         ecut(hartree)=      8.000   => boxcut(ratio)=   2.16451
--------------------------------------------------------------------------------

-inwffil : will read wavefunctions from disk file tw90_1o_DS1_WFK
- newkpt: read input wf with ikpt,npw=   1     283, make ikpt,npw=   1     283
- newkpt: read input wf with ikpt,npw=   2     272, make ikpt,npw=   2     272
- newkpt: read input wf with ikpt,npw=   2     272, make ikpt,npw=   3     272
- newkpt: read input wf with ikpt,npw=   3     302, make ikpt,npw=   4     302
- newkpt: read input wf with ikpt,npw=   2     272, make ikpt,npw=   5     272
- newkpt: read input wf with ikpt,npw=   3     302, make ikpt,npw=   6     302
- newkpt: read input wf with ikpt,npw=   3     302, make ikpt,npw=   7     302
- newkpt: read input wf with ikpt,npw=   2     272, make ikpt,npw=   8     272


================================================================================

---------------------------------------------------------------

  Calculation of overlap and call to wannier90 library 
  to obtain maximally localized wannier functions 

  - tw90_1o_DS2_w90.win is a mandatory secondary input
  - tw90_1o_DS2_w90.wout is the output for the library
  - tw90_1o_DS2_w90random.amn contains random projections
  - tw90_1o_DS2_w90.amn contains projections
  - tw90_1o_DS2_w90.mmn contains the overlap
  - tw90_1o_DS2_w90.eig contains the eigenvalues

---------------------------------------------------------------

   mlwfovlp:  you should give k-point in the full brillouin zone 
   with explicit k-points (or kptopt=3) and istwfk 1

   mlwfovlp :  mlwfovlp_setup done -
-  see tw90_1o_DS2_w90.wout for details.

   Writing top of the overlap matrix: M_mn(ikb,ik)
   m=n=1:3, ikb=1, ik=1

;   (   0.710621  -0.294349 ,   0.577148  -0.239062 ,  -0.000000  -0.000000 ,    )
;   (  -0.031300  -0.075553 ,   0.044794   0.108126 ,   0.714928  -0.296130 ,    )
;   (  -0.038536  -0.093059 ,   0.055150   0.133178 ,   0.083246  -0.034483 ,    )

   Writing bottom of the overlap matrix: M_mn(ikb,ik)
   m=n=num_bands-2:num_bands, ikb=nntot, ik=nkpt

;   (  -0.434828   0.059509 ,   0.509947  -0.211227 ,  -0.000009  -0.000002 ,    )
;   (  -0.004366  -0.002341 ,  -0.000649  -0.001598 ,   0.749712  -0.310541 ,    )
;   (  -0.425741  -0.228185 ,  -0.064085  -0.154715 ,  -0.007689   0.003189 ,    )

   Writing top of the initial projections matrix: A_mn(ik)
   m=1:3, n=1:3, ik=1

;   (   0.155744   0.093686 ,   0.216971   0.250192 ,   0.252459   0.234924 ,    )
;   (   0.158021   0.168146 ,   0.251976   0.200257 ,   0.227885   0.020724 ,    )
;   (   0.133966   0.051926 ,   0.105189   0.255798 ,   0.232946   0.042728 ,    )

   Writing bottom of the initial projections matrix: A_mn(ik)
   m=num_bands-2:num_bands, n=nwan-2:nwan, ik=nkpt

;   (   0.029706   0.127784 ,   0.200276   0.208055 ,   0.129656   0.280727 ,    )
;   (   0.205530   0.158666 ,   0.212015   0.402459 ,   0.246136   0.039495 ,    )
;   (   0.133552   0.150936 ,   0.151632   0.183667 ,   0.164708   0.190351 ,    )

   mlwfovlp :  mlwfovlp_run completed -
-  see tw90_1o_DS2_w90.wout for details.

================================================================================

 ----iterations are completed or convergence reached----

 Mean square residual over all n,k,spin=   5.8197E-16; max=  9.6611E-16
   0.0000  0.0000  0.0000    1  8.10741E-16 kpt; spin; max resid(k); each band:
  8.11E-16 4.33E-16 4.22E-16 4.22E-16
   0.5000  0.0000  0.0000    1  9.66082E-16 kpt; spin; max resid(k); each band:
  5.67E-16 9.66E-16 4.59E-16 4.59E-16
   0.0000  0.5000  0.0000    1  9.66110E-16 kpt; spin; max resid(k); each band:
  5.67E-16 9.66E-16 4.59E-16 4.59E-16
   0.5000  0.5000  0.0000    1  5.80772E-16 kpt; spin; max resid(k); each band:
  5.73E-16 5.09E-16 5.81E-16 5.81E-16
   0.0000  0.0000  0.5000    1  9.66139E-16 kpt; spin; max resid(k); each band:
  5.67E-16 9.66E-16 4.59E-16 4.59E-16
   0.5000  0.0000  0.5000    1  5.80775E-16 kpt; spin; max resid(k); each band:
  5.73E-16 5.09E-16 5.81E-16 5.81E-16
   0.0000  0.5000  0.5000    1  5.80779E-16 kpt; spin; max resid(k); each band:
  5.73E-16 5.09E-16 5.81E-16 5.81E-16
   0.5000  0.5000  0.5000    1  9.66110E-16 kpt; spin; max resid(k); each band:
  5.67E-16 9.66E-16 4.59E-16 4.59E-16
 reduced coordinates (array xred) for    2 atoms
       0.000000000000      0.000000000000      0.000000000000
       0.250000000000      0.250000000000      0.250000000000

 cartesian coordinates (angstrom) at end:
    1      0.00000000000000     0.00000000000000     0.00000000000000
    2      1.35773642293979     1.35773642293979     1.35773642293979
 length scales= 10.263000000000 10.263000000000 10.263000000000 bohr
              =  5.430945691759  5.430945691759  5.430945691759 angstroms
 prteigrs : about to open file tw90_1o_DS2_EIG
 Eigenvalues (hartree) for nkpt=   8  k points:
 kpt#   1, nband=  4, wtk=  0.12500, kpt=  0.0000  0.0000  0.0000 (reduced coord)
  -0.22053   0.22332   0.22332   0.22332
 kpt#   2, nband=  4, wtk=  0.12500, kpt=  0.5000  0.0000  0.0000 (reduced coord)
  -0.13301  -0.03830   0.17771   0.17771
 kpt#   3, nband=  4, wtk=  0.12500, kpt=  0.0000  0.5000  0.0000 (reduced coord)
  -0.13301  -0.03830   0.17771   0.17771
 kpt#   4, nband=  4, wtk=  0.12500, kpt=  0.5000  0.5000  0.0000 (reduced coord)
  -0.06651  -0.06651   0.11471   0.11471
 kpt#   5, nband=  4, wtk=  0.12500, kpt=  0.0000  0.0000  0.5000 (reduced coord)
  -0.13301  -0.03830   0.17771   0.17771
 kpt#   6, nband=  4, wtk=  0.12500, kpt=  0.5000  0.0000  0.5000 (reduced coord)
  -0.06651  -0.06651   0.11471   0.11471
 kpt#   7, nband=  4, wtk=  0.12500, kpt=  0.0000  0.5000  0.5000 (reduced coord)
  -0.06651  -0.06651   0.11471   0.11471
 kpt#   8, nband=  4, wtk=  0.12500, kpt=  0.5000  0.5000  0.5000 (reduced coord)
  -0.13301  -0.03830   0.17771   0.17771
 Total charge density [el/Bohr^3]
,     Maximum=    9.2803E-02  at reduced coord.    0.7000    0.1000    0.1000
,Next maximum=    9.2803E-02  at reduced coord.    0.1000    0.7000    0.1000
,     Minimum=    1.9159E-03  at reduced coord.    0.7500    0.7500    0.7500
,Next minimum=    1.9159E-03  at reduced coord.    0.5000    0.5000    0.5000
,  Integrated=    8.0000E+00

== END DATASET(S) ==============================================================
================================================================================
  
 -outvars: echo values of variables after computation  --------
            acell      1.0263000000E+01  1.0263000000E+01  1.0263000000E+01 Bohr
              amu      2.80855000E+01
           diemac1     1.20000000E+01
           diemac2     1.00000000E+06
             ecut      8.00000000E+00 Hartree
           etotal1    -8.7758765383E+00
            fcart1    -0.0000000000E+00 -0.0000000000E+00 -0.0000000000E+00
                      -0.0000000000E+00 -0.0000000000E+00 -0.0000000000E+00
-          fftalg         112
           getden1          0
           getden2          1
           getwfk1          0
           getwfk2          1
             iscf1          5
             iscf2         -2
           istwfk1       1    1    1
           istwfk2       1    1    1    1    1    1    1    1
           jdtset        1    2
              kpt1     0.00000000E+00  0.00000000E+00  0.00000000E+00
                       5.00000000E-01  0.00000000E+00  0.00000000E+00
                       5.00000000E-01  5.00000000E-01  0.00000000E+00
              kpt2     0.00000000E+00  0.00000000E+00  0.00000000E+00
                       5.00000000E-01  0.00000000E+00  0.00000000E+00
                       0.00000000E+00  5.00000000E-01  0.00000000E+00
                       5.00000000E-01  5.00000000E-01  0.00000000E+00
                       0.00000000E+00  0.00000000E+00  5.00000000E-01
                       5.00000000E-01  0.00000000E+00  5.00000000E-01
                       0.00000000E+00  5.00000000E-01  5.00000000E-01
                       5.00000000E-01  5.00000000E-01  5.00000000E-01
           kptopt1          1
           kptopt2          3
         kptrlatt        2    0    0      0    2    0      0    0    2
          kptrlen      1.45140738E+01
P           mkmem1          3
P           mkmem2          8
            natom           2
            nband1          5
            nband2          4
           nbdbuf1          0
           nbdbuf2          2
           ndtset           2
            ngfft          20      20      20
             nkpt1          3
             nkpt2          8
            nstep1        100
            nstep2          0
             nsym          24
           ntypat           1
              occ      2.000000  2.000000  2.000000  2.000000  0.000000
        optforces           1
          prtwant1          0
          prtwant2          2
            rprim      0.0000000000E+00  5.0000000000E-01  5.0000000000E-01
                       5.0000000000E-01  0.0000000000E+00  5.0000000000E-01
                       5.0000000000E-01  5.0000000000E-01  0.0000000000E+00
          spgroup         227
           strten1    -1.8161250368E-04 -1.8161250368E-04 -1.8161250368E-04
                       0.0000000000E+00  0.0000000000E+00  0.0000000000E+00
        symmorphi           0
           symrel      1  0  0   0  1  0   0  0  1       0 -1  1   0 -1  0   1 -1  0
                      -1  0  0  -1  0  1  -1  1  0       0  1 -1   1  0 -1   0  0 -1
                      -1  0  0  -1  1  0  -1  0  1       0 -1  1   1 -1  0   0 -1  0
                       1  0  0   0  0  1   0  1  0       0  1 -1   0  0 -1   1  0 -1
                      -1  0  1  -1  1  0  -1  0  0       0 -1  0   1 -1  0   0 -1  1
                       1  0 -1   0  0 -1   0  1 -1       0  1  0   0  0  1   1  0  0
                       1  0 -1   0  1 -1   0  0 -1       0 -1  0   0 -1  1   1 -1  0
                      -1  0  1  -1  0  0  -1  1  0       0  1  0   1  0  0   0  0  1
                       0  0 -1   0  1 -1   1  0 -1       1 -1  0   0 -1  1   0 -1  0
                       0  0  1   1  0  0   0  1  0      -1  1  0  -1  0  0  -1  0  1
                       0  0  1   0  1  0   1  0  0       1 -1  0   0 -1  0   0 -1  1
                       0  0 -1   1  0 -1   0  1 -1      -1  1  0  -1  0  1  -1  0  0
           tolvrs1     1.00000000E-10
           tolvrs2     0.00000000E+00
           tolwfr1     0.00000000E+00
           tolwfr2     1.00000000E-10
            typat      1  1
              wtk1       0.12500    0.50000    0.37500
              wtk2       0.12500    0.12500    0.12500    0.12500    0.12500    0.12500
                         0.12500    0.12500
        w90prtunk1          0
        w90prtunk2          1
           xangst      0.0000000000E+00  0.0000000000E+00  0.0000000000E+00
                       1.3577364229E+00  1.3577364229E+00  1.3577364229E+00
            xcart      0.0000000000E+00  0.0000000000E+00  0.0000000000E+00
                       2.5657500000E+00  2.5657500000E+00  2.5657500000E+00
             xred      0.0000000000E+00  0.0000000000E+00  0.0000000000E+00
                       2.5000000000E-01  2.5000000000E-01  2.5000000000E-01
            znucl       14.00000

================================================================================


- Timing analysis has been suppressed with timopt=0



================================================================================

 Suggested references for the acknowledgment of ABINIT usage.

 The users of ABINIT have little formal obligations with respect to the ABINIT group
 (those specified in the GNU General Public License, http://www.gnu.org/copyleft/gpl.txt).
 However, it is common practice in the scientific literature,
 to acknowledge the efforts of people that have made the research possible.
 In this spirit, please find below suggested citations of work written by ABINIT developers,
 corresponding to implementations inside of ABINIT that you have used in the present run.
 Note also that it will be of great value to readers of publications presenting these results,
 to read papers enabling them to understand the theoretical formalism and details
 of the ABINIT implementation.
 For information on why they are suggested, see also http://www.abinit.org/about/?text=acknowledgments.

 [1] ABINIT : First-principles approach of materials and nanosystem properties.
 X. Gonze, B. Amadon, P.-M. Anglade, J.-M. Beuken, F. Bottin, P. Boulanger, F. Bruneval,
 D. Caliste, R. Caracas, M. Cote, T. Deutsch, L. Genovese, Ph. Ghosez, M. Giantomassi
 S. Goedecker, D.R. Hamann, P. Hermet, F. Jollet, G. Jomard, S. Leroux, M. Mancini, S. Mazevet,
 M.J.T. Oliveira, G. Onida, Y. Pouillon, T. Rangel, G.-M. Rignanese, D. Sangalli, R. Shaltaf,
 M. Torrent, M.J. Verstraete, G. Zerah, J.W. Zwanziger
 Computer Phys. Comm. 180, 2582-2615 (2009).
 Comment : the third generic paper describing the ABINIT project.
 Note that a version of this paper, that is not formatted for Computer Phys. Comm. 
 is available at http://www.abinit.org/about/ABINIT_CPC_v10.pdf .
 The licence allows the authors to put it on the Web.

 [2] A brief introduction to the ABINIT software package.
 X. Gonze, G.-M. Rignanese, M. Verstraete, J.-M. Beuken, Y. Pouillon, R. Caracas, F. Jollet,
 M. Torrent, G. Zerah, M. Mikami, Ph. Ghosez, M. Veithen, J.-Y. Raty, V. Olevano, F. Bruneval,
 L. Reining, R. Godby, G. Onida, D.R. Hamann, and D.C. Allan.
 Z. Kristallogr. 220, 558-562 (2005).
 Comment : the second generic paper describing the ABINIT project. Note that this paper
 should be cited especially if you are using the GW part of ABINIT, as several authors
 of this part are not in the list of authors of the first or third paper.
 The .pdf of the latter paper is available at http://www.abinit.org/about/zfk_0505-06_558-562.pdf.
 Note that it should not redistributed (Copyright by Oldenburg Wissenshaftverlag,
 the licence allows the authors to put it on the Web).


 And optionally :

 [3] First-principles computation of material properties : the ABINIT software project. 
 X. Gonze, J.-M. Beuken, R. Caracas, F. Detraux, M. Fuchs, G.-M. Rignanese, L. Sindic,
 M. Verstraete, G. Zerah, F. Jollet, M. Torrent, A. Roy, M. Mikami, Ph. Ghosez, J.-Y. Raty, D.C. Allan.
 Computational Materials Science 25, 478-492 (2002). http://dx.doi.org/10.1016/S0927-0256(02)00325-7
 Comment : the original paper describing the ABINIT project.

 [4] Fast radix 2, 3, 4 and 5 kernels for Fast Fourier Transformations
 on computers with overlapping multiply-add instructions.
 S. Goedecker, SIAM J. on Scientific Computing 18, 1605 (1997).

 [5] Towards a potential-based conjugate gradient algorithm for order-N self-consistent
 total energy calculations.
 X. Gonze, Phys. Rev. B 54, 4383 (1996).
 Comment : The potential-based conjugate-gradient algorithm, used when iscf=5, is not published.
 However, many elements of this algorithm have been explained in the paper above.
-
- Proc.   0 individual time (sec): cpu=          1.2  wall=          1.3

================================================================================

 Calculation completed.
.Delivered    2 WARNINGs and   4 COMMENTs to log file.
+Overall time at end (sec) : cpu=          1.2  wall=          1.3
