
.Version 7.10.4 of ABINIT 
.(MPI version, prepared for a x86_64_linux_gnu4.7 computer) 

.Copyright (C) 1998-2014 ABINIT group . 
 ABINIT comes with ABSOLUTELY NO WARRANTY.
 It is free software, and you are welcome to redistribute it
 under certain conditions (GNU General Public License,
 see ~abinit/COPYING or http://www.gnu.org/copyleft/gpl.txt).

 ABINIT is a project of the Universite Catholique de Louvain,
 Corning Inc. and other collaborators, see ~abinit/doc/developers/contributors.txt .
 Please read ~abinit/doc/users/acknowledgments.html for suggested
 acknowledgments of the ABINIT effort.
 For more information, see http://www.abinit.org .

.Starting date : Wed 11 Mar 2015.
- ( at 12h26 )
  
- input  file    -> t93.in
- output file    -> t93_MPI4.out
- root for input  files -> t93_MPI4i
- root for output files -> t93_MPI4o


 DATASET    1 : space group Fd -3 m (#227); Bravais cF (face-center cubic)
================================================================================
 Values of the parameters that define the memory need for DATASET  1.
   intxc =         0  ionmov =         0    iscf =         7 xclevel =         1
  lmnmax =         1   lnmax =         1   mband =         5  mffmem =         1
P  mgfft =        15   mkmem =         1 mpssoang=         2     mpw =       117
  mqgrid =      3001   natom =         2    nfft =      3375    nkpt =         4
  nloalg =         4  nspden =         1 nspinor =         1  nsppol =         1
    nsym =        48  n1xccc =      2501  ntypat =         1  occopt =         1
================================================================================
P This job should need less than                       1.469 Mbytes of memory.
  Rough estimation (10% accuracy) of disk space for files :
_ WF disk file :      0.038 Mbytes ; DEN or POT disk file :      0.028 Mbytes.
================================================================================


 DATASET    2 : space group Fd -3 m (#227); Bravais cF (face-center cubic)
================================================================================
 Values of the parameters that define the memory need for DATASET  2.
   intxc =         0  ionmov =         0    iscf =         7 xclevel =         0
  lmnmax =         1   lnmax =         1   mband =         5  mffmem =         1
P  mgfft =        15   mkmem =         2 mpssoang=         2     mpw =       117
  mqgrid =      3001   natom =         2    nfft =      3375    nkpt =         4
  nloalg =         4  nspden =         1 nspinor =         1  nsppol =         1
    nsym =        48  n1xccc =      2501  ntypat =         1  occopt =         1
================================================================================
P This job should need less than                       1.480 Mbytes of memory.
  Rough estimation (10% accuracy) of disk space for files :
_ WF disk file :      0.038 Mbytes ; DEN or POT disk file :      0.028 Mbytes.
================================================================================

--------------------------------------------------------------------------------
------------- Echo of variables that govern the present computation ------------
--------------------------------------------------------------------------------
-
- outvars: echo of selected default values                                      
-   accesswff0 =  0 , fftalg0 =112 , wfoptalg0 =  0
-
- outvars: echo of global parameters not present in the input file              
-  max_nthreads =    0
-
 -outvars: echo values of preprocessed input variables --------
            acell      6.7406526010E+00  6.7406526010E+00  6.7406526010E+00 Bohr
              amu      1.20110000E+01
           diemac      1.20000000E+01
             ecut      1.00000000E+01 Hartree
-          fftalg         112
           getwfk1          0
           getwfk2         -1
           istwfk        2    0    0    0
              ixc1          1
              ixc2         40
           jdtset        1    2
              kpt      0.00000000E+00  0.00000000E+00  0.00000000E+00
                       3.33333333E-01  0.00000000E+00  0.00000000E+00
                       3.33333333E-01  3.33333333E-01  0.00000000E+00
                      -3.33333333E-01  3.33333333E-01  0.00000000E+00
         kptrlatt        3    0    0      0    3    0      0    0    3
          kptrlen      1.42990835E+01
P           mkmem1          1
P           mkmem2          2
            natom           2
            nband           5
          nbandhf1          0
          nbandhf2          4
           ndtset           2
            ngfft          15      15      15
             nkpt           4
           nkpthf1          0
           nkpthf2         27
-            nphf1          1
-            nphf2          2
-           npkpt1          1
-           npkpt2          2
            nstep          20
             nsym          48
           ntypat           1
              occ      2.000000  2.000000  2.000000  2.000000  0.000000
            rprim      0.0000000000E+00  5.0000000000E-01  5.0000000000E-01
                       5.0000000000E-01  0.0000000000E+00  5.0000000000E-01
                       5.0000000000E-01  5.0000000000E-01  0.0000000000E+00
          spgroup         227
           symrel      1  0  0   0  1  0   0  0  1      -1  0  0   0 -1  0   0  0 -1
                       0 -1  1   0 -1  0   1 -1  0       0  1 -1   0  1  0  -1  1  0
                      -1  0  0  -1  0  1  -1  1  0       1  0  0   1  0 -1   1 -1  0
                       0  1 -1   1  0 -1   0  0 -1       0 -1  1  -1  0  1   0  0  1
                      -1  0  0  -1  1  0  -1  0  1       1  0  0   1 -1  0   1  0 -1
                       0 -1  1   1 -1  0   0 -1  0       0  1 -1  -1  1  0   0  1  0
                       1  0  0   0  0  1   0  1  0      -1  0  0   0  0 -1   0 -1  0
                       0  1 -1   0  0 -1   1  0 -1       0 -1  1   0  0  1  -1  0  1
                      -1  0  1  -1  1  0  -1  0  0       1  0 -1   1 -1  0   1  0  0
                       0 -1  0   1 -1  0   0 -1  1       0  1  0  -1  1  0   0  1 -1
                       1  0 -1   0  0 -1   0  1 -1      -1  0  1   0  0  1   0 -1  1
                       0  1  0   0  0  1   1  0  0       0 -1  0   0  0 -1  -1  0  0
                       1  0 -1   0  1 -1   0  0 -1      -1  0  1   0 -1  1   0  0  1
                       0 -1  0   0 -1  1   1 -1  0       0  1  0   0  1 -1  -1  1  0
                      -1  0  1  -1  0  0  -1  1  0       1  0 -1   1  0  0   1 -1  0
                       0  1  0   1  0  0   0  0  1       0 -1  0  -1  0  0   0  0 -1
                       0  0 -1   0  1 -1   1  0 -1       0  0  1   0 -1  1  -1  0  1
                       1 -1  0   0 -1  1   0 -1  0      -1  1  0   0  1 -1   0  1  0
                       0  0  1   1  0  0   0  1  0       0  0 -1  -1  0  0   0 -1  0
                      -1  1  0  -1  0  0  -1  0  1       1 -1  0   1  0  0   1  0 -1
                       0  0  1   0  1  0   1  0  0       0  0 -1   0 -1  0  -1  0  0
                       1 -1  0   0 -1  0   0 -1  1      -1  1  0   0  1  0   0  1 -1
                       0  0 -1   1  0 -1   0  1 -1       0  0  1  -1  0  1   0 -1  1
                      -1  1  0  -1  0  1  -1  0  0       1 -1  0   1  0 -1   1  0  0
            tnons      0.0000000  0.0000000  0.0000000     0.2500000  0.2500000  0.2500000
                       0.0000000  0.0000000  0.0000000     0.2500000  0.2500000  0.2500000
                       0.0000000  0.0000000  0.0000000     0.2500000  0.2500000  0.2500000
                       0.0000000  0.0000000  0.0000000     0.2500000  0.2500000  0.2500000
                       0.0000000  0.0000000  0.0000000     0.2500000  0.2500000  0.2500000
                       0.0000000  0.0000000  0.0000000     0.2500000  0.2500000  0.2500000
                       0.0000000  0.0000000  0.0000000     0.2500000  0.2500000  0.2500000
                       0.0000000  0.0000000  0.0000000     0.2500000  0.2500000  0.2500000
                       0.0000000  0.0000000  0.0000000     0.2500000  0.2500000  0.2500000
                       0.0000000  0.0000000  0.0000000     0.2500000  0.2500000  0.2500000
                       0.0000000  0.0000000  0.0000000     0.2500000  0.2500000  0.2500000
                       0.0000000  0.0000000  0.0000000     0.2500000  0.2500000  0.2500000
                       0.0000000  0.0000000  0.0000000     0.2500000  0.2500000  0.2500000
                       0.0000000  0.0000000  0.0000000     0.2500000  0.2500000  0.2500000
                       0.0000000  0.0000000  0.0000000     0.2500000  0.2500000  0.2500000
                       0.0000000  0.0000000  0.0000000     0.2500000  0.2500000  0.2500000
                       0.0000000  0.0000000  0.0000000     0.2500000  0.2500000  0.2500000
                       0.0000000  0.0000000  0.0000000     0.2500000  0.2500000  0.2500000
                       0.0000000  0.0000000  0.0000000     0.2500000  0.2500000  0.2500000
                       0.0000000  0.0000000  0.0000000     0.2500000  0.2500000  0.2500000
                       0.0000000  0.0000000  0.0000000     0.2500000  0.2500000  0.2500000
                       0.0000000  0.0000000  0.0000000     0.2500000  0.2500000  0.2500000
                       0.0000000  0.0000000  0.0000000     0.2500000  0.2500000  0.2500000
                       0.0000000  0.0000000  0.0000000     0.2500000  0.2500000  0.2500000
           toldfe1     1.00000000E-12 Hartree
           toldfe2     1.00000000E-07 Hartree
            typat      1  1
              wtk        0.03704    0.29630    0.22222    0.44444
           xangst      0.0000000000E+00  0.0000000000E+00  0.0000000000E+00
                       8.9174993187E-01  8.9174993187E-01  8.9174993187E-01
            xcart      0.0000000000E+00  0.0000000000E+00  0.0000000000E+00
                       1.6851631502E+00  1.6851631502E+00  1.6851631502E+00
             xred      0.0000000000E+00  0.0000000000E+00  0.0000000000E+00
                       2.5000000000E-01  2.5000000000E-01  2.5000000000E-01
            znucl        6.00000

================================================================================

 chkinp: Checking input parameters for consistency, jdtset=   1.

 chkinp: Checking input parameters for consistency, jdtset=   2.

================================================================================
== DATASET  1 ==================================================================
-   nproc =    4

 Exchange-correlation functional for the present dataset will be:
  LDA: new Teter (4/93) with spin-polarized option - ixc=1
 Citation for XC functional:
  S. Goedecker, M. Teter, J. Huetter, PRB 54, 1703 (1996)

 Real(R)+Recip(G) space primitive vectors, cartesian coordinates (Bohr,Bohr^-1):
 R(1)=  0.0000000  3.3703263  3.3703263  G(1)= -0.1483536  0.1483536  0.1483536
 R(2)=  3.3703263  0.0000000  3.3703263  G(2)=  0.1483536 -0.1483536  0.1483536
 R(3)=  3.3703263  3.3703263  0.0000000  G(3)=  0.1483536  0.1483536 -0.1483536
 Unit cell volume ucvol=  7.6567743E+01 bohr^3
 Angles (23,13,12)=  6.00000000E+01  6.00000000E+01  6.00000000E+01 degrees

 getcut: wavevector=  0.0000  0.0000  0.0000  ngfft=  15  15  15
         ecut(hartree)=     10.000   => boxcut(ratio)=   2.07387

--- Pseudopotential description ------------------------------------------------
- pspini: atom type   1  psp file is /data/ABINIT/testf_gcc47/trunk_7.10.4-private/tests/Psps_for_tests/6c.pspnc
- pspatm: opening atomic psp file    /data/ABINIT/testf_gcc47/trunk_7.10.4-private/tests/Psps_for_tests/6c.pspnc
-  Troullier-Martins psp for element  C         Thu Oct 27 17:29:33 EDT 1994
-  6.00000   4.00000    940714                znucl, zion, pspdat
    1    1    1    1      2001   0.00000      pspcod,pspxc,lmax,lloc,mmax,r2well
    0  10.372  24.987    1   1.4850707        l,e99.0,e99.9,nproj,rcpsp
   0.00000000   0.00000000   0.00000000   0.00000000     rms, ekb1, ekb2, epsatm
    1  15.431  21.987    0   1.4850707        l,e99.0,e99.9,nproj,rcpsp
   0.00000000   0.00000000   0.00000000   0.00000000     rms, ekb1, ekb2, epsatm
    0.83985002509544    0.99012430797080    0.51184907750884   rchrg,fchrg,qchrg
 pspatm: epsatm=    0.92590353
         --- l  ekb(1:nproj) -->
             0    4.921466
 pspatm: atomic psp has been read  and splines computed

   1.48144565E+01                                ecore*ucvol(ha*bohr**3)
--------------------------------------------------------------------------------

P newkpt: treating      5 bands with npw=      57 for ikpt=   1 by node    0
P newkpt: treating      5 bands with npw=     117 for ikpt=   2 by node    1
P newkpt: treating      5 bands with npw=     113 for ikpt=   3 by node    2
P newkpt: treating      5 bands with npw=     116 for ikpt=   4 by node    3

_setup2: Arith. and geom. avg. npw (full set) are     115.519     115.508

================================================================================

     iter   Etot(hartree)      deltaE(h)  residm     vres2
 ETOT  1  -11.810681028670    -1.181E+01 5.283E-03 5.430E+00
 ETOT  2  -11.816468213263    -5.787E-03 1.369E-04 1.928E-02
 ETOT  3  -11.816477033364    -8.820E-06 2.560E-04 4.569E-04
 ETOT  4  -11.816477240771    -2.074E-07 1.112E-05 4.786E-07
 ETOT  5  -11.816477240958    -1.868E-10 2.207E-05 2.567E-10
 ETOT  6  -11.816477240958    -1.261E-13 1.035E-06 1.928E-13
 ETOT  7  -11.816477240958     0.000E+00 1.901E-06 7.606E-17

 At SCF step    7, etot is converged : 
  for the second time, diff in etot=  0.000E+00 < toldfe=  1.000E-12

 Cartesian components of stress tensor (hartree/bohr^3)
  sigma(1 1)=  4.19825483E-03  sigma(3 2)=  0.00000000E+00
  sigma(2 2)=  4.19825483E-03  sigma(3 1)=  0.00000000E+00
  sigma(3 3)=  4.19825483E-03  sigma(2 1)=  0.00000000E+00

================================================================================

 ----iterations are completed or convergence reached----

 Mean square residual over all n,k,spin=   9.5069E-08; max=  1.9014E-06
   0.0000  0.0000  0.0000    1  2.73479E-18 kpt; spin; max resid(k); each band:
  5.89E-20 2.73E-18 1.26E-18 1.59E-19 1.44E-18
   0.3333  0.0000  0.0000    1  1.90137E-06 kpt; spin; max resid(k); each band:
  2.45E-20 1.95E-19 4.11E-20 5.45E-20 1.90E-06
   0.3333  0.3333  0.0000    1  4.05031E-17 kpt; spin; max resid(k); each band:
  2.81E-20 7.64E-20 4.02E-20 4.02E-20 4.05E-17
  -0.3333  0.3333  0.0000    1  1.34530E-17 kpt; spin; max resid(k); each band:
  3.54E-20 4.48E-20 2.64E-20 4.55E-20 1.35E-17
 reduced coordinates (array xred) for    2 atoms
       0.000000000000      0.000000000000      0.000000000000
       0.250000000000      0.250000000000      0.250000000000
 rms dE/dt=  0.0000E+00; max dE/dt=  0.0000E+00; dE/dt below (all hartree)
    1       0.000000000000      0.000000000000      0.000000000000
    2       0.000000000000      0.000000000000      0.000000000000

 cartesian coordinates (angstrom) at end:
    1      0.00000000000000     0.00000000000000     0.00000000000000
    2      0.89174993186803     0.89174993186803     0.89174993186803

 cartesian forces (hartree/bohr) at end:
    1     -0.00000000000000    -0.00000000000000    -0.00000000000000
    2     -0.00000000000000    -0.00000000000000    -0.00000000000000
 frms,max,avg= 0.0000000E+00 0.0000000E+00   0.000E+00  0.000E+00  0.000E+00 h/b

 cartesian forces (eV/Angstrom) at end:
    1     -0.00000000000000    -0.00000000000000    -0.00000000000000
    2     -0.00000000000000    -0.00000000000000    -0.00000000000000
 frms,max,avg= 0.0000000E+00 0.0000000E+00   0.000E+00  0.000E+00  0.000E+00 e/A
 length scales=  6.740652601000  6.740652601000  6.740652601000 bohr
              =  3.566999727472  3.566999727472  3.566999727472 angstroms
 prteigrs : about to open file t93_MPI4o_DS1_EIG
 Fermi (or HOMO) energy (hartree) =   0.49353   Average Vxc (hartree)=  -0.50472
 Eigenvalues (hartree) for nkpt=   4  k points:
 kpt#   1, nband=  5, wtk=  0.03704, kpt=  0.0000  0.0000  0.0000 (reduced coord)
  -0.32540   0.49353   0.49353   0.49353   0.72797
 kpt#   2, nband=  5, wtk=  0.29630, kpt=  0.3333  0.0000  0.0000 (reduced coord)
  -0.21320   0.13430   0.41258   0.41258   0.79351
 kpt#   3, nband=  5, wtk=  0.22222, kpt=  0.3333  0.3333  0.0000 (reduced coord)
  -0.17567   0.22625   0.29695   0.29695   0.63217
 kpt#   4, nband=  5, wtk=  0.44444, kpt= -0.3333  0.3333  0.0000 (reduced coord)
  -0.04742   0.07519   0.13584   0.31972   0.71195
 Total charge density [el/Bohr^3]
,     Maximum=    2.7303E-01  at reduced coord.    0.2000    0.2000    0.4667
,Next maximum=    2.7303E-01  at reduced coord.    0.1333    0.2000    0.4667
,     Minimum=    1.2594E-02  at reduced coord.    0.7333    0.7333    0.7333
,Next minimum=    1.2594E-02  at reduced coord.    0.8000    0.7333    0.7333
,  Integrated=    8.0000E+00

--------------------------------------------------------------------------------
 Components of total free energy (in Hartree) :

    Kinetic energy  =  7.83287738686419E+00
    Hartree energy  =  9.09101283696961E-01
    XC energy       = -4.29996745369093E+00
    Ewald energy    = -1.27864130979666E+01
    PspCore energy  =  1.93481692768137E-01
    Loc. psp. energy= -5.06536297503234E+00
    NL   psp  energy=  1.39980592240287E+00
    >>>>>>>>> Etotal= -1.18164772409577E+01

 Other information on the energy :
    Total energy(eV)= -3.21542698076655E+02 ; Band energy (Ha)=   1.2438607298E+00
--------------------------------------------------------------------------------

 Cartesian components of stress tensor (hartree/bohr^3)
  sigma(1 1)=  4.19825483E-03  sigma(3 2)=  0.00000000E+00
  sigma(2 2)=  4.19825483E-03  sigma(3 1)=  0.00000000E+00
  sigma(3 3)=  4.19825483E-03  sigma(2 1)=  0.00000000E+00

-Cartesian components of stress tensor (GPa)         [Pressure= -1.2352E+02 GPa]
- sigma(1 1)=  1.23516901E+02  sigma(3 2)=  0.00000000E+00
- sigma(2 2)=  1.23516901E+02  sigma(3 1)=  0.00000000E+00
- sigma(3 3)=  1.23516901E+02  sigma(2 1)=  0.00000000E+00

================================================================================
== DATASET  2 ==================================================================
-   nproc =    4

 mkfilename : getwfk/=0, take file _WFK from output of DATASET   1.

 Exchange-correlation functional for the present dataset will be:
  Hartree-Fock with mixing coefficient alpha=1

 Real(R)+Recip(G) space primitive vectors, cartesian coordinates (Bohr,Bohr^-1):
 R(1)=  0.0000000  3.3703263  3.3703263  G(1)= -0.1483536  0.1483536  0.1483536
 R(2)=  3.3703263  0.0000000  3.3703263  G(2)=  0.1483536 -0.1483536  0.1483536
 R(3)=  3.3703263  3.3703263  0.0000000  G(3)=  0.1483536  0.1483536 -0.1483536
 Unit cell volume ucvol=  7.6567743E+01 bohr^3
 Angles (23,13,12)=  6.00000000E+01  6.00000000E+01  6.00000000E+01 degrees

 getcut: wavevector=  0.0000  0.0000  0.0000  ngfft=  15  15  15
         ecut(hartree)=     10.000   => boxcut(ratio)=   2.07387

--- Pseudopotential description ------------------------------------------------
- pspini: atom type   1  psp file is /data/ABINIT/testf_gcc47/trunk_7.10.4-private/tests/Psps_for_tests/6c.pspnc
- pspatm: opening atomic psp file    /data/ABINIT/testf_gcc47/trunk_7.10.4-private/tests/Psps_for_tests/6c.pspnc
-  Troullier-Martins psp for element  C         Thu Oct 27 17:29:33 EDT 1994
-  6.00000   4.00000    940714                znucl, zion, pspdat
    1    1    1    1      2001   0.00000      pspcod,pspxc,lmax,lloc,mmax,r2well
    0  10.372  24.987    1   1.4850707        l,e99.0,e99.9,nproj,rcpsp
   0.00000000   0.00000000   0.00000000   0.00000000     rms, ekb1, ekb2, epsatm
    1  15.431  21.987    0   1.4850707        l,e99.0,e99.9,nproj,rcpsp
   0.00000000   0.00000000   0.00000000   0.00000000     rms, ekb1, ekb2, epsatm
    0.83985002509544    0.99012430797080    0.51184907750884   rchrg,fchrg,qchrg
 pspatm: epsatm=    0.92590353
         --- l  ekb(1:nproj) -->
             0    4.921466
 pspatm: atomic psp has been read  and splines computed

--------------------------------------------------------------------------------

-inwffil : will read wavefunctions from disk file t93_MPI4o_DS1_WFK
P newkpt: treating      5 bands with npw=      57 for ikpt=   1 by node    0
P newkpt: treating      5 bands with npw=     117 for ikpt=   2 by node    0
P newkpt: treating      5 bands with npw=     113 for ikpt=   3 by node    1
P newkpt: treating      5 bands with npw=     116 for ikpt=   4 by node    1

_setup2: Arith. and geom. avg. npw (full set) are     115.519     115.508

================================================================================

     iter   Etot(hartree)      deltaE(h)  residm     vres2
 ETOT  1  -10.612664285684    -1.061E+01 5.010E-08 1.843E-01
 ETOT  2  -10.621359033336    -8.695E-03 1.145E-07 1.082E-02
 ETOT  3  -10.623142749801    -1.784E-03 7.688E-06 1.955E-03
 ETOT  4  -10.625014061933    -1.871E-03 3.406E-07 1.352E-04
 ETOT  5  -10.625161966077    -1.479E-04 4.976E-08 2.676E-06
 ETOT  6  -10.625255509729    -9.354E-05 6.382E-09 3.047E-06
 ETOT  7  -10.625272816441    -1.731E-05 2.346E-09 2.036E-05
 ETOT  8  -10.625335833619    -6.302E-05 5.024E-11 2.200E-06
 ETOT  9  -10.625330356316     5.477E-06 8.469E-11 1.204E-06
 ETOT 10  -10.625332703893    -2.348E-06 5.962E-11 9.766E-08
 ETOT 11  -10.625328171705     4.532E-06 2.694E-11 5.956E-09
 ETOT 12  -10.625326579154     1.593E-06 1.088E-11 1.972E-08
 ETOT 13  -10.625323187053     3.392E-06 9.194E-13 3.619E-09
 ETOT 14  -10.625322972268     2.148E-07 1.088E-13 4.945E-09
 ETOT 15  -10.625322929146     4.312E-08 1.038E-13 7.064E-09
 ETOT 16  -10.625322519754     4.094E-07 1.614E-14 3.072E-09
 ETOT 17  -10.625322514725     5.029E-09 2.405E-14 1.691E-09
 ETOT 18  -10.625322454486     6.024E-08 3.771E-14 4.757E-10

 At SCF step   18, etot is converged : 
  for the second time, diff in etot=  6.024E-08 < toldfe=  1.000E-07

 Cartesian components of stress tensor (hartree/bohr^3)
  sigma(1 1)= -1.10719265E-02  sigma(3 2)=  0.00000000E+00
  sigma(2 2)= -1.10719265E-02  sigma(3 1)=  0.00000000E+00
  sigma(3 3)= -1.10719265E-02  sigma(2 1)=  0.00000000E+00

================================================================================

 ----iterations are completed or convergence reached----

 Mean square residual over all n,k,spin=   8.9884E-15; max=  3.7710E-14
   0.0000  0.0000  0.0000    1  2.32638E-16 kpt; spin; max resid(k); each band:
  2.33E-16 2.12E-17 2.12E-17 2.12E-17 3.22E-17
   0.3333  0.0000  0.0000    1  3.77098E-14 kpt; spin; max resid(k); each band:
  1.77E-14 2.50E-14 4.71E-16 4.71E-16 3.77E-14
   0.3333  0.3333  0.0000    1  2.62441E-14 kpt; spin; max resid(k); each band:
  2.56E-14 1.13E-16 2.95E-16 2.95E-16 2.62E-14
  -0.3333  0.3333  0.0000    1  2.06933E-14 kpt; spin; max resid(k); each band:
  1.90E-15 2.06E-14 2.16E-15 1.43E-16 2.07E-14
 reduced coordinates (array xred) for    2 atoms
       0.000000000000      0.000000000000      0.000000000000
       0.250000000000      0.250000000000      0.250000000000
 rms dE/dt=  0.0000E+00; max dE/dt=  0.0000E+00; dE/dt below (all hartree)
    1       0.000000000000      0.000000000000      0.000000000000
    2       0.000000000000      0.000000000000      0.000000000000

 cartesian coordinates (angstrom) at end:
    1      0.00000000000000     0.00000000000000     0.00000000000000
    2      0.89174993186803     0.89174993186803     0.89174993186803

 cartesian forces (hartree/bohr) at end:
    1     -0.00000000000000    -0.00000000000000    -0.00000000000000
    2     -0.00000000000000    -0.00000000000000    -0.00000000000000
 frms,max,avg= 0.0000000E+00 0.0000000E+00   0.000E+00  0.000E+00  0.000E+00 h/b

 cartesian forces (eV/Angstrom) at end:
    1     -0.00000000000000    -0.00000000000000    -0.00000000000000
    2     -0.00000000000000    -0.00000000000000    -0.00000000000000
 frms,max,avg= 0.0000000E+00 0.0000000E+00   0.000E+00  0.000E+00  0.000E+00 e/A
 length scales=  6.740652601000  6.740652601000  6.740652601000 bohr
              =  3.566999727472  3.566999727472  3.566999727472 angstroms
 prteigrs : about to open file t93_MPI4o_DS2_EIG
 Fermi (or HOMO) energy (hartree) =   0.41088   Average Vxc (hartree)=   0.00000
 Eigenvalues (hartree) for nkpt=   4  k points:
 kpt#   1, nband=  5, wtk=  0.03704, kpt=  0.0000  0.0000  0.0000 (reduced coord)
  -0.67703   0.41088   0.41088   0.41088   0.98313
 kpt#   2, nband=  5, wtk=  0.29630, kpt=  0.3333  0.0000  0.0000 (reduced coord)
  -0.53033  -0.04804   0.30863   0.30863   1.06929
 kpt#   3, nband=  5, wtk=  0.22222, kpt=  0.3333  0.3333  0.0000 (reduced coord)
  -0.47996   0.05378   0.16309   0.16309   0.86610
 kpt#   4, nband=  5, wtk=  0.44444, kpt= -0.3333  0.3333  0.0000 (reduced coord)
  -0.31636  -0.14423  -0.02719   0.19167   0.95929
 Total charge density [el/Bohr^3]
,     Maximum=    2.7672E-01  at reduced coord.    0.0667    0.1333    0.7333
,Next maximum=    2.7672E-01  at reduced coord.    0.1333    0.0667    0.7333
,     Minimum=    1.0963E-02  at reduced coord.    0.7333    0.7333    0.7333
,Next minimum=    1.0963E-02  at reduced coord.    0.8000    0.7333    0.7333
,  Integrated=    8.0000E+00

--------------------------------------------------------------------------------
 Components of total free energy (in Hartree) :

    Kinetic energy  =  7.71852965129289E+00
    Hartree energy  =  9.09858528368581E-01
    XC energy       = -3.12091773142088E+00
    Ewald energy    = -1.27864130979666E+01
    PspCore energy  =  1.93481692768137E-01
    Loc. psp. energy= -4.82598667528541E+00
    NL   psp  energy=  1.28612517775756E+00
    >>>>>>>>> Etotal= -1.06253224544858E+01

 "Double-counting" decomposition of free energy:
    Band energy     = -2.43448464801668E-01
    Ewald energy    = -1.27864130979666E+01
    PspCore energy  =  1.93481692768137E-01
    Dble-C XC-energy=  2.21105920305229E+00
    >>>> Etotal (DC)= -1.06253206669479E+01
--------------------------------------------------------------------------------

 Cartesian components of stress tensor (hartree/bohr^3)
  sigma(1 1)= -1.10719265E-02  sigma(3 2)=  0.00000000E+00
  sigma(2 2)= -1.10719265E-02  sigma(3 1)=  0.00000000E+00
  sigma(3 3)= -1.10719265E-02  sigma(2 1)=  0.00000000E+00

-Cartesian components of stress tensor (GPa)         [Pressure=  3.2575E+02 GPa]
- sigma(1 1)= -3.25747269E+02  sigma(3 2)=  0.00000000E+00
- sigma(2 2)= -3.25747269E+02  sigma(3 1)=  0.00000000E+00
- sigma(3 3)= -3.25747269E+02  sigma(2 1)=  0.00000000E+00

== END DATASET(S) ==============================================================
================================================================================
  
 -outvars: echo values of variables after computation  --------
            acell      6.7406526010E+00  6.7406526010E+00  6.7406526010E+00 Bohr
              amu      1.20110000E+01
           diemac      1.20000000E+01
             ecut      1.00000000E+01 Hartree
           etotal1    -1.1816477241E+01
           etotal2    -1.0625322454E+01
            fcart1    -0.0000000000E+00 -0.0000000000E+00 -0.0000000000E+00
                      -0.0000000000E+00 -0.0000000000E+00 -0.0000000000E+00
            fcart2    -0.0000000000E+00 -0.0000000000E+00 -0.0000000000E+00
                      -0.0000000000E+00 -0.0000000000E+00 -0.0000000000E+00
-          fftalg         112
           getwfk1          0
           getwfk2         -1
           istwfk        2    0    0    0
              ixc1          1
              ixc2         40
           jdtset        1    2
              kpt      0.00000000E+00  0.00000000E+00  0.00000000E+00
                       3.33333333E-01  0.00000000E+00  0.00000000E+00
                       3.33333333E-01  3.33333333E-01  0.00000000E+00
                      -3.33333333E-01  3.33333333E-01  0.00000000E+00
         kptrlatt        3    0    0      0    3    0      0    0    3
          kptrlen      1.42990835E+01
P           mkmem1          1
P           mkmem2          2
            natom           2
            nband           5
          nbandhf1          0
          nbandhf2          4
           ndtset           2
            ngfft          15      15      15
             nkpt           4
           nkpthf1          0
           nkpthf2         27
-            nphf1          1
-            nphf2          2
-           npkpt1          1
-           npkpt2          2
            nstep          20
             nsym          48
           ntypat           1
              occ      2.000000  2.000000  2.000000  2.000000  0.000000
            rprim      0.0000000000E+00  5.0000000000E-01  5.0000000000E-01
                       5.0000000000E-01  0.0000000000E+00  5.0000000000E-01
                       5.0000000000E-01  5.0000000000E-01  0.0000000000E+00
          spgroup         227
           strten1     4.1982548347E-03  4.1982548347E-03  4.1982548347E-03
                       0.0000000000E+00  0.0000000000E+00  0.0000000000E+00
           strten2    -1.1071926490E-02 -1.1071926490E-02 -1.1071926490E-02
                       0.0000000000E+00  0.0000000000E+00  0.0000000000E+00
           symrel      1  0  0   0  1  0   0  0  1      -1  0  0   0 -1  0   0  0 -1
                       0 -1  1   0 -1  0   1 -1  0       0  1 -1   0  1  0  -1  1  0
                      -1  0  0  -1  0  1  -1  1  0       1  0  0   1  0 -1   1 -1  0
                       0  1 -1   1  0 -1   0  0 -1       0 -1  1  -1  0  1   0  0  1
                      -1  0  0  -1  1  0  -1  0  1       1  0  0   1 -1  0   1  0 -1
                       0 -1  1   1 -1  0   0 -1  0       0  1 -1  -1  1  0   0  1  0
                       1  0  0   0  0  1   0  1  0      -1  0  0   0  0 -1   0 -1  0
                       0  1 -1   0  0 -1   1  0 -1       0 -1  1   0  0  1  -1  0  1
                      -1  0  1  -1  1  0  -1  0  0       1  0 -1   1 -1  0   1  0  0
                       0 -1  0   1 -1  0   0 -1  1       0  1  0  -1  1  0   0  1 -1
                       1  0 -1   0  0 -1   0  1 -1      -1  0  1   0  0  1   0 -1  1
                       0  1  0   0  0  1   1  0  0       0 -1  0   0  0 -1  -1  0  0
                       1  0 -1   0  1 -1   0  0 -1      -1  0  1   0 -1  1   0  0  1
                       0 -1  0   0 -1  1   1 -1  0       0  1  0   0  1 -1  -1  1  0
                      -1  0  1  -1  0  0  -1  1  0       1  0 -1   1  0  0   1 -1  0
                       0  1  0   1  0  0   0  0  1       0 -1  0  -1  0  0   0  0 -1
                       0  0 -1   0  1 -1   1  0 -1       0  0  1   0 -1  1  -1  0  1
                       1 -1  0   0 -1  1   0 -1  0      -1  1  0   0  1 -1   0  1  0
                       0  0  1   1  0  0   0  1  0       0  0 -1  -1  0  0   0 -1  0
                      -1  1  0  -1  0  0  -1  0  1       1 -1  0   1  0  0   1  0 -1
                       0  0  1   0  1  0   1  0  0       0  0 -1   0 -1  0  -1  0  0
                       1 -1  0   0 -1  0   0 -1  1      -1  1  0   0  1  0   0  1 -1
                       0  0 -1   1  0 -1   0  1 -1       0  0  1  -1  0  1   0 -1  1
                      -1  1  0  -1  0  1  -1  0  0       1 -1  0   1  0 -1   1  0  0
            tnons      0.0000000  0.0000000  0.0000000     0.2500000  0.2500000  0.2500000
                       0.0000000  0.0000000  0.0000000     0.2500000  0.2500000  0.2500000
                       0.0000000  0.0000000  0.0000000     0.2500000  0.2500000  0.2500000
                       0.0000000  0.0000000  0.0000000     0.2500000  0.2500000  0.2500000
                       0.0000000  0.0000000  0.0000000     0.2500000  0.2500000  0.2500000
                       0.0000000  0.0000000  0.0000000     0.2500000  0.2500000  0.2500000
                       0.0000000  0.0000000  0.0000000     0.2500000  0.2500000  0.2500000
                       0.0000000  0.0000000  0.0000000     0.2500000  0.2500000  0.2500000
                       0.0000000  0.0000000  0.0000000     0.2500000  0.2500000  0.2500000
                       0.0000000  0.0000000  0.0000000     0.2500000  0.2500000  0.2500000
                       0.0000000  0.0000000  0.0000000     0.2500000  0.2500000  0.2500000
                       0.0000000  0.0000000  0.0000000     0.2500000  0.2500000  0.2500000
                       0.0000000  0.0000000  0.0000000     0.2500000  0.2500000  0.2500000
                       0.0000000  0.0000000  0.0000000     0.2500000  0.2500000  0.2500000
                       0.0000000  0.0000000  0.0000000     0.2500000  0.2500000  0.2500000
                       0.0000000  0.0000000  0.0000000     0.2500000  0.2500000  0.2500000
                       0.0000000  0.0000000  0.0000000     0.2500000  0.2500000  0.2500000
                       0.0000000  0.0000000  0.0000000     0.2500000  0.2500000  0.2500000
                       0.0000000  0.0000000  0.0000000     0.2500000  0.2500000  0.2500000
                       0.0000000  0.0000000  0.0000000     0.2500000  0.2500000  0.2500000
                       0.0000000  0.0000000  0.0000000     0.2500000  0.2500000  0.2500000
                       0.0000000  0.0000000  0.0000000     0.2500000  0.2500000  0.2500000
                       0.0000000  0.0000000  0.0000000     0.2500000  0.2500000  0.2500000
                       0.0000000  0.0000000  0.0000000     0.2500000  0.2500000  0.2500000
           toldfe1     1.00000000E-12 Hartree
           toldfe2     1.00000000E-07 Hartree
            typat      1  1
              wtk        0.03704    0.29630    0.22222    0.44444
           xangst      0.0000000000E+00  0.0000000000E+00  0.0000000000E+00
                       8.9174993187E-01  8.9174993187E-01  8.9174993187E-01
            xcart      0.0000000000E+00  0.0000000000E+00  0.0000000000E+00
                       1.6851631502E+00  1.6851631502E+00  1.6851631502E+00
             xred      0.0000000000E+00  0.0000000000E+00  0.0000000000E+00
                       2.5000000000E-01  2.5000000000E-01  2.5000000000E-01
            znucl        6.00000

================================================================================


- Timing analysis has been suppressed with timopt=0



================================================================================

 Suggested references for the acknowledgment of ABINIT usage.

 The users of ABINIT have little formal obligations with respect to the ABINIT group
 (those specified in the GNU General Public License, http://www.gnu.org/copyleft/gpl.txt).
 However, it is common practice in the scientific literature,
 to acknowledge the efforts of people that have made the research possible.
 In this spirit, please find below suggested citations of work written by ABINIT developers,
 corresponding to implementations inside of ABINIT that you have used in the present run.
 Note also that it will be of great value to readers of publications presenting these results,
 to read papers enabling them to understand the theoretical formalism and details
 of the ABINIT implementation.
 For information on why they are suggested, see also http://www.abinit.org/about/?text=acknowledgments.

 [1] ABINIT : First-principles approach of materials and nanosystem properties.
 X. Gonze, B. Amadon, P.-M. Anglade, J.-M. Beuken, F. Bottin, P. Boulanger, F. Bruneval,
 D. Caliste, R. Caracas, M. Cote, T. Deutsch, L. Genovese, Ph. Ghosez, M. Giantomassi
 S. Goedecker, D.R. Hamann, P. Hermet, F. Jollet, G. Jomard, S. Leroux, M. Mancini, S. Mazevet,
 M.J.T. Oliveira, G. Onida, Y. Pouillon, T. Rangel, G.-M. Rignanese, D. Sangalli, R. Shaltaf,
 M. Torrent, M.J. Verstraete, G. Zerah, J.W. Zwanziger
 Computer Phys. Comm. 180, 2582-2615 (2009).
 Comment : the third generic paper describing the ABINIT project.
 Note that a version of this paper, that is not formatted for Computer Phys. Comm. 
 is available at http://www.abinit.org/about/ABINIT_CPC_v10.pdf .
 The licence allows the authors to put it on the Web.

 [2] A brief introduction to the ABINIT software package.
 X. Gonze, G.-M. Rignanese, M. Verstraete, J.-M. Beuken, Y. Pouillon, R. Caracas, F. Jollet,
 M. Torrent, G. Zerah, M. Mikami, Ph. Ghosez, M. Veithen, J.-Y. Raty, V. Olevano, F. Bruneval,
 L. Reining, R. Godby, G. Onida, D.R. Hamann, and D.C. Allan.
 Z. Kristallogr. 220, 558-562 (2005).
 Comment : the second generic paper describing the ABINIT project. Note that this paper
 should be cited especially if you are using the GW part of ABINIT, as several authors
 of this part are not in the list of authors of the first or third paper.
 The .pdf of the latter paper is available at http://www.abinit.org/about/zfk_0505-06_558-562.pdf.
 Note that it should not redistributed (Copyright by Oldenburg Wissenshaftverlag,
 the licence allows the authors to put it on the Web).


 And optionally :

 [3] First-principles computation of material properties : the ABINIT software project. 
 X. Gonze, J.-M. Beuken, R. Caracas, F. Detraux, M. Fuchs, G.-M. Rignanese, L. Sindic,
 M. Verstraete, G. Zerah, F. Jollet, M. Torrent, A. Roy, M. Mikami, Ph. Ghosez, J.-Y. Raty, D.C. Allan.
 Computational Materials Science 25, 478-492 (2002). http://dx.doi.org/10.1016/S0927-0256(02)00325-7
 Comment : the original paper describing the ABINIT project.

 [4] Fast radix 2, 3, 4 and 5 kernels for Fast Fourier Transformations
 on computers with overlapping multiply-add instructions.
 S. Goedecker, SIAM J. on Scientific Computing 18, 1605 (1997).
-
- Proc.   0 individual time (sec): cpu=          8.5  wall=          8.5

================================================================================

 Calculation completed.
.Delivered    0 WARNINGs and   0 COMMENTs to log file.
+Overall time at end (sec) : cpu=         34.1  wall=         34.1
