
.Version 7.9.3 of ABINIT 
.(MPI version, prepared for a x86_64_linux_gnu4.7 computer) 

.Copyright (C) 1998-2014 ABINIT group . 
 ABINIT comes with ABSOLUTELY NO WARRANTY.
 It is free software, and you are welcome to redistribute it
 under certain conditions (GNU General Public License,
 see ~abinit/COPYING or http://www.gnu.org/copyleft/gpl.txt).

 ABINIT is a project of the Universite Catholique de Louvain,
 Corning Inc. and other collaborators, see ~abinit/doc/developers/contributors.txt .
 Please read ~abinit/doc/users/acknowledgments.html for suggested
 acknowledgments of the ABINIT effort.
 For more information, see http://www.abinit.org .

.Starting date : Sat 30 Aug 2014.
- ( at 22h31 )
  
- input  file    -> t08.in
- output file    -> t08.out
- root for input  files -> t08i
- root for output files -> t08o


 DATASET    1 : space group P1 (#  1); Bravais aP (primitive triclinic)
================================================================================
 Values of the parameters that define the memory need for DATASET  1.
   intxc =         0  ionmov =         0    iscf =         3 xclevel =         1
  lmnmax =         4   lnmax =         4   mband =         4  mffmem =         1
P  mgfft =        16   mkmem =         2 mpssoang=         3     mpw =        69
  mqgrid =      3001   natom =         2    nfft =      4096    nkpt =         2
  nloalg =         4  nspden =         1 nspinor =         1  nsppol =         1
    nsym =         1  n1xccc =      2501  ntypat =         1  occopt =         1
 For the susceptibility and dielectric matrices, or tddft :
   mgfft =         8  nbnd_in_blk=     2    nfft =       512     npw =        81
================================================================================
P This job should need less than                       1.539 Mbytes of memory.
  Rough estimation (10% accuracy) of disk space for files :
_ WF disk file :      0.010 Mbytes ; DEN or POT disk file :      0.033 Mbytes.
================================================================================


 DATASET    2 : space group P1 (#  1); Bravais aP (primitive triclinic)
================================================================================
 Values of the parameters that define the memory need for DATASET  2 (RF).
   intxc =         0    iscf =         3 xclevel =         1  lmnmax =         4
   lnmax =         4   mband =         4  mffmem =         1   mgfft =        16
P  mkmem =         2  mkqmem =         2  mk1mem =         2 mpssoang=         3
     mpw =        69  mqgrid =      3001   natom =         2    nfft =      4096
    nkpt =         2  nloalg =         4  nspden =         1 nspinor =         1
  nsppol =         1    nsym =         1  n1xccc =      2501  ntypat =         1
  occopt =         1
================================================================================
P This job should need less than                       1.592 Mbytes of memory.
  Rough estimation (10% accuracy) of disk space for files :
_ WF disk file :      0.010 Mbytes ; DEN or POT disk file :      0.033 Mbytes.
================================================================================

--------------------------------------------------------------------------------
------------- Echo of variables that govern the present computation ------------
--------------------------------------------------------------------------------
-
- outvars: echo of selected default values                                      
-   accesswff0 =  0 , fftalg0 =112 , wfoptalg0 =  0
-
- outvars: echo of global parameters not present in the input file              
-  max_nthreads =    0
-
 -outvars: echo values of preprocessed input variables --------
            acell      1.0000000000E+01  1.0000000000E+01  1.0000000000E+01 Bohr
              amu      1.00000000E+00
           diecut      1.20000000E+00 Hartree
           diegap      2.00000000E-01 Hartree
           diemac1     1.00000000E+06
           diemac2     1.00000000E+00
           diemix1     1.00000000E+00
           diemix2     7.00000000E-01
             ecut      1.20000000E+00 Hartree
-          fftalg         112
           getwfk1          0
           getwfk2          1
           iprcel          45
             iscf           3
              ixc           3
           jdtset        1    2
              kpt      0.00000000E+00  0.00000000E+00  1.25000000E-01
                       0.00000000E+00  0.00000000E+00  3.75000000E-01
           kptopt           0
P           mkmem           2
P          mkqmem           2
P          mk1mem           2
            natom           2
            nband           4
           ndtset           2
            ngfft          16      16      16
             nkpt           2
             nqpt1          0
             nqpt2          1
            nstep1         30
            nstep2         18
             nsym           1
           ntypat           1
              occ      2.000000  2.000000  2.000000  2.000000
        optdriver1          0
        optdriver2          1
          rfatpol1          1       1
          rfatpol2          2       2
            rfdir1          0       0       0
            rfdir2          0       0       1
           rfphon1          0
           rfphon2          1
          spgroup           1
           tolwfr1     1.00000000E-22
           tolwfr2     1.00000000E-15
            typat      1  1
              wtk        0.50000    0.50000
           xangst      0.0000000000E+00  0.0000000000E+00  0.0000000000E+00
                       0.0000000000E+00  0.0000000000E+00  1.5769480816E+00
            xcart      0.0000000000E+00  0.0000000000E+00  0.0000000000E+00
                       0.0000000000E+00  0.0000000000E+00  2.9800000000E+00
             xred      0.0000000000E+00  0.0000000000E+00  0.0000000000E+00
                       0.0000000000E+00  0.0000000000E+00  2.9800000000E-01
            znucl       14.00000

================================================================================

 chkinp: Checking input parameters for consistency, jdtset=   1.

 chkinp: Checking input parameters for consistency, jdtset=   2.

================================================================================
== DATASET  1 ==================================================================
-   nproc =    1

 Exchange-correlation functional for the present dataset will be:
  LDA: old Teter (4/91) fit to Ceperley-Alder data - ixc=3

 Real(R)+Recip(G) space primitive vectors, cartesian coordinates (Bohr,Bohr^-1):
 R(1)= 10.0000000  0.0000000  0.0000000  G(1)=  0.1000000  0.0000000  0.0000000
 R(2)=  0.0000000 10.0000000  0.0000000  G(2)=  0.0000000  0.1000000  0.0000000
 R(3)=  0.0000000  0.0000000 10.0000000  G(3)=  0.0000000  0.0000000  0.1000000
 Unit cell volume ucvol=  1.0000000E+03 bohr^3
 Angles (23,13,12)=  9.00000000E+01  9.00000000E+01  9.00000000E+01 degrees

 getcut: wavevector=  0.0000  0.0000  0.0000  ngfft=  16  16  16
         ecut(hartree)=      1.200   => boxcut(ratio)=   3.24462

 getcut : COMMENT -
  Note that boxcut > 2.2 ; recall that boxcut=Gcut(box)/Gcut(sphere) = 2
  is sufficient for exact treatment of convolution.
  Such a large boxcut is a waste : you could raise ecut
  e.g. ecut=    3.158273 Hartrees makes boxcut=2


--- Pseudopotential description ------------------------------------------------
- pspini: atom type   1  psp file is /home/gonze/ABINIT/ABINITv7.9.3/trunk/7.9.3-private/tests/Psps_for_tests/14si.Doug_mod
- pspatm: opening atomic psp file    /home/gonze/ABINIT/ABINITv7.9.3/trunk/7.9.3-private/tests/Psps_for_tests/14si.Doug_mod
- 1.75bohr 25Ha exncc psp for Si with core 19 June 1992 ( !! OLD, only for testing)
- 14.00000   4.00000    920619                znucl, zion, pspdat
    4    3    2    2      2001   0.00000      pspcod,pspxc,lmax,lloc,mmax,r2well
    0   0.000   0.000    2   1.7548441        l,e99.0,e99.9,nproj,rcpsp
   0.00000000   0.00000000   0.00000000   0.00000000     rms, ekb1, ekb2, epsatm
    1   0.000   0.000    2   1.7548441        l,e99.0,e99.9,nproj,rcpsp
   0.00000000   0.00000000   0.00000000   0.00000000     rms, ekb1, ekb2, epsatm
    2   0.000   0.000    0   1.7548441        l,e99.0,e99.9,nproj,rcpsp
   0.00000000   0.00000000   0.00000000   0.00000000     rms, ekb1, ekb2, epsatm
    2.10000000000000    0.20337681466277    0.88043921514420   rchrg,fchrg,qchrg
 pspatm: epsatm=   -4.12959133
         --- l  ekb(1:nproj) -->
             0    6.027395    5.545439
             1    2.863861    3.193250
 pspatm: atomic psp has been read  and splines computed

  -6.60734613E+01                                ecore*ucvol(ha*bohr**3)
--------------------------------------------------------------------------------

P newkpt: treating      4 bands with npw=      69 for ikpt=   1 by node    0
P newkpt: treating      4 bands with npw=      65 for ikpt=   2 by node    0

_setup2: Arith. and geom. avg. npw (full set) are      67.000      66.970

================================================================================

     iter   Etot(hartree)      deltaE(h)  residm     vres2
 ETOT  1  -7.6036966068455    -7.604E+00 1.154E-03 6.215E+00
 ETOT  2  -7.6145773382456    -1.088E-02 1.819E-07 2.057E-01
 ETOT  3  -7.6151108670980    -5.335E-04 1.072E-06 9.437E-03
 ETOT  4  -7.6151390813672    -2.821E-05 6.010E-08 1.244E-04
 ETOT  5  -7.6151394995612    -4.182E-07 8.623E-10 4.591E-06
 ETOT  6  -7.6151395154029    -1.584E-08 1.589E-10 6.101E-07
 ETOT  7  -7.6151395179408    -2.538E-09 2.016E-11 3.574E-08
 ETOT  8  -7.6151395180832    -1.424E-10 7.113E-13 1.855E-09
 ETOT  9  -7.6151395180886    -5.381E-12 2.137E-14 2.406E-10
 ETOT 10  -7.6151395180893    -7.514E-13 7.512E-15 3.217E-11
 ETOT 11  -7.6151395180895    -1.652E-13 9.468E-16 2.457E-12
 ETOT 12  -7.6151395180895    -4.263E-14 4.240E-17 1.876E-13
 ETOT 13  -7.6151395180895    -1.155E-14 2.403E-18 2.327E-14
 ETOT 14  -7.6151395180895     6.661E-14 7.546E-19 2.849E-15
 ETOT 15  -7.6151395180895    -8.882E-15 7.621E-20 2.105E-16
 ETOT 16  -7.6151395180895    -9.770E-15 3.244E-21 1.852E-17
 ETOT 17  -7.6151395180895    -4.352E-14 2.385E-22 1.775E-18
 ETOT 18  -7.6151395180895     1.776E-14 8.218E-23 8.633E-20

 At SCF step   18   max residual=  8.22E-23 < tolwfr=  1.00E-22 =>converged.

 Cartesian components of stress tensor (hartree/bohr^3)
  sigma(1 1)=  3.69841249E-04  sigma(3 2)=  2.41204493E-15
  sigma(2 2)=  3.69841249E-04  sigma(3 1)=  0.00000000E+00
  sigma(3 3)= -1.81537734E-03  sigma(2 1)= -1.29905613E-15

================================================================================

 ----iterations are completed or convergence reached----

 Mean square residual over all n,k,spin=   5.4191E-23; max=  8.2182E-23
   0.0000  0.0000  0.1250    1  8.21820E-23 kpt; spin; max resid(k); each band:
  8.22E-23 5.18E-23 3.36E-23 3.17E-23
   0.0000  0.0000  0.3750    1  8.04756E-23 kpt; spin; max resid(k); each band:
  8.05E-23 6.02E-23 7.02E-23 2.34E-23
 reduced coordinates (array xred) for    2 atoms
       0.000000000000      0.000000000000      0.000000000000
       0.000000000000      0.000000000000      0.298000000000
 rms dE/dt=  4.1590E+00; max dE/dt=  7.1810E+00; dE/dt below (all hartree)
    1       0.000000000007      0.000000000020      7.181004544691
    2       0.000000000001     -0.000000000008     -7.226274407201

 cartesian coordinates (angstrom) at end:
    1      0.00000000000000     0.00000000000000     0.00000000000000
    2      0.00000000000000     0.00000000000000     1.57694808159820

 cartesian forces (hartree/bohr) at end:
    1     -0.00000000000032    -0.00000000000143    -0.72036394759458
    2      0.00000000000032     0.00000000000143     0.72036394759458
 frms,max,avg= 4.1590232E-01 7.2036395E-01  -3.926E-13 -6.198E-13  2.263E-03 h/b

 cartesian forces (eV/Angstrom) at end:
    1     -0.00000000001648    -0.00000000007333   -37.04260043460889
    2      0.00000000001648     0.00000000007333    37.04260043460889
 frms,max,avg= 2.1386555E+01 3.7042600E+01  -2.019E-11 -3.187E-11  1.164E-01 e/A
 length scales= 10.000000000000 10.000000000000 10.000000000000 bohr
              =  5.291772085900  5.291772085900  5.291772085900 angstroms
 prteigrs : about to open file t08o_DS1_EIG
 Fermi (or HOMO) energy (hartree) =  -0.10602   Average Vxc (hartree)=  -0.17532
 Eigenvalues (hartree) for nkpt=   2  k points:
 kpt#   1, nband=  4, wtk=  0.50000, kpt=  0.0000  0.0000  0.1250 (reduced coord)
  -0.41628  -0.16487  -0.10787  -0.10787
 kpt#   2, nband=  4, wtk=  0.50000, kpt=  0.0000  0.0000  0.3750 (reduced coord)
  -0.41096  -0.20175  -0.10602  -0.10602
 Total charge density [el/Bohr^3]
,     Maximum=    6.5936E-02  at reduced coord.    0.0000    0.8750    0.1250
,Next maximum=    6.5936E-02  at reduced coord.    0.8750    0.0000    0.1250
,     Minimum=    3.8660E-05  at reduced coord.    0.5000    0.5000    0.4375
,Next minimum=    3.8892E-05  at reduced coord.    0.5000    0.5000    0.8750
,  Integrated=    8.0000E+00

--------------------------------------------------------------------------------
 Components of total free energy (in Hartree) :

    Kinetic energy  =  2.54462527812149E+00
    Hartree energy  =  2.52971849197213E+00
    XC energy       = -3.00289000206224E+00
    Ewald energy    = -3.37244221911632E+00
    PspCore energy  = -6.60734612794424E-02
    Loc. psp. energy= -9.55862339354726E+00
    NL   psp  energy=  3.31054578782213E+00
    >>>>>>>>> Etotal= -7.61513951808951E+00

 Other information on the energy :
    Total energy(eV)= -2.07218484574189E+02 ; Band energy (Ha)=  -1.6216233676E+00
--------------------------------------------------------------------------------

 Cartesian components of stress tensor (hartree/bohr^3)
  sigma(1 1)=  3.69841249E-04  sigma(3 2)=  2.41204493E-15
  sigma(2 2)=  3.69841249E-04  sigma(3 1)=  0.00000000E+00
  sigma(3 3)= -1.81537734E-03  sigma(2 1)= -1.29905613E-15

-Cartesian components of stress tensor (GPa)         [Pressure=  1.0549E+01 GPa]
- sigma(1 1)=  1.08811034E+01  sigma(3 2)=  7.09647999E-11
- sigma(2 2)=  1.08811034E+01  sigma(3 1)=  0.00000000E+00
- sigma(3 3)= -5.34102362E+01  sigma(2 1)= -3.82195445E-11

================================================================================
== DATASET  2 ==================================================================
-   nproc =    1

 mkfilename : getwfk/=0, take file _WFK from output of DATASET   1.

 Exchange-correlation functional for the present dataset will be:
  LDA: old Teter (4/91) fit to Ceperley-Alder data - ixc=3

 Real(R)+Recip(G) space primitive vectors, cartesian coordinates (Bohr,Bohr^-1):
 R(1)= 10.0000000  0.0000000  0.0000000  G(1)=  0.1000000  0.0000000  0.0000000
 R(2)=  0.0000000 10.0000000  0.0000000  G(2)=  0.0000000  0.1000000  0.0000000
 R(3)=  0.0000000  0.0000000 10.0000000  G(3)=  0.0000000  0.0000000  0.1000000
 Unit cell volume ucvol=  1.0000000E+03 bohr^3
 Angles (23,13,12)=  9.00000000E+01  9.00000000E+01  9.00000000E+01 degrees
 setup1 : take into account q-point for computing boxcut.

 getcut: wavevector=  0.0000  0.0000  0.0000  ngfft=  16  16  16
         ecut(hartree)=      1.200   => boxcut(ratio)=   3.24462

 getcut : COMMENT -
  Note that boxcut > 2.2 ; recall that boxcut=Gcut(box)/Gcut(sphere) = 2
  is sufficient for exact treatment of convolution.
  Such a large boxcut is a waste : you could raise ecut
  e.g. ecut=    3.158273 Hartrees makes boxcut=2

--------------------------------------------------------------------------------

-inwffil : will read wavefunctions from disk file t08o_DS1_WFK
P newkpt: treating      4 bands with npw=      69 for ikpt=   1 by node    0
P newkpt: treating      4 bands with npw=      65 for ikpt=   2 by node    0


 ==>  initialize data related to q vector <== 

 The list of irreducible perturbations for this q vector is:
    1)    idir= 3    ipert=   2

================================================================================

--------------------------------------------------------------------------------
 Perturbation wavevector (in red.coord.)   0.000000  0.000000  0.000000
 Perturbation : displacement of atom   2   along direction   3
 The set of symmetries contains only one element for this perturbation.
 symkpt : not enough symmetry to change the number of k points.

--------------------------------------------------------------------------------

-inwffil : will read wavefunctions from disk file t08o_DS1_WFK
P newkpt: treating      4 bands with npw=      69 for ikpt=   1 by node    0
P newkpt: treating      4 bands with npw=      65 for ikpt=   2 by node    0

--------------------------------------------------------------------------------

-inwffil : will read wavefunctions from disk file t08o_DS1_WFK
P newkpt: treating      4 bands with npw=      69 for ikpt=   1 by node    0
P newkpt: treating      4 bands with npw=      65 for ikpt=   2 by node    0

 Initialisation of the first-order wave-functions :
  ireadwf=   0
P newkpt: treating      4 bands with npw=      69 for ikpt=   1 by node    0
P newkpt: treating      4 bands with npw=      65 for ikpt=   2 by node    0


     iter   2DEtotal(Ha)        deltaE(Ha) residm    vres2
-ETOT  1   214.06407481042      4.045E+01 1.090E-01 1.159E+04
 ETOT  2   236.08889451934      2.202E+01 6.610E-02 1.285E+04
 ETOT  3   122.10674565514     -1.140E+02 1.512E-02 1.178E+02
 ETOT  4   121.13751141960     -9.692E-01 1.908E-04 2.250E+00
 ETOT  5   121.12889246542     -8.619E-03 5.655E-06 4.433E-01
 ETOT  6   121.12978388361      8.914E-04 2.737E-06 5.305E-01
 ETOT  7   121.12505312072     -4.731E-03 5.765E-07 1.916E-03
 ETOT  8   121.12504524227     -7.878E-06 6.908E-09 8.349E-05
 ETOT  9   121.12504501300     -2.293E-07 1.643E-10 1.337E-05
 ETOT 10   121.12504500728     -5.714E-09 4.689E-11 3.653E-06
 ETOT 11   121.12504499594     -1.134E-08 1.361E-11 1.755E-06
 ETOT 12   121.12504498230     -1.364E-08 1.937E-12 7.282E-08
 ETOT 13   121.12504498214     -1.649E-10 1.402E-13 9.194E-09
 ETOT 14   121.12504498216      1.961E-11 2.341E-14 5.719E-09
 ETOT 15   121.12504498212     -3.864E-11 1.314E-14 9.840E-10
 ETOT 16   121.12504498211     -6.658E-12 1.168E-15 4.440E-11
 ETOT 17   121.12504498211      1.847E-13 9.628E-16 8.195E-12

 At SCF step   17   max residual=  9.63E-16 < tolwfr=  1.00E-15 =>converged.
================================================================================

 ----iterations are completed or convergence reached----

 Mean square residual over all n,k,spin=   6.1407E-16; max=  9.6276E-16
   0.0000  0.0000  0.1250    1  9.62756E-16 kpt; spin; max resid(k); each band:
  9.63E-16 5.20E-16 4.53E-16 4.53E-16
   0.0000  0.0000  0.3750    1  8.61307E-16 kpt; spin; max resid(k); each band:
  8.61E-16 7.25E-16 4.68E-16 4.68E-16

 Thirteen components of 2nd-order total energy (hartree) are
 1,2,3: 0th-order hamiltonian combined with 1st-order wavefunctions
     kin0=   4.47874401E+01 eigvalue=   1.34382295E+01  local=  -4.59868702E+01
 4,5,6: 1st-order hamiltonian combined with 1st and 0th-order wfs
 loc psp =  -1.24862269E+02  Hartree=   3.16883286E+01     xc=  -7.78170698E+00
 note that "loc psp" includes a xc core correction that could be resolved
 7,8,9: eventually, occupation + non-local contributions
    edocc=   0.00000000E+00     enl0=   1.63465987E+01   enl1=   1.98782303E+01
 1-9 gives the relaxation energy (to be shifted if some occ is /=2.0)
   erelax=  -5.24920189E+01
 10,11,12 Non-relaxation  contributions : frozen-wavefunctions and Ewald
 fr.local=   4.89538462E+01 fr.nonlo=  -1.21005037E+01  Ewald=   1.33356721E+02
 13,14 Frozen wf xc core corrections (1) and (2)
 frxc 1  =  -9.86293146E+00  frxc 2 =   1.32699318E+01
 Resulting in :
 2DEtotal=    0.1211250450E+03 Ha. Also 2DEtotal=    0.329598009407E+04 eV
    (2DErelax=   -5.2492018859E+01 Ha. 2DEnonrelax=    1.7361706384E+02 Ha)
    (  non-var. 2DEtotal :    1.2112504456E+02 Ha)

================================================================================

 ---- first-order wavefunction calculations are completed ----


 ==> Compute Derivative Database <==
  
  2nd-order matrix (non-cartesian coordinates, masses not included,
   asr not included )
     j1       j2             matrix element
  dir pert dir pert     real part     imaginary part
  
   1    1   3    2         0.0000000002        -0.0000000000
  
   2    1   3    2         0.0000000007         0.0000000000
  
   3    1   3    2      -117.9787149887        -0.0000000000
  
   1    2   3    2        -0.0000000001         0.0000000000
  
   2    2   3    2        -0.0000000007         0.0000000000
  
   3    2   1    1         0.0000000002         0.0000000000
   3    2   2    1         0.0000000007        -0.0000000000
   3    2   3    1      -117.9787149887         0.0000000000
   3    2   1    2        -0.0000000001         0.0000000000
   3    2   2    2        -0.0000000007         0.0000000000
   3    2   3    2       121.1250445628         0.0000000000
  
  
  Dynamical matrix, in cartesian coordinates,
   if specified in the inputs, asr has been imposed
     j1       j2             matrix element
  dir pert dir pert     real part    imaginary part
  
   1    1   3    2         0.0000000000        -0.0000000000
  
   2    1   3    2         0.0000000000         0.0000000000
  
   3    1   3    2        -1.1797871499        -0.0000000000
  
   1    2   3    2        -0.0000000000         0.0000000000
  
   2    2   3    2        -0.0000000000         0.0000000000
  
   3    2   1    1         0.0000000000         0.0000000000
   3    2   2    1         0.0000000000        -0.0000000000
   3    2   3    1        -1.1797871499         0.0000000000
   3    2   1    2        -0.0000000000         0.0000000000
   3    2   2    2        -0.0000000000         0.0000000000
   3    2   3    2         1.2112504456         0.0000000000
 
  Phonon wavevector (reduced coordinates) :  0.00000  0.00000  0.00000
 Phonon energies in Hartree :
   0.000000E+00  0.000000E+00  0.000000E+00  0.000000E+00  0.000000E+00
   2.577727E-02
 Phonon frequencies in cm-1    :
-  0.000000E+00  0.000000E+00  0.000000E+00  0.000000E+00  0.000000E+00
-  5.657457E+03
 chkph3 : WARNING -
  The dynamical matrix was incomplete : phonon frequencies may be wrong ...

== END DATASET(S) ==============================================================
================================================================================
  
 -outvars: echo values of variables after computation  --------
            acell      1.0000000000E+01  1.0000000000E+01  1.0000000000E+01 Bohr
              amu      1.00000000E+00
           diecut      1.20000000E+00 Hartree
           diegap      2.00000000E-01 Hartree
           diemac1     1.00000000E+06
           diemac2     1.00000000E+00
           diemix1     1.00000000E+00
           diemix2     7.00000000E-01
             ecut      1.20000000E+00 Hartree
           etotal1    -7.6151395181E+00
           etotal2     1.2112504498E+02
            fcart1    -3.2055915507E-13 -1.4261041438E-12 -7.2036394759E-01
                       3.2055915507E-13  1.4261041438E-12  7.2036394759E-01
            fcart2     0.0000000000E+00  0.0000000000E+00  0.0000000000E+00
                       0.0000000000E+00  0.0000000000E+00  0.0000000000E+00
-          fftalg         112
           getwfk1          0
           getwfk2          1
           iprcel          45
             iscf           3
              ixc           3
           jdtset        1    2
              kpt      0.00000000E+00  0.00000000E+00  1.25000000E-01
                       0.00000000E+00  0.00000000E+00  3.75000000E-01
           kptopt           0
P           mkmem           2
P          mkqmem           2
P          mk1mem           2
            natom           2
            nband           4
           ndtset           2
            ngfft          16      16      16
             nkpt           2
             nqpt1          0
             nqpt2          1
            nstep1         30
            nstep2         18
             nsym           1
           ntypat           1
              occ      2.000000  2.000000  2.000000  2.000000
        optdriver1          0
        optdriver2          1
          rfatpol1          1       1
          rfatpol2          2       2
            rfdir1          0       0       0
            rfdir2          0       0       1
           rfphon1          0
           rfphon2          1
          spgroup           1
           strten1     3.6984124863E-04  3.6984124861E-04 -1.8153773351E-03
                       2.4120449281E-15  0.0000000000E+00 -1.2990561317E-15
           strten2     0.0000000000E+00  0.0000000000E+00  0.0000000000E+00
                       0.0000000000E+00  0.0000000000E+00  0.0000000000E+00
           tolwfr1     1.00000000E-22
           tolwfr2     1.00000000E-15
            typat      1  1
              wtk        0.50000    0.50000
           xangst      0.0000000000E+00  0.0000000000E+00  0.0000000000E+00
                       0.0000000000E+00  0.0000000000E+00  1.5769480816E+00
            xcart      0.0000000000E+00  0.0000000000E+00  0.0000000000E+00
                       0.0000000000E+00  0.0000000000E+00  2.9800000000E+00
             xred      0.0000000000E+00  0.0000000000E+00  0.0000000000E+00
                       0.0000000000E+00  0.0000000000E+00  2.9800000000E-01
            znucl       14.00000

================================================================================


- Timing analysis has been suppressed with timopt=0



================================================================================

 Suggested references for the acknowledgment of ABINIT usage.

 The users of ABINIT have little formal obligations with respect to the ABINIT group
 (those specified in the GNU General Public License, http://www.gnu.org/copyleft/gpl.txt).
 However, it is common practice in the scientific literature,
 to acknowledge the efforts of people that have made the research possible.
 In this spirit, please find below suggested citations of work written by ABINIT developers,
 corresponding to implementations inside of ABINIT that you have used in the present run.
 Note also that it will be of great value to readers of publications presenting these results,
 to read papers enabling them to understand the theoretical formalism and details
 of the ABINIT implementation.
 For information on why they are suggested, see also http://www.abinit.org/about/?text=acknowledgments.

 [1] Preconditioning of self-consistent-field cycles in density functional theory : the extrapolar method
 P.-M. Anglade, X. Gonze, Phys. Rev. B 78, 045126 (2008).
 Comment : to be cited in case the extrapolar conditioner is used, i.e. non-vanishing iprcel.

 [2] First-principles responses of solids to atomic displacements and homogeneous electric fields:,
 implementation of a conjugate-gradient algorithm. X. Gonze, Phys. Rev. B55, 10337 (1997).
 Comment : Non-vanishing rfphon and/or rfelfd, in the norm-conserving case.

 [3] Dynamical matrices, Born effective charges, dielectric permittivity tensors, and ,
 interatomic force constants from density-functional perturbation theory,
 X. Gonze and C. Lee, Phys. Rev. B55, 10355 (1997).
 Comment : Non-vanishing rfphon and/or rfelfd, in the norm-conserving case.

 [4] ABINIT : First-principles approach of materials and nanosystem properties.
 X. Gonze, B. Amadon, P.-M. Anglade, J.-M. Beuken, F. Bottin, P. Boulanger, F. Bruneval,
 D. Caliste, R. Caracas, M. Cote, T. Deutsch, L. Genovese, Ph. Ghosez, M. Giantomassi
 S. Goedecker, D.R. Hamann, P. Hermet, F. Jollet, G. Jomard, S. Leroux, M. Mancini, S. Mazevet,
 M.J.T. Oliveira, G. Onida, Y. Pouillon, T. Rangel, G.-M. Rignanese, D. Sangalli, R. Shaltaf,
 M. Torrent, M.J. Verstraete, G. Zerah, J.W. Zwanziger
 Computer Phys. Comm. 180, 2582-2615 (2009).
 Comment : the third generic paper describing the ABINIT project.
 Note that a version of this paper, that is not formatted for Computer Phys. Comm. 
 is available at http://www.abinit.org/about/ABINIT_CPC_v10.pdf .
 The licence allows the authors to put it on the Web.

 [5] A brief introduction to the ABINIT software package.
 X. Gonze, G.-M. Rignanese, M. Verstraete, J.-M. Beuken, Y. Pouillon, R. Caracas, F. Jollet,
 M. Torrent, G. Zerah, M. Mikami, Ph. Ghosez, M. Veithen, J.-Y. Raty, V. Olevano, F. Bruneval,
 L. Reining, R. Godby, G. Onida, D.R. Hamann, and D.C. Allan.
 Z. Kristallogr. 220, 558-562 (2005).
 Comment : the second generic paper describing the ABINIT project. Note that this paper
 should be cited especially if you are using the GW part of ABINIT, as several authors
 of this part are not in the list of authors of the first or third paper.
 The .pdf of the latter paper is available at http://www.abinit.org/about/zfk_0505-06_558-562.pdf.
 Note that it should not redistributed (Copyright by Oldenburg Wissenshaftverlag,
 the licence allows the authors to put it on the Web).
-
- Proc.   0 individual time (sec): cpu=          0.7  wall=          0.7

================================================================================

 Calculation completed.
.Delivered    7 WARNINGs and  11 COMMENTs to log file.
+Overall time at end (sec) : cpu=          0.7  wall=          0.7
