
.Version 7.10.4 of ANADDB 
.(MPI version, prepared for a x86_64_linux_gnu4.7 computer) 

.Copyright (C) 1998-2014 ABINIT group . 
 ANADDB comes with ABSOLUTELY NO WARRANTY.
 It is free software, and you are welcome to redistribute it
 under certain conditions (GNU General Public License,
 see ~abinit/COPYING or http://www.gnu.org/copyleft/gpl.txt).

 ABINIT is a project of the Universite Catholique de Louvain,
 Corning Inc. and other collaborators, see ~abinit/doc/developers/contributors.txt .
 Please read ~abinit/doc/users/acknowledgments.html for suggested
 acknowledgments of the ABINIT effort.
 For more information, see http://www.abinit.org .

.Starting date : Sun  8 Mar 2015.
- ( at 09h52 )
  

================================================================================

 -outvars_anaddb: echo values of input variables ----------------------

 Flags :
     dieflag         1
 Miscellaneous information :
         asr         1
      chneut         2
 Frequency information :
       nfreq         1
       frmin         0.00000000E+00
       frmax         1.00000000E+01
 First list of wavevector (reduced coord.) :
       nph1l         1
       qph1l
                     0.00000000E+00  0.00000000E+00  0.00000000E+00    1.000E+00
 Second list of wavevector (cart. coord.) :
       nph2l         2
       qph2l
                     1.00000000E+00  0.00000000E+00  0.00000000E+00    0.000E+00
                     0.00000000E+00  0.00000000E+00  1.00000000E+00    0.000E+00

================================================================================

 read the DDB information and perform some checks

-begin at tcpu      0.033  and twall      0.033 sec

 Real(R)+Recip(G) space primitive vectors, cartesian coordinates (Bohr,Bohr^-1):
 R(1)=  9.0985400  0.0000000  0.0000000  G(1)=  0.1099077  0.0634553  0.0000000
 R(2)= -4.5492700  7.8795668  0.0000000  G(2)=  0.0000000  0.1269105  0.0000000
 R(3)=  0.0000000  0.0000000 10.0573000  G(3)=  0.0000000  0.0000000  0.0994303
 Unit cell volume ucvol=  7.2103352E+02 bohr^3
 Angles (23,13,12)=  9.00000000E+01  9.00000000E+01  1.20000000E+02 degrees
 Now the whole DDB is in central memory

================================================================================

 Dielectric Tensor and Effective Charges 


 anaddb : Zero the imaginary part of the Dynamical Matrix at Gamma,
   and impose the ASR on the effective charges 

 The violation of the charge neutrality conditions
 by the effective charges is as follows :
    atom        electric field
 displacement     direction
       1               1        0.050612        0.000000
       1               2       -0.000000        0.000000
       1               3        0.000000        0.000000
       2               1        0.000000        0.000000
       2               2        0.050612        0.000000
       2               3        0.000000        0.000000
       3               1        0.000000        0.000000
       3               2        0.000000        0.000000
       3               3        0.035841        0.000000

 Effective charge tensors after 
 imposition of the charge neutrality,
 and eventual restriction to some part :
   atom    displacement
         1         1    3.016338E+00   -5.866490E-18   -1.463092E-18
         1         2   -1.389938E-17    3.633411E+00    2.815624E-01
         1         3    0.000000E+00   -3.238041E-01    3.452566E+00
         2         1    3.479143E+00    2.672003E-01   -2.438402E-01
         2         2    2.672003E-01    3.170606E+00   -1.407812E-01
         2         3    2.804226E-01    1.619021E-01    3.452566E+00
         3         1    3.479143E+00   -2.672003E-01    2.438402E-01
         3         2   -2.672003E-01    3.170606E+00   -1.407812E-01
         3         3   -2.804226E-01    1.619021E-01    3.452566E+00
         4         1   -1.325800E+00    4.287905E-01    2.222143E-01
         4         2    4.801307E-01   -1.999075E+00   -7.184200E-01
         4         3    2.982317E-01   -6.789309E-01   -1.726283E+00
         5         1   -1.437182E+00   -5.444370E-01    5.110628E-01
         5         2   -4.930968E-01   -1.887693E+00    5.516532E-01
         5         3    4.388555E-01    5.977416E-01   -1.726283E+00
         6         1   -2.224330E+00    3.863625E-02   -7.332771E-01
         6         2    8.997646E-02   -1.100544E+00    1.667668E-01
         6         3   -7.370872E-01    8.118921E-02   -1.726283E+00
         7         1   -2.224330E+00   -3.863625E-02    7.332771E-01
         7         2   -8.997646E-02   -1.100544E+00    1.667668E-01
         7         3    7.370872E-01    8.118921E-02   -1.726283E+00
         8         1   -1.325800E+00   -4.287905E-01   -2.222143E-01
         8         2   -4.801307E-01   -1.999075E+00   -7.184200E-01
         8         3   -2.982317E-01   -6.789309E-01   -1.726283E+00
         9         1   -1.437182E+00    5.444370E-01   -5.110628E-01
         9         2    4.930968E-01   -1.887693E+00    5.516532E-01
         9         3   -4.388555E-01    5.977416E-01   -1.726283E+00
 Now, the imaginary part of the dynamical matrix is zeroed

================================================================================

 Treat the first list of vectors 

-begin at tcpu      0.039  and twall      0.039 sec
 
  Phonon wavevector (reduced coordinates) :  0.00000  0.00000  0.00000
 Phonon energies in Hartree :
  -3.386642E-08 -3.350002E-08 -1.374213E-08  6.072433E-04  6.072433E-04
   1.088383E-03  1.190423E-03  1.190423E-03  1.546039E-03  1.555421E-03
   1.720200E-03  1.720200E-03  2.022266E-03  2.022266E-03  2.103591E-03
   2.248000E-03  3.147325E-03  3.147325E-03  3.473711E-03  3.607369E-03
   3.607369E-03  4.761357E-03  4.761357E-03  4.813660E-03  4.835054E-03
   5.139967E-03  5.139967E-03
 Phonon frequencies in cm-1    :
- -7.432820E-03 -7.352405E-03 -3.016050E-03  1.332745E+02  1.332745E+02
-  2.388725E+02  2.612677E+02  2.612677E+02  3.393163E+02  3.413755E+02
-  3.775402E+02  3.775402E+02  4.438361E+02  4.438361E+02  4.616848E+02
-  4.933790E+02  6.907579E+02  6.907579E+02  7.623916E+02  7.917259E+02
-  7.917259E+02  1.044997E+03  1.044997E+03  1.056476E+03  1.061172E+03
-  1.128092E+03  1.128092E+03

 Analysis of degeneracies and characters (maximum tolerance=1.00E-06 a.u.)
 Symmetry characters of vibration mode #   1
       degenerate with vibration modes #   2 to    3
  3.0  0.0  0.0 -1.0 -1.0 -1.0
 Symmetry characters of vibration mode #   4
        degenerate with vibration mode #   5
  2.0 -1.0 -1.0  0.0  0.0 -0.0
 Symmetry characters of vibration mode #   6
  1.0  1.0  1.0  1.0  1.0  1.0
 Symmetry characters of vibration mode #   7
        degenerate with vibration mode #   8
  2.0 -1.0 -1.0  0.0 -0.0  0.0
 Symmetry characters of vibration mode #   9
  1.0  1.0  1.0  1.0  1.0  1.0
 Symmetry characters of vibration mode #  10
  1.0  1.0  1.0 -1.0 -1.0 -1.0
 Symmetry characters of vibration mode #  11
        degenerate with vibration mode #  12
  2.0 -1.0 -1.0  0.0 -0.0 -0.0
 Symmetry characters of vibration mode #  13
        degenerate with vibration mode #  14
  2.0 -1.0 -1.0 -0.0  0.0  0.0
 Symmetry characters of vibration mode #  15
  1.0  1.0  1.0  1.0  1.0  1.0
 Symmetry characters of vibration mode #  16
  1.0  1.0  1.0 -1.0 -1.0 -1.0
 Symmetry characters of vibration mode #  17
        degenerate with vibration mode #  18
  2.0 -1.0 -1.0 -0.0  0.0  0.0
 Symmetry characters of vibration mode #  19
  1.0  1.0  1.0 -1.0 -1.0 -1.0
 Symmetry characters of vibration mode #  20
        degenerate with vibration mode #  21
  2.0 -1.0 -1.0  0.0 -0.0 -0.0
 Symmetry characters of vibration mode #  22
        degenerate with vibration mode #  23
  2.0 -1.0 -1.0 -0.0  0.0  0.0
 Symmetry characters of vibration mode #  24
  1.0  1.0  1.0 -1.0 -1.0 -1.0
 Symmetry characters of vibration mode #  25
  1.0  1.0  1.0  1.0  1.0  1.0
 Symmetry characters of vibration mode #  26
        degenerate with vibration mode #  27
  2.0 -1.0 -1.0 -0.0  0.0  0.0

================================================================================

 Treat the second list of vectors 

-begin at tcpu      0.041  and twall      0.041 sec
 
  Phonon at Gamma, with non-analyticity in the
  direction (cartesian coordinates)  1.00000  0.00000  0.00000
 Phonon energies in Hartree :
  -3.386645E-08 -3.346380E-08 -1.374152E-08  6.072433E-04  6.079147E-04
   1.088383E-03  1.190423E-03  1.199090E-03  1.546039E-03  1.555421E-03
   1.720200E-03  1.773494E-03  2.022266E-03  2.103591E-03  2.248000E-03
   2.271799E-03  3.147325E-03  3.164290E-03  3.473711E-03  3.607369E-03
   3.662953E-03  4.761357E-03  4.813660E-03  4.835054E-03  5.121002E-03
   5.139967E-03  5.510813E-03
 Phonon frequencies in cm-1    :
- -7.432827E-03 -7.344456E-03 -3.015915E-03  1.332745E+02  1.334219E+02
-  2.388725E+02  2.612677E+02  2.631698E+02  3.393163E+02  3.413755E+02
-  3.775402E+02  3.892369E+02  4.438361E+02  4.616848E+02  4.933790E+02
-  4.986021E+02  6.907579E+02  6.944815E+02  7.623916E+02  7.917259E+02
-  8.039252E+02  1.044997E+03  1.056476E+03  1.061172E+03  1.123930E+03
-  1.128092E+03  1.209484E+03
 
  Phonon at Gamma, with non-analyticity in the
  direction (cartesian coordinates)  0.00000  0.00000  1.00000
 Phonon energies in Hartree :
  -3.386648E-08 -3.350002E-08 -1.373173E-08  6.072433E-04  6.072433E-04
   1.088383E-03  1.190423E-03  1.190423E-03  1.546039E-03  1.666213E-03
   1.720200E-03  1.720200E-03  2.022266E-03  2.022266E-03  2.103591E-03
   2.462544E-03  3.147325E-03  3.147325E-03  3.575569E-03  3.607369E-03
   3.607369E-03  4.761357E-03  4.761357E-03  4.835054E-03  5.139967E-03
   5.139967E-03  5.551155E-03
 Phonon frequencies in cm-1    :
- -7.432832E-03 -7.352405E-03 -3.013767E-03  1.332745E+02  1.332745E+02
-  2.388725E+02  2.612677E+02  2.612677E+02  3.393163E+02  3.656915E+02
-  3.775402E+02  3.775402E+02  4.438361E+02  4.438361E+02  4.616848E+02
-  5.404659E+02  6.907579E+02  6.907579E+02  7.847466E+02  7.917259E+02
-  7.917259E+02  1.044997E+03  1.044997E+03  1.061172E+03  1.128092E+03
-  1.128092E+03  1.218338E+03
  
 Mode effective charges 
 Mode number.     x               y               z 
-   1          -0.000           0.000           0.000
-   2          -0.000          -0.000          -0.000
-   3          -0.000          -0.000           0.000
-   4          -0.083           0.000           0.000
-   5          -0.000          -0.083          -0.000
;   6           0.000           0.000          -0.000
-   7          -0.452           0.000           0.000
-   8          -0.000          -0.452           0.000
;   9           0.000          -0.000           0.000
;  10           0.000           0.000           1.811
-  11          -1.610           0.002          -0.000
-  12          -0.002          -1.610           0.000
-  13           0.000           2.475          -0.000
-  14           2.475          -0.000          -0.000
;  15          -0.000          -0.000          -0.000
;  16           0.000           0.000           2.587
-  17          -0.015          -0.949           0.000
-  18          -0.949           0.015          -0.000
;  19          -0.000          -0.000          -2.633
-  20           0.004           1.929          -0.000
-  21           1.929          -0.004           0.000
-  22           0.001           5.526           0.000
-  23           5.526          -0.001          -0.000
;  24           0.000          -0.000           5.653
;  25          -0.000           0.000           0.000
-  26           0.920          -0.000          -0.000
-  27           0.000           0.920          -0.000
  
 Length of mode effective charge for each phonon mode :
   4.927077E-06  4.927077E-06  1.719722E-06  8.319954E-02  8.319954E-02
   1.568576E-11  4.521734E-01  4.521734E-01  1.454964E-11  1.810631E+00
   1.609940E+00  1.609940E+00  2.475325E+00  2.475325E+00  2.255597E-12
   2.586687E+00  9.494683E-01  9.494683E-01  2.633127E+00  1.928784E+00
   1.928784E+00  5.525545E+00  5.525545E+00  5.652679E+00  6.964998E-11
   9.198063E-01  9.198063E-01
  
 Oscillator strengths (in a.u. ; 1 a.u.=253.2638413 m3/s2). Set to zero if abs()<tol14.
 Mode number.       xx          yy          zz          xy          xz          yz 
-   1     Real    0.0000E+00  0.0000E+00  0.0000E+00  0.0000E+00  0.0000E+00  0.0000E+00
-         Imag    0.0000E+00  0.0000E+00  0.0000E+00  0.0000E+00  0.0000E+00  0.0000E+00
-   2     Real    0.0000E+00  0.0000E+00  0.0000E+00  0.0000E+00  0.0000E+00  0.0000E+00
-         Imag    0.0000E+00  0.0000E+00  0.0000E+00  0.0000E+00  0.0000E+00  0.0000E+00
-   3     Real    0.0000E+00  0.0000E+00  0.0000E+00  0.0000E+00  0.0000E+00  0.0000E+00
-         Imag    0.0000E+00  0.0000E+00  0.0000E+00  0.0000E+00  0.0000E+00  0.0000E+00
-   4     Real    2.3202E-07  2.8740E-13  0.0000E+00 -2.5823E-10  0.0000E+00  0.0000E+00
-         Imag    0.0000E+00  0.0000E+00  0.0000E+00  0.0000E+00  0.0000E+00  0.0000E+00
-   5     Real    2.8740E-13  2.3202E-07  0.0000E+00  2.5823E-10  0.0000E+00  0.0000E+00
-         Imag    0.0000E+00  0.0000E+00  0.0000E+00  0.0000E+00  0.0000E+00  0.0000E+00
;   6     Real    0.0000E+00  0.0000E+00  0.0000E+00  0.0000E+00  0.0000E+00  0.0000E+00
;         Imag    0.0000E+00  0.0000E+00  0.0000E+00  0.0000E+00  0.0000E+00  0.0000E+00
-   7     Real    6.6718E-06  0.0000E+00  0.0000E+00 -2.0047E-10  0.0000E+00  0.0000E+00
-         Imag    0.0000E+00  0.0000E+00  0.0000E+00  0.0000E+00  0.0000E+00  0.0000E+00
-   8     Real    0.0000E+00  6.6718E-06  0.0000E+00  2.0047E-10  0.0000E+00  0.0000E+00
-         Imag    0.0000E+00  0.0000E+00  0.0000E+00  0.0000E+00  0.0000E+00  0.0000E+00
;   9     Real    0.0000E+00  0.0000E+00  0.0000E+00  0.0000E+00  0.0000E+00  0.0000E+00
;         Imag    0.0000E+00  0.0000E+00  0.0000E+00  0.0000E+00  0.0000E+00  0.0000E+00
;  10     Real    0.0000E+00  0.0000E+00  1.0691E-04  0.0000E+00  0.0000E+00  0.0000E+00
;         Imag    0.0000E+00  0.0000E+00  0.0000E+00  0.0000E+00  0.0000E+00  0.0000E+00
-  11     Real    7.5535E-05  1.1143E-10  0.0000E+00 -9.1744E-08  0.0000E+00  0.0000E+00
-         Imag    0.0000E+00  0.0000E+00  0.0000E+00  0.0000E+00  0.0000E+00  0.0000E+00
-  12     Real    1.1143E-10  7.5535E-05  0.0000E+00  9.1744E-08  0.0000E+00  0.0000E+00
-         Imag    0.0000E+00  0.0000E+00  0.0000E+00  0.0000E+00  0.0000E+00  0.0000E+00
-  13     Real    5.6322E-14  1.9212E-04  0.0000E+00  3.2895E-09  0.0000E+00  0.0000E+00
-         Imag    0.0000E+00  0.0000E+00  0.0000E+00  0.0000E+00  0.0000E+00  0.0000E+00
-  14     Real    1.9212E-04  5.6322E-14  0.0000E+00 -3.2895E-09  0.0000E+00  0.0000E+00
-         Imag    0.0000E+00  0.0000E+00  0.0000E+00  0.0000E+00  0.0000E+00  0.0000E+00
;  15     Real    0.0000E+00  0.0000E+00  0.0000E+00  0.0000E+00  0.0000E+00  0.0000E+00
;         Imag    0.0000E+00  0.0000E+00  0.0000E+00  0.0000E+00  0.0000E+00  0.0000E+00
;  16     Real    0.0000E+00  0.0000E+00  2.0164E-04  0.0000E+00  0.0000E+00  0.0000E+00
;         Imag    0.0000E+00  0.0000E+00  0.0000E+00  0.0000E+00  0.0000E+00  0.0000E+00
-  17     Real    5.3388E-09  2.2004E-05  0.0000E+00  3.4274E-07  0.0000E+00  0.0000E+00
-         Imag    0.0000E+00  0.0000E+00  0.0000E+00  0.0000E+00  0.0000E+00  0.0000E+00
-  18     Real    2.2004E-05  5.3388E-09  0.0000E+00 -3.4274E-07  0.0000E+00  0.0000E+00
-         Imag    0.0000E+00  0.0000E+00  0.0000E+00  0.0000E+00  0.0000E+00  0.0000E+00
;  19     Real    0.0000E+00  0.0000E+00  1.4712E-04  0.0000E+00  0.0000E+00  0.0000E+00
;         Imag    0.0000E+00  0.0000E+00  0.0000E+00  0.0000E+00  0.0000E+00  0.0000E+00
-  20     Real    3.4781E-10  8.6366E-05  0.0000E+00  1.7332E-07  0.0000E+00  0.0000E+00
-         Imag    0.0000E+00  0.0000E+00  0.0000E+00  0.0000E+00  0.0000E+00  0.0000E+00
-  21     Real    8.6366E-05  3.4781E-10  0.0000E+00 -1.7332E-07  0.0000E+00  0.0000E+00
-         Imag    0.0000E+00  0.0000E+00  0.0000E+00  0.0000E+00  0.0000E+00  0.0000E+00
-  22     Real    3.4183E-11  9.3753E-04  0.0000E+00  1.7902E-07  0.0000E+00  0.0000E+00
-         Imag    0.0000E+00  0.0000E+00  0.0000E+00  0.0000E+00  0.0000E+00  0.0000E+00
-  23     Real    9.3753E-04  3.4183E-11  0.0000E+00 -1.7902E-07  0.0000E+00  0.0000E+00
-         Imag    0.0000E+00  0.0000E+00  0.0000E+00  0.0000E+00  0.0000E+00  0.0000E+00
;  24     Real    0.0000E+00  0.0000E+00  9.7689E-04  0.0000E+00  0.0000E+00  0.0000E+00
;         Imag    0.0000E+00  0.0000E+00  0.0000E+00  0.0000E+00  0.0000E+00  0.0000E+00
;  25     Real    0.0000E+00  0.0000E+00  0.0000E+00  0.0000E+00  0.0000E+00  0.0000E+00
;         Imag    0.0000E+00  0.0000E+00  0.0000E+00  0.0000E+00  0.0000E+00  0.0000E+00
-  26     Real    2.7029E-05  0.0000E+00  0.0000E+00 -5.0861E-10  0.0000E+00  0.0000E+00
-         Imag    0.0000E+00  0.0000E+00  0.0000E+00  0.0000E+00  0.0000E+00  0.0000E+00
-  27     Real    0.0000E+00  2.7029E-05  0.0000E+00  5.0861E-10  0.0000E+00  0.0000E+00
-         Imag    0.0000E+00  0.0000E+00  0.0000E+00  0.0000E+00  0.0000E+00  0.0000E+00
  
 Trace of oscillator strength, for each phonon mode :
   0.000000E+00  0.000000E+00  0.000000E+00  2.320203E-07  2.320203E-07
   0.000000E+00  6.671809E-06  6.671809E-06  0.000000E+00  1.069064E-04
   7.553486E-05  7.553486E-05  1.921218E-04  1.921218E-04  0.000000E+00
   2.016369E-04  2.200912E-05  2.200912E-05  1.471183E-04  8.636616E-05
   8.636616E-05  9.375318E-04  9.375318E-04  9.768896E-04  0.000000E+00
   2.702941E-05  2.702941E-05

 Electronic dielectric tensor
      2.52675173     -0.00000000     -0.00000000
     -0.00000000      2.52675173      0.00000000
      0.00000000     -0.00000000      2.56608453
 

 Relaxed ion dielectric tensor
      4.77637199     -0.00000000     -0.00000000
     -0.00000000      4.77637199      0.00000000
      0.00000000      0.00000000      4.97885989
 
 Full dielectric tensor at frequency  0.0000E+00 Hartree
  4.77637199E+00 -3.14287869E-17 -1.42572856E-24
 -3.14287869E-17  4.77637199E+00  2.46943430E-24
  2.85145712E-24  0.00000000E+00  4.97885989E+00
 

 Generalized Lyddane-Sachs-Teller relation at zero frequency :
 Direction                     Dielectric constant
   1.00000   0.00000   0.00000    4.77637199E+00
   0.00000   0.00000   1.00000    4.97885989E+00
-
- Proc.   0 individual time (sec): cpu=          0.0  wall=          0.0

================================================================================

+Total cpu time      0.043  and wall time      0.043 sec

 anaddb : the run completed succesfully.
