
.Version 7.3.2 of ABINIT 
.(MPI version, prepared for a x86_64_linux_gnu4.7 computer) 

.Copyright (C) 1998-2014 ABINIT group . 
 ABINIT comes with ABSOLUTELY NO WARRANTY.
 It is free software, and you are welcome to redistribute it
 under certain conditions (GNU General Public License,
 see ~abinit/COPYING or http://www.gnu.org/copyleft/gpl.txt).

 ABINIT is a project of the Universite Catholique de Louvain,
 Corning Inc. and other collaborators, see ~abinit/doc/developers/contributors.txt .
 Please read ~abinit/doc/users/acknowledgments.html for suggested
 acknowledgments of the ABINIT effort.
 For more information, see http://www.abinit.org .

.Starting date : Mon 20 May 2013.
- ( at 14h06 )
  
- input  file    -> /home/gonze/ABINIT/ABINITv7.3.2/gonze/7.3.2-private/tests/v2/Input/t57.in
- output file    -> t57.out
- root for input  files -> t57i
- root for output files -> t57o


 DATASET    1 : space group Pm m 2 (# 25); Bravais oP (primitive ortho.)
================================================================================
 Values of the parameters that define the memory need for DATASET  1.
   intxc =         1  ionmov =         0    iscf =         3 xclevel =         1
  lmnmax =         1   lnmax =         1   mband =         3  mffmem =         1
P  mgfft =        24   mkmem =         1 mpssoang=         1     mpw =       702
  mqgrid =      3001   natom =         1    nfft =     13824    nkpt =         1
  nloalg =         4  nspden =         1 nspinor =         1  nsppol =         1
    nsym =         4  n1xccc =         0  ntypat =         1  occopt =         1
================================================================================
P This job should need less than                       3.080 Mbytes of memory.
  Rough estimation (10% accuracy) of disk space for files :
_ WF disk file :      0.034 Mbytes ; DEN or POT disk file :      0.107 Mbytes.
================================================================================


 DATASET    2 : space group Pm m 2 (# 25); Bravais oP (primitive ortho.)
================================================================================
 Values of the parameters that define the memory need for DATASET  2.
   intxc =         1  ionmov =         0    iscf =        -2 xclevel =         1
  lmnmax =         1   lnmax =         1   mband =        10  mffmem =         1
P  mgfft =        24   mkmem =         1 mpssoang=         1     mpw =       702
  mqgrid =      3001   natom =         1    nfft =     13824    nkpt =         1
  nloalg =         4  nspden =         1 nspinor =         1  nsppol =         1
    nsym =         4  n1xccc =         0  ntypat =         1  occopt =         1
================================================================================
P This job should need less than                       2.737 Mbytes of memory.
  Rough estimation (10% accuracy) of disk space for files :
_ WF disk file :      0.109 Mbytes ; DEN or POT disk file :      0.107 Mbytes.
================================================================================


 DATASET    3 : space group Pm m 2 (# 25); Bravais oP (primitive ortho.)
================================================================================
 Values of the parameters that define the memory need for DATASET  3.
   intxc =         1  ionmov =         0    iscf =         5 xclevel =         1
  lmnmax =         1   lnmax =         1   mband =        10  mffmem =         1
P  mgfft =        24   mkmem =         1 mpssoang=         1     mpw =       702
  mqgrid =      3001   natom =         1    nfft =     13824    nkpt =         1
  nloalg =         4  nspden =         1 nspinor =         1  nsppol =         1
    nsym =         4  n1xccc =         0  ntypat =         1  occopt =         1
================================================================================
P This job should need less than                       3.792 Mbytes of memory.
  Rough estimation (10% accuracy) of disk space for files :
_ WF disk file :      0.109 Mbytes ; DEN or POT disk file :      0.107 Mbytes.
================================================================================

--------------------------------------------------------------------------------
------------- Echo of variables that govern the present computation ------------
--------------------------------------------------------------------------------
-
- outvars: echo of selected default values                                      
-   accesswff0 =  0 , fftalg0 =112 , wfoptalg0 =  0
-
- outvars: echo of global parameters not present in the input file              
-  max_nthreads =    0
-
 -outvars: echo values of preprocessed input variables --------
            acell      1.0000000000E+01  1.0000000000E+01  1.0000000000E+01 Bohr
              amu      4.00260200E+00
           diecut1     2.20000000E+00 Hartree
           diecut2     2.20000000E+00 Hartree
           diecut3     1.80000000E+00 Hartree
           diegap1     1.00000000E-01 Hartree
           diegap2     1.00000000E-01 Hartree
           diegap3     0.00000000E+00 Hartree
           dielam1     5.00000000E-01
           dielam2     5.00000000E-01
           dielam3     1.00000000E+00
             ecut      6.00000000E+00 Hartree
           enunit           2
           getden1          0
           getden2          1
           getden3          1
           getwfk1          0
           getwfk2          1
           getwfk3          2
            ikhxc1          0
            ikhxc2          0
            ikhxc3          1
            intxc           1
             iscf1          3
             iscf2         -2
             iscf3          5
           istatr           9
           jdtset        1    2    3
              kpt      2.50000000E-01  2.50000000E-01  2.50000000E-01
           kptopt           0
P           mkmem           1
            natom           1
            nband1          3
            nband2         10
            nband3         10
           nbdbuf1          0
           nbdbuf2          2
           nbdbuf3          0
           ndtset           3
         nfreqsus1          1
         nfreqsus2          0
         nfreqsus3         16
            ngfft          24      24      24
             nkpt           1
            nstep1         35
            nstep2         35
            nstep3         30
             nsym           4
           ntypat           1
              occ1     2.000000  0.000000  0.000000
              occ3     2.000000  0.000000  0.000000  0.000000  0.000000  0.000000
                       0.000000  0.000000  0.000000  0.000000
        optdriver1          0
        optdriver2          0
        optdriver3          2
       optfreqsus1          2
       optfreqsus2          2
       optfreqsus3          1
           prtvol           1
          spgroup          25
           symrel      1  0  0   0  1  0   0  0  1       1  0  0   0  1  0   0  0 -1
                       1  0  0   0 -1  0   0  0  1       1  0  0   0 -1  0   0  0 -1
           tolwfr1     1.00000000E-16
           tolwfr2     1.00000000E-04
           tolwfr3     0.00000000E+00
            typat      1
            znucl        2.00000

================================================================================

 chkinp: Checking input parameters for consistency, jdtset=   1.

 chkinp: Checking input parameters for consistency, jdtset=   2.

 chkinp: Checking input parameters for consistency, jdtset=   3.

================================================================================
== DATASET  1 ==================================================================
-   nproc =    1

 Exchange-correlation functional for the present dataset will be:
  LDA: new Teter (4/93) with spin-polarized option - ixc=1
 Citation for XC functional:
  S. Goedecker, M. Teter, J. Huetter, PRB 54, 1703 (1996)

 Real(R)+Recip(G) space primitive vectors, cartesian coordinates (Bohr,Bohr^-1):
 R(1)= 10.0000000  0.0000000  0.0000000  G(1)=  0.1000000  0.0000000  0.0000000
 R(2)=  0.0000000 10.0000000  0.0000000  G(2)=  0.0000000  0.1000000  0.0000000
 R(3)=  0.0000000  0.0000000 10.0000000  G(3)=  0.0000000  0.0000000  0.1000000
 Unit cell volume ucvol=  1.0000000E+03 bohr^3
 Angles (23,13,12)=  9.00000000E+01  9.00000000E+01  9.00000000E+01 degrees

 getcut: wavevector=  0.0000  0.0000  0.0000  ngfft=  24  24  24
         ecut(hartree)=      6.000   => boxcut(ratio)=   2.17656

--- Pseudopotential description ------------------------------------------------
- pspini: atom type   1  psp file is /home/gonze/ABINIT/ABINITv7.3.2/gonze/7.3.2-private/tests/Psps_for_tests/2he_ca_30t.psp
- pspatm: opening atomic psp file    /home/gonze/ABINIT/ABINITv7.3.2/gonze/7.3.2-private/tests/Psps_for_tests/2he_ca_30t.psp
- Helium, fhi98PP : TM-type, LDA, l=0 local
-  2.00000   2.00000       211                znucl, zion, pspdat
    6    1    0    0       415   0.00000      pspcod,pspxc,lmax,lloc,mmax,r2well
  No XC core correction.
  1.024700          amesh (Hamman grid)
 Note: local psp for atom with Z=  2.0
 pspatm: epsatm=   11.14564823
         --- l  ekb(1:nproj) -->
 pspatm: atomic psp has been read  and splines computed

   2.22912965E+01                                ecore*ucvol(ha*bohr**3)
--------------------------------------------------------------------------------

P newkpt: treating      3 bands with npw=     702 for ikpt=   1 by node    0

_setup2: Arith. and geom. avg. npw (full set) are     702.000     702.000

================================================================================

     iter   Etot(hartree)      deltaE(h)  residm     vres2
 ETOT  1  -2.5250874283336    -2.525E+00 1.272E-04 2.017E+01
 ETOT  2  -2.5284633347065    -3.376E-03 1.545E-05 5.403E+00
 ETOT  3  -2.5285281416670    -6.481E-05 1.249E-06 1.954E+00
 ETOT  4  -2.5285588061457    -3.066E-05 1.779E-06 1.161E-01
 ETOT  5  -2.5285598205329    -1.014E-06 6.408E-08 1.783E-02
 ETOT  6  -2.5285597795173     4.102E-08 5.842E-09 1.724E-03
 ETOT  7  -2.5285598043584    -2.484E-08 6.461E-10 4.358E-04
 ETOT  8  -2.5285598211770    -1.682E-08 4.706E-10 1.993E-04
 ETOT  9  -2.5285598249074    -3.730E-09 9.687E-11 8.661E-05
 ETOT 10  -2.5285598256139    -7.065E-10 4.158E-11 2.150E-05
 ETOT 11  -2.5285598256051     8.758E-12 5.367E-12 3.155E-06
 ETOT 12  -2.5285598256086    -3.503E-12 3.943E-13 3.373E-07
 ETOT 13  -2.5285598256181    -9.522E-12 1.573E-13 1.294E-07
 ETOT 14  -2.5285598256215    -3.380E-12 7.977E-14 6.110E-08
 ETOT 15  -2.5285598256222    -6.533E-13 2.180E-14 2.408E-08
 ETOT 16  -2.5285598256224    -2.141E-13 1.001E-14 4.514E-09
 ETOT 17  -2.5285598256222     1.945E-13 8.923E-16 5.390E-10
 ETOT 18  -2.5285598256223    -5.729E-14 5.527E-16 9.108E-11
 ETOT 19  -2.5285598256224    -1.199E-13 6.308E-17 4.250E-11

 At SCF step   19   max residual=  6.31E-17 < tolwfr=  1.00E-16 =>converged.

 Cartesian components of stress tensor (hartree/bohr^3)
  sigma(1 1)=  2.65246301E-05  sigma(3 2)=  0.00000000E+00
  sigma(2 2)=  2.65246300E-05  sigma(3 1)=  0.00000000E+00
  sigma(3 3)=  2.65246301E-05  sigma(2 1)=  0.00000000E+00


 scfcv: beyond-RPA short-range correlation energy in LSDA ---
  LSD-RPA+ correlation energy=  3.5833315255E-02 hartree


 scfcv: Hartree energy with real-space cutoff for Coulomb interaction ---
   Cutoff radius=   5.00000000E+00 bohr
  Hartree energy=   1.63099593E+00 hartree

================================================================================

 ----iterations are completed or convergence reached----

 Mean square residual over all n,k,spin=   4.1402E-17; max=  6.3084E-17
   0.2500  0.2500  0.2500    1  6.30843E-17 kpt; spin; max resid(k); each band:
  6.31E-17 5.32E-17 7.91E-18
 reduced coordinates (array xred) for    1 atoms
       0.000000000000      0.000000000000      0.000000000000
 rms dE/dt=  4.7014E-09; max dE/dt=  8.1431E-09; dE/dt below (all hartree)
    1       0.000000008143      0.000000000000      0.000000000000

 cartesian coordinates (angstrom) at end:
    1      0.00000000000000     0.00000000000000     0.00000000000000

 cartesian forces (hartree/bohr) at end:
    1      0.00000000000000    -0.00000000000000    -0.00000000000000
 frms,max,avg= 0.0000000E+00 0.0000000E+00  -8.143E-10  0.000E+00  0.000E+00 h/b

 cartesian forces (eV/Angstrom) at end:
    1      0.00000000000000    -0.00000000000000    -0.00000000000000
 frms,max,avg= 0.0000000E+00 0.0000000E+00  -4.187E-08  0.000E+00  0.000E+00 e/A
 length scales= 10.000000000000 10.000000000000 10.000000000000 bohr
              =  5.291772085900  5.291772085900  5.291772085900 angstroms
 prteigrs : about to open file t57o_DS1_EIG
 Fermi (or HOMO) energy (hartree) =  -0.57638   Average Vxc (hartree)=  -0.04628
 Eigenvalues (hartree) for nkpt=   1  k points:
 kpt#   1, nband=  3, wtk=  1.00000, kpt=  0.2500  0.2500  0.2500 (reduced coord)
  -0.57638   0.02023   0.09791
 Fermi (or HOMO) energy (eV) = -15.68401   Average Vxc (eV)=  -1.25924
 Eigenvalues (   eV  ) for nkpt=   1  k points:
 kpt#   1, nband=  3, wtk=  1.00000, kpt=  0.2500  0.2500  0.2500 (reduced coord)
 -15.68401   0.55058   2.66430
 Total charge density [el/Bohr^3]
,     Maximum=    4.2810E-01  at reduced coord.    0.0000    0.0000    0.0000
,Next maximum=    3.4980E-01  at reduced coord.    0.9583    0.0000    0.0000
,     Minimum=    1.7637E-08  at reduced coord.    0.5000    0.2083    0.2083
,Next minimum=    1.7637E-08  at reduced coord.    0.2083    0.5000    0.2083
,  Integrated=    2.0000E+00

--------------------------------------------------------------------------------
 Components of total free energy (in Hartree) :

    Kinetic energy  =  1.55562361987793E+00
    Hartree energy  =  1.07705916433974E+00
    XC energy       = -8.00021571012164E-01
    Ewald energy    = -5.67459495896131E-01
    PspCore energy  =  2.22912964518362E-02
    Loc. psp. energy= -3.81605283938358E+00
    NL   psp  energy=  0.00000000000000E+00
    >>>>>>>>> Etotal= -2.52855982562237E+00

 Other information on the energy :
    Total energy(eV)= -6.88056120279850E+01 ; Band energy (Ha)=  -1.1527534659E+00
--------------------------------------------------------------------------------

 Cartesian components of stress tensor (hartree/bohr^3)
  sigma(1 1)=  2.65246301E-05  sigma(3 2)=  0.00000000E+00
  sigma(2 2)=  2.65246300E-05  sigma(3 1)=  0.00000000E+00
  sigma(3 3)=  2.65246301E-05  sigma(2 1)=  0.00000000E+00

-Cartesian components of stress tensor (GPa)         [Pressure= -7.8038E-01 GPa]
- sigma(1 1)=  7.80381428E-01  sigma(3 2)=  0.00000000E+00
- sigma(2 2)=  7.80381425E-01  sigma(3 1)=  0.00000000E+00
- sigma(3 3)=  7.80381428E-01  sigma(2 1)=  0.00000000E+00

================================================================================
== DATASET  2 ==================================================================
-   nproc =    1

 mkfilename : getwfk/=0, take file _WFK from output of DATASET   1.

 mkfilename : getden/=0, take file _DEN from output of DATASET   1.

 Exchange-correlation functional for the present dataset will be:
  LDA: new Teter (4/93) with spin-polarized option - ixc=1
 Citation for XC functional:
  S. Goedecker, M. Teter, J. Huetter, PRB 54, 1703 (1996)

 Real(R)+Recip(G) space primitive vectors, cartesian coordinates (Bohr,Bohr^-1):
 R(1)= 10.0000000  0.0000000  0.0000000  G(1)=  0.1000000  0.0000000  0.0000000
 R(2)=  0.0000000 10.0000000  0.0000000  G(2)=  0.0000000  0.1000000  0.0000000
 R(3)=  0.0000000  0.0000000 10.0000000  G(3)=  0.0000000  0.0000000  0.1000000
 Unit cell volume ucvol=  1.0000000E+03 bohr^3
 Angles (23,13,12)=  9.00000000E+01  9.00000000E+01  9.00000000E+01 degrees

 getcut: wavevector=  0.0000  0.0000  0.0000  ngfft=  24  24  24
         ecut(hartree)=      6.000   => boxcut(ratio)=   2.17656
--------------------------------------------------------------------------------

-inwffil : will read wavefunctions from disk file t57o_DS1_WFK
P newkpt: treating     10 bands with npw=     702 for ikpt=   1 by node    0


================================================================================
 prteigrs : about to open file t57o_DS2_EIG
 Non-SCF case, kpt    1 (  0.25000  0.25000  0.25000), residuals and eigenvalues=
  3.21E-16  1.36E-15  2.42E-15  4.38E-05  4.47E-05  4.77E-05  3.65E-05  1.91E-05
  4.76E-05  3.40E-05
 -5.7638E-01  2.0233E-02  9.7911E-02  9.8069E-02  1.4014E-01  1.9858E-01
  1.9862E-01  2.1253E-01  2.9020E-01  2.9242E-01
================================================================================

 ----iterations are completed or convergence reached----

 Mean square residual over all n,k,spin=   2.7340E-05; max=  4.7682E-05
   0.2500  0.2500  0.2500    1  4.76822E-05 kpt; spin; max resid(k); each band:
  3.21E-16 1.36E-15 2.42E-15 4.38E-05 4.47E-05 4.77E-05 3.65E-05 1.91E-05
  4.76E-05 3.40E-05
 reduced coordinates (array xred) for    1 atoms
       0.000000000000      0.000000000000      0.000000000000

 cartesian coordinates (angstrom) at end:
    1      0.00000000000000     0.00000000000000     0.00000000000000
 length scales= 10.000000000000 10.000000000000 10.000000000000 bohr
              =  5.291772085900  5.291772085900  5.291772085900 angstroms
 prteigrs : about to open file t57o_DS2_EIG
 Eigenvalues (hartree) for nkpt=   1  k points:
 kpt#   1, nband= 10, wtk=  1.00000, kpt=  0.2500  0.2500  0.2500 (reduced coord)
  -0.57638   0.02023   0.09791   0.09807   0.14014   0.19858   0.19862   0.21253
   0.29020   0.29242
 Eigenvalues (   eV  ) for nkpt=   1  k points:
 kpt#   1, nband= 10, wtk=  1.00000, kpt=  0.2500  0.2500  0.2500 (reduced coord)
 -15.68400   0.55058   2.66430   2.66861   3.81349   5.40359   5.40466   5.78315
   7.89681   7.95723
 Total charge density [el/Bohr^3]
,     Maximum=    4.2810E-01  at reduced coord.    0.0000    0.0000    0.0000
,Next maximum=    3.4980E-01  at reduced coord.    0.9583    0.0000    0.0000
,     Minimum=    1.7637E-08  at reduced coord.    0.5000    0.2083    0.2083
,Next minimum=    1.7637E-08  at reduced coord.    0.2083    0.5000    0.2083
,  Integrated=    2.0000E+00

================================================================================
== DATASET  3 ==================================================================
-   nproc =    1

 mkfilename : getwfk/=0, take file _WFK from output of DATASET   2.

 mkfilename : getden/=0, take file _DEN from output of DATASET   1.

 Exchange-correlation functional for the present dataset will be:
  LDA: new Teter (4/93) with spin-polarized option - ixc=1
 Citation for XC functional:
  S. Goedecker, M. Teter, J. Huetter, PRB 54, 1703 (1996)

 inwffil : will read wavefunctions from disk file t57o_DS2_WFK
 inwffil3: treating     10 bands with npw=     702 for ikpt=   1 by node    0


 xcacfd: check on dynamical susceptibility for imaginary frequencies -----------
  Number of planewaves in the susceptibility matrices          :             123
  Number of bands used for the susceptibility matrices         :              10
  Number of imaginary frequencies                              :              16
  Min. frequency (Ha)                                          :  1.00000000E+00
  Max. frequency (Ha)                                          :  1.60000000E+01
  Coulomb cut-off radius (bohr)                                :  5.00000000E+00
  Number of points used for coupling-constant int. (excl. 0, 1):               3
  Dyson equation solved as a linear system.
  Average Kohn-Sham polarizability at min. frequency (1/bohr^3):  1.00778555E+00
  Average Kohn-Sham polarizability at max. frequency (1/bohr^3):  6.65941150E-03
  Average       RPA polarizability at min. frequency (1/bohr^3):  8.69660260E-01
  Average       RPA polarizability at max. frequency (1/bohr^3):  6.65209129E-03
  Kohn-Sham exchange energy from density matrix (Ha)           : -7.56548201E-01
. ACFD Kohn-Sham exchange energy (Ha)                          : -3.42650374E-01
. ACFD-RPA correlation energy (Ha)                             : -6.54050525E-03

== END DATASET(S) ==============================================================
================================================================================
  
 -outvars: echo values of variables after computation  --------
            acell      1.0000000000E+01  1.0000000000E+01  1.0000000000E+01 Bohr
              amu      4.00260200E+00
           diecut1     2.20000000E+00 Hartree
           diecut2     2.20000000E+00 Hartree
           diecut3     1.80000000E+00 Hartree
           diegap1     1.00000000E-01 Hartree
           diegap2     1.00000000E-01 Hartree
           diegap3     0.00000000E+00 Hartree
           dielam1     5.00000000E-01
           dielam2     5.00000000E-01
           dielam3     1.00000000E+00
             ecut      6.00000000E+00 Hartree
           enunit           2
           etotal1    -2.5285598256E+00
           etotal3     0.0000000000E+00
            fcart1     0.0000000000E+00 -0.0000000000E+00 -0.0000000000E+00
            fcart3     0.0000000000E+00  0.0000000000E+00  0.0000000000E+00
           getden1          0
           getden2          1
           getden3          1
           getwfk1          0
           getwfk2          1
           getwfk3          2
            ikhxc1          0
            ikhxc2          0
            ikhxc3          1
            intxc           1
             iscf1          3
             iscf2         -2
             iscf3          5
           istatr           9
           jdtset        1    2    3
              kpt      2.50000000E-01  2.50000000E-01  2.50000000E-01
           kptopt           0
P           mkmem           1
            natom           1
            nband1          3
            nband2         10
            nband3         10
           nbdbuf1          0
           nbdbuf2          2
           nbdbuf3          0
           ndtset           3
         nfreqsus1          1
         nfreqsus2          0
         nfreqsus3         16
            ngfft          24      24      24
             nkpt           1
            nstep1         35
            nstep2         35
            nstep3         30
             nsym           4
           ntypat           1
              occ1     2.000000  0.000000  0.000000
              occ3     2.000000  0.000000  0.000000  0.000000  0.000000  0.000000
                       0.000000  0.000000  0.000000  0.000000
        optdriver1          0
        optdriver2          0
        optdriver3          2
       optfreqsus1          2
       optfreqsus2          2
       optfreqsus3          1
           prtvol           1
          spgroup          25
           strten1     2.6524630077E-05  2.6524629974E-05  2.6524630075E-05
                       0.0000000000E+00  0.0000000000E+00  0.0000000000E+00
           strten3     0.0000000000E+00  0.0000000000E+00  0.0000000000E+00
                       0.0000000000E+00  0.0000000000E+00  0.0000000000E+00
           symrel      1  0  0   0  1  0   0  0  1       1  0  0   0  1  0   0  0 -1
                       1  0  0   0 -1  0   0  0  1       1  0  0   0 -1  0   0  0 -1
           tolwfr1     1.00000000E-16
           tolwfr2     1.00000000E-04
           tolwfr3     0.00000000E+00
            typat      1
            znucl        2.00000

================================================================================


- Timing analysis has been suppressed with timopt=0



================================================================================

 Suggested references for the acknowledgment of ABINIT usage.

 The users of ABINIT have little formal obligations with respect to the ABINIT group
 (those specified in the GNU General Public License, http://www.gnu.org/copyleft/gpl.txt).
 However, it is common practice in the scientific literature,
 to acknowledge the efforts of people that have made the research possible.
 In this spirit, please find below suggested citations of work written by ABINIT developers,
 corresponding to implementations inside of ABINIT that you have used in the present run.
 Note also that it will be of great value to readers of publications presenting these results,
 to read papers enabling them to understand the theoretical formalism and details
 of the ABINIT implementation.
 For information on why they are suggested, see also http://www.abinit.org/about/?text=acknowledgments.

 [1] Ab initio pseudopotentials for electronic structure calculations of poly-atomic systems, 
 using density-functional theory.
 M. Fuchs, M. Scheffler, Comput. Phys. Commun. 119, 67 (1999).
 Comment : Some pseudopotential generated using the FHI code were used.

 [2] ABINIT : First-principles approach of materials and nanosystem properties.
 X. Gonze, B. Amadon, P.-M. Anglade, J.-M. Beuken, F. Bottin, P. Boulanger, F. Bruneval,
 D. Caliste, R. Caracas, M. Cote, T. Deutsch, L. Genovese, Ph. Ghosez, M. Giantomassi
 S. Goedecker, D.R. Hamann, P. Hermet, F. Jollet, G. Jomard, S. Leroux, M. Mancini, S. Mazevet,
 M.J.T. Oliveira, G. Onida, Y. Pouillon, T. Rangel, G.-M. Rignanese, D. Sangalli, R. Shaltaf,
 M. Torrent, M.J. Verstraete, G. Zerah, J.W. Zwanziger
 Computer Phys. Comm. 180, 2582-2615 (2009).
 Comment : the third generic paper describing the ABINIT project.
 Note that a version of this paper, that is not formatted for Computer Phys. Comm. 
 is available at http://www.abinit.org/about/ABINIT_CPC_v10.pdf .
 The licence allows the authors to put it on the Web.

 [3] A brief introduction to the ABINIT software package.
 X. Gonze, G.-M. Rignanese, M. Verstraete, J.-M. Beuken, Y. Pouillon, R. Caracas, F. Jollet,
 M. Torrent, G. Zerah, M. Mikami, Ph. Ghosez, M. Veithen, J.-Y. Raty, V. Olevano, F. Bruneval,
 L. Reining, R. Godby, G. Onida, D.R. Hamann, and D.C. Allan.
 Z. Kristallogr. 220, 558-562 (2005).
 Comment : the second generic paper describing the ABINIT project. Note that this paper
 should be cited especially if you are using the GW part of ABINIT, as several authors
 of this part are not in the list of authors of the first or third paper.
 The .pdf of the latter paper is available at http://www.abinit.org/about/zfk_0505-06_558-562.pdf.
 Note that it should not redistributed (Copyright by Oldenburg Wissenshaftverlag,
 the licence allows the authors to put it on the Web).


 And optionally :

 [4] First-principles computation of material properties : the ABINIT software project. 
 X. Gonze, J.-M. Beuken, R. Caracas, F. Detraux, M. Fuchs, G.-M. Rignanese, L. Sindic,
 M. Verstraete, G. Zerah, F. Jollet, M. Torrent, A. Roy, M. Mikami, Ph. Ghosez, J.-Y. Raty, D.C. Allan.
 Computational Materials Science 25, 478-492 (2002). http://dx.doi.org/10.1016/S0927-0256(02)00325-7
 Comment : the original paper describing the ABINIT project.

 [5] Fast radix 2, 3, 4 and 5 kernels for Fast Fourier Transformations
 on computers with overlapping multiply-add instructions.
 S. Goedecker, SIAM J. on Scientific Computing 18, 1605 (1997).
-
- Proc.   0 individual time (sec): cpu=          1.3  wall=          1.3

================================================================================

 Calculation completed.
.Delivered    4 WARNINGs and  12 COMMENTs to log file.
+Overall time at end (sec) : cpu=          1.3  wall=          1.3
