
.Version 7.10.4 of ABINIT 
.(MPI version, prepared for a x86_64_linux_gnu4.7 computer) 

.Copyright (C) 1998-2014 ABINIT group . 
 ABINIT comes with ABSOLUTELY NO WARRANTY.
 It is free software, and you are welcome to redistribute it
 under certain conditions (GNU General Public License,
 see ~abinit/COPYING or http://www.gnu.org/copyleft/gpl.txt).

 ABINIT is a project of the Universite Catholique de Louvain,
 Corning Inc. and other collaborators, see ~abinit/doc/developers/contributors.txt .
 Please read ~abinit/doc/users/acknowledgments.html for suggested
 acknowledgments of the ABINIT effort.
 For more information, see http://www.abinit.org .

.Starting date : Wed 11 Mar 2015.
- ( at 10h33 )
  
- input  file    -> t01.in
- output file    -> t01.out
- root for input  files -> t01i
- root for output files -> t01o


 Symmetries : space group F-4 3 m (#216); Bravais cF (face-center cubic)
================================================================================
 Values of the parameters that define the memory need of the present run
   intxc =         0  ionmov =         0    iscf =         3 xclevel =         1
  lmnmax =         3   lnmax =         1   mband =         8  mffmem =         1
P  mgfft =        32   mkmem =         8 mpssoang=         2     mpw =      1266
  mqgrid =      3001   natom =         2    nfft =     32768    nkpt =         8
  nloalg =         4  nspden =         1 nspinor =         1  nsppol =         1
    nsym =        24  n1xccc =      2501  ntypat =         2  occopt =         1
================================================================================
P This job should need less than                       8.946 Mbytes of memory.
  Rough estimation (10% accuracy) of disk space for files :
_ WF disk file :      1.238 Mbytes ; DEN or POT disk file :      0.252 Mbytes.
================================================================================

--------------------------------------------------------------------------------
------------- Echo of variables that govern the present computation ------------
--------------------------------------------------------------------------------
-
- outvars: echo of selected default values                                      
-   accesswff0 =  0 , fftalg0 =112 , wfoptalg0 =  0
-
- outvars: echo of global parameters not present in the input file              
-  max_nthreads =    0
-
 -outvars: echo values of preprocessed input variables --------
            acell      1.0600000000E+01  1.0600000000E+01  1.0600000000E+01 Bohr
              amu      6.97200000E+01  7.49216000E+01
           diemac      1.00000000E+01
             ecut      2.00000000E+01 Hartree
-          fftalg         112
             iscf           3
           istwfk        1    1    1    1    1    1    1    1
              kpt      0.00000000E+00  0.00000000E+00  0.00000000E+00
                       0.00000000E+00  0.00000000E+00  5.00000000E-01
                       0.00000000E+00  5.00000000E-01  0.00000000E+00
                       0.00000000E+00  5.00000000E-01  5.00000000E-01
                       5.00000000E-01  0.00000000E+00  0.00000000E+00
                       5.00000000E-01  0.00000000E+00  5.00000000E-01
                       5.00000000E-01  5.00000000E-01  0.00000000E+00
                       5.00000000E-01  5.00000000E-01  5.00000000E-01
           kptopt           0
P           mkmem           8
            natom           2
            nband           8
            ngfft          32      32      32
             nkpt           8
             nsym          24
           ntypat           2
              occ      2.000000  2.000000  2.000000  2.000000  0.000000  0.000000
                       0.000000  0.000000
          prtwant           2
            rprim      0.0000000000E+00  5.0000000000E-01  5.0000000000E-01
                       5.0000000000E-01  0.0000000000E+00  5.0000000000E-01
                       5.0000000000E-01  5.0000000000E-01  0.0000000000E+00
          spgroup         216
           symrel      1  0  0   0  1  0   0  0  1       0 -1  1   0 -1  0   1 -1  0
                      -1  0  0  -1  0  1  -1  1  0       0  1 -1   1  0 -1   0  0 -1
                      -1  0  0  -1  1  0  -1  0  1       0 -1  1   1 -1  0   0 -1  0
                       1  0  0   0  0  1   0  1  0       0  1 -1   0  0 -1   1  0 -1
                      -1  0  1  -1  1  0  -1  0  0       0 -1  0   1 -1  0   0 -1  1
                       1  0 -1   0  0 -1   0  1 -1       0  1  0   0  0  1   1  0  0
                       1  0 -1   0  1 -1   0  0 -1       0 -1  0   0 -1  1   1 -1  0
                      -1  0  1  -1  0  0  -1  1  0       0  1  0   1  0  0   0  0  1
                       0  0 -1   0  1 -1   1  0 -1       1 -1  0   0 -1  1   0 -1  0
                       0  0  1   1  0  0   0  1  0      -1  1  0  -1  0  0  -1  0  1
                       0  0  1   0  1  0   1  0  0       1 -1  0   0 -1  0   0 -1  1
                       0  0 -1   1  0 -1   0  1 -1      -1  1  0  -1  0  1  -1  0  0
           tolwfr      1.00000000E-10
            typat      1  2
           useylm           1
              wtk        0.12500    0.12500    0.12500    0.12500    0.12500    0.12500
                         0.12500    0.12500
        w90iniprj           2
           xangst      0.0000000000E+00  0.0000000000E+00  0.0000000000E+00
                       1.4023196028E+00  1.4023196028E+00  1.4023196028E+00
            xcart      0.0000000000E+00  0.0000000000E+00  0.0000000000E+00
                       2.6500000000E+00  2.6500000000E+00  2.6500000000E+00
             xred      0.0000000000E+00  0.0000000000E+00  0.0000000000E+00
                       2.5000000000E-01  2.5000000000E-01  2.5000000000E-01
            znucl       31.00000   33.00000

================================================================================

 chkinp: Checking input parameters for consistency.

================================================================================
== DATASET  1 ==================================================================
-   nproc =    1

 Exchange-correlation functional for the present dataset will be:
  LDA: new Teter (4/93) with spin-polarized option - ixc=1
 Citation for XC functional:
  S. Goedecker, M. Teter, J. Huetter, PRB 54, 1703 (1996)

 Real(R)+Recip(G) space primitive vectors, cartesian coordinates (Bohr,Bohr^-1):
 R(1)=  0.0000000  5.3000000  5.3000000  G(1)= -0.0943396  0.0943396  0.0943396
 R(2)=  5.3000000  0.0000000  5.3000000  G(2)=  0.0943396 -0.0943396  0.0943396
 R(3)=  5.3000000  5.3000000  0.0000000  G(3)=  0.0943396  0.0943396 -0.0943396
 Unit cell volume ucvol=  2.9775400E+02 bohr^3
 Angles (23,13,12)=  6.00000000E+01  6.00000000E+01  6.00000000E+01 degrees

 getcut: wavevector=  0.0000  0.0000  0.0000  ngfft=  32  32  32
         ecut(hartree)=     20.000   => boxcut(ratio)=   2.12070

--- Pseudopotential description ------------------------------------------------
- pspini: atom type   1  psp file is /home/gonze/ABINIT/ABINITv7.10.4/trunk/7.10.4-private/tests/Psps_for_tests/31ga.pspnc
- pspatm: opening atomic psp file    /home/gonze/ABINIT/ABINITv7.10.4/trunk/7.10.4-private/tests/Psps_for_tests/31ga.pspnc
-  Troullier-Martins psp for element  Ga        Thu Oct 27 17:36:43 EDT 1994
- 31.00000   3.00000    940714                znucl, zion, pspdat
    1    1    1    0      2001   0.00000      pspcod,pspxc,lmax,lloc,mmax,r2well
    0   6.570  15.885    0   1.9956558        l,e99.0,e99.9,nproj,rcpsp
   0.00000000   0.00000000   0.00000000   0.00000000     rms, ekb1, ekb2, epsatm
    1   2.122   7.249    1   1.9956558        l,e99.0,e99.9,nproj,rcpsp
   0.00000000   0.00000000   0.00000000   0.00000000     rms, ekb1, ekb2, epsatm
    2.57649862033350    0.14924926558032    2.22766011456380   rchrg,fchrg,qchrg
 pspatm: epsatm=   27.06235248
         --- l  ekb(1:nproj) -->
             1    2.537532
 pspatm: atomic psp has been read  and splines computed

- pspini: atom type   2  psp file is /home/gonze/ABINIT/ABINITv7.10.4/trunk/7.10.4-private/tests/Psps_for_tests/33as.pspnc
- pspatm: opening atomic psp file    /home/gonze/ABINIT/ABINITv7.10.4/trunk/7.10.4-private/tests/Psps_for_tests/33as.pspnc
-  Troullier-Martins psp for element  As        Thu Oct 27 17:37:14 EDT 1994
- 33.00000   5.00000    940714                znucl, zion, pspdat
    1    1    1    1      2001   0.00000      pspcod,pspxc,lmax,lloc,mmax,r2well
    0   4.772  10.829    1   2.5306160        l,e99.0,e99.9,nproj,rcpsp
   0.00000000   0.00000000   0.00000000   0.00000000     rms, ekb1, ekb2, epsatm
    1   2.745   5.580    0   2.5306160        l,e99.0,e99.9,nproj,rcpsp
   0.00000000   0.00000000   0.00000000   0.00000000     rms, ekb1, ekb2, epsatm
    2.05731715564010    0.36322996461007    2.76014815959125   rchrg,fchrg,qchrg
 pspatm: epsatm=   27.20579911
         --- l  ekb(1:nproj) -->
             0    0.838751
 pspatm: atomic psp has been read  and splines computed

   4.34145213E+02                                ecore*ucvol(ha*bohr**3)
--------------------------------------------------------------------------------

P newkpt: treating      8 bands with npw=    1243 for ikpt=   1 by node    0
P newkpt: treating      8 bands with npw=    1260 for ikpt=   2 by node    0
P newkpt: treating      8 bands with npw=    1260 for ikpt=   3 by node    0
P newkpt: treating      8 bands with npw=    1266 for ikpt=   4 by node    0
P newkpt: treating      8 bands with npw=    1260 for ikpt=   5 by node    0
P newkpt: treating      8 bands with npw=    1266 for ikpt=   6 by node    0
P newkpt: treating      8 bands with npw=    1266 for ikpt=   7 by node    0
P newkpt: treating      8 bands with npw=    1260 for ikpt=   8 by node    0

_setup2: Arith. and geom. avg. npw (full set) are    1260.125    1260.105

================================================================================

     iter   Etot(hartree)      deltaE(h)  residm     vres2
 ETOT  1  -10.633606195614    -1.063E+01 2.146E-02 5.387E+01
 ETOT  2  -10.649409113551    -1.580E-02 2.986E-03 3.671E+00
 ETOT  3  -10.650432410595    -1.023E-03 1.475E-04 2.256E-01
 ETOT  4  -10.650479503560    -4.709E-05 6.418E-05 7.669E-03
 ETOT  5  -10.650479986517    -4.830E-07 2.966E-06 9.677E-04
 ETOT  6  -10.650480092180    -1.057E-07 1.541E-06 7.662E-05
 ETOT  7  -10.650480112022    -1.984E-08 7.935E-08 9.050E-06
 ETOT  8  -10.650480113061    -1.039E-09 4.100E-08 9.915E-07
 ETOT  9  -10.650480113149    -8.857E-11 2.225E-09 1.045E-08
 ETOT 10  -10.650480113150    -4.459E-13 1.143E-09 1.473E-10
 ETOT 11  -10.650480113150     3.375E-14 9.771E-11 2.261E-12

 At SCF step   11   max residual=  9.77E-11 < tolwfr=  1.00E-10 =>converged.

 Cartesian components of stress tensor (hartree/bohr^3)
  sigma(1 1)= -8.13683999E-06  sigma(3 2)=  0.00000000E+00
  sigma(2 2)= -8.13683999E-06  sigma(3 1)=  0.00000000E+00
  sigma(3 3)= -8.13683999E-06  sigma(2 1)=  0.00000000E+00


---------------------------------------------------------------

  Calculation of overlap and call to wannier90 library 
  to obtain maximally localized wannier functions 

  - t01o_w90.win is a mandatory secondary input
  - t01o_w90.wout is the output for the library
  - t01o_w90random.amn contains random projections
  - t01o_w90.amn contains projections
  - t01o_w90.mmn contains the overlap
  - t01o_w90.eig contains the eigenvalues

---------------------------------------------------------------

   mlwfovlp:  you should give k-point in the full brillouin zone 
   with explicit k-points (or kptopt=3) and istwfk 1

   mlwfovlp :  mlwfovlp_setup done -
-  see t01o_w90.wout for details.

   Writing top of the overlap matrix: M_mn(ikb,ik)
   m=n=1:3, ikb=1, ik=1

;   (   0.627060  -0.488339 ,   0.376713   0.444344 ,  -0.000000   0.000000 ,    )
;   (  -0.361170  -0.186398 ,  -0.106634   0.469564 ,   0.131345   0.173649 ,    )
;   (   0.111188   0.058125 ,   0.033679  -0.144777 ,   0.466468   0.623955 ,    )

   Writing bottom of the overlap matrix: M_mn(ikb,ik)
   m=n=num_bands-2:num_bands, ikb=nntot, ik=nkpt

;   (   0.518662  -0.234984 ,  -0.345696  -0.416530 ,   0.016890   0.017147 ,    )
;   (  -0.411144  -0.200342 ,   0.036021  -0.174539 ,  -0.180454   0.116657 ,    )
;   (  -0.110439  -0.050215 ,   0.041545  -0.064107 ,   0.663981  -0.425022 ,    )

   Writing top of the initial projections matrix: A_mn(ik)
   m=1:3, n=1:3, ik=1

;   (   0.368117   0.000000 ,   0.368117   0.000000 ,   0.368117   0.000000 ,    )
;   (   0.343571  -0.000487 ,   0.119698  -0.000172 ,   0.035381   0.000967 ,    )
;   (   0.224353  -0.000649 ,   0.154876  -0.000188 ,  -0.533157  -0.000067 ,    )

   Writing bottom of the initial projections matrix: A_mn(ik)
   m=num_bands-2:num_bands, n=nwan-2:nwan, ik=nkpt

;   (   0.225113  -0.000000 ,   0.225113  -0.000000 ,   0.225113   0.000000 ,    )
;   (  -0.003477  -0.123728 ,   0.002554  -0.333895 ,   0.000923   0.457624 ,    )
;   (  -0.000941  -0.456984 ,  -0.002541   0.335644 ,   0.003482   0.121340 ,    )

   mlwfovlp :  mlwfovlp_run completed -
-  see t01o_w90.wout for details.

================================================================================

 ----iterations are completed or convergence reached----

 Mean square residual over all n,k,spin=   6.7011E-11; max=  9.7707E-11
   0.0000  0.0000  0.0000    1  8.92547E-11 kpt; spin; max resid(k); each band:
  2.77E-11 8.93E-11 8.92E-11 8.92E-11 2.16E-11 6.48E-11 6.52E-11 6.58E-11
   0.0000  0.0000  0.5000    1  9.70099E-11 kpt; spin; max resid(k); each band:
  5.77E-11 7.07E-11 8.23E-11 8.23E-11 8.19E-11 9.70E-11 9.70E-11 5.00E-11
   0.0000  0.5000  0.0000    1  9.71953E-11 kpt; spin; max resid(k); each band:
  5.77E-11 7.07E-11 8.23E-11 8.23E-11 8.19E-11 9.69E-11 9.72E-11 4.51E-11
   0.0000  0.5000  0.5000    1  7.70294E-11 kpt; spin; max resid(k); each band:
  7.31E-11 7.07E-11 4.88E-11 4.87E-11 1.22E-11 7.70E-11 1.67E-11 2.86E-11
   0.5000  0.0000  0.0000    1  9.73554E-11 kpt; spin; max resid(k); each band:
  5.77E-11 7.07E-11 8.23E-11 8.23E-11 8.19E-11 9.68E-11 9.74E-11 5.17E-11
   0.5000  0.0000  0.5000    1  7.70289E-11 kpt; spin; max resid(k); each band:
  7.31E-11 7.07E-11 4.88E-11 4.87E-11 1.22E-11 7.70E-11 5.85E-11 6.87E-11
   0.5000  0.5000  0.0000    1  7.70291E-11 kpt; spin; max resid(k); each band:
  7.31E-11 7.07E-11 4.89E-11 4.87E-11 1.22E-11 7.70E-11 6.55E-11 7.25E-11
   0.5000  0.5000  0.5000    1  9.77074E-11 kpt; spin; max resid(k); each band:
  5.77E-11 7.07E-11 8.23E-11 8.23E-11 8.19E-11 9.74E-11 9.77E-11 4.95E-11
 reduced coordinates (array xred) for    2 atoms
       0.000000000000      0.000000000000      0.000000000000
       0.250000000000      0.250000000000      0.250000000000
 rms dE/dt=  0.0000E+00; max dE/dt=  0.0000E+00; dE/dt below (all hartree)
    1       0.000000000000      0.000000000000      0.000000000000
    2       0.000000000000      0.000000000000      0.000000000000

 cartesian coordinates (angstrom) at end:
    1      0.00000000000000     0.00000000000000     0.00000000000000
    2      1.40231960276350     1.40231960276350     1.40231960276350

 cartesian forces (hartree/bohr) at end:
    1     -0.00000000000000    -0.00000000000000    -0.00000000000000
    2     -0.00000000000000    -0.00000000000000    -0.00000000000000
 frms,max,avg= 0.0000000E+00 0.0000000E+00   0.000E+00  0.000E+00  0.000E+00 h/b

 cartesian forces (eV/Angstrom) at end:
    1     -0.00000000000000    -0.00000000000000    -0.00000000000000
    2     -0.00000000000000    -0.00000000000000    -0.00000000000000
 frms,max,avg= 0.0000000E+00 0.0000000E+00   0.000E+00  0.000E+00  0.000E+00 e/A
 length scales= 10.600000000000 10.600000000000 10.600000000000 bohr
              =  5.609278411054  5.609278411054  5.609278411054 angstroms
 prteigrs : about to open file t01o_EIG
 Fermi (or HOMO) energy (hartree) =   0.00265   Average Vxc (hartree)=  -0.34985
 Eigenvalues (hartree) for nkpt=   8  k points:
 kpt#   1, nband=  8, wtk=  0.12500, kpt=  0.0000  0.0000  0.0000 (reduced coord)
  -0.46034   0.00265   0.00265   0.00265   0.02653   0.13217   0.13217   0.13217
 kpt#   2, nband=  8, wtk=  0.12500, kpt=  0.0000  0.0000  0.5000 (reduced coord)
  -0.39755  -0.24124  -0.03438  -0.03438   0.03246   0.15484   0.15484   0.27728
 kpt#   3, nband=  8, wtk=  0.12500, kpt=  0.0000  0.5000  0.0000 (reduced coord)
  -0.39755  -0.24124  -0.03438  -0.03438   0.03246   0.15484   0.15484   0.27728
 kpt#   4, nband=  8, wtk=  0.12500, kpt=  0.0000  0.5000  0.5000 (reduced coord)
  -0.36888  -0.24969  -0.08962  -0.08962   0.03525   0.04570   0.37536   0.37536
 kpt#   5, nband=  8, wtk=  0.12500, kpt=  0.5000  0.0000  0.0000 (reduced coord)
  -0.39755  -0.24124  -0.03438  -0.03438   0.03246   0.15484   0.15484   0.27728
 kpt#   6, nband=  8, wtk=  0.12500, kpt=  0.5000  0.0000  0.5000 (reduced coord)
  -0.36888  -0.24969  -0.08962  -0.08962   0.03525   0.04570   0.37536   0.37536
 kpt#   7, nband=  8, wtk=  0.12500, kpt=  0.5000  0.5000  0.0000 (reduced coord)
  -0.36888  -0.24969  -0.08962  -0.08962   0.03525   0.04570   0.37536   0.37536
 kpt#   8, nband=  8, wtk=  0.12500, kpt=  0.5000  0.5000  0.5000 (reduced coord)
  -0.39755  -0.24124  -0.03438  -0.03438   0.03246   0.15484   0.15484   0.27728
 Total charge density [el/Bohr^3]
,     Maximum=    1.0084E-01  at reduced coord.    0.1563    0.1875    0.5000
,Next maximum=    1.0084E-01  at reduced coord.    0.1875    0.1563    0.5000
,     Minimum=    1.2709E-03  at reduced coord.    0.7500    0.7500    0.7500
,Next minimum=    1.2742E-03  at reduced coord.    0.5000    0.5000    0.5000
,  Integrated=    8.0000E+00

--------------------------------------------------------------------------------
 Components of total free energy (in Hartree) :

    Kinetic energy  =  3.17739822709934E+00
    Hartree energy  =  8.82786367677814E-01
    XC energy       = -4.92110654798047E+00
    Ewald energy    = -8.48789573682593E+00
    PspCore energy  =  1.45806676895429E+00
    Loc. psp. energy= -2.88771682137340E+00
    NL   psp  energy=  1.27987629298841E-01
    >>>>>>>>> Etotal= -1.06504801131495E+01

 Other information on the energy :
    Total energy(eV)= -2.89814302652207E+02 ; Band energy (Ha)=  -1.4190333926E+00
--------------------------------------------------------------------------------

 Cartesian components of stress tensor (hartree/bohr^3)
  sigma(1 1)= -8.13683999E-06  sigma(3 2)=  0.00000000E+00
  sigma(2 2)= -8.13683999E-06  sigma(3 1)=  0.00000000E+00
  sigma(3 3)= -8.13683999E-06  sigma(2 1)=  0.00000000E+00

-Cartesian components of stress tensor (GPa)         [Pressure=  2.3939E-01 GPa]
- sigma(1 1)= -2.39394057E-01  sigma(3 2)=  0.00000000E+00
- sigma(2 2)= -2.39394057E-01  sigma(3 1)=  0.00000000E+00
- sigma(3 3)= -2.39394057E-01  sigma(2 1)=  0.00000000E+00

== END DATASET(S) ==============================================================
================================================================================
  
 -outvars: echo values of variables after computation  --------
            acell      1.0600000000E+01  1.0600000000E+01  1.0600000000E+01 Bohr
              amu      6.97200000E+01  7.49216000E+01
           diemac      1.00000000E+01
             ecut      2.00000000E+01 Hartree
           etotal     -1.0650480113E+01
            fcart     -0.0000000000E+00 -0.0000000000E+00 -0.0000000000E+00
                      -0.0000000000E+00 -0.0000000000E+00 -0.0000000000E+00
-          fftalg         112
             iscf           3
           istwfk        1    1    1    1    1    1    1    1
              kpt      0.00000000E+00  0.00000000E+00  0.00000000E+00
                       0.00000000E+00  0.00000000E+00  5.00000000E-01
                       0.00000000E+00  5.00000000E-01  0.00000000E+00
                       0.00000000E+00  5.00000000E-01  5.00000000E-01
                       5.00000000E-01  0.00000000E+00  0.00000000E+00
                       5.00000000E-01  0.00000000E+00  5.00000000E-01
                       5.00000000E-01  5.00000000E-01  0.00000000E+00
                       5.00000000E-01  5.00000000E-01  5.00000000E-01
           kptopt           0
P           mkmem           8
            natom           2
            nband           8
            ngfft          32      32      32
             nkpt           8
             nsym          24
           ntypat           2
              occ      2.000000  2.000000  2.000000  2.000000  0.000000  0.000000
                       0.000000  0.000000
          prtwant           2
            rprim      0.0000000000E+00  5.0000000000E-01  5.0000000000E-01
                       5.0000000000E-01  0.0000000000E+00  5.0000000000E-01
                       5.0000000000E-01  5.0000000000E-01  0.0000000000E+00
          spgroup         216
           strten     -8.1368399906E-06 -8.1368399906E-06 -8.1368399906E-06
                       0.0000000000E+00  0.0000000000E+00  0.0000000000E+00
           symrel      1  0  0   0  1  0   0  0  1       0 -1  1   0 -1  0   1 -1  0
                      -1  0  0  -1  0  1  -1  1  0       0  1 -1   1  0 -1   0  0 -1
                      -1  0  0  -1  1  0  -1  0  1       0 -1  1   1 -1  0   0 -1  0
                       1  0  0   0  0  1   0  1  0       0  1 -1   0  0 -1   1  0 -1
                      -1  0  1  -1  1  0  -1  0  0       0 -1  0   1 -1  0   0 -1  1
                       1  0 -1   0  0 -1   0  1 -1       0  1  0   0  0  1   1  0  0
                       1  0 -1   0  1 -1   0  0 -1       0 -1  0   0 -1  1   1 -1  0
                      -1  0  1  -1  0  0  -1  1  0       0  1  0   1  0  0   0  0  1
                       0  0 -1   0  1 -1   1  0 -1       1 -1  0   0 -1  1   0 -1  0
                       0  0  1   1  0  0   0  1  0      -1  1  0  -1  0  0  -1  0  1
                       0  0  1   0  1  0   1  0  0       1 -1  0   0 -1  0   0 -1  1
                       0  0 -1   1  0 -1   0  1 -1      -1  1  0  -1  0  1  -1  0  0
           tolwfr      1.00000000E-10
            typat      1  2
           useylm           1
              wtk        0.12500    0.12500    0.12500    0.12500    0.12500    0.12500
                         0.12500    0.12500
        w90iniprj           2
           xangst      0.0000000000E+00  0.0000000000E+00  0.0000000000E+00
                       1.4023196028E+00  1.4023196028E+00  1.4023196028E+00
            xcart      0.0000000000E+00  0.0000000000E+00  0.0000000000E+00
                       2.6500000000E+00  2.6500000000E+00  2.6500000000E+00
             xred      0.0000000000E+00  0.0000000000E+00  0.0000000000E+00
                       2.5000000000E-01  2.5000000000E-01  2.5000000000E-01
            znucl       31.00000   33.00000

================================================================================


- Timing analysis has been suppressed with timopt=0



================================================================================

 Suggested references for the acknowledgment of ABINIT usage.

 The users of ABINIT have little formal obligations with respect to the ABINIT group
 (those specified in the GNU General Public License, http://www.gnu.org/copyleft/gpl.txt).
 However, it is common practice in the scientific literature,
 to acknowledge the efforts of people that have made the research possible.
 In this spirit, please find below suggested citations of work written by ABINIT developers,
 corresponding to implementations inside of ABINIT that you have used in the present run.
 Note also that it will be of great value to readers of publications presenting these results,
 to read papers enabling them to understand the theoretical formalism and details
 of the ABINIT implementation.
 For information on why they are suggested, see also http://www.abinit.org/about/?text=acknowledgments.

 [1] ABINIT : First-principles approach of materials and nanosystem properties.
 X. Gonze, B. Amadon, P.-M. Anglade, J.-M. Beuken, F. Bottin, P. Boulanger, F. Bruneval,
 D. Caliste, R. Caracas, M. Cote, T. Deutsch, L. Genovese, Ph. Ghosez, M. Giantomassi
 S. Goedecker, D.R. Hamann, P. Hermet, F. Jollet, G. Jomard, S. Leroux, M. Mancini, S. Mazevet,
 M.J.T. Oliveira, G. Onida, Y. Pouillon, T. Rangel, G.-M. Rignanese, D. Sangalli, R. Shaltaf,
 M. Torrent, M.J. Verstraete, G. Zerah, J.W. Zwanziger
 Computer Phys. Comm. 180, 2582-2615 (2009).
 Comment : the third generic paper describing the ABINIT project.
 Note that a version of this paper, that is not formatted for Computer Phys. Comm. 
 is available at http://www.abinit.org/about/ABINIT_CPC_v10.pdf .
 The licence allows the authors to put it on the Web.

 [2] A brief introduction to the ABINIT software package.
 X. Gonze, G.-M. Rignanese, M. Verstraete, J.-M. Beuken, Y. Pouillon, R. Caracas, F. Jollet,
 M. Torrent, G. Zerah, M. Mikami, Ph. Ghosez, M. Veithen, J.-Y. Raty, V. Olevano, F. Bruneval,
 L. Reining, R. Godby, G. Onida, D.R. Hamann, and D.C. Allan.
 Z. Kristallogr. 220, 558-562 (2005).
 Comment : the second generic paper describing the ABINIT project. Note that this paper
 should be cited especially if you are using the GW part of ABINIT, as several authors
 of this part are not in the list of authors of the first or third paper.
 The .pdf of the latter paper is available at http://www.abinit.org/about/zfk_0505-06_558-562.pdf.
 Note that it should not redistributed (Copyright by Oldenburg Wissenshaftverlag,
 the licence allows the authors to put it on the Web).


 And optionally :

 [3] First-principles computation of material properties : the ABINIT software project. 
 X. Gonze, J.-M. Beuken, R. Caracas, F. Detraux, M. Fuchs, G.-M. Rignanese, L. Sindic,
 M. Verstraete, G. Zerah, F. Jollet, M. Torrent, A. Roy, M. Mikami, Ph. Ghosez, J.-Y. Raty, D.C. Allan.
 Computational Materials Science 25, 478-492 (2002). http://dx.doi.org/10.1016/S0927-0256(02)00325-7
 Comment : the original paper describing the ABINIT project.

 [4] Fast radix 2, 3, 4 and 5 kernels for Fast Fourier Transformations
 on computers with overlapping multiply-add instructions.
 S. Goedecker, SIAM J. on Scientific Computing 18, 1605 (1997).
-
- Proc.   0 individual time (sec): cpu=         10.2  wall=         10.2

================================================================================

 Calculation completed.
.Delivered    0 WARNINGs and   0 COMMENTs to log file.
+Overall time at end (sec) : cpu=         10.2  wall=         10.2
