
.Version 7.9.3 of ABINIT 
.(MPI version, prepared for a x86_64_linux_gnu4.7 computer) 

.Copyright (C) 1998-2014 ABINIT group . 
 ABINIT comes with ABSOLUTELY NO WARRANTY.
 It is free software, and you are welcome to redistribute it
 under certain conditions (GNU General Public License,
 see ~abinit/COPYING or http://www.gnu.org/copyleft/gpl.txt).

 ABINIT is a project of the Universite Catholique de Louvain,
 Corning Inc. and other collaborators, see ~abinit/doc/developers/contributors.txt .
 Please read ~abinit/doc/users/acknowledgments.html for suggested
 acknowledgments of the ABINIT effort.
 For more information, see http://www.abinit.org .

.Starting date : Sat 30 Aug 2014.
- ( at 22h33 )
  
- input  file    -> t58.in
- output file    -> t58.out
- root for input  files -> t58i
- root for output files -> t58o


 Symmetries : space group P-1 (#  2); Bravais aP (primitive triclinic)
================================================================================
 Values of the parameters that define the memory need of the present run
   intxc =         0  ionmov =         0    iscf =         5 xclevel =         1
  lmnmax =         2   lnmax =         2   mband =         4  mffmem =         1
P  mgfft =        24   mkmem =         4 mpssoang=         3     mpw =       142
  mqgrid =      3001   natom =         2    nfft =      3840    nkpt =         4
  nloalg =         4  nspden =         2 nspinor =         1  nsppol =         2
    nsym =         2  n1xccc =      2501  ntypat =         1  occopt =         1
================================================================================
P This job should need less than                       1.974 Mbytes of memory.
  Rough estimation (10% accuracy) of disk space for files :
_ WF disk file :      0.071 Mbytes ; DEN or POT disk file :      0.061 Mbytes.
================================================================================

--------------------------------------------------------------------------------
------------- Echo of variables that govern the present computation ------------
--------------------------------------------------------------------------------
-
- outvars: echo of selected default values                                      
-   accesswff0 =  0 , fftalg0 =112 , wfoptalg0 =  0
-
- outvars: echo of global parameters not present in the input file              
-  max_nthreads =    0
-
 -outvars: echo values of preprocessed input variables --------
            acell      6.0000000000E+00  1.0000000000E+01  1.4000000000E+01 Bohr
              amu      2.80855000E+01
             ecut      5.80000000E+00 Hartree
-          fftalg         112
             iscf           5
              kpt      2.50000000E-01  2.50000000E-01  2.50000000E-01
                      -2.50000000E-01  2.50000000E-01  2.50000000E-01
                       2.50000000E-01 -2.50000000E-01  2.50000000E-01
                      -2.50000000E-01 -2.50000000E-01  2.50000000E-01
         kptrlatt        2    0    0      0    2    0      0    0    2
          kptrlen      8.48528137E+00
P           mkmem           4
            natom           2
            nband           4
            ngfft          10      16      24
             nkpt           4
           nspden           2
           nsppol           2
            nstep          10
             nsym           2
           ntypat           1
              occ      1.000000  1.000000  1.000000  1.000000
                       1.000000  1.000000  1.000000  1.000000
            rprim      0.0000000000E+00  5.0000000000E-01  5.0000000000E-01
                       5.0000000000E-01  0.0000000000E+00  5.0000000000E-01
                       5.0000000000E-01  5.0000000000E-01  0.0000000000E+00
           shiftk      5.00000000E-01  5.00000000E-01  5.00000000E-01
          spgroup           2
           symrel      1  0  0   0  1  0   0  0  1      -1  0  0   0 -1  0   0  0 -1
            tnons      0.0000000  0.0000000  0.0000000     0.2500000  0.2500000  0.2500000
           toldfe      1.00000000E-06 Hartree
            typat      1  1
              wtk        0.25000    0.25000    0.25000    0.25000
           xangst      0.0000000000E+00  0.0000000000E+00  0.0000000000E+00
                       1.5875316258E+00  1.3229430215E+00  1.0583544172E+00
            xcart      0.0000000000E+00  0.0000000000E+00  0.0000000000E+00
                       3.0000000000E+00  2.5000000000E+00  2.0000000000E+00
             xred      0.0000000000E+00  0.0000000000E+00  0.0000000000E+00
                       2.5000000000E-01  2.5000000000E-01  2.5000000000E-01
            znucl       14.00000

================================================================================

 chkinp: Checking input parameters for consistency.

================================================================================
== DATASET  1 ==================================================================
-   nproc =    1

 Exchange-correlation functional for the present dataset will be:
  LDA: new Teter (4/93) with spin-polarized option - ixc=1
 Citation for XC functional:
  S. Goedecker, M. Teter, J. Huetter, PRB 54, 1703 (1996)

 Real(R)+Recip(G) space primitive vectors, cartesian coordinates (Bohr,Bohr^-1):
 R(1)=  0.0000000  3.0000000  3.0000000  G(1)= -0.1666667  0.1666667  0.1666667
 R(2)=  5.0000000  0.0000000  5.0000000  G(2)=  0.1000000 -0.1000000  0.1000000
 R(3)=  7.0000000  7.0000000  0.0000000  G(3)=  0.0714286  0.0714286 -0.0714286
 Unit cell volume ucvol=  2.1000000E+02 bohr^3
 Angles (23,13,12)=  6.00000000E+01  6.00000000E+01  6.00000000E+01 degrees

 getcut: wavevector=  0.0000  0.0000  0.0000  ngfft=  10  16  24
         ecut(hartree)=      5.800   => boxcut(ratio)=   2.09784

--- Pseudopotential description ------------------------------------------------
- pspini: atom type   1  psp file is /home/gonze/ABINIT/ABINITv7.9.3/trunk/7.9.3-private/tests/Psps_for_tests/14si.pspnc
- pspatm: opening atomic psp file    /home/gonze/ABINIT/ABINITv7.9.3/trunk/7.9.3-private/tests/Psps_for_tests/14si.pspnc
-  Troullier-Martins psp for element  Si        Thu Oct 27 17:31:21 EDT 1994
- 14.00000   4.00000    940714                znucl, zion, pspdat
    1    1    2    2      2001   0.00000      pspcod,pspxc,lmax,lloc,mmax,r2well
    0   5.907  14.692    1   2.0872718        l,e99.0,e99.9,nproj,rcpsp
   0.00000000   0.00000000   0.00000000   0.00000000     rms, ekb1, ekb2, epsatm
    1   2.617   4.181    1   2.0872718        l,e99.0,e99.9,nproj,rcpsp
   0.00000000   0.00000000   0.00000000   0.00000000     rms, ekb1, ekb2, epsatm
    2   0.000   0.000    0   2.0872718        l,e99.0,e99.9,nproj,rcpsp
   0.00000000   0.00000000   0.00000000   0.00000000     rms, ekb1, ekb2, epsatm
    1.80626423934776    0.22824404341771    1.17378968127746   rchrg,fchrg,qchrg
 pspatm: epsatm=    1.43386982
         --- l  ekb(1:nproj) -->
             0    3.287949
             1    1.849886
 pspatm: atomic psp has been read  and splines computed

   2.29419171E+01                                ecore*ucvol(ha*bohr**3)
--------------------------------------------------------------------------------

P newkpt: treating      4 bands with npw=     142 for ikpt=   1 by node    0
P newkpt: treating      4 bands with npw=     140 for ikpt=   2 by node    0
P newkpt: treating      4 bands with npw=     140 for ikpt=   3 by node    0
P newkpt: treating      4 bands with npw=     136 for ikpt=   4 by node    0
P newkpt: treating      4 bands with npw=     142 for ikpt=   1 by node    0
P newkpt: treating      4 bands with npw=     140 for ikpt=   2 by node    0
P newkpt: treating      4 bands with npw=     140 for ikpt=   3 by node    0
P newkpt: treating      4 bands with npw=     136 for ikpt=   4 by node    0

_setup2: Arith. and geom. avg. npw (full set) are     139.500     139.483

================================================================================

     iter   Etot(hartree)      deltaE(h)  residm     vres2
 ETOT  1  -8.4445953496260    -8.445E+00 9.322E-03 1.771E+02
 ETOT  2  -8.5368926795692    -9.230E-02 3.538E-04 4.745E+01
 ETOT  3  -8.5693903069820    -3.250E-02 1.028E-03 3.117E+00
 ETOT  4  -8.5692388422065     1.515E-04 4.523E-04 5.798E+00
 ETOT  5  -8.5681632539109     1.076E-03 1.804E-04 6.063E+00
 ETOT  6  -8.5704744617194    -2.311E-03 2.170E-04 2.000E+00
 ETOT  7  -8.5721850685581    -1.711E-03 2.924E-05 1.211E-01
 ETOT  8  -8.5722715653507    -8.650E-05 4.745E-06 3.290E-02
 ETOT  9  -8.5722792805330    -7.715E-06 2.362E-06 1.479E-02
 ETOT 10  -8.5722875493840    -8.269E-06 2.933E-07 8.354E-03

 Cartesian components of stress tensor (hartree/bohr^3)
  sigma(1 1)= -5.85463297E-03  sigma(3 2)= -6.68901200E-04
  sigma(2 2)= -4.51782094E-04  sigma(3 1)=  1.50519403E-03
  sigma(3 3)= -8.50986693E-04  sigma(2 1)=  1.09488550E-03


 scprqt:  WARNING -
  nstep=   10 was not enough SCF cycles to converge;
  maximum energy difference=  8.269E-06 exceeds toldfe=  1.000E-06

================================================================================

 ----iterations are completed or convergence reached----

 Mean square residual over all n,k,spin=   7.1486E-08; max=  2.9329E-07
   0.2500  0.2500  0.2500    1  2.93294E-07 kpt; spin; max resid(k); each band:
  1.31E-07 3.92E-09 1.41E-07 2.93E-07
  -0.2500  0.2500  0.2500    1  7.93501E-08 kpt; spin; max resid(k); each band:
  3.58E-08 5.62E-09 3.45E-09 7.94E-08
   0.2500 -0.2500  0.2500    1  5.42027E-08 kpt; spin; max resid(k); each band:
  5.42E-08 9.53E-09 1.38E-08 4.66E-08
  -0.2500 -0.2500  0.2500    1  1.56106E-07 kpt; spin; max resid(k); each band:
  1.29E-07 1.81E-09 1.56E-07 3.91E-08
   0.2500  0.2500  0.2500    2  2.93294E-07 kpt; spin; max resid(k); each band:
  1.31E-07 3.92E-09 1.41E-07 2.93E-07
  -0.2500  0.2500  0.2500    2  7.93501E-08 kpt; spin; max resid(k); each band:
  3.58E-08 5.62E-09 3.45E-09 7.94E-08
   0.2500 -0.2500  0.2500    2  5.42027E-08 kpt; spin; max resid(k); each band:
  5.42E-08 9.53E-09 1.38E-08 4.66E-08
  -0.2500 -0.2500  0.2500    2  1.56106E-07 kpt; spin; max resid(k); each band:
  1.29E-07 1.81E-09 1.56E-07 3.91E-08
 reduced coordinates (array xred) for    2 atoms
       0.000000000000      0.000000000000      0.000000000000
       0.250000000000      0.250000000000      0.250000000000
 rms dE/dt=  1.7534E+00; max dE/dt=  2.6135E+00; dE/dt below (all hartree)
    1      -0.543013183864      1.448556521818      2.613507946760
    2       0.543013183864     -1.448556521818     -2.613507946760

 cartesian coordinates (angstrom) at end:
    1      0.00000000000000     0.00000000000000     0.00000000000000
    2      1.58753162577000     1.32294302147500     1.05835441718000

 cartesian forces (hartree/bohr) at end:
    1     -0.42203698854688     0.04867871043829     0.13232568418320
    2      0.42203698854688    -0.04867871043829    -0.13232568418320
 frms,max,avg= 2.5690136E-01 4.2203699E-01   0.000E+00  0.000E+00  0.000E+00 h/b

 cartesian forces (eV/Angstrom) at end:
    1    -21.70201269451359     2.50315972427352     6.80445969402272
    2     21.70201269451359    -2.50315972427352    -6.80445969402272
 frms,max,avg= 1.3210398E+01 2.1702013E+01   0.000E+00  0.000E+00  0.000E+00 e/A
 length scales=  6.000000000000 10.000000000000 14.000000000000 bohr
              =  3.175063251540  5.291772085900  7.408480920260 angstroms
 prteigrs : about to open file t58o_EIG
 Fermi (or HOMO) energy (hartree) =   0.28186   Average Vxc (hartree)=  -0.38243
 Eigenvalues (hartree) for nkpt=   4  k points, SPIN UP:
 kpt#   1, nband=  4, wtk=  0.25000, kpt=  0.2500  0.2500  0.2500 (reduced coord)
  -0.20628   0.13624   0.21133   0.27508
 kpt#   2, nband=  4, wtk=  0.25000, kpt= -0.2500  0.2500  0.2500 (reduced coord)
  -0.13477  -0.00936   0.15324   0.28186
 kpt#   3, nband=  4, wtk=  0.25000, kpt=  0.2500 -0.2500  0.2500 (reduced coord)
  -0.13940  -0.00040   0.19067   0.21382
 kpt#   4, nband=  4, wtk=  0.25000, kpt= -0.2500 -0.2500  0.2500 (reduced coord)
  -0.19742   0.05944   0.22840   0.27216
 Eigenvalues (hartree) for nkpt=   4  k points, SPIN DOWN:
 kpt#   1, nband=  4, wtk=  0.25000, kpt=  0.2500  0.2500  0.2500 (reduced coord)
  -0.20628   0.13624   0.21133   0.27508
 kpt#   2, nband=  4, wtk=  0.25000, kpt= -0.2500  0.2500  0.2500 (reduced coord)
  -0.13477  -0.00936   0.15324   0.28186
 kpt#   3, nband=  4, wtk=  0.25000, kpt=  0.2500 -0.2500  0.2500 (reduced coord)
  -0.13940  -0.00040   0.19067   0.21382
 kpt#   4, nband=  4, wtk=  0.25000, kpt= -0.2500 -0.2500  0.2500 (reduced coord)
  -0.19742   0.05944   0.22840   0.27216
 Total charge density [el/Bohr^3]
,     Maximum=    1.6430E-01  at reduced coord.    0.6000    0.1250    0.1250
,Next maximum=    1.5970E-01  at reduced coord.    0.7000    0.1250    0.1250
,     Minimum=    4.2373E-03  at reduced coord.    0.6000    0.6250    0.6250
,Next minimum=    4.2409E-03  at reduced coord.    0.7000    0.6250    0.6250
,  Integrated=    8.0000E+00
 Spin up density      [el/Bohr^3]
,     Maximum=    8.2148E-02  at reduced coord.    0.6000    0.1250    0.1250
,Next maximum=    7.9850E-02  at reduced coord.    0.7000    0.1250    0.1250
,     Minimum=    2.1186E-03  at reduced coord.    0.6000    0.6250    0.6250
,Next minimum=    2.1205E-03  at reduced coord.    0.7000    0.6250    0.6250
,  Integrated=    4.0000E+00
 Spin down density    [el/Bohr^3]
,     Maximum=    8.2148E-02  at reduced coord.    0.6000    0.1250    0.1250
,Next maximum=    7.9850E-02  at reduced coord.    0.7000    0.1250    0.1250
,     Minimum=    2.1186E-03  at reduced coord.    0.6000    0.6250    0.6250
,Next minimum=    2.1205E-03  at reduced coord.    0.7000    0.6250    0.6250
,  Integrated=    4.0000E+00
 Magnetization (spin up - spin down) [el/Bohr^3]
,     Maximum=    0.0000E+00  at reduced coord.    0.9000    0.9375    0.9583
,Next maximum=    0.0000E+00  at reduced coord.    0.8000    0.9375    0.9583
,     Minimum=    0.0000E+00  at reduced coord.    0.0000    0.0000    0.0000
,Next minimum=    0.0000E+00  at reduced coord.    0.1000    0.0000    0.0000
,  Integrated=    0.0000E+00
 Relative magnetization (=zeta, between -1 and 1)
,     Maximum=    0.0000E+00  at reduced coord.    0.9000    0.9375    0.9583
,Next maximum=    0.0000E+00  at reduced coord.    0.8000    0.9375    0.9583
,     Minimum=    0.0000E+00  at reduced coord.    0.0000    0.0000    0.0000
,Next minimum=    0.0000E+00  at reduced coord.    0.1000    0.0000    0.0000

--------------------------------------------------------------------------------
 Components of total free energy (in Hartree) :

    Kinetic energy  =  3.67278947900577E+00
    Hartree energy  =  1.15109269959606E+00
    XC energy       = -3.76954919700976E+00
    Ewald energy    = -8.02727370540478E+00
    PspCore energy  =  1.09247224486233E-01
    Loc. psp. energy= -3.87973620758904E+00
    NL   psp  energy=  2.17114215753147E+00
    >>>>>>>>> Etotal= -8.57228754938405E+00

 Other information on the energy :
    Total energy(eV)= -2.33263807064588E+02 ; Band energy (Ha)=   6.6731828712E-01
--------------------------------------------------------------------------------

 Cartesian components of stress tensor (hartree/bohr^3)
  sigma(1 1)= -5.85463297E-03  sigma(3 2)= -6.68901200E-04
  sigma(2 2)= -4.51782094E-04  sigma(3 1)=  1.50519403E-03
  sigma(3 3)= -8.50986693E-04  sigma(2 1)=  1.09488550E-03

-Cartesian components of stress tensor (GPa)         [Pressure=  7.0193E+01 GPa]
- sigma(1 1)= -1.72249220E+02  sigma(3 2)= -1.96797494E+01
- sigma(2 2)= -1.32918859E+01  sigma(3 1)=  4.42843300E+01
- sigma(3 3)= -2.50368887E+01  sigma(2 1)=  3.22126381E+01

== END DATASET(S) ==============================================================
================================================================================
  
 -outvars: echo values of variables after computation  --------
            acell      6.0000000000E+00  1.0000000000E+01  1.4000000000E+01 Bohr
              amu      2.80855000E+01
             ecut      5.80000000E+00 Hartree
           etotal     -8.5722875494E+00
            fcart     -4.2203698855E-01  4.8678710438E-02  1.3232568418E-01
                       4.2203698855E-01 -4.8678710438E-02 -1.3232568418E-01
-          fftalg         112
             iscf           5
              kpt      2.50000000E-01  2.50000000E-01  2.50000000E-01
                      -2.50000000E-01  2.50000000E-01  2.50000000E-01
                       2.50000000E-01 -2.50000000E-01  2.50000000E-01
                      -2.50000000E-01 -2.50000000E-01  2.50000000E-01
         kptrlatt        2    0    0      0    2    0      0    0    2
          kptrlen      8.48528137E+00
P           mkmem           4
            natom           2
            nband           4
            ngfft          10      16      24
             nkpt           4
           nspden           2
           nsppol           2
            nstep          10
             nsym           2
           ntypat           1
              occ      1.000000  1.000000  1.000000  1.000000
                       1.000000  1.000000  1.000000  1.000000
            rprim      0.0000000000E+00  5.0000000000E-01  5.0000000000E-01
                       5.0000000000E-01  0.0000000000E+00  5.0000000000E-01
                       5.0000000000E-01  5.0000000000E-01  0.0000000000E+00
           shiftk      5.00000000E-01  5.00000000E-01  5.00000000E-01
          spgroup           2
           strten     -5.8546329724E-03 -4.5178209364E-04 -8.5098669317E-04
                      -6.6890120005E-04  1.5051940346E-03  1.0948854976E-03
           symrel      1  0  0   0  1  0   0  0  1      -1  0  0   0 -1  0   0  0 -1
            tnons      0.0000000  0.0000000  0.0000000     0.2500000  0.2500000  0.2500000
           toldfe      1.00000000E-06 Hartree
            typat      1  1
              wtk        0.25000    0.25000    0.25000    0.25000
           xangst      0.0000000000E+00  0.0000000000E+00  0.0000000000E+00
                       1.5875316258E+00  1.3229430215E+00  1.0583544172E+00
            xcart      0.0000000000E+00  0.0000000000E+00  0.0000000000E+00
                       3.0000000000E+00  2.5000000000E+00  2.0000000000E+00
             xred      0.0000000000E+00  0.0000000000E+00  0.0000000000E+00
                       2.5000000000E-01  2.5000000000E-01  2.5000000000E-01
            znucl       14.00000

================================================================================


- Timing analysis has been suppressed with timopt=0



================================================================================

 Suggested references for the acknowledgment of ABINIT usage.

 The users of ABINIT have little formal obligations with respect to the ABINIT group
 (those specified in the GNU General Public License, http://www.gnu.org/copyleft/gpl.txt).
 However, it is common practice in the scientific literature,
 to acknowledge the efforts of people that have made the research possible.
 In this spirit, please find below suggested citations of work written by ABINIT developers,
 corresponding to implementations inside of ABINIT that you have used in the present run.
 Note also that it will be of great value to readers of publications presenting these results,
 to read papers enabling them to understand the theoretical formalism and details
 of the ABINIT implementation.
 For information on why they are suggested, see also http://www.abinit.org/about/?text=acknowledgments.

 [1] ABINIT : First-principles approach of materials and nanosystem properties.
 X. Gonze, B. Amadon, P.-M. Anglade, J.-M. Beuken, F. Bottin, P. Boulanger, F. Bruneval,
 D. Caliste, R. Caracas, M. Cote, T. Deutsch, L. Genovese, Ph. Ghosez, M. Giantomassi
 S. Goedecker, D.R. Hamann, P. Hermet, F. Jollet, G. Jomard, S. Leroux, M. Mancini, S. Mazevet,
 M.J.T. Oliveira, G. Onida, Y. Pouillon, T. Rangel, G.-M. Rignanese, D. Sangalli, R. Shaltaf,
 M. Torrent, M.J. Verstraete, G. Zerah, J.W. Zwanziger
 Computer Phys. Comm. 180, 2582-2615 (2009).
 Comment : the third generic paper describing the ABINIT project.
 Note that a version of this paper, that is not formatted for Computer Phys. Comm. 
 is available at http://www.abinit.org/about/ABINIT_CPC_v10.pdf .
 The licence allows the authors to put it on the Web.

 [2] A brief introduction to the ABINIT software package.
 X. Gonze, G.-M. Rignanese, M. Verstraete, J.-M. Beuken, Y. Pouillon, R. Caracas, F. Jollet,
 M. Torrent, G. Zerah, M. Mikami, Ph. Ghosez, M. Veithen, J.-Y. Raty, V. Olevano, F. Bruneval,
 L. Reining, R. Godby, G. Onida, D.R. Hamann, and D.C. Allan.
 Z. Kristallogr. 220, 558-562 (2005).
 Comment : the second generic paper describing the ABINIT project. Note that this paper
 should be cited especially if you are using the GW part of ABINIT, as several authors
 of this part are not in the list of authors of the first or third paper.
 The .pdf of the latter paper is available at http://www.abinit.org/about/zfk_0505-06_558-562.pdf.
 Note that it should not redistributed (Copyright by Oldenburg Wissenshaftverlag,
 the licence allows the authors to put it on the Web).


 And optionally :

 [3] First-principles computation of material properties : the ABINIT software project. 
 X. Gonze, J.-M. Beuken, R. Caracas, F. Detraux, M. Fuchs, G.-M. Rignanese, L. Sindic,
 M. Verstraete, G. Zerah, F. Jollet, M. Torrent, A. Roy, M. Mikami, Ph. Ghosez, J.-Y. Raty, D.C. Allan.
 Computational Materials Science 25, 478-492 (2002). http://dx.doi.org/10.1016/S0927-0256(02)00325-7
 Comment : the original paper describing the ABINIT project.

 [4] Fast radix 2, 3, 4 and 5 kernels for Fast Fourier Transformations
 on computers with overlapping multiply-add instructions.
 S. Goedecker, SIAM J. on Scientific Computing 18, 1605 (1997).

 [5] Towards a potential-based conjugate gradient algorithm for order-N self-consistent
 total energy calculations.
 X. Gonze, Phys. Rev. B 54, 4383 (1996).
 Comment : The potential-based conjugate-gradient algorithm, used when iscf=5, is not published.
 However, many elements of this algorithm have been explained in the paper above.
-
- Proc.   0 individual time (sec): cpu=          0.5  wall=          0.5

================================================================================

 Calculation completed.
.Delivered   12 WARNINGs and   0 COMMENTs to log file.
+Overall time at end (sec) : cpu=          0.5  wall=          0.5
