
 **** DERIVATIVE DATABASE ****    
+DDB, Version number    100401

 C diamond DDB file                                                                                                                                                                                                                                                      

    usepaw         0
     natom         2
      nkpt         8
    nsppol         1
      nsym         1
    ntypat         1
    occopt         1
     nband         8
     acell  0.67034680500000D+01  0.67034680500000D+01  0.67034680500000D+01
       amu  0.12011000000000D+02
   dilatmx  0.10000000000000D+01
      ecut  0.20000000000000D+02
    ecutsm  0.50000000000000D+00
     intxc         0
      iscf         7
       ixc         1
       kpt  0.00000000000000D+00  0.00000000000000D+00  0.00000000000000D+00
            0.50000000000000D+00  0.00000000000000D+00  0.00000000000000D+00
            0.00000000000000D+00  0.50000000000000D+00  0.00000000000000D+00
            0.50000000000000D+00  0.50000000000000D+00  0.00000000000000D+00
            0.00000000000000D+00  0.00000000000000D+00  0.50000000000000D+00
            0.50000000000000D+00  0.00000000000000D+00  0.50000000000000D+00
            0.00000000000000D+00  0.50000000000000D+00  0.50000000000000D+00
            0.50000000000000D+00  0.50000000000000D+00  0.50000000000000D+00
    kptnrm  0.10000000000000D+01
     ngfft        20   20   20
    nspden         1
   nspinor         1
       occ  0.20000000000000D+01  0.20000000000000D+01  0.20000000000000D+01
            0.20000000000000D+01  0.00000000000000D+00  0.00000000000000D+00
            0.00000000000000D+00  0.00000000000000D+00
     rprim  0.00000000000000D+00  0.50000000000000D+00  0.50000000000000D+00
            0.50000000000000D+00  0.00000000000000D+00  0.50000000000000D+00
            0.50000000000000D+00  0.50000000000000D+00  0.00000000000000D+00
     sciss  0.00000000000000D+00
    spinat  0.00000000000000D+00  0.00000000000000D+00  0.00000000000000D+00
            0.00000000000000D+00  0.00000000000000D+00  0.00000000000000D+00
    symafm         1
    symrel         1    0    0    0    1    0    0    0    1
     tnons  0.00000000000000D+00  0.00000000000000D+00  0.00000000000000D+00
    tolwfr  0.10000000000000D+01
   tphysel  0.00000000000000D+00
    tsmear  0.40000000000000D-01
     typat         1    1
       wtk  0.12500000000000D+00  0.12500000000000D+00  0.12500000000000D+00
            0.12500000000000D+00  0.12500000000000D+00  0.12500000000000D+00
            0.12500000000000D+00  0.12500000000000D+00
      xred  0.00000000000000D+00  0.00000000000000D+00  0.00000000000000D+00
            0.25000000000000D+00  0.25000000000000D+00  0.25000000000000D+00
     znucl  0.60000000000000D+01
      zion  0.40000000000000D+01
 
  Description of the potentials (KB energies)
  vrsio8 (for pseudopotentials)=100401
  usepaw =  0
  dimekb =  1       lmnmax=  1
  Atom type=    1   pspso=  0   nekb=   1
  iln lpsang iproj  ekb(:)
     1     0     1     4.9214663E+00
 
 **** Database of total energy derivatives ****
 Number of data blocks=    3
  
 2nd derivatives (non-stat.)  - # elements :      36
 qpt  0.00000000E+00  0.00000000E+00  0.00000000E+00   1.0
   1   1   1   1  0.13616101487848D+02  0.00000000000000D+00
   2   1   1   1  0.68080522213013D+01  0.00000000000000D+00
   3   1   1   1  0.68080490420783D+01  0.00000000000000D+00
   1   2   1   1 -0.13616104343485D+02  0.21180275447042D-16
   2   2   1   1 -0.68080510787012D+01 -0.33188834487859D-16
   3   2   1   1 -0.68080481633247D+01  0.30727404332027D-16
   1   1   2   1  0.68080522650879D+01  0.00000000000000D+00
   2   1   2   1  0.13616108018538D+02  0.00000000000000D+00
   3   1   2   1  0.68080499258434D+01  0.00000000000000D+00
   1   2   2   1 -0.68080529372906D+01 -0.33188834487859D-16
   2   2   2   1 -0.13616101862659D+02 -0.30658272680456D-16
   3   2   2   1 -0.68080498773576D+01  0.48099595177262D-17
   1   1   3   1  0.68080490227732D+01  0.00000000000000D+00
   2   1   3   1  0.68080499210171D+01  0.00000000000000D+00
   3   1   3   1  0.13616107084791D+02  0.00000000000000D+00
   1   2   3   1 -0.68080553128002D+01  0.30727404332027D-16
   2   2   3   1 -0.68080534429022D+01  0.48099595177262D-17
   3   2   3   1 -0.13616100210864D+02 -0.17207090307282D-16
   1   1   1   2 -0.13616104344017D+02 -0.21180275447042D-16
   2   1   1   2 -0.68080530040676D+01  0.33188834487859D-16
   3   1   1   2 -0.68080552902754D+01 -0.30727404332027D-16
   1   2   1   2  0.13616106164953D+02  0.00000000000000D+00
   2   2   1   2  0.68080521207569D+01  0.00000000000000D+00
   3   2   1   2  0.68080551155981D+01  0.00000000000000D+00
   1   1   2   2 -0.68080510625686D+01  0.33188834487859D-16
   2   1   2   2 -0.13616101864818D+02  0.30658272680456D-16
   3   1   2   2 -0.68080534390313D+01 -0.48099595177262D-17
   1   2   2   2  0.68080521607751D+01  0.00000000000000D+00
   2   2   2   2  0.13616102592042D+02  0.00000000000000D+00
   3   2   2   2  0.68080550037064D+01  0.00000000000000D+00
   1   1   3   2 -0.68080482196153D+01 -0.30727404332027D-16
   2   1   3   2 -0.68080498976538D+01 -0.48099595177262D-17
   3   1   3   2 -0.13616100212033D+02  0.17207090307282D-16
   1   2   3   2  0.68080551104457D+01  0.00000000000000D+00
   2   2   3   2  0.68080550058965D+01  0.00000000000000D+00
   3   2   3   2  0.13616105801790D+02  0.00000000000000D+00
  
 2nd derivatives (non-stat.)  - # elements :      36
 qpt  5.00000000E-01  0.00000000E+00  0.00000000E+00   1.0
   1   1   1   1  0.12668145709478D+02  0.00000000000000D+00
   2   1   1   1  0.52239517596268D+01 -0.81010559832494D-05
   3   1   1   1  0.52239502577588D+01 -0.42798416529820D-05
   1   2   1   1 -0.58301991138930D+01 -0.19843688272862D-06
   2   2   1   1 -0.43976597700844D+01 -0.12610401221813D-05
   3   2   1   1 -0.43976524253976D+01  0.36424709726177D-05
   1   1   2   1  0.52239517810632D+01  0.81119204378705D-05
   2   1   2   1  0.10447904289950D+02  0.00000000000000D+00
   3   1   2   1  0.52239511439031D+01  0.10062040701808D-04
   1   2   2   1 -0.43976547236443D+01  0.36203282693929D-05
   2   2   2   1 -0.87953004689963D+01  0.10341065039520D-04
   3   2   2   1 -0.43976464916546D+01  0.15143191953860D-04
   1   1   3   1  0.52239502717399D+01  0.42800931592407D-05
   2   1   3   1  0.52239511463432D+01 -0.10062062805196D-04
   3   1   3   1  0.10447902591836D+02  0.00000000000000D+00
   1   2   3   1 -0.43976558339800D+01 -0.25536954674362D-05
   2   2   3   1 -0.43976567242002D+01  0.34586749755971D-05
   3   2   3   1 -0.87952987594542D+01  0.37178529010328D-05
   1   1   1   2 -0.58301991132639D+01  0.21546450769842D-06
   2   1   1   2 -0.43976547287468D+01 -0.36083166844298D-05
   3   1   1   2 -0.43976558348869D+01  0.25554315967941D-05
   1   2   1   2  0.12668159067936D+02  0.00000000000000D+00
   2   2   1   2  0.52239542566337D+01  0.17803146790898D-05
   3   2   1   2  0.52239526151742D+01  0.25903312605964D-05
   1   1   2   2 -0.43976597659424D+01  0.12625239886056D-05
   2   1   2   2 -0.87953004731253D+01 -0.10341051250460D-04
   3   1   2   2 -0.43976567117270D+01 -0.34586757366215D-05
   1   2   2   2  0.52239542787217D+01 -0.17777612923209D-05
   2   2   2   2  0.10447890980895D+02  0.00000000000000D+00
   3   2   2   2  0.52239493010482D+01  0.29793416197914D-05
   1   1   3   2 -0.43976524257233D+01 -0.36336220536389D-05
   2   1   3   2 -0.43976465019374D+01 -0.15143012790402D-04
   3   1   3   2 -0.87952987639770D+01 -0.37176357232277D-05
   1   2   3   2  0.52239526279660D+01 -0.25800893207535D-05
   2   2   3   2  0.52239493038701D+01 -0.29791422916269D-05
   3   2   3   2  0.10447894550420D+02  0.00000000000000D+00
  
 2nd derivatives (non-stat.)  - # elements :      36
 qpt  5.00000000E-01  5.00000000E-01  0.00000000E+00   1.0
   1   1   1   1  0.11760437980746D+02  0.00000000000000D+00
   2   1   1   1  0.75020804624553D+01 -0.73445909572204D-05
   3   1   1   1  0.42583642765350D+01  0.40299544737369D-05
   1   2   1   1  0.57913294799422D-05 -0.13129217345760D-05
   2   2   1   1 -0.22183698187851D+01  0.36132084524528D-05
   3   2   1   1 -0.22183663194388D+01  0.45543793983739D-05
   1   1   2   1  0.75020804604178D+01  0.73446013732279D-05
   2   1   2   1  0.11760459565343D+02  0.00000000000000D+00
   3   1   2   1  0.42583724049291D+01  0.13924744236968D-04
   1   2   2   1 -0.22183742471026D+01 -0.37850286743656D-05
   2   2   2   1 -0.10035555220744D-04 -0.43901278540136D-05
   3   2   2   1 -0.22183692833505D+01  0.36785826143253D-05
   1   1   3   1  0.42583642793536D+01 -0.40308992159054D-05
   2   1   3   1  0.42583724107413D+01 -0.13925686783151D-04
   3   1   3   1  0.85167351644484D+01  0.00000000000000D+00
   1   2   3   1 -0.22183744723228D+01 -0.16151587041434D-05
   2   2   3   1 -0.22183787718530D+01  0.79540152192023D-05
   3   2   3   1 -0.44367382096071D+01  0.63484557844099D-05
   1   1   1   2  0.57894984255266D-05  0.13129183299941D-05
   2   1   1   2 -0.22183742483506D+01  0.37850257131335D-05
   3   1   1   2 -0.22183744628104D+01  0.16157635284334D-05
   1   2   1   2  0.11760434533285D+02  0.00000000000000D+00
   2   2   1   2  0.75020798490553D+01 -0.51262056443073D-05
   3   2   1   2  0.42583634944631D+01  0.11420891250984D-05
   1   1   2   2 -0.22183698209817D+01 -0.36132110926113D-05
   2   1   2   2 -0.10032919914212D-04  0.43901269984269D-05
   3   1   2   2 -0.22183787570204D+01 -0.79534115355074D-05
   1   2   2   2  0.75020798426533D+01  0.51261999964251D-05
   2   2   2   2  0.11760452103695D+02  0.00000000000000D+00
   3   2   2   2  0.42583733813180D+01  0.87641307147729D-05
   1   1   3   2 -0.22183663284669D+01 -0.45544988052587D-05
   2   1   3   2 -0.22183692987795D+01 -0.36786995678976D-05
   3   1   3   2 -0.44367382094999D+01 -0.63484365849424D-05
   1   2   3   2  0.42583634996890D+01 -0.11419790277421D-05
   2   2   3   2  0.42583733888125D+01 -0.87640237876086D-05
   3   2   3   2  0.85167369572092D+01  0.00000000000000D+00

 List of bloks and their characteristics 
  
 2nd derivatives (non-stat.)  - # elements :      36
 qpt  0.00000000E+00  0.00000000E+00  0.00000000E+00   1.0
  
 2nd derivatives (non-stat.)  - # elements :      36
 qpt  5.00000000E-01  0.00000000E+00  0.00000000E+00   1.0
  
 2nd derivatives (non-stat.)  - # elements :      36
 qpt  5.00000000E-01  5.00000000E-01  0.00000000E+00   1.0
