
.Version 7.9.3 of ABINIT 
.(MPI version, prepared for a x86_64_linux_gnu4.7 computer) 

.Copyright (C) 1998-2014 ABINIT group . 
 ABINIT comes with ABSOLUTELY NO WARRANTY.
 It is free software, and you are welcome to redistribute it
 under certain conditions (GNU General Public License,
 see ~abinit/COPYING or http://www.gnu.org/copyleft/gpl.txt).

 ABINIT is a project of the Universite Catholique de Louvain,
 Corning Inc. and other collaborators, see ~abinit/doc/developers/contributors.txt .
 Please read ~abinit/doc/users/acknowledgments.html for suggested
 acknowledgments of the ABINIT effort.
 For more information, see http://www.abinit.org .

.Starting date : Sat 30 Aug 2014.
- ( at 22h19 )
  
- input  file    -> t28.in
- output file    -> t28.out
- root for input  files -> t27o
- root for output files -> t28o


 Symmetries : space group P1 (#  1); Bravais aP (primitive triclinic)
================================================================================
 Values of the parameters that define the memory need of the present run
   intxc =         1  ionmov =         2    iscf =         3 xclevel =         1
  lmnmax =         2   lnmax =         2   mband =        16  mffmem =         1
P  mgfft =        16   mkmem =         4 mpssoang=         3     mpw =       272
  mqgrid =      3001   natom =         8    nfft =      4096    nkpt =         4
  nloalg =         4  nspden =         1 nspinor =         1  nsppol =         1
    nsym =         1  n1xccc =      2501  ntypat =         1  occopt =         0
================================================================================
P This job should need less than                       1.650 Mbytes of memory.
  Rough estimation (10% accuracy) of disk space for files :
_ WF disk file :      0.268 Mbytes ; DEN or POT disk file :      0.033 Mbytes.
================================================================================

--------------------------------------------------------------------------------
------------- Echo of variables that govern the present computation ------------
--------------------------------------------------------------------------------
-
- outvars: echo of selected default values                                      
-   accesswff0 =  0 , fftalg0 =112 , wfoptalg0 =  0
-
- outvars: echo of global parameters not present in the input file              
-  max_nthreads =    0
-
 -outvars: echo values of preprocessed input variables --------
            acell      1.0263110000E+01  1.0263110000E+01  1.0263110000E+01 Bohr
              amu      2.80855000E+01
           diemac      1.20000000E+01
             ecut      2.99000000E+00 Hartree
           enunit           2
-          fftalg         112
           iatfix        2    3    4    5    6    7    8
            intxc           1
           ionmov           2
           iprcch           1
           irdwfk           1
             iscf           3
              kpt      1.00000000E+00  1.00000000E+00  1.00000000E+00
                      -1.00000000E+00  1.00000000E+00  1.00000000E+00
                       1.00000000E+00 -1.00000000E+00  1.00000000E+00
                       1.00000000E+00  1.00000000E+00 -1.00000000E+00
           kptnrm      4.00000000E+00
           kptopt           0
P           mkmem           4
           natfix           7
            natom           8
            nband          16
            ngfft          16      16      16
             nkpt           4
            nline           3
            nstep          80
             nsym           1
            ntime           6
           ntypat           1
              occ      2.000000  2.000000  2.000000  2.000000  2.000000  2.000000
                       2.000000  2.000000  2.000000  2.000000  2.000000  2.000000
                       2.000000  2.000000  2.000000  2.000000
           occopt           0
           prtgeo           4
           prtpot           1
          spgroup           1
           tolmxf      1.00000000E-05
           tolwfr      1.00000000E-14
            typat      1  1  1  1  1  1  1  1
              wtk        0.25000    0.25000    0.25000    0.25000
           xangst      5.4310039013E-03  0.0000000000E+00  0.0000000000E+00
                       1.3577509753E+00  1.3577509753E+00  1.3577509753E+00
                       0.0000000000E+00  2.7155019506E+00  2.7155019506E+00
                       1.3577509753E+00  4.0732529259E+00  4.0732529259E+00
                       2.7155019506E+00  0.0000000000E+00  2.7155019506E+00
                       4.0732529259E+00  1.3577509753E+00  4.0732529259E+00
                       2.7155019506E+00  2.7155019506E+00  0.0000000000E+00
                       4.0732529259E+00  4.0732529259E+00  1.3577509753E+00
            xcart      1.0263110000E-02  0.0000000000E+00  0.0000000000E+00
                       2.5657775000E+00  2.5657775000E+00  2.5657775000E+00
                       0.0000000000E+00  5.1315550000E+00  5.1315550000E+00
                       2.5657775000E+00  7.6973325000E+00  7.6973325000E+00
                       5.1315550000E+00  0.0000000000E+00  5.1315550000E+00
                       7.6973325000E+00  2.5657775000E+00  7.6973325000E+00
                       5.1315550000E+00  5.1315550000E+00  0.0000000000E+00
                       7.6973325000E+00  7.6973325000E+00  2.5657775000E+00
             xred      1.0000000000E-03  0.0000000000E+00  0.0000000000E+00
                       2.5000000000E-01  2.5000000000E-01  2.5000000000E-01
                       0.0000000000E+00  5.0000000000E-01  5.0000000000E-01
                       2.5000000000E-01  7.5000000000E-01  7.5000000000E-01
                       5.0000000000E-01  0.0000000000E+00  5.0000000000E-01
                       7.5000000000E-01  2.5000000000E-01  7.5000000000E-01
                       5.0000000000E-01  5.0000000000E-01  0.0000000000E+00
                       7.5000000000E-01  7.5000000000E-01  2.5000000000E-01
            znucl       14.00000

================================================================================

 chkinp: Checking input parameters for consistency.

================================================================================
== DATASET  1 ==================================================================
-   nproc =    1

 Exchange-correlation functional for the present dataset will be:
  LDA: new Teter (4/93) with spin-polarized option - ixc=1
 Citation for XC functional:
  S. Goedecker, M. Teter, J. Huetter, PRB 54, 1703 (1996)

 Real(R)+Recip(G) space primitive vectors, cartesian coordinates (Bohr,Bohr^-1):
 R(1)= 10.2631100  0.0000000  0.0000000  G(1)=  0.0974364  0.0000000  0.0000000
 R(2)=  0.0000000 10.2631100  0.0000000  G(2)=  0.0000000  0.0974364  0.0000000
 R(3)=  0.0000000  0.0000000 10.2631100  G(3)=  0.0000000  0.0000000  0.0974364
 Unit cell volume ucvol=  1.0810280E+03 bohr^3
 Angles (23,13,12)=  9.00000000E+01  9.00000000E+01  9.00000000E+01 degrees

 getcut: wavevector=  0.0000  0.0000  0.0000  ngfft=  16  16  16
         ecut(hartree)=      2.990   => boxcut(ratio)=   2.00281

--- Pseudopotential description ------------------------------------------------
- pspini: atom type   1  psp file is /home/gonze/ABINIT/ABINITv7.9.3/trunk/7.9.3-private/tests/Psps_for_tests/14si.pspnc
- pspatm: opening atomic psp file    /home/gonze/ABINIT/ABINITv7.9.3/trunk/7.9.3-private/tests/Psps_for_tests/14si.pspnc
-  Troullier-Martins psp for element  Si        Thu Oct 27 17:31:21 EDT 1994
- 14.00000   4.00000    940714                znucl, zion, pspdat
    1    1    2    2      2001   0.00000      pspcod,pspxc,lmax,lloc,mmax,r2well
    0   5.907  14.692    1   2.0872718        l,e99.0,e99.9,nproj,rcpsp
   0.00000000   0.00000000   0.00000000   0.00000000     rms, ekb1, ekb2, epsatm
    1   2.617   4.181    1   2.0872718        l,e99.0,e99.9,nproj,rcpsp
   0.00000000   0.00000000   0.00000000   0.00000000     rms, ekb1, ekb2, epsatm
    2   0.000   0.000    0   2.0872718        l,e99.0,e99.9,nproj,rcpsp
   0.00000000   0.00000000   0.00000000   0.00000000     rms, ekb1, ekb2, epsatm
    1.80626423934776    0.22824404341771    1.17378968127746   rchrg,fchrg,qchrg
 pspatm: epsatm=    1.43386982
         --- l  ekb(1:nproj) -->
             0    3.287949
             1    1.849886
 pspatm: atomic psp has been read  and splines computed

   3.67070674E+02                                ecore*ucvol(ha*bohr**3)
--------------------------------------------------------------------------------

-inwffil : will read wavefunctions from disk file t27o_WFK
P newkpt: treating     16 bands with npw=     272 for ikpt=   1 by node    0
P newkpt: treating     16 bands with npw=     272 for ikpt=   2 by node    0
P newkpt: treating     16 bands with npw=     272 for ikpt=   3 by node    0
P newkpt: treating     16 bands with npw=     272 for ikpt=   4 by node    0

_setup2: Arith. and geom. avg. npw (full set) are     272.000     272.000

================================================================================

=== [ionmov= 2] Broyden-Fletcher-Goldfard-Shanno method (forces)            
================================================================================

--- Iteration: (1/6) Internal Cycle: (1/1)
--------------------------------------------------------------------------------

---SELF-CONSISTENT-FIELD CONVERGENCE--------------------------------------------

     iter   Etot(hartree)      deltaE(h)  residm     vres2
 ETOT  1  -35.191498734381    -3.519E+01 3.009E-09 1.871E-02
 ETOT  2  -35.191563133488    -6.440E-05 4.001E-10 4.601E-04
 ETOT  3  -35.191565133045    -2.000E-06 2.184E-08 1.706E-05
 ETOT  4  -35.191565175001    -4.196E-08 2.229E-10 1.225E-06
 ETOT  5  -35.191565177817    -2.816E-09 1.137E-11 9.335E-08
 ETOT  6  -35.191565178060    -2.422E-10 2.772E-12 4.546E-09
 ETOT  7  -35.191565178077    -1.765E-11 2.020E-13 3.490E-10
 ETOT  8  -35.191565178077    -1.421E-14 7.230E-15 1.405E-10

 At SCF step    8   max residual=  7.23E-15 < tolwfr=  1.00E-14 =>converged.

 Cartesian components of stress tensor (hartree/bohr^3)
  sigma(1 1)=  3.74713958E-04  sigma(3 2)= -1.63113632E-06
  sigma(2 2)=  3.74696403E-04  sigma(3 1)= -7.13551248E-15
  sigma(3 3)=  3.74696403E-04  sigma(2 1)=  4.26442868E-15

 bonds_lgth_angles : about to open file t28o_TIM1_GEO

---OUTPUT-----------------------------------------------------------------------

 Cartesian coordinates (xcart) [bohr]
  1.02631100000000E-02  0.00000000000000E+00  0.00000000000000E+00
  2.56577750000000E+00  2.56577750000000E+00  2.56577750000000E+00
  0.00000000000000E+00  5.13155500000000E+00  5.13155500000000E+00
  2.56577750000000E+00  7.69733250000000E+00  7.69733250000000E+00
  5.13155500000000E+00  0.00000000000000E+00  5.13155500000000E+00
  7.69733250000000E+00  2.56577750000000E+00  7.69733250000000E+00
  5.13155500000000E+00  5.13155500000000E+00  0.00000000000000E+00
  7.69733250000000E+00  7.69733250000000E+00  2.56577750000000E+00
 Reduced coordinates (xred)
  1.00000000000000E-03  0.00000000000000E+00  0.00000000000000E+00
  2.50000000000000E-01  2.50000000000000E-01  2.50000000000000E-01
  0.00000000000000E+00  5.00000000000000E-01  5.00000000000000E-01
  2.50000000000000E-01  7.50000000000000E-01  7.50000000000000E-01
  5.00000000000000E-01  0.00000000000000E+00  5.00000000000000E-01
  7.50000000000000E-01  2.50000000000000E-01  7.50000000000000E-01
  5.00000000000000E-01  5.00000000000000E-01  0.00000000000000E+00
  7.50000000000000E-01  7.50000000000000E-01  2.50000000000000E-01
 Cartesian forces (fcart) [Ha/bohr]; max,rms= 1.32189E-03 7.63196E-04 (free atoms)
 -1.32189417241961E-03 -4.25805929449548E-11  2.99263580562571E-11
  3.26440404050718E-04  2.19406871629788E-04  2.19406858906020E-04
 -1.73299304680185E-04  4.12723974194814E-11 -2.87989998712783E-11
  3.26440404529910E-04 -2.19406869465502E-04 -2.19406861126794E-04
  9.70406356771883E-05 -3.84218665545830E-11 -2.54078769270353E-11
  3.24115695145450E-04 -2.15864314187312E-04  2.15864327881012E-04
  9.70406367882542E-05  3.76730152826675E-11  2.53522275216301E-11
  3.24115700908275E-04  2.15864314080073E-04 -2.15864326731947E-04
 Reduced forces (fred)
  1.35665786539141E-02  4.37760996071846E-10 -3.09079818920904E-10
 -3.35046042120432E-03 -2.25179685754070E-03 -2.25179672964928E-03
  1.77842318086889E-03 -4.22831467867303E-10  2.93624989278764E-10
 -3.35046042612232E-03  2.25179683683178E-03  2.25179674855669E-03
 -9.96105364412265E-04  3.95079529667557E-10  2.58821521478474E-10
 -3.32660167799158E-03  2.21543920233063E-03 -2.21543934406120E-03
 -9.96105375815257E-04 -3.85890613065147E-10 -2.62135014089669E-10
 -3.32660173713609E-03 -2.21543919972665E-03  2.21543932838360E-03
 Total energy (etotal) [Ha]= -3.51915651780772E+01

--- Iteration: (2/6) Internal Cycle: (1/1)
--------------------------------------------------------------------------------

---SELF-CONSISTENT-FIELD CONVERGENCE--------------------------------------------

     iter   Etot(hartree)      deltaE(h)  residm     vres2
 ETOT  1  -35.191565708404    -3.519E+01 3.076E-11 3.113E-04
 ETOT  2  -35.191566779110    -1.071E-06 6.529E-12 7.641E-06
 ETOT  3  -35.191566812323    -3.321E-08 3.627E-10 2.839E-07
 ETOT  4  -35.191566813021    -6.973E-10 3.705E-12 2.040E-08
 ETOT  5  -35.191566813068    -4.690E-11 1.871E-13 1.550E-09
 ETOT  6  -35.191566813072    -4.029E-12 4.605E-14 7.559E-11
 ETOT  7  -35.191566813072    -7.105E-15 4.896E-15 2.877E-11

 At SCF step    7   max residual=  4.90E-15 < tolwfr=  1.00E-14 =>converged.

 Cartesian components of stress tensor (hartree/bohr^3)
  sigma(1 1)=  3.74713934E-04  sigma(3 2)= -1.42105432E-06
  sigma(2 2)=  3.74700609E-04  sigma(3 1)=  6.69564163E-15
  sigma(3 3)=  3.74700609E-04  sigma(2 1)= -4.66134230E-15

 bonds_lgth_angles : about to open file t28o_TIM2_GEO

---OUTPUT-----------------------------------------------------------------------

 Cartesian coordinates (xcart) [bohr]
  8.94121582758039E-03 -4.25805929410181E-11  2.99263580595379E-11
  2.56577750000000E+00  2.56577750000000E+00  2.56577750000000E+00
  0.00000000000000E+00  5.13155500000000E+00  5.13155500000000E+00
  2.56577750000000E+00  7.69733250000000E+00  7.69733250000000E+00
  5.13155500000000E+00  0.00000000000000E+00  5.13155500000000E+00
  7.69733250000000E+00  2.56577750000000E+00  7.69733250000000E+00
  5.13155500000000E+00  5.13155500000000E+00  0.00000000000000E+00
  7.69733250000000E+00  7.69733250000000E+00  2.56577750000000E+00
 Reduced coordinates (xred)
  8.71199453925797E-04 -4.14889764808310E-12  2.91591516212317E-12
  2.50000000000000E-01  2.50000000000000E-01  2.50000000000000E-01
  0.00000000000000E+00  5.00000000000000E-01  5.00000000000000E-01
  2.50000000000000E-01  7.50000000000000E-01  7.50000000000000E-01
  5.00000000000000E-01  0.00000000000000E+00  5.00000000000000E-01
  7.50000000000000E-01  2.50000000000000E-01  7.50000000000000E-01
  5.00000000000000E-01  5.00000000000000E-01  0.00000000000000E+00
  7.50000000000000E-01  7.50000000000000E-01  2.50000000000000E-01
 Cartesian forces (fcart) [Ha/bohr]; max,rms= 1.15167E-03 6.64915E-04 (free atoms)
 -1.15166675001196E-03  5.36242790154371E-12 -3.73167248172616E-12
  2.84262849084329E-04  1.90960329140932E-04  1.90960329877004E-04
 -1.50966705042970E-04 -3.33531151046476E-13  2.31292382989908E-13
  2.84262849627267E-04 -1.90960330576617E-04 -1.90960329798589E-04
  8.45552279854563E-05  6.48246638322488E-13  2.28828387991702E-13
  2.82498651701660E-04 -1.88271807393657E-04  1.88271807282660E-04
  8.45552279855401E-05 -3.29215468804202E-13 -4.53952500061924E-13
  2.82498648670674E-04  1.88271803481414E-04 -1.88271803635571E-04
 Reduced forces (fred)
  1.18195187774862E-02 -5.50318960736849E-11  3.83025798540018E-11
 -2.91758465029484E-03 -1.95984686360630E-03 -1.95984687115996E-03
  1.54922413896458E-03  3.42635823854396E-12 -2.36976447871435E-12
 -2.91758465586708E-03  1.95984687834747E-03  1.95984687036321E-03
 -8.67963367118788E-04 -6.64973520930655E-12 -2.34447622700832E-12
 -2.89947849849480E-03  1.93225426918321E-03 -1.93225426803673E-03
 -8.67963367119648E-04  3.38206591696646E-12  4.66297913298374E-12
 -2.89947846738745E-03 -1.93225422902485E-03  1.93225423061428E-03
 Total energy (etotal) [Ha]= -3.51915668130717E+01

 Difference of energy with previous step (new-old):
           Absolute (Ha)=-1.63499E-06
           Relative     =-4.64598E-08

--- Iteration: (3/6) Internal Cycle: (1/1)
--------------------------------------------------------------------------------

---SELF-CONSISTENT-FIELD CONVERGENCE--------------------------------------------

     iter   Etot(hartree)      deltaE(h)  residm     vres2
 ETOT  1  -35.191521510097    -3.519E+01 1.400E-09 1.421E-02
 ETOT  2  -35.191570410261    -4.890E-05 2.988E-10 3.490E-04
 ETOT  3  -35.191571927871    -1.518E-06 1.657E-08 1.296E-05
 ETOT  4  -35.191571959662    -3.179E-08 1.690E-10 9.293E-07
 ETOT  5  -35.191571961792    -2.130E-09 7.457E-12 6.955E-08
 ETOT  6  -35.191571961972    -1.796E-10 2.057E-12 3.360E-09
 ETOT  7  -35.191571961985    -1.309E-11 1.492E-13 2.511E-10
 ETOT  8  -35.191571961985    -7.105E-15 5.093E-15 1.012E-10

 At SCF step    8   max residual=  5.09E-15 < tolwfr=  1.00E-14 =>converged.

 Cartesian components of stress tensor (hartree/bohr^3)
  sigma(1 1)=  3.74713846E-04  sigma(3 2)=  2.85358250E-10
  sigma(2 2)=  3.74713846E-04  sigma(3 1)=  0.00000000E+00
  sigma(3 3)=  3.74713846E-04  sigma(2 1)=  0.00000000E+00

 bonds_lgth_angles : about to open file t28o_TIM3_GEO

---OUTPUT-----------------------------------------------------------------------

 Cartesian coordinates (xcart) [bohr]
 -2.00579839540034E-06 -9.38875670299237E-13  9.48206164653270E-13
  2.56577750000000E+00  2.56577750000000E+00  2.56577750000000E+00
  0.00000000000000E+00  5.13155500000000E+00  5.13155500000000E+00
  2.56577750000000E+00  7.69733250000000E+00  7.69733250000000E+00
  5.13155500000000E+00  0.00000000000000E+00  5.13155500000000E+00
  7.69733250000000E+00  2.56577750000000E+00  7.69733250000000E+00
  5.13155500000000E+00  5.13155500000000E+00  0.00000000000000E+00
  7.69733250000000E+00  7.69733250000000E+00  2.56577750000000E+00
 Reduced coordinates (xred)
 -1.95437678773817E-07 -9.14806204258979E-14  9.23897497594072E-14
  2.50000000000000E-01  2.50000000000000E-01  2.50000000000000E-01
  0.00000000000000E+00  5.00000000000000E-01  5.00000000000000E-01
  2.50000000000000E-01  7.50000000000000E-01  7.50000000000000E-01
  5.00000000000000E-01  0.00000000000000E+00  5.00000000000000E-01
  7.50000000000000E-01  2.50000000000000E-01  7.50000000000000E-01
  5.00000000000000E-01  5.00000000000000E-01  0.00000000000000E+00
  7.50000000000000E-01  7.50000000000000E-01  2.50000000000000E-01
 Cartesian forces (fcart) [Ha/bohr]; max,rms= 1.61997E-07 9.35289E-08 (free atoms)
  1.61996891117137E-07  1.21041968520821E-13 -1.23033401069770E-13
 -6.46190807593310E-08 -4.58234264654902E-08 -4.58234217361186E-08
 -8.12439216468783E-08 -9.92954027985426E-15  6.41084301816978E-15
 -6.46190807121476E-08  4.58234069875137E-08  4.58234437132309E-08
  8.79017931957972E-08  1.68110252940280E-14  1.03724732966112E-14
 -6.36591593291554E-08  4.53728503261495E-08 -4.53728332103689E-08
  8.79017936734750E-08 -9.92537462187355E-15 -1.67319244838670E-14
 -6.36592355388968E-08 -4.53729488462520E-08  4.53729342152658E-08
 Reduced forces (fred)
 -1.66994260003471E-06 -1.23967770271622E-12  1.27033434638774E-12
  6.55842047090388E-07  4.70290868981572E-07  4.70290825483193E-07
  8.26464617851783E-07  1.04497298971076E-13 -5.81661695536347E-14
  6.55842046606139E-07 -4.70290663898287E-07 -4.70291035778679E-07
 -9.09496459607228E-07 -1.69944066975890E-13 -9.88248168806100E-14
  6.45990267861139E-07 -4.65666551321473E-07  4.65666385878687E-07
 -9.09496464509687E-07  1.04454546364998E-13  1.79350599024194E-13
  6.45991050010097E-07  4.65667567622792E-07 -4.65667407245019E-07
 Total energy (etotal) [Ha]= -3.51915719619848E+01

 Difference of energy with previous step (new-old):
           Absolute (Ha)=-5.14891E-06
           Relative     =-1.46311E-07

 At Broyd/MD step   3, gradients are converged : 
  max grad (force/stress) = 1.6200E-07 < tolmxf= 1.0000E-05 ha/bohr (free atoms)

================================================================================

 ----iterations are completed or convergence reached----

 Mean square residual over all n,k,spin=   3.9073E-15; max=  5.0927E-15
   0.2500  0.2500  0.2500    1  5.05907E-15 kpt; spin; max resid(k); each band:
  4.63E-15 3.56E-15 3.65E-15 3.69E-15 3.81E-15 3.62E-15 3.70E-15 3.87E-15
  5.01E-15 5.06E-15 5.00E-15 3.32E-15 3.60E-15 3.68E-15 3.09E-15 3.26E-15
  -0.2500  0.2500  0.2500    1  5.05907E-15 kpt; spin; max resid(k); each band:
  4.63E-15 3.56E-15 3.65E-15 3.69E-15 3.81E-15 3.62E-15 3.70E-15 3.87E-15
  5.01E-15 5.06E-15 5.00E-15 3.32E-15 3.60E-15 3.68E-15 3.09E-15 3.26E-15
   0.2500 -0.2500  0.2500    1  5.09266E-15 kpt; spin; max resid(k); each band:
  4.63E-15 3.55E-15 3.63E-15 3.69E-15 3.70E-15 3.69E-15 3.74E-15 3.88E-15
  4.94E-15 5.03E-15 5.09E-15 3.62E-15 3.63E-15 3.34E-15 3.25E-15 3.07E-15
   0.2500  0.2500 -0.2500    1  5.09266E-15 kpt; spin; max resid(k); each band:
  4.63E-15 3.55E-15 3.63E-15 3.69E-15 3.70E-15 3.69E-15 3.74E-15 3.88E-15
  4.94E-15 5.03E-15 5.09E-15 3.62E-15 3.63E-15 3.34E-15 3.25E-15 3.07E-15
 reduced coordinates (array xred) for    8 atoms
      -0.000000195438     -0.000000000000      0.000000000000
       0.250000000000      0.250000000000      0.250000000000
       0.000000000000      0.500000000000      0.500000000000
       0.250000000000      0.750000000000      0.750000000000
       0.500000000000      0.000000000000      0.500000000000
       0.750000000000      0.250000000000      0.750000000000
       0.500000000000      0.500000000000      0.000000000000
       0.750000000000      0.750000000000      0.250000000000
 rms dE/dt=  5.9767E-07; max dE/dt=  8.2646E-07; dE/dt below (all hartree)
    1      -0.000001669943     -0.000000000001      0.000000000001
    2       0.000000655842      0.000000470291      0.000000470291
    3       0.000000826465      0.000000000000     -0.000000000000
    4       0.000000655842     -0.000000470291     -0.000000470291
    5      -0.000000909496     -0.000000000000     -0.000000000000
    6       0.000000645990     -0.000000465667      0.000000465666
    7      -0.000000909496      0.000000000000      0.000000000000
    8       0.000000645991      0.000000465668     -0.000000465667

 cartesian coordinates (angstrom) at end:
    1     -0.00000106142280    -0.00000000000050     0.00000000000050
    2      1.35775097531303     1.35775097531303     1.35775097531303
    3      0.00000000000000     2.71550195062606     2.71550195062606
    4      1.35775097531303     4.07325292593909     4.07325292593909
    5      2.71550195062606     0.00000000000000     2.71550195062606
    6      4.07325292593909     1.35775097531303     4.07325292593909
    7      2.71550195062606     2.71550195062606     0.00000000000000
    8      4.07325292593909     4.07325292593909     1.35775097531303

 cartesian forces (hartree/bohr) at end:
    1      0.00000016199689     0.00000000000012    -0.00000000000012
    2     -0.00000006461908    -0.00000004582343    -0.00000004582342
    3     -0.00000008124392    -0.00000000000001     0.00000000000001
    4     -0.00000006461908     0.00000004582341     0.00000004582344
    5      0.00000008790179     0.00000000000002     0.00000000000001
    6     -0.00000006365916     0.00000004537285    -0.00000004537283
    7      0.00000008790179    -0.00000000000001    -0.00000000000002
    8     -0.00000006365924    -0.00000004537295     0.00000004537293
 frms,max,avg= 9.3528949E-08 1.6199689E-07   7.162E-10  0.000E+00  0.000E+00 h/b

 cartesian forces (eV/Angstrom) at end:
    1      0.00000833021437     0.00000000000622    -0.00000000000633
    2     -0.00000332284645    -0.00000235633513    -0.00000235633489
    3     -0.00000417773007    -0.00000000000051     0.00000000000033
    4     -0.00000332284645     0.00000235633413     0.00000235633602
    5      0.00000452009156     0.00000000000086     0.00000000000053
    6     -0.00000327348531     0.00000233316558    -0.00000233316470
    7      0.00000452009159    -0.00000000000051    -0.00000000000086
    8     -0.00000327348923    -0.00000233317064     0.00000233316989
 frms,max,avg= 4.8094515E-06 8.3302144E-06   3.683E-08  0.000E+00  0.000E+00 e/A
 length scales= 10.263110000000 10.263110000000 10.263110000000 bohr
              =  5.431003901252  5.431003901252  5.431003901252 angstroms
 prteigrs : about to open file t28o_EIG
 Fermi (or HOMO) energy (hartree) =   0.18884   Average Vxc (hartree)=  -0.35270
 Eigenvalues (hartree) for nkpt=   4  k points:
 kpt#   1, nband= 16, wtk=  0.25000, kpt=  0.2500  0.2500  0.2500 (reduced coord)
  -0.18706  -0.11509  -0.11509  -0.11509  -0.01360  -0.01360  -0.01360   0.07380
   0.08415   0.08415   0.08415   0.13265   0.13265   0.13265   0.18884   0.18884
 kpt#   2, nband= 16, wtk=  0.25000, kpt= -0.2500  0.2500  0.2500 (reduced coord)
  -0.18706  -0.11509  -0.11509  -0.11509  -0.01360  -0.01360  -0.01360   0.07380
   0.08415   0.08415   0.08415   0.13265   0.13265   0.13265   0.18884   0.18884
 kpt#   3, nband= 16, wtk=  0.25000, kpt=  0.2500 -0.2500  0.2500 (reduced coord)
  -0.18706  -0.11509  -0.11509  -0.11509  -0.01360  -0.01360  -0.01360   0.07380
   0.08415   0.08415   0.08415   0.13265   0.13265   0.13265   0.18884   0.18884
 kpt#   4, nband= 16, wtk=  0.25000, kpt=  0.2500  0.2500 -0.2500 (reduced coord)
  -0.18706  -0.11509  -0.11509  -0.11509  -0.01360  -0.01360  -0.01360   0.07380
   0.08415   0.08415   0.08415   0.13265   0.13265   0.13265   0.18884   0.18884
 Fermi (or HOMO) energy (eV) =   5.13863   Average Vxc (eV)=  -9.59736
 Eigenvalues (   eV  ) for nkpt=   4  k points:
 kpt#   1, nband= 16, wtk=  0.25000, kpt=  0.2500  0.2500  0.2500 (reduced coord)
  -5.09006  -3.13167  -3.13167  -3.13167  -0.36997  -0.36997  -0.36997   2.00822
   2.28982   2.28982   2.28982   3.60963   3.60963   3.60963   5.13862   5.13863
 kpt#   2, nband= 16, wtk=  0.25000, kpt= -0.2500  0.2500  0.2500 (reduced coord)
  -5.09006  -3.13167  -3.13167  -3.13167  -0.36997  -0.36997  -0.36997   2.00822
   2.28982   2.28982   2.28982   3.60963   3.60963   3.60963   5.13862   5.13863
 kpt#   3, nband= 16, wtk=  0.25000, kpt=  0.2500 -0.2500  0.2500 (reduced coord)
  -5.09006  -3.13167  -3.13167  -3.13167  -0.36997  -0.36997  -0.36997   2.00822
   2.28982   2.28982   2.28982   3.60963   3.60963   3.60963   5.13863   5.13863
 kpt#   4, nband= 16, wtk=  0.25000, kpt=  0.2500  0.2500 -0.2500 (reduced coord)
  -5.09006  -3.13167  -3.13167  -3.13167  -0.36997  -0.36997  -0.36997   2.00822
   2.28982   2.28982   2.28982   3.60963   3.60963   3.60963   5.13863   5.13863
 Total charge density [el/Bohr^3]
,     Maximum=    8.7993E-02  at reduced coord.    0.8750    0.1250    0.8750
,Next maximum=    8.7993E-02  at reduced coord.    0.8750    0.8750    0.1250
,     Minimum=    3.4763E-03  at reduced coord.    0.2500    0.7500    0.2500
,Next minimum=    3.4763E-03  at reduced coord.    0.2500    0.2500    0.7500
,  Integrated=    3.2000E+01

--------------------------------------------------------------------------------
 Components of total free energy (in Hartree) :

    Kinetic energy  =  1.16819735819717E+01
    Hartree energy  =  2.12455537114986E+00
    XC energy       = -1.41070083929008E+01
    Ewald energy    = -3.35916768723193E+01
    PspCore energy  =  3.39557039532177E-01
    Loc. psp. energy= -9.85492267182821E+00
    NL   psp  energy=  8.21594998240976E+00
    >>>>>>>>> Etotal= -3.51915719619848E+01

 Other information on the energy :
    Total energy(eV)= -9.57611373294382E+02 ; Band energy (Ha)=   1.0575624972E+00
--------------------------------------------------------------------------------
 rms coord change=  2.0416E-04   atom, delta coord (reduced):
     1       -0.001000195438     -0.000000000000      0.000000000000
     2        0.000000000000      0.000000000000      0.000000000000
     3        0.000000000000      0.000000000000      0.000000000000
     4        0.000000000000      0.000000000000      0.000000000000
     5        0.000000000000      0.000000000000      0.000000000000
     6        0.000000000000      0.000000000000      0.000000000000
     7        0.000000000000      0.000000000000      0.000000000000
     8        0.000000000000      0.000000000000      0.000000000000

 Cartesian components of stress tensor (hartree/bohr^3)
  sigma(1 1)=  3.74713846E-04  sigma(3 2)=  2.85358250E-10
  sigma(2 2)=  3.74713846E-04  sigma(3 1)=  0.00000000E+00
  sigma(3 3)=  3.74713846E-04  sigma(2 1)=  0.00000000E+00

-Cartesian components of stress tensor (GPa)         [Pressure= -1.1024E+01 GPa]
- sigma(1 1)=  1.10244601E+01  sigma(3 2)=  8.39552816E-06
- sigma(2 2)=  1.10244601E+01  sigma(3 1)=  0.00000000E+00
- sigma(3 3)=  1.10244601E+01  sigma(2 1)=  0.00000000E+00

== END DATASET(S) ==============================================================
================================================================================
  
 -outvars: echo values of variables after computation  --------
            acell      1.0263110000E+01  1.0263110000E+01  1.0263110000E+01 Bohr
              amu      2.80855000E+01
           diemac      1.20000000E+01
             ecut      2.99000000E+00 Hartree
           enunit           2
           etotal     -3.5191571962E+01
            fcart      1.6199689112E-07  1.2104196852E-13 -1.2303340107E-13
                      -6.4619080759E-08 -4.5823426465E-08 -4.5823421736E-08
                      -8.1243921647E-08 -9.9295402799E-15  6.4108430182E-15
                      -6.4619080712E-08  4.5823406988E-08  4.5823443713E-08
                       8.7901793196E-08  1.6811025294E-14  1.0372473297E-14
                      -6.3659159329E-08  4.5372850326E-08 -4.5372833210E-08
                       8.7901793673E-08 -9.9253746219E-15 -1.6731924484E-14
                      -6.3659235539E-08 -4.5372948846E-08  4.5372934215E-08
-          fftalg         112
           iatfix        2    3    4    5    6    7    8
            intxc           1
           ionmov           2
           iprcch           1
           irdwfk           1
             iscf           3
              kpt      1.00000000E+00  1.00000000E+00  1.00000000E+00
                      -1.00000000E+00  1.00000000E+00  1.00000000E+00
                       1.00000000E+00 -1.00000000E+00  1.00000000E+00
                       1.00000000E+00  1.00000000E+00 -1.00000000E+00
           kptnrm      4.00000000E+00
           kptopt           0
P           mkmem           4
           natfix           7
            natom           8
            nband          16
            ngfft          16      16      16
             nkpt           4
            nline           3
            nstep          80
             nsym           1
            ntime           6
           ntypat           1
              occ      2.000000  2.000000  2.000000  2.000000  2.000000  2.000000
                       2.000000  2.000000  2.000000  2.000000  2.000000  2.000000
                       2.000000  2.000000  2.000000  2.000000
           occopt           0
           prtgeo           4
           prtpot           1
          spgroup           1
           strten      3.7471384601E-04  3.7471384596E-04  3.7471384591E-04
                       2.8535825017E-10  0.0000000000E+00  0.0000000000E+00
           tolmxf      1.00000000E-05
           tolwfr      1.00000000E-14
            typat      1  1  1  1  1  1  1  1
              wtk        0.25000    0.25000    0.25000    0.25000
           xangst     -1.0614227959E-06 -4.9683160642E-13  5.0176909138E-13
                       1.3577509753E+00  1.3577509753E+00  1.3577509753E+00
                       0.0000000000E+00  2.7155019506E+00  2.7155019506E+00
                       1.3577509753E+00  4.0732529259E+00  4.0732529259E+00
                       2.7155019506E+00  0.0000000000E+00  2.7155019506E+00
                       4.0732529259E+00  1.3577509753E+00  4.0732529259E+00
                       2.7155019506E+00  2.7155019506E+00  0.0000000000E+00
                       4.0732529259E+00  4.0732529259E+00  1.3577509753E+00
            xcart     -2.0057983954E-06 -9.3887567030E-13  9.4820616465E-13
                       2.5657775000E+00  2.5657775000E+00  2.5657775000E+00
                       0.0000000000E+00  5.1315550000E+00  5.1315550000E+00
                       2.5657775000E+00  7.6973325000E+00  7.6973325000E+00
                       5.1315550000E+00  0.0000000000E+00  5.1315550000E+00
                       7.6973325000E+00  2.5657775000E+00  7.6973325000E+00
                       5.1315550000E+00  5.1315550000E+00  0.0000000000E+00
                       7.6973325000E+00  7.6973325000E+00  2.5657775000E+00
             xred     -1.9543767877E-07 -9.1480620426E-14  9.2389749759E-14
                       2.5000000000E-01  2.5000000000E-01  2.5000000000E-01
                       0.0000000000E+00  5.0000000000E-01  5.0000000000E-01
                       2.5000000000E-01  7.5000000000E-01  7.5000000000E-01
                       5.0000000000E-01  0.0000000000E+00  5.0000000000E-01
                       7.5000000000E-01  2.5000000000E-01  7.5000000000E-01
                       5.0000000000E-01  5.0000000000E-01  0.0000000000E+00
                       7.5000000000E-01  7.5000000000E-01  2.5000000000E-01
            znucl       14.00000

================================================================================


- Timing analysis has been suppressed with timopt=0



================================================================================

 Suggested references for the acknowledgment of ABINIT usage.

 The users of ABINIT have little formal obligations with respect to the ABINIT group
 (those specified in the GNU General Public License, http://www.gnu.org/copyleft/gpl.txt).
 However, it is common practice in the scientific literature,
 to acknowledge the efforts of people that have made the research possible.
 In this spirit, please find below suggested citations of work written by ABINIT developers,
 corresponding to implementations inside of ABINIT that you have used in the present run.
 Note also that it will be of great value to readers of publications presenting these results,
 to read papers enabling them to understand the theoretical formalism and details
 of the ABINIT implementation.
 For information on why they are suggested, see also http://www.abinit.org/about/?text=acknowledgments.

 [1] ABINIT : First-principles approach of materials and nanosystem properties.
 X. Gonze, B. Amadon, P.-M. Anglade, J.-M. Beuken, F. Bottin, P. Boulanger, F. Bruneval,
 D. Caliste, R. Caracas, M. Cote, T. Deutsch, L. Genovese, Ph. Ghosez, M. Giantomassi
 S. Goedecker, D.R. Hamann, P. Hermet, F. Jollet, G. Jomard, S. Leroux, M. Mancini, S. Mazevet,
 M.J.T. Oliveira, G. Onida, Y. Pouillon, T. Rangel, G.-M. Rignanese, D. Sangalli, R. Shaltaf,
 M. Torrent, M.J. Verstraete, G. Zerah, J.W. Zwanziger
 Computer Phys. Comm. 180, 2582-2615 (2009).
 Comment : the third generic paper describing the ABINIT project.
 Note that a version of this paper, that is not formatted for Computer Phys. Comm. 
 is available at http://www.abinit.org/about/ABINIT_CPC_v10.pdf .
 The licence allows the authors to put it on the Web.

 [2] A brief introduction to the ABINIT software package.
 X. Gonze, G.-M. Rignanese, M. Verstraete, J.-M. Beuken, Y. Pouillon, R. Caracas, F. Jollet,
 M. Torrent, G. Zerah, M. Mikami, Ph. Ghosez, M. Veithen, J.-Y. Raty, V. Olevano, F. Bruneval,
 L. Reining, R. Godby, G. Onida, D.R. Hamann, and D.C. Allan.
 Z. Kristallogr. 220, 558-562 (2005).
 Comment : the second generic paper describing the ABINIT project. Note that this paper
 should be cited especially if you are using the GW part of ABINIT, as several authors
 of this part are not in the list of authors of the first or third paper.
 The .pdf of the latter paper is available at http://www.abinit.org/about/zfk_0505-06_558-562.pdf.
 Note that it should not redistributed (Copyright by Oldenburg Wissenshaftverlag,
 the licence allows the authors to put it on the Web).


 And optionally :

 [3] First-principles computation of material properties : the ABINIT software project. 
 X. Gonze, J.-M. Beuken, R. Caracas, F. Detraux, M. Fuchs, G.-M. Rignanese, L. Sindic,
 M. Verstraete, G. Zerah, F. Jollet, M. Torrent, A. Roy, M. Mikami, Ph. Ghosez, J.-Y. Raty, D.C. Allan.
 Computational Materials Science 25, 478-492 (2002). http://dx.doi.org/10.1016/S0927-0256(02)00325-7
 Comment : the original paper describing the ABINIT project.

 [4] Fast radix 2, 3, 4 and 5 kernels for Fast Fourier Transformations
 on computers with overlapping multiply-add instructions.
 S. Goedecker, SIAM J. on Scientific Computing 18, 1605 (1997).
-
- Proc.   0 individual time (sec): cpu=          1.8  wall=          1.8

================================================================================

 Calculation completed.
.Delivered    6 WARNINGs and   3 COMMENTs to log file.
+Overall time at end (sec) : cpu=          1.8  wall=          1.8
