
.Version 7.7.2 of FFTPROF 
.(MPI version, prepared for a x86_64_darwin10.8.0_gnu4.7 computer) 

.Copyright (C) 1998-2014 ABINIT group . 
 FFTPROF comes with ABSOLUTELY NO WARRANTY.
 It is free software, and you are welcome to redistribute it
 under certain conditions (GNU General Public License,
 see ~abinit/COPYING or http://www.gnu.org/copyleft/gpl.txt).

 ABINIT is a project of the Universite Catholique de Louvain,
 Corning Inc. and other collaborators, see ~abinit/doc/developers/contributors.txt .
 Please read ~abinit/doc/users/acknowledgments.html for suggested
 acknowledgments of the ABINIT effort.
 For more information, see http://www.abinit.org .

.Starting date : Mon 24 Mar 2014.
- ( at 14h52 )
  
 Tool for profiling and testing the FFT libraries used in ABINIT.
 Allowed options are: 
   fourdp --> Test FFT transforms of density and potentials on the full box.
   fourwf --> Test FFT transforms of wavefunctions using the zero-pad algorithm.
   gw_fft --> Test the FFT transforms used in the GW code.
   all    --> Test all FFT routines.
 

  ==== OpenMP parallelism is ON ====
- Max_threads:       1
- Num_threads:       1
- Num_procs:         4
- Dynamic:           F
- Nested:            F
 
 Real(R)+Recip(G) space primitive vectors, cartesian coordinates (Bohr,Bohr^-1):
 R(1)= 20.0000000  0.0000000  0.0000000  G(1)=  0.0500000  0.0000000  0.0000000
 R(2)=  0.0000000 20.0000000  0.0000000  G(2)=  0.0000000  0.0500000  0.0000000
 R(3)=  0.0000000  0.0000000 20.0000000  G(3)=  0.0000000  0.0000000  0.0500000
 Unit cell volume ucvol=  8.0000000E+03 bohr^3
 Unit cell volume ucvol=  8.0000000E+03 bohr^3
 Angles (23,13,12)=  9.00000000E+01  9.00000000E+01  9.00000000E+01 degrees
 Angles (23,13,12)=  9.00000000E+01  9.00000000E+01  9.00000000E+01 degrees

 ==== FFT setup for fftalg 110 ====
  FFT mesh divisions ........................   100  100  100
  Augmented FFT divisions ...................   101  101  100
  FFT algorithm .............................   110
  FFT cache size ............................    16

 ==== FFT setup for fftalg 111 ====
  FFT mesh divisions ........................   100  100  100
  Augmented FFT divisions ...................   101  101  100
  FFT algorithm .............................   111
  FFT cache size ............................    16

 ==== FFT setup for fftalg 112 ====
  FFT mesh divisions ........................   100  100  100
  Augmented FFT divisions ...................   101  101  100
  FFT algorithm .............................   112
  FFT cache size ............................    16

 ==== FFT setup for fftalg 411 ====
  FFT mesh divisions ........................   100  100  100
  Augmented FFT divisions ...................   101  101  100
  FFT algorithm .............................   411
  FFT cache size ............................    16

 ==== FFT setup for fftalg 412 ====
  FFT mesh divisions ........................   100  100  100
  Augmented FFT divisions ...................   101  101  100
  FFT algorithm .............................   412
  FFT cache size ............................    16

 ==== FFT setup for fftalg 312 ====
  FFT mesh divisions ........................   100  100  100
  Augmented FFT divisions ...................   101  101  100
  FFT algorithm .............................   312
  FFT cache size ............................    16

 ==== FFT setup for fftalg 512 ====
  FFT mesh divisions ........................   100  100  100
  Augmented FFT divisions ...................   101  101  100
  FFT algorithm .............................   512
  FFT cache size ............................    16

==============================================================
==== fourwf with option  0, cplex  0, ndat  4, istwf_k  1 ====
==============================================================
        Library        CPU-time   WALL-time   nthreads  ncalls  Max_|Err|   <|Err|>
- Goedecker (110)       0.2478     0.2481      1 (100%) 2     0.00E+00    0.00E+00
- Goedecker (110)       0.3163     0.1906      2 ( 65%) 2     0.00E+00    0.00E+00
- Goedecker (110)       0.3816     0.1774      3 ( 47%) 2     0.00E+00    0.00E+00
- Goedecker (110)       0.4548     0.1662      4 ( 37%) 2     0.00E+00    0.00E+00
- Goedecker (111)       0.1818     0.1818      1 (100%) 2     0.00E+00    0.00E+00
- Goedecker (111)       0.2116     0.1524      2 ( 60%) 2     0.00E+00    0.00E+00
- Goedecker (111)       0.2621     0.1578      3 ( 38%) 2     0.00E+00    0.00E+00
- Goedecker (111)       0.3015     0.1462      4 ( 31%) 2     0.00E+00    0.00E+00
- Goedecker (112)       0.1090     0.1090      1 (100%) 2     5.86E-14    1.94E-15
- Goedecker (112)       0.1277     0.0720      2 ( 76%) 2     5.86E-14    1.94E-15
- Goedecker (112)       0.1730     0.0770      3 ( 47%) 2     5.86E-14    1.94E-15
- Goedecker (112)       0.2136     0.0711      4 ( 38%) 2     5.86E-14    1.94E-15
- Goedecker2002 (411)   0.0995     0.0995      1 (100%) 2     6.08E-14    1.96E-15
- Goedecker2002 (411)   0.0990     0.0974      2 ( 51%) 2     6.08E-14    1.96E-15
- Goedecker2002 (411)   0.0992     0.0970      3 ( 34%) 2     6.08E-14    1.96E-15
- Goedecker2002 (411)   0.1012     0.0968      4 ( 26%) 2     6.08E-14    1.96E-15
- Goedecker2002 (412)   0.0984     0.0984      1 (100%) 2     6.08E-14    1.96E-15
- Goedecker2002 (412)   0.1006     0.0989      2 ( 50%) 2     6.08E-14    1.96E-15
- Goedecker2002 (412)   0.1016     0.0993      3 ( 33%) 2     6.08E-14    1.96E-15
- Goedecker2002 (412)   0.1034     0.0990      4 ( 25%) 2     6.08E-14    1.96E-15
- FFTW3 (312)             N/A        N/A        N/A     N/A       N/A        N/A
- FFTW3 (312)             N/A        N/A        N/A     N/A       N/A        N/A
- FFTW3 (312)             N/A        N/A        N/A     N/A       N/A        N/A
- FFTW3 (312)             N/A        N/A        N/A     N/A       N/A        N/A
- DFTI (512)            0.0932     0.0932      1 (100%) 2     8.94E-14    2.25E-15
- DFTI (512)            0.1135     0.0622      2 ( 75%) 2     8.94E-14    2.25E-15
- DFTI (512)            0.1500     0.0716      3 ( 43%) 2     8.94E-14    2.25E-15
- DFTI (512)            0.1858     0.0610      4 ( 38%) 2     8.94E-14    2.25E-15

 Consistency check: MAX(Max_|Err|) =  8.94E-14, Max(<|Err|>) =  2.25E-15, reference_lib: Goedecker (110)


==============================================================
==== fourwf with option  1, cplex  1, ndat  4, istwf_k  1 ====
==============================================================
        Library        CPU-time   WALL-time   nthreads  ncalls  Max_|Err|   <|Err|>
- Goedecker (110)       0.2077     0.2076      1 (100%) 2     0.00E+00    0.00E+00
- Goedecker (110)       0.2709     0.1483      2 ( 70%) 2     0.00E+00    0.00E+00
- Goedecker (110)       0.3555     0.1518      3 ( 46%) 2     0.00E+00    0.00E+00
- Goedecker (110)       0.4443     0.1361      4 ( 38%) 2     0.00E+00    0.00E+00
- Goedecker (111)       0.1544     0.1544      1 (100%) 2     0.00E+00    0.00E+00
- Goedecker (111)       0.1998     0.1254      2 ( 62%) 2     0.00E+00    0.00E+00
- Goedecker (111)       0.2544     0.1289      3 ( 40%) 2     0.00E+00    0.00E+00
- Goedecker (111)       0.3085     0.1202      4 ( 32%) 2     0.00E+00    0.00E+00
- Goedecker (112)       0.0934     0.0934      1 (100%) 2     8.73E-11    1.42E-14
- Goedecker (112)       0.1117     0.0595      2 ( 79%) 2     8.73E-11    1.42E-14
- Goedecker (112)       0.1507     0.0625      3 ( 50%) 2     8.73E-11    1.42E-14
- Goedecker (112)       0.1897     0.0566      4 ( 41%) 2     8.73E-11    1.42E-14
- Goedecker2002 (411)   0.1077     0.1077      1 (100%) 2     8.73E-11    1.44E-14
- Goedecker2002 (411)   0.1089     0.1071      2 ( 50%) 2     8.73E-11    1.44E-14
- Goedecker2002 (411)   0.1083     0.1057      3 ( 34%) 2     8.73E-11    1.44E-14
- Goedecker2002 (411)   0.1104     0.1060      4 ( 25%) 2     8.73E-11    1.44E-14
- Goedecker2002 (412)   0.0915     0.0915      1 (100%) 2     8.73E-11    1.44E-14
- Goedecker2002 (412)   0.0940     0.0923      2 ( 50%) 2     8.73E-11    1.44E-14
- Goedecker2002 (412)   0.0952     0.0928      3 ( 33%) 2     8.73E-11    1.44E-14
- Goedecker2002 (412)   0.0950     0.0915      4 ( 25%) 2     8.73E-11    1.44E-14
- FFTW3 (312)             N/A        N/A        N/A     N/A       N/A        N/A
- FFTW3 (312)             N/A        N/A        N/A     N/A       N/A        N/A
- FFTW3 (312)             N/A        N/A        N/A     N/A       N/A        N/A
- FFTW3 (312)             N/A        N/A        N/A     N/A       N/A        N/A
- DFTI (512)            0.0793     0.0793      1 (100%) 2     1.16E-10    1.93E-14
- DFTI (512)            0.0958     0.0513      2 ( 77%) 2     1.16E-10    1.93E-14
- DFTI (512)            0.1291     0.0529      3 ( 50%) 2     1.16E-10    1.93E-14
- DFTI (512)            0.1573     0.0461      4 ( 43%) 2     1.16E-10    1.93E-14

 Consistency check: MAX(Max_|Err|) =  1.16E-10, Max(<|Err|>) =  1.93E-14, reference_lib: Goedecker (110)


==============================================================
==== fourwf with option  2, cplex  1, ndat  4, istwf_k  1 ====
==============================================================
        Library        CPU-time   WALL-time   nthreads  ncalls  Max_|Err|   <|Err|>
- Goedecker (110)       0.3839     0.3839      1 (100%) 2     0.00E+00    0.00E+00
- Goedecker (110)       0.5042     0.2665      2 ( 72%) 2     0.00E+00    0.00E+00
- Goedecker (110)       0.6638     0.2693      3 ( 48%) 2     0.00E+00    0.00E+00
- Goedecker (110)       0.8434     0.2417      4 ( 40%) 2     0.00E+00    0.00E+00
- Goedecker (111)       0.2749     0.2753      1 (100%) 2     2.22E-16    1.86E-19
- Goedecker (111)       0.3676     0.2187      2 ( 63%) 2     2.22E-16    1.86E-19
- Goedecker (111)       0.4522     0.2142      3 ( 43%) 2     2.22E-16    1.86E-19
- Goedecker (111)       0.5529     0.1981      4 ( 35%) 2     2.22E-16    1.86E-19
- Goedecker (112)       0.1656     0.1656      1 (100%) 2     2.24E-16    2.38E-19
- Goedecker (112)       0.1953     0.1017      2 ( 81%) 2     2.24E-16    2.38E-19
- Goedecker (112)       0.2559     0.0991      3 ( 56%) 2     2.24E-16    2.38E-19
- Goedecker (112)       0.3309     0.0905      4 ( 46%) 2     2.24E-16    2.38E-19
- Goedecker2002 (411)   0.1981     0.1984      1 (100%) 2     3.34E-16    2.54E-19
- Goedecker2002 (411)   0.1988     0.1957      2 ( 51%) 2     3.34E-16    2.54E-19
- Goedecker2002 (411)   0.2019     0.1977      3 ( 33%) 2     3.34E-16    2.54E-19
- Goedecker2002 (411)   0.2099     0.2025      4 ( 24%) 2     3.34E-16    2.54E-19
- Goedecker2002 (412)   0.1601     0.1601      1 (100%) 2     3.34E-16    2.54E-19
- Goedecker2002 (412)   0.1665     0.1631      2 ( 49%) 2     3.34E-16    2.54E-19
- Goedecker2002 (412)   0.1649     0.1603      3 ( 33%) 2     3.34E-16    2.54E-19
- Goedecker2002 (412)   0.1694     0.1609      4 ( 25%) 2     3.34E-16    2.54E-19
- FFTW3 (312)             N/A        N/A        N/A     N/A       N/A        N/A
- FFTW3 (312)             N/A        N/A        N/A     N/A       N/A        N/A
- FFTW3 (312)             N/A        N/A        N/A     N/A       N/A        N/A
- FFTW3 (312)             N/A        N/A        N/A     N/A       N/A        N/A
- DFTI (512)            0.1426     0.3303      1 (100%) 2     3.39E-16    3.46E-19
- DFTI (512)            0.1668     0.0844      2 (196%) 2     3.39E-16    3.46E-19
- DFTI (512)            0.2129     0.0850      3 (130%) 2     3.39E-16    3.46E-19
- DFTI (512)            0.5376     0.1847      4 ( 45%) 2     3.39E-16    3.46E-19

 Consistency check: MAX(Max_|Err|) =  3.39E-16, Max(<|Err|>) =  3.46E-19, reference_lib: Goedecker (110)


==============================================================
==== fourwf with option  3, cplex  0, ndat  4, istwf_k  1 ====
==============================================================
        Library        CPU-time   WALL-time   nthreads  ncalls  Max_|Err|   <|Err|>
- Goedecker (110)       0.1792     0.1792      1 (100%) 2     0.00E+00    0.00E+00
- Goedecker (110)       0.2378     0.1260      2 ( 71%) 2     0.00E+00    0.00E+00
- Goedecker (110)       0.3055     0.1242      3 ( 48%) 2     0.00E+00    0.00E+00
- Goedecker (110)       0.3770     0.1118      4 ( 40%) 2     0.00E+00    0.00E+00
- Goedecker (111)       0.1209     0.1209      1 (100%) 2     1.12E-16    6.12E-20
- Goedecker (111)       0.1597     0.0933      2 ( 65%) 2     1.12E-16    6.12E-20
- Goedecker (111)       0.1959     0.0915      3 ( 44%) 2     1.12E-16    6.12E-20
- Goedecker (111)       0.2417     0.0818      4 ( 37%) 2     1.12E-16    6.12E-20
- Goedecker (112)       0.1218     0.1218      1 (100%) 2     1.12E-16    6.12E-20
- Goedecker (112)       0.1516     0.0900      2 ( 68%) 2     1.12E-16    6.12E-20
- Goedecker (112)       0.2003     0.0931      3 ( 44%) 2     1.12E-16    6.12E-20
- Goedecker (112)       0.2451     0.0837      4 ( 36%) 2     1.12E-16    6.12E-20
- Goedecker2002 (411)   0.0958     0.0958      1 (100%) 2     2.22E-16    5.34E-20
- Goedecker2002 (411)   0.0934     0.0916      2 ( 52%) 2     2.22E-16    5.34E-20
- Goedecker2002 (411)   0.0919     0.0896      3 ( 36%) 2     2.22E-16    5.34E-20
- Goedecker2002 (411)   0.0935     0.0895      4 ( 27%) 2     2.22E-16    5.34E-20
- Goedecker2002 (412)   0.0906     0.0905      1 (100%) 2     2.22E-16    5.34E-20
- Goedecker2002 (412)   0.0933     0.0916      2 ( 49%) 2     2.22E-16    5.34E-20
- Goedecker2002 (412)   0.0920     0.0898      3 ( 34%) 2     2.22E-16    5.34E-20
- Goedecker2002 (412)   0.0956     0.0914      4 ( 25%) 2     2.22E-16    5.34E-20
- FFTW3 (312)             N/A        N/A        N/A     N/A       N/A        N/A
- FFTW3 (312)             N/A        N/A        N/A     N/A       N/A        N/A
- FFTW3 (312)             N/A        N/A        N/A     N/A       N/A        N/A
- FFTW3 (312)             N/A        N/A        N/A     N/A       N/A        N/A
- DFTI (512)            0.0740     0.0740      1 (100%) 2     2.22E-16    7.80E-20
- DFTI (512)            0.0926     0.0476      2 ( 78%) 2     2.22E-16    7.80E-20
- DFTI (512)            0.1242     0.0491      3 ( 50%) 2     2.22E-16    7.80E-20
- DFTI (512)            0.1504     0.0471      4 ( 39%) 2     2.22E-16    7.80E-20

 Consistency check: MAX(Max_|Err|) =  2.22E-16, Max(<|Err|>) =  7.80E-20, reference_lib: Goedecker (110)


==============================================================
==== fourwf with option  2, cplex  2, ndat  4, istwf_k  1 ====
==============================================================
        Library        CPU-time   WALL-time   nthreads  ncalls  Max_|Err|   <|Err|>
- Goedecker (110)       0.4723     0.4739      1 (100%) 2     0.00E+00    0.00E+00
- Goedecker (110)       0.5755     0.3210      2 ( 74%) 2     0.00E+00    0.00E+00
- Goedecker (110)       0.6969     0.2912      3 ( 54%) 2     0.00E+00    0.00E+00
- Goedecker (110)       0.8275     0.2522      4 ( 47%) 2     0.00E+00    0.00E+00
- Goedecker (111)       0.2940     0.2941      1 (100%) 2     3.33E-16    2.19E-19
- Goedecker (111)       0.3925     0.2324      2 ( 63%) 2     3.33E-16    2.19E-19
- Goedecker (111)       0.4712     0.2422      3 ( 40%) 2     3.33E-16    2.19E-19
- Goedecker (111)       0.5356     0.2151      4 ( 34%) 2     3.33E-16    2.19E-19
- Goedecker (112)       0.1753     0.1754      1 (100%) 2     3.33E-16    3.05E-19
- Goedecker (112)       0.2069     0.1086      2 ( 81%) 2     3.33E-16    3.05E-19
- Goedecker (112)       0.2664     0.1030      3 ( 57%) 2     3.33E-16    3.05E-19
- Goedecker (112)       0.3203     0.1089      4 ( 40%) 2     3.33E-16    3.05E-19
- Goedecker2002 (411)   0.2129     0.2129      1 (100%) 2     3.34E-16    3.19E-19
- Goedecker2002 (411)   0.2204     0.2172      2 ( 49%) 2     3.34E-16    3.19E-19
- Goedecker2002 (411)   0.2262     0.2221      3 ( 32%) 2     3.34E-16    3.19E-19
- Goedecker2002 (411)   0.2155     0.2093      4 ( 25%) 2     3.34E-16    3.19E-19
- Goedecker2002 (412)     N/A        N/A        N/A     N/A       N/A        N/A
- Goedecker2002 (412)     N/A        N/A        N/A     N/A       N/A        N/A
- Goedecker2002 (412)     N/A        N/A        N/A     N/A       N/A        N/A
- Goedecker2002 (412)     N/A        N/A        N/A     N/A       N/A        N/A
- FFTW3 (312)             N/A        N/A        N/A     N/A       N/A        N/A
- FFTW3 (312)             N/A        N/A        N/A     N/A       N/A        N/A
- FFTW3 (312)             N/A        N/A        N/A     N/A       N/A        N/A
- FFTW3 (312)             N/A        N/A        N/A     N/A       N/A        N/A
- DFTI (512)            0.1593     0.1595      1 (100%) 2     4.60E-16    4.25E-19
- DFTI (512)            0.1989     0.1008      2 ( 79%) 2     4.60E-16    4.25E-19
- DFTI (512)            0.2418     0.0967      3 ( 55%) 2     4.60E-16    4.25E-19
- DFTI (512)            0.2778     0.0869      4 ( 46%) 2     4.60E-16    4.25E-19

 Consistency check: MAX(Max_|Err|) =  4.60E-16, Max(<|Err|>) =  4.25E-19, reference_lib: Goedecker (110)


 Analysis completed.
