
.Version 7.7.2 of FFTPROF 
.(MPI version, prepared for a x86_64_darwin10.8.0_gnu4.7 computer) 

.Copyright (C) 1998-2014 ABINIT group . 
 FFTPROF comes with ABSOLUTELY NO WARRANTY.
 It is free software, and you are welcome to redistribute it
 under certain conditions (GNU General Public License,
 see ~abinit/COPYING or http://www.gnu.org/copyleft/gpl.txt).

 ABINIT is a project of the Universite Catholique de Louvain,
 Corning Inc. and other collaborators, see ~abinit/doc/developers/contributors.txt .
 Please read ~abinit/doc/users/acknowledgments.html for suggested
 acknowledgments of the ABINIT effort.
 For more information, see http://www.abinit.org .

.Starting date : Sun 23 Mar 2014.
- ( at 21h23 )
  
 Tool for profiling and testing the FFT libraries used in ABINIT.
 Allowed options are: 
   fourdp --> Test FFT transforms of density and potentials on the full box.
   fourwf --> Test FFT transforms of wavefunctions using the zero-pad algorithm.
   gw_fft --> Test the FFT transforms used in the GW code.
   all    --> Test all FFT routines.
 
 Real(R)+Recip(G) space primitive vectors, cartesian coordinates (Bohr,Bohr^-1):
 R(1)= 12.0000000  0.0000000  0.0000000  G(1)=  0.0833333  0.0000000  0.0000000
 R(2)=  0.0000000 11.0000000  0.0000000  G(2)=  0.0000000  0.0909091  0.0000000
 R(3)=  0.0000000  0.0000000 13.0000000  G(3)=  0.0000000  0.0000000  0.0769231
 Unit cell volume ucvol=  1.7160000E+03 bohr^3
 Unit cell volume ucvol=  1.7160000E+03 bohr^3
 Angles (23,13,12)=  9.00000000E+01  9.00000000E+01  9.00000000E+01 degrees
 Angles (23,13,12)=  9.00000000E+01  9.00000000E+01  9.00000000E+01 degrees

 ==== FFT setup for fftalg 110 ====
  FFT mesh divisions ........................    75   72   80
  Augmented FFT divisions ...................    75   73   80
  FFT algorithm .............................   110
  FFT cache size ............................    16

 ==== FFT setup for fftalg 111 ====
  FFT mesh divisions ........................    75   72   80
  Augmented FFT divisions ...................    75   73   80
  FFT algorithm .............................   111
  FFT cache size ............................    16

 ==== FFT setup for fftalg 112 ====
  FFT mesh divisions ........................    75   72   80
  Augmented FFT divisions ...................    75   73   80
  FFT algorithm .............................   112
  FFT cache size ............................    16

 ==== FFT setup for fftalg 410 ====
  FFT mesh divisions ........................    75   72   80
  Augmented FFT divisions ...................    75   73   80
  FFT algorithm .............................   410
  FFT cache size ............................    16

 ==== FFT setup for fftalg 411 ====
  FFT mesh divisions ........................    75   72   80
  Augmented FFT divisions ...................    75   73   80
  FFT algorithm .............................   411
  FFT cache size ............................    16

 ==== FFT setup for fftalg 412 ====
  FFT mesh divisions ........................    75   72   80
  Augmented FFT divisions ...................    75   73   80
  FFT algorithm .............................   412
  FFT cache size ............................    16

 ==== FFT setup for fftalg 312 ====
  FFT mesh divisions ........................    75   72   80
  Augmented FFT divisions ...................    75   73   80
  FFT algorithm .............................   312
  FFT cache size ............................    16

 ==== FFT setup for fftalg 512 ====
  FFT mesh divisions ........................    75   72   80
  Augmented FFT divisions ...................    75   73   80
  FFT algorithm .............................   512
  FFT cache size ............................    16

==============================================================
==== fourwf with option  0, cplex  0, ndat  1, istwf_k  4 ====
==============================================================
        Library        CPU-time   WALL-time   nthreads  ncalls  Max_|Err|   <|Err|>
- Goedecker (110)       0.0225     0.0225      1 (100%) 5     0.00E+00    0.00E+00
- Goedecker (111)       0.0160     0.0160      1 (100%) 5     0.00E+00    0.00E+00
- Goedecker (112)         N/A        N/A        N/A     N/A       N/A        N/A
- Goedecker2002 (410)   0.0358     0.0358      1 (100%) 5     3.45E-14    1.66E-15
- Goedecker2002 (411)   0.0082     0.0082      1 (100%) 5     3.45E-14    1.66E-15
- Goedecker2002 (412)     N/A        N/A        N/A     N/A       N/A        N/A
- FFTW3 (312)             N/A        N/A        N/A     N/A       N/A        N/A
- DFTI (512)              N/A        N/A        N/A     N/A       N/A        N/A

 Consistency check: MAX(Max_|Err|) =  3.45E-14, Max(<|Err|>) =  1.66E-15, reference_lib: Goedecker (110)


==============================================================
==== fourwf with option  1, cplex  1, ndat  1, istwf_k  4 ====
==============================================================
        Library        CPU-time   WALL-time   nthreads  ncalls  Max_|Err|   <|Err|>
- Goedecker (110)       0.0213     0.0213      1 (100%) 5     0.00E+00    0.00E+00
- Goedecker (111)       0.0149     0.0149      1 (100%) 5     0.00E+00    0.00E+00
- Goedecker (112)       0.0052     0.0052      1 (100%) 5     2.05E-12    7.29E-15
- Goedecker2002 (410)   0.0338     0.0338      1 (100%) 5     2.05E-12    7.76E-15
- Goedecker2002 (411)   0.0096     0.0096      1 (100%) 5     2.05E-12    7.76E-15
- Goedecker2002 (412)   0.0087     0.0087      1 (100%) 5     2.05E-12    7.76E-15
- FFTW3 (312)           0.0048     0.0048      1 (100%) 5     2.05E-12    7.08E-15
- DFTI (512)              N/A        N/A        N/A     N/A       N/A        N/A

 Consistency check: MAX(Max_|Err|) =  2.05E-12, Max(<|Err|>) =  7.76E-15, reference_lib: Goedecker (110)


==============================================================
==== fourwf with option  2, cplex  1, ndat  1, istwf_k  4 ====
==============================================================
        Library        CPU-time   WALL-time   nthreads  ncalls  Max_|Err|   <|Err|>
- Goedecker (110)       0.0387     0.0387      1 (100%) 5     0.00E+00    0.00E+00
- Goedecker (111)       0.0246     0.0246      1 (100%) 5     2.22E-16    5.64E-20
- Goedecker (112)       0.0083     0.0083      1 (100%) 5     1.72E-16    9.16E-20
- Goedecker2002 (410)   0.0571     0.0571      1 (100%) 5     3.14E-16    1.31E-19
- Goedecker2002 (411)   0.0167     0.0167      1 (100%) 5     1.89E-16    1.15E-19
- Goedecker2002 (412)   0.0149     0.0149      1 (100%) 5     1.89E-16    1.15E-19
- FFTW3 (312)           0.0071     0.0071      1 (100%) 5     3.11E-16    1.10E-19
- DFTI (512)              N/A        N/A        N/A     N/A       N/A        N/A

 Consistency check: MAX(Max_|Err|) =  3.14E-16, Max(<|Err|>) =  1.31E-19, reference_lib: Goedecker (110)


==============================================================
==== fourwf with option  3, cplex  0, ndat  1, istwf_k  4 ====
==============================================================
        Library        CPU-time   WALL-time   nthreads  ncalls  Max_|Err|   <|Err|>
- Goedecker (110)       0.0181     0.0181      1 (100%) 5     0.00E+00    0.00E+00
- Goedecker (111)       0.0109     0.0109      1 (100%) 5     3.33E-16    4.44E-20
- Goedecker (112)       0.0109     0.0109      1 (100%) 5     3.33E-16    4.44E-20
- Goedecker2002 (410)   0.0208     0.0208      1 (100%) 5     3.47E-16    7.75E-20
- Goedecker2002 (411)     N/A        N/A        N/A     N/A       N/A        N/A
- Goedecker2002 (412)     N/A        N/A        N/A     N/A       N/A        N/A
- FFTW3 (312)           0.0116     0.0116      1 (100%) 5     3.33E-16    7.02E-20
- DFTI (512)              N/A        N/A        N/A     N/A       N/A        N/A

 Consistency check: MAX(Max_|Err|) =  3.47E-16, Max(<|Err|>) =  7.75E-20, reference_lib: Goedecker (110)


 Analysis completed.
