
.Version 7.0.2 of FFTPROF 
.(MPI version, prepared for a x86_64_darwin10.8.0_gnu4.4 computer) 

.Copyright (C) 1998-2014 ABINIT group . 
 FFTPROF comes with ABSOLUTELY NO WARRANTY.
 It is free software, and you are welcome to redistribute it
 under certain conditions (GNU General Public License,
 see ~abinit/COPYING or http://www.gnu.org/copyleft/gpl.txt).

 ABINIT is a project of the Universite Catholique de Louvain,
 Corning Inc. and other collaborators, see ~abinit/doc/developers/contributors.txt .
 Please read ~abinit/doc/users/acknowledgments.html for suggested
 acknowledgments of the ABINIT effort.
 For more information, see http://www.abinit.org .

.Starting date : Mon 29 Oct 2012.
- ( at 22h17 )
  
 Tool for profiling and testing the FFT libraries used in ABINIT.
 Allowed options are: 
   fourdp --> Test FFT transforms of density and potentials on the full box.
   fourwf --> Test FFT transforms of wavefunctions using the zero-pad algorithm.
   gw_fft --> Test the FFT transforms used in the GW code.
   all    --> Test all FFT routines.
 

  ==== OpenMP parallelism is ON ====
- Max_threads:       1
- Num_threads:       1
- Num_procs:         4
- Dynamic:           F
- Nested:            F
 
 Real(R)+Recip(G) space primitive vectors, cartesian coordinates (Bohr,Bohr^-1):
 R(1)= 20.0000000  0.0000000  0.0000000  G(1)=  0.0500000  0.0000000  0.0000000
 R(2)=  0.0000000 20.0000000  0.0000000  G(2)=  0.0000000  0.0500000  0.0000000
 R(3)=  0.0000000  0.0000000 20.0000000  G(3)=  0.0000000  0.0000000  0.0500000
 Unit cell volume ucvol=  8.0000000E+03 bohr^3
 Unit cell volume ucvol=  8.0000000E+03 bohr^3
 Angles (23,13,12)=  9.00000000E+01  9.00000000E+01  9.00000000E+01 degrees
 Angles (23,13,12)=  9.00000000E+01  9.00000000E+01  9.00000000E+01 degrees

 ==== FFT setup for fftalg  112 ====
  FFT mesh divisions ........................    90   90   90
  Augmented FFT divisions ...................    91   91   90
  FFT algorithm .............................   112
  FFT cache size ............................    16

 ==== FFT setup for fftalg  102 ====
  FFT mesh divisions ........................    90   90   90
  Augmented FFT divisions ...................    91   91   90
  FFT algorithm .............................   102
  FFT cache size ............................    16

 ==== FFT setup for fftalg  412 ====
  FFT mesh divisions ........................    90   90   90
  Augmented FFT divisions ...................    91   91   90
  FFT algorithm .............................   412
  FFT cache size ............................    16

 ==== FFT setup for fftalg  312 ====
  FFT mesh divisions ........................    90   90   90
  Augmented FFT divisions ...................    91   91   90
  FFT algorithm .............................   312
  FFT cache size ............................    16

================================================
==== fourdp with cplex  1, isign -1, ndat 1 ====
================================================
        Library        CPU-time   WALL-time   nthreads  ncalls  Max_|Err|   <|Err|>
- Goedecker (112)       0.0325     0.0325      1 (100%) 5     0.00E+00    0.00E+00
- Goedecker (112)       0.0407     0.0242      2 ( 67%) 5     0.00E+00    0.00E+00
- Goedecker (112)       0.0482     0.0248      3 ( 44%) 5     0.00E+00    0.00E+00
- Goedecker (112)       0.0476     0.0245      4 ( 33%) 5     0.00E+00    0.00E+00
- Goedecker (102)       0.0699     0.0700      1 (100%) 5     4.57E-16    1.65E-19
- Goedecker (102)       0.0835     0.0485      2 ( 72%) 5     4.57E-16    1.65E-19
- Goedecker (102)       0.0963     0.0442      3 ( 53%) 5     4.57E-16    1.65E-19
- Goedecker (102)       0.0946     0.0494      4 ( 35%) 5     4.57E-16    1.65E-19
- Goedecker2002 (412)   0.0398     0.0410      1 (100%) 5     1.76E-16    1.63E-19
- Goedecker2002 (412)   0.0355     0.0355      2 ( 58%) 5     1.76E-16    1.63E-19
- Goedecker2002 (412)   0.0320     0.0320      3 ( 43%) 5     1.76E-16    1.63E-19
- Goedecker2002 (412)   0.0305     0.0305      4 ( 34%) 5     1.76E-16    1.63E-19
- FFTW3 (312)           0.0184     0.0184      1 (100%) 5     1.68E-16    1.71E-19
- FFTW3 (312)           0.0326     0.0164      2 ( 56%) 5     1.68E-16    1.71E-19
- FFTW3 (312)           0.0317     0.0159      3 ( 39%) 5     1.68E-16    1.71E-19
- FFTW3 (312)           0.0327     0.0164      4 ( 28%) 5     1.68E-16    1.71E-19

 Consistency check: MAX(Max_|Err|) =  4.57E-16, Max(<|Err|>) =  1.71E-19, reference_lib: Goedecker (112)


================================================
==== fourdp with cplex  2, isign -1, ndat 1 ====
================================================
        Library        CPU-time   WALL-time   nthreads  ncalls  Max_|Err|   <|Err|>
- Goedecker (112)       0.0547     0.0548      1 (100%) 5     0.00E+00    0.00E+00
- Goedecker (112)       0.0767     0.0429      2 ( 64%) 5     0.00E+00    0.00E+00
- Goedecker (112)       0.0960     0.0400      3 ( 46%) 5     0.00E+00    0.00E+00
- Goedecker (112)       0.1085     0.0345      4 ( 40%) 5     0.00E+00    0.00E+00
- Goedecker (102)       0.0645     0.0647      1 (100%) 5     0.00E+00    0.00E+00
- Goedecker (102)       0.0758     0.0422      2 ( 77%) 5     0.00E+00    0.00E+00
- Goedecker (102)       0.0930     0.0388      3 ( 56%) 5     0.00E+00    0.00E+00
- Goedecker (102)       0.0957     0.0442      4 ( 37%) 5     0.00E+00    0.00E+00
- Goedecker2002 (412)   0.0656     0.0666      1 (100%) 5     4.87E-16    1.89E-19
- Goedecker2002 (412)   0.0646     0.0648      2 ( 51%) 5     4.87E-16    1.89E-19
- Goedecker2002 (412)   0.0648     0.0650      3 ( 34%) 5     4.87E-16    1.89E-19
- Goedecker2002 (412)   0.0560     0.0560      4 ( 30%) 5     4.87E-16    1.89E-19
- FFTW3 (312)           0.0256     0.0256      1 (100%) 5     5.31E-16    1.75E-19
- FFTW3 (312)           0.0381     0.0196      2 ( 65%) 5     5.31E-16    1.75E-19
- FFTW3 (312)           0.0376     0.0188      3 ( 45%) 5     5.31E-16    1.75E-19
- FFTW3 (312)           0.0404     0.0202      4 ( 32%) 5     5.31E-16    1.75E-19

 Consistency check: MAX(Max_|Err|) =  5.31E-16, Max(<|Err|>) =  1.89E-19, reference_lib: Goedecker (112)


================================================
==== fourdp with cplex  1, isign  1, ndat 1 ====
================================================
        Library        CPU-time   WALL-time   nthreads  ncalls  Max_|Err|   <|Err|>
- Goedecker (112)       0.0292     0.0292      1 (100%) 5     0.00E+00    0.00E+00
- Goedecker (112)       0.0350     0.0207      2 ( 71%) 5     0.00E+00    0.00E+00
- Goedecker (112)       0.0444     0.0206      3 ( 47%) 5     0.00E+00    0.00E+00
- Goedecker (112)       0.0530     0.0184      4 ( 40%) 5     0.00E+00    0.00E+00
- Goedecker (102)       0.0536     0.0536      1 (100%) 5     7.28E-12    1.96E-15
- Goedecker (102)       0.0680     0.0371      2 ( 72%) 5     7.28E-12    1.96E-15
- Goedecker (102)       0.0895     0.0371      3 ( 48%) 5     7.28E-12    1.96E-15
- Goedecker (102)       0.1023     0.0376      4 ( 36%) 5     7.28E-12    1.96E-15
- Goedecker2002 (412)   0.0293     0.0293      1 (100%) 5     7.28E-12    2.22E-15
- Goedecker2002 (412)   0.0278     0.0278      2 ( 53%) 5     7.28E-12    2.22E-15
- Goedecker2002 (412)   0.0281     0.0281      3 ( 35%) 5     7.28E-12    2.22E-15
- Goedecker2002 (412)   0.0274     0.0274      4 ( 27%) 5     7.28E-12    2.22E-15
- FFTW3 (312)           0.0182     0.0182      1 (100%) 5     7.28E-12    2.41E-15
- FFTW3 (312)           0.0298     0.0140      2 ( 65%) 5     7.28E-12    2.41E-15
- FFTW3 (312)           0.0307     0.0136      3 ( 45%) 5     7.28E-12    2.41E-15
- FFTW3 (312)           0.0326     0.0146      4 ( 31%) 5     7.28E-12    2.41E-15

 Consistency check: MAX(Max_|Err|) =  7.28E-12, Max(<|Err|>) =  2.41E-15, reference_lib: Goedecker (112)


================================================
==== fourdp with cplex  2, isign  1, ndat 1 ====
================================================
        Library        CPU-time   WALL-time   nthreads  ncalls  Max_|Err|   <|Err|>
- Goedecker (112)       0.0553     0.0553      1 (100%) 5     0.00E+00    0.00E+00
- Goedecker (112)       0.0785     0.0437      2 ( 63%) 5     0.00E+00    0.00E+00
- Goedecker (112)       0.0912     0.0382      3 ( 48%) 5     0.00E+00    0.00E+00
- Goedecker (112)       0.1030     0.0372      4 ( 37%) 5     0.00E+00    0.00E+00
- Goedecker (102)       0.0559     0.0559      1 (100%) 5     0.00E+00    0.00E+00
- Goedecker (102)       0.0773     0.0435      2 ( 64%) 5     0.00E+00    0.00E+00
- Goedecker (102)       0.0913     0.0381      3 ( 49%) 5     0.00E+00    0.00E+00
- Goedecker (102)       0.1039     0.0373      4 ( 37%) 5     0.00E+00    0.00E+00
- Goedecker2002 (412)   0.0655     0.0655      1 (100%) 5     7.28E-12    3.14E-15
- Goedecker2002 (412)   0.0575     0.0575      2 ( 57%) 5     7.28E-12    3.14E-15
- Goedecker2002 (412)   0.0542     0.0542      3 ( 40%) 5     7.28E-12    3.14E-15
- Goedecker2002 (412)   0.0618     0.0619      4 ( 26%) 5     7.28E-12    3.14E-15
- FFTW3 (312)           0.0306     0.0307      1 (100%) 5     7.28E-12    3.33E-15
- FFTW3 (312)           0.0367     0.0198      2 ( 77%) 5     7.28E-12    3.33E-15
- FFTW3 (312)           0.0360     0.0185      3 ( 55%) 5     7.28E-12    3.33E-15
- FFTW3 (312)           0.0332     0.0171      4 ( 45%) 5     7.28E-12    3.33E-15

 Consistency check: MAX(Max_|Err|) =  7.28E-12, Max(<|Err|>) =  3.33E-15, reference_lib: Goedecker (112)


 Analysis completed.
