
.Version 7.7.2 of FFTPROF 
.(MPI version, prepared for a x86_64_darwin10.8.0_gnu4.7 computer) 

.Copyright (C) 1998-2014 ABINIT group . 
 FFTPROF comes with ABSOLUTELY NO WARRANTY.
 It is free software, and you are welcome to redistribute it
 under certain conditions (GNU General Public License,
 see ~abinit/COPYING or http://www.gnu.org/copyleft/gpl.txt).

 ABINIT is a project of the Universite Catholique de Louvain,
 Corning Inc. and other collaborators, see ~abinit/doc/developers/contributors.txt .
 Please read ~abinit/doc/users/acknowledgments.html for suggested
 acknowledgments of the ABINIT effort.
 For more information, see http://www.abinit.org .

.Starting date : Sun 23 Mar 2014.
- ( at 21h09 )
  
 Tool for profiling and testing the FFT libraries used in ABINIT.
 Allowed options are: 
   fourdp --> Test FFT transforms of density and potentials on the full box.
   fourwf --> Test FFT transforms of wavefunctions using the zero-pad algorithm.
   gw_fft --> Test the FFT transforms used in the GW code.
   all    --> Test all FFT routines.
 

  ==== OpenMP parallelism is ON ====
- Max_threads:       1
- Num_threads:       1
- Num_procs:         4
- Dynamic:           F
- Nested:            F
 
 Real(R)+Recip(G) space primitive vectors, cartesian coordinates (Bohr,Bohr^-1):
 R(1)= 20.0000000  0.0000000  0.0000000  G(1)=  0.0500000  0.0000000  0.0000000
 R(2)=  0.0000000 20.0000000  0.0000000  G(2)=  0.0000000  0.0500000  0.0000000
 R(3)=  0.0000000  0.0000000 20.0000000  G(3)=  0.0000000  0.0000000  0.0500000
 Unit cell volume ucvol=  8.0000000E+03 bohr^3
 Unit cell volume ucvol=  8.0000000E+03 bohr^3
 Angles (23,13,12)=  9.00000000E+01  9.00000000E+01  9.00000000E+01 degrees
 Angles (23,13,12)=  9.00000000E+01  9.00000000E+01  9.00000000E+01 degrees

 ==== FFT setup for fftalg 110 ====
  FFT mesh divisions ........................   100  100  100
  Augmented FFT divisions ...................   101  101  100
  FFT algorithm .............................   110
  FFT cache size ............................    16

 ==== FFT setup for fftalg 111 ====
  FFT mesh divisions ........................   100  100  100
  Augmented FFT divisions ...................   101  101  100
  FFT algorithm .............................   111
  FFT cache size ............................    16

 ==== FFT setup for fftalg 112 ====
  FFT mesh divisions ........................   100  100  100
  Augmented FFT divisions ...................   101  101  100
  FFT algorithm .............................   112
  FFT cache size ............................    16

 ==== FFT setup for fftalg 410 ====
  FFT mesh divisions ........................   100  100  100
  Augmented FFT divisions ...................   101  101  100
  FFT algorithm .............................   410
  FFT cache size ............................    16

 ==== FFT setup for fftalg 411 ====
  FFT mesh divisions ........................   100  100  100
  Augmented FFT divisions ...................   101  101  100
  FFT algorithm .............................   411
  FFT cache size ............................    16

 ==== FFT setup for fftalg 412 ====
  FFT mesh divisions ........................   100  100  100
  Augmented FFT divisions ...................   101  101  100
  FFT algorithm .............................   412
  FFT cache size ............................    16

 ==== FFT setup for fftalg 312 ====
  FFT mesh divisions ........................   100  100  100
  Augmented FFT divisions ...................   101  101  100
  FFT algorithm .............................   312
  FFT cache size ............................    16

 ==== FFT setup for fftalg 512 ====
  FFT mesh divisions ........................   100  100  100
  Augmented FFT divisions ...................   101  101  100
  FFT algorithm .............................   512
  FFT cache size ............................    16

==============================================================
==== fourwf with option  0, cplex  0, ndat  1, istwf_k  1 ====
==============================================================
        Library        CPU-time   WALL-time   nthreads  ncalls  Max_|Err|   <|Err|>
- Goedecker (110)       0.0595     0.0595      1 (100%) 2     0.00E+00    0.00E+00
- Goedecker (110)       0.0732     0.0443      2 ( 67%) 2     0.00E+00    0.00E+00
- Goedecker (110)       0.0947     0.0449      3 ( 44%) 2     0.00E+00    0.00E+00
- Goedecker (110)       0.1144     0.0406      4 ( 37%) 2     0.00E+00    0.00E+00
- Goedecker (111)       0.0448     0.0448      1 (100%) 2     0.00E+00    0.00E+00
- Goedecker (111)       0.0519     0.0375      2 ( 60%) 2     0.00E+00    0.00E+00
- Goedecker (111)       0.0635     0.0381      3 ( 39%) 2     0.00E+00    0.00E+00
- Goedecker (111)       0.0743     0.0366      4 ( 31%) 2     0.00E+00    0.00E+00
- Goedecker (112)       0.0282     0.0282      1 (100%) 2     5.86E-14    1.94E-15
- Goedecker (112)       0.0337     0.0193      2 ( 73%) 2     5.86E-14    1.94E-15
- Goedecker (112)       0.0415     0.0187      3 ( 50%) 2     5.86E-14    1.94E-15
- Goedecker (112)       0.0532     0.0170      4 ( 41%) 2     5.86E-14    1.94E-15
- Goedecker2002 (410)   0.0825     0.0825      1 (100%) 2     6.08E-14    1.96E-15
- Goedecker2002 (410)   0.0797     0.0797      2 ( 52%) 2     6.08E-14    1.96E-15
- Goedecker2002 (410)   0.0765     0.0765      3 ( 36%) 2     6.08E-14    1.96E-15
- Goedecker2002 (410)   0.0762     0.0762      4 ( 27%) 2     6.08E-14    1.96E-15
- Goedecker2002 (411)   0.0262     0.0262      1 (100%) 2     6.08E-14    1.96E-15
- Goedecker2002 (411)   0.0252     0.0252      2 ( 52%) 2     6.08E-14    1.96E-15
- Goedecker2002 (411)   0.0252     0.0252      3 ( 35%) 2     6.08E-14    1.96E-15
- Goedecker2002 (411)   0.0265     0.0265      4 ( 25%) 2     6.08E-14    1.96E-15
- Goedecker2002 (412)   0.0263     0.0263      1 (100%) 2     6.08E-14    1.96E-15
- Goedecker2002 (412)   0.0252     0.0252      2 ( 52%) 2     6.08E-14    1.96E-15
- Goedecker2002 (412)   0.0253     0.0253      3 ( 35%) 2     6.08E-14    1.96E-15
- Goedecker2002 (412)   0.0252     0.0252      4 ( 26%) 2     6.08E-14    1.96E-15
- FFTW3 (312)             N/A        N/A        N/A     N/A       N/A        N/A
- FFTW3 (312)             N/A        N/A        N/A     N/A       N/A        N/A
- FFTW3 (312)             N/A        N/A        N/A     N/A       N/A        N/A
- FFTW3 (312)             N/A        N/A        N/A     N/A       N/A        N/A
- DFTI (512)            0.0229     0.0229      1 (100%) 2     8.94E-14    2.25E-15
- DFTI (512)            0.0274     0.0155      2 ( 74%) 2     8.94E-14    2.25E-15
- DFTI (512)            0.0364     0.0162      3 ( 47%) 2     8.94E-14    2.25E-15
- DFTI (512)            0.0446     0.0146      4 ( 39%) 2     8.94E-14    2.25E-15

 Consistency check: MAX(Max_|Err|) =  8.94E-14, Max(<|Err|>) =  2.25E-15, reference_lib: Goedecker (110)


==============================================================
==== fourwf with option  1, cplex  1, ndat  1, istwf_k  1 ====
==============================================================
        Library        CPU-time   WALL-time   nthreads  ncalls  Max_|Err|   <|Err|>
- Goedecker (110)       0.0538     0.0538      1 (100%) 2     0.00E+00    0.00E+00
- Goedecker (110)       0.0680     0.0386      2 ( 70%) 2     0.00E+00    0.00E+00
- Goedecker (110)       0.0903     0.0397      3 ( 45%) 2     0.00E+00    0.00E+00
- Goedecker (110)       0.1139     0.0361      4 ( 37%) 2     0.00E+00    0.00E+00
- Goedecker (111)       0.0421     0.0421      1 (100%) 2     0.00E+00    0.00E+00
- Goedecker (111)       0.0504     0.0327      2 ( 64%) 2     0.00E+00    0.00E+00
- Goedecker (111)       0.0665     0.0342      3 ( 41%) 2     0.00E+00    0.00E+00
- Goedecker (111)       0.0794     0.0320      4 ( 33%) 2     0.00E+00    0.00E+00
- Goedecker (112)       0.0262     0.0262      1 (100%) 2     2.18E-11    1.42E-14
- Goedecker (112)       0.0314     0.0178      2 ( 74%) 2     2.18E-11    1.42E-14
- Goedecker (112)       0.0392     0.0173      3 ( 50%) 2     2.18E-11    1.42E-14
- Goedecker (112)       0.0486     0.0158      4 ( 41%) 2     2.18E-11    1.42E-14
- Goedecker2002 (410)   0.0806     0.0806      1 (100%) 2     2.18E-11    1.44E-14
- Goedecker2002 (410)   0.0793     0.0793      2 ( 51%) 2     2.18E-11    1.44E-14
- Goedecker2002 (410)   0.0754     0.0753      3 ( 36%) 2     2.18E-11    1.44E-14
- Goedecker2002 (410)   0.0753     0.0753      4 ( 27%) 2     2.18E-11    1.44E-14
- Goedecker2002 (411)   0.0297     0.0297      1 (100%) 2     2.18E-11    1.44E-14
- Goedecker2002 (411)   0.0287     0.0287      2 ( 52%) 2     2.18E-11    1.44E-14
- Goedecker2002 (411)   0.0287     0.0287      3 ( 35%) 2     2.18E-11    1.44E-14
- Goedecker2002 (411)   0.0288     0.0288      4 ( 26%) 2     2.18E-11    1.44E-14
- Goedecker2002 (412)   0.0255     0.0255      1 (100%) 2     2.18E-11    1.44E-14
- Goedecker2002 (412)   0.0257     0.0257      2 ( 50%) 2     2.18E-11    1.44E-14
- Goedecker2002 (412)   0.0254     0.0254      3 ( 33%) 2     2.18E-11    1.44E-14
- Goedecker2002 (412)   0.0255     0.0255      4 ( 25%) 2     2.18E-11    1.44E-14
- FFTW3 (312)             N/A        N/A        N/A     N/A       N/A        N/A
- FFTW3 (312)             N/A        N/A        N/A     N/A       N/A        N/A
- FFTW3 (312)             N/A        N/A        N/A     N/A       N/A        N/A
- FFTW3 (312)             N/A        N/A        N/A     N/A       N/A        N/A
- DFTI (512)            0.0210     0.0210      1 (100%) 2     2.91E-11    1.93E-14
- DFTI (512)            0.0241     0.0135      2 ( 78%) 2     2.91E-11    1.93E-14
- DFTI (512)            0.0340     0.0147      3 ( 48%) 2     2.91E-11    1.93E-14
- DFTI (512)            0.0392     0.0139      4 ( 38%) 2     2.91E-11    1.93E-14

 Consistency check: MAX(Max_|Err|) =  2.91E-11, Max(<|Err|>) =  1.93E-14, reference_lib: Goedecker (110)


==============================================================
==== fourwf with option  2, cplex  1, ndat  1, istwf_k  1 ====
==============================================================
        Library        CPU-time   WALL-time   nthreads  ncalls  Max_|Err|   <|Err|>
- Goedecker (110)       0.0954     0.0954      1 (100%) 2     0.00E+00    0.00E+00
- Goedecker (110)       0.1217     0.0685      2 ( 70%) 2     0.00E+00    0.00E+00
- Goedecker (110)       0.1601     0.0700      3 ( 45%) 2     0.00E+00    0.00E+00
- Goedecker (110)       0.1998     0.0612      4 ( 39%) 2     0.00E+00    0.00E+00
- Goedecker (111)       0.0671     0.0671      1 (100%) 2     2.22E-16    1.86E-19
- Goedecker (111)       0.0836     0.0537      2 ( 63%) 2     2.22E-16    1.86E-19
- Goedecker (111)       0.1056     0.0549      3 ( 41%) 2     2.22E-16    1.86E-19
- Goedecker (111)       0.1274     0.0502      4 ( 33%) 2     2.22E-16    1.86E-19
- Goedecker (112)       0.0421     0.0421      1 (100%) 2     2.24E-16    2.38E-19
- Goedecker (112)       0.0489     0.0259      2 ( 81%) 2     2.24E-16    2.38E-19
- Goedecker (112)       0.0627     0.0251      3 ( 56%) 2     2.24E-16    2.38E-19
- Goedecker (112)       0.0818     0.0225      4 ( 47%) 2     2.24E-16    2.38E-19
- Goedecker2002 (410)   0.1456     0.1457      1 (100%) 2     3.34E-16    2.54E-19
- Goedecker2002 (410)   0.1355     0.1358      2 ( 54%) 2     3.34E-16    2.54E-19
- Goedecker2002 (410)   0.1356     0.1359      3 ( 36%) 2     3.34E-16    2.54E-19
- Goedecker2002 (410)   0.1350     0.1351      4 ( 27%) 2     3.34E-16    2.54E-19
- Goedecker2002 (411)   0.0509     0.0509      1 (100%) 2     3.34E-16    2.54E-19
- Goedecker2002 (411)   0.0506     0.0506      2 ( 50%) 2     3.34E-16    2.54E-19
- Goedecker2002 (411)   0.0502     0.0502      3 ( 34%) 2     3.34E-16    2.54E-19
- Goedecker2002 (411)   0.0498     0.0497      4 ( 26%) 2     3.34E-16    2.54E-19
- Goedecker2002 (412)   0.0412     0.0412      1 (100%) 2     3.34E-16    2.54E-19
- Goedecker2002 (412)   0.0408     0.0408      2 ( 50%) 2     3.34E-16    2.54E-19
- Goedecker2002 (412)   0.0407     0.0407      3 ( 34%) 2     3.34E-16    2.54E-19
- Goedecker2002 (412)   0.0420     0.0420      4 ( 24%) 2     3.34E-16    2.54E-19
- FFTW3 (312)             N/A        N/A        N/A     N/A       N/A        N/A
- FFTW3 (312)             N/A        N/A        N/A     N/A       N/A        N/A
- FFTW3 (312)             N/A        N/A        N/A     N/A       N/A        N/A
- FFTW3 (312)             N/A        N/A        N/A     N/A       N/A        N/A
- DFTI (512)            0.0344     0.0344      1 (100%) 2     3.39E-16    3.46E-19
- DFTI (512)            0.0411     0.0212      2 ( 81%) 2     3.39E-16    3.46E-19
- DFTI (512)            0.0559     0.0219      3 ( 52%) 2     3.39E-16    3.46E-19
- DFTI (512)            0.0688     0.0186      4 ( 46%) 2     3.39E-16    3.46E-19

 Consistency check: MAX(Max_|Err|) =  3.39E-16, Max(<|Err|>) =  3.46E-19, reference_lib: Goedecker (110)


==============================================================
==== fourwf with option  3, cplex  0, ndat  1, istwf_k  1 ====
==============================================================
        Library        CPU-time   WALL-time   nthreads  ncalls  Max_|Err|   <|Err|>
- Goedecker (110)       0.0454     0.0454      1 (100%) 2     0.00E+00    0.00E+00
- Goedecker (110)       0.0585     0.0312      2 ( 73%) 2     0.00E+00    0.00E+00
- Goedecker (110)       0.0782     0.0316      3 ( 48%) 2     0.00E+00    0.00E+00
- Goedecker (110)       0.0972     0.0277      4 ( 41%) 2     0.00E+00    0.00E+00
- Goedecker (111)       0.0304     0.0304      1 (100%) 2     1.12E-16    6.13E-20
- Goedecker (111)       0.0404     0.0237      2 ( 64%) 2     1.12E-16    6.13E-20
- Goedecker (111)       0.0491     0.0228      3 ( 44%) 2     1.12E-16    6.13E-20
- Goedecker (111)       0.0608     0.0210      4 ( 36%) 2     1.12E-16    6.13E-20
- Goedecker (112)       0.0321     0.0321      1 (100%) 2     1.12E-16    6.13E-20
- Goedecker (112)       0.0399     0.0235      2 ( 68%) 2     1.12E-16    6.13E-20
- Goedecker (112)       0.0495     0.0231      3 ( 46%) 2     1.12E-16    6.13E-20
- Goedecker (112)       0.0618     0.0216      4 ( 37%) 2     1.12E-16    6.13E-20
- Goedecker2002 (410)   0.0583     0.0583      1 (100%) 2     2.22E-16    5.34E-20
- Goedecker2002 (410)   0.0582     0.0582      2 ( 50%) 2     2.22E-16    5.34E-20
- Goedecker2002 (410)   0.0590     0.0591      3 ( 33%) 2     2.22E-16    5.34E-20
- Goedecker2002 (410)   0.0580     0.0581      4 ( 25%) 2     2.22E-16    5.34E-20
- Goedecker2002 (411)   0.0241     0.0241      1 (100%) 2     2.22E-16    5.34E-20
- Goedecker2002 (411)   0.0228     0.0228      2 ( 53%) 2     2.22E-16    5.34E-20
- Goedecker2002 (411)   0.0226     0.0226      3 ( 36%) 2     2.22E-16    5.34E-20
- Goedecker2002 (411)   0.0226     0.0226      4 ( 27%) 2     2.22E-16    5.34E-20
- Goedecker2002 (412)   0.0225     0.0225      1 (100%) 2     2.22E-16    5.34E-20
- Goedecker2002 (412)   0.0227     0.0227      2 ( 49%) 2     2.22E-16    5.34E-20
- Goedecker2002 (412)   0.0225     0.0225      3 ( 33%) 2     2.22E-16    5.34E-20
- Goedecker2002 (412)   0.0226     0.0226      4 ( 25%) 2     2.22E-16    5.34E-20
- FFTW3 (312)             N/A        N/A        N/A     N/A       N/A        N/A
- FFTW3 (312)             N/A        N/A        N/A     N/A       N/A        N/A
- FFTW3 (312)             N/A        N/A        N/A     N/A       N/A        N/A
- FFTW3 (312)             N/A        N/A        N/A     N/A       N/A        N/A
- DFTI (512)            0.0187     0.0187      1 (100%) 2     2.22E-16    7.80E-20
- DFTI (512)            0.0244     0.0132      2 ( 71%) 2     2.22E-16    7.80E-20
- DFTI (512)            0.0317     0.0131      3 ( 47%) 2     2.22E-16    7.80E-20
- DFTI (512)            0.0391     0.0112      4 ( 42%) 2     2.22E-16    7.80E-20

 Consistency check: MAX(Max_|Err|) =  2.22E-16, Max(<|Err|>) =  7.80E-20, reference_lib: Goedecker (110)


==============================================================
==== fourwf with option  2, cplex  2, ndat  1, istwf_k  1 ====
==============================================================
        Library        CPU-time   WALL-time   nthreads  ncalls  Max_|Err|   <|Err|>
- Goedecker (110)       0.0968     0.0968      1 (100%) 2     0.00E+00    0.00E+00
- Goedecker (110)       0.1230     0.0695      2 ( 70%) 2     0.00E+00    0.00E+00
- Goedecker (110)       0.1609     0.0705      3 ( 46%) 2     0.00E+00    0.00E+00
- Goedecker (110)       0.2015     0.0630      4 ( 38%) 2     0.00E+00    0.00E+00
- Goedecker (111)       0.0689     0.0689      1 (100%) 2     3.33E-16    2.19E-19
- Goedecker (111)       0.0856     0.0552      2 ( 62%) 2     3.33E-16    2.19E-19
- Goedecker (111)       0.1049     0.0555      3 ( 41%) 2     3.33E-16    2.19E-19
- Goedecker (111)       0.1275     0.0515      4 ( 33%) 2     3.33E-16    2.19E-19
- Goedecker (112)       0.0436     0.0436      1 (100%) 2     3.33E-16    3.05E-19
- Goedecker (112)       0.0507     0.0264      2 ( 83%) 2     3.33E-16    3.05E-19
- Goedecker (112)       0.0640     0.0253      3 ( 57%) 2     3.33E-16    3.05E-19
- Goedecker (112)       0.0838     0.0233      4 ( 47%) 2     3.33E-16    3.05E-19
- Goedecker2002 (410)   0.1434     0.1434      1 (100%) 2     3.34E-16    3.19E-19
- Goedecker2002 (410)   0.1344     0.1345      2 ( 53%) 2     3.34E-16    3.19E-19
- Goedecker2002 (410)   0.1342     0.1343      3 ( 36%) 2     3.34E-16    3.19E-19
- Goedecker2002 (410)   0.1344     0.1345      4 ( 27%) 2     3.34E-16    3.19E-19
- Goedecker2002 (411)   0.0519     0.0519      1 (100%) 2     3.34E-16    3.19E-19
- Goedecker2002 (411)   0.0514     0.0514      2 ( 51%) 2     3.34E-16    3.19E-19
- Goedecker2002 (411)   0.0510     0.0510      3 ( 34%) 2     3.34E-16    3.19E-19
- Goedecker2002 (411)   0.0510     0.0510      4 ( 25%) 2     3.34E-16    3.19E-19
- Goedecker2002 (412)     N/A        N/A        N/A     N/A       N/A        N/A
- Goedecker2002 (412)     N/A        N/A        N/A     N/A       N/A        N/A
- Goedecker2002 (412)     N/A        N/A        N/A     N/A       N/A        N/A
- Goedecker2002 (412)     N/A        N/A        N/A     N/A       N/A        N/A
- FFTW3 (312)             N/A        N/A        N/A     N/A       N/A        N/A
- FFTW3 (312)             N/A        N/A        N/A     N/A       N/A        N/A
- FFTW3 (312)             N/A        N/A        N/A     N/A       N/A        N/A
- FFTW3 (312)             N/A        N/A        N/A     N/A       N/A        N/A
- DFTI (512)            0.0370     0.0370      1 (100%) 2     4.60E-16    4.24E-19
- DFTI (512)            0.0459     0.0237      2 ( 78%) 2     4.60E-16    4.24E-19
- DFTI (512)            0.0641     0.0261      3 ( 47%) 2     4.60E-16    4.24E-19
- DFTI (512)            0.0705     0.0192      4 ( 48%) 2     4.60E-16    4.24E-19

 Consistency check: MAX(Max_|Err|) =  4.60E-16, Max(<|Err|>) =  4.24E-19, reference_lib: Goedecker (110)


 Analysis completed.
