
.Version 7.10.4 of ABINIT 
.(MPI version, prepared for a x86_64_linux_gnu4.7 computer) 

.Copyright (C) 1998-2014 ABINIT group . 
 ABINIT comes with ABSOLUTELY NO WARRANTY.
 It is free software, and you are welcome to redistribute it
 under certain conditions (GNU General Public License,
 see ~abinit/COPYING or http://www.gnu.org/copyleft/gpl.txt).

 ABINIT is a project of the Universite Catholique de Louvain,
 Corning Inc. and other collaborators, see ~abinit/doc/developers/contributors.txt .
 Please read ~abinit/doc/users/acknowledgments.html for suggested
 acknowledgments of the ABINIT effort.
 For more information, see http://www.abinit.org .

.Starting date : Wed 11 Mar 2015.
- ( at 10h33 )
  
- input  file    -> t11.in
- output file    -> t11.out
- root for input  files -> t11i
- root for output files -> t11o


 DATASET    1 : space group Fm -3 m (#225); Bravais cF (face-center cubic)
================================================================================
 Values of the parameters that define the memory need for DATASET  1.
   intxc =         0  ionmov =         0    iscf =         5 xclevel =         2
  lmnmax =         2   lnmax =         2   mband =         5  mffmem =         1
P  mgfft =        32   mkmem =         3 mpssoang=         2     mpw =      1363
  mqgrid =      3001   natom =         1    nfft =     32768    nkpt =         3
  nloalg =         4  nspden =         1 nspinor =         1  nsppol =         1
    nsym =        48  n1xccc =         0  ntypat =         1  occopt =         1
================================================================================
P This job should need less than                       9.309 Mbytes of memory.
  Rough estimation (10% accuracy) of disk space for files :
_ WF disk file :      0.314 Mbytes ; DEN or POT disk file :      0.252 Mbytes.
================================================================================


 DATASET    2 : space group Fm -3 m (#225); Bravais cF (face-center cubic)
================================================================================
 Values of the parameters that define the memory need for DATASET  2.
   intxc =         0  ionmov =         0    iscf =        -2 xclevel =         2
  lmnmax =         2   lnmax =         2   mband =         4  mffmem =         1
P  mgfft =        32   mkmem =         8 mpssoang=         2     mpw =      1363
  mqgrid =      3001   natom =         1    nfft =     32768    nkpt =         8
  nloalg =         4  nspden =         1 nspinor =         1  nsppol =         1
    nsym =        48  n1xccc =         0  ntypat =         1  occopt =         1
================================================================================
P This job should need less than                       6.991 Mbytes of memory.
  Rough estimation (10% accuracy) of disk space for files :
_ WF disk file :      0.668 Mbytes ; DEN or POT disk file :      0.252 Mbytes.
================================================================================

--------------------------------------------------------------------------------
------------- Echo of variables that govern the present computation ------------
--------------------------------------------------------------------------------
-
- outvars: echo of selected default values                                      
-   accesswff0 =  0 , fftalg0 =112 , wfoptalg0 =  0
-
- outvars: echo of global parameters not present in the input file              
-  max_nthreads =    0
-
 -outvars: echo values of preprocessed input variables --------
            acell      1.2500000000E+01  1.2500000000E+01  1.2500000000E+01 Bohr
              amu      3.99480000E+01
      chksymbreak           0
           diemac      4.00000000E+00
             ecut      1.50000000E+01 Hartree
           ecutsm      5.00000000E-01 Hartree
-          fftalg         112
           getden1          0
           getden2         -1
           getwfk1          0
           getwfk2         -1
             iscf1          5
             iscf2         -2
           istwfk1       1    1    1
           istwfk2       1    1    1    1    1    1    1    1
              ixc        -102
           jdtset        1    2
              kpt1     0.00000000E+00  0.00000000E+00  0.00000000E+00
                       5.00000000E-01  0.00000000E+00  0.00000000E+00
                       5.00000000E-01  5.00000000E-01  0.00000000E+00
              kpt2     0.00000000E+00  0.00000000E+00  0.00000000E+00
                       5.00000000E-01  0.00000000E+00  0.00000000E+00
                       0.00000000E+00  5.00000000E-01  0.00000000E+00
                       5.00000000E-01  5.00000000E-01  0.00000000E+00
                       0.00000000E+00  0.00000000E+00  5.00000000E-01
                       5.00000000E-01  0.00000000E+00  5.00000000E-01
                       0.00000000E+00  5.00000000E-01  5.00000000E-01
                       5.00000000E-01  5.00000000E-01  5.00000000E-01
           kptopt1          1
           kptopt2          3
         kptrlatt        2    0    0      0    2    0      0    0    2
          kptrlen      1.76776695E+01
P           mkmem1          3
P           mkmem2          8
            natom           1
            nband1          5
            nband2          4
           nbdbuf1          0
           nbdbuf2          2
           ndtset           2
            ngfft          32      32      32
             nkpt1          3
             nkpt2          8
            nstep1        100
            nstep2          0
             nsym          48
           ntypat           1
              occ      2.000000  2.000000  2.000000  2.000000  0.000000
          prtwant1          0
          prtwant2          2
            rprim      0.0000000000E+00  5.0000000000E-01  5.0000000000E-01
                       5.0000000000E-01  0.0000000000E+00  5.0000000000E-01
                       5.0000000000E-01  5.0000000000E-01  0.0000000000E+00
          spgroup         225
           symrel      1  0  0   0  1  0   0  0  1      -1  0  0   0 -1  0   0  0 -1
                       0 -1  1   0 -1  0   1 -1  0       0  1 -1   0  1  0  -1  1  0
                      -1  0  0  -1  0  1  -1  1  0       1  0  0   1  0 -1   1 -1  0
                       0  1 -1   1  0 -1   0  0 -1       0 -1  1  -1  0  1   0  0  1
                      -1  0  0  -1  1  0  -1  0  1       1  0  0   1 -1  0   1  0 -1
                       0 -1  1   1 -1  0   0 -1  0       0  1 -1  -1  1  0   0  1  0
                       1  0  0   0  0  1   0  1  0      -1  0  0   0  0 -1   0 -1  0
                       0  1 -1   0  0 -1   1  0 -1       0 -1  1   0  0  1  -1  0  1
                      -1  0  1  -1  1  0  -1  0  0       1  0 -1   1 -1  0   1  0  0
                       0 -1  0   1 -1  0   0 -1  1       0  1  0  -1  1  0   0  1 -1
                       1  0 -1   0  0 -1   0  1 -1      -1  0  1   0  0  1   0 -1  1
                       0  1  0   0  0  1   1  0  0       0 -1  0   0  0 -1  -1  0  0
                       1  0 -1   0  1 -1   0  0 -1      -1  0  1   0 -1  1   0  0  1
                       0 -1  0   0 -1  1   1 -1  0       0  1  0   0  1 -1  -1  1  0
                      -1  0  1  -1  0  0  -1  1  0       1  0 -1   1  0  0   1 -1  0
                       0  1  0   1  0  0   0  0  1       0 -1  0  -1  0  0   0  0 -1
                       0  0 -1   0  1 -1   1  0 -1       0  0  1   0 -1  1  -1  0  1
                       1 -1  0   0 -1  1   0 -1  0      -1  1  0   0  1 -1   0  1  0
                       0  0  1   1  0  0   0  1  0       0  0 -1  -1  0  0   0 -1  0
                      -1  1  0  -1  0  0  -1  0  1       1 -1  0   1  0  0   1  0 -1
                       0  0  1   0  1  0   1  0  0       0  0 -1   0 -1  0  -1  0  0
                       1 -1  0   0 -1  0   0 -1  1      -1  1  0   0  1  0   0  1 -1
                       0  0 -1   1  0 -1   0  1 -1       0  0  1  -1  0  1   0 -1  1
                      -1  1  0  -1  0  1  -1  0  0       1 -1  0   1  0 -1   1  0  0
           tolvrs1     1.00000000E-11
           tolvrs2     0.00000000E+00
           tolwfr1     0.00000000E+00
           tolwfr2     1.00000000E-10
            typat      1
        vdw_nfrag          -1
    vdw_supercell1          0       0       0
    vdw_supercell2          2       2       2
           vdw_xc          10
              wtk1       0.12500    0.50000    0.37500
              wtk2       0.12500    0.12500    0.12500    0.12500    0.12500    0.12500
                         0.12500    0.12500
        w90iniprj1          1
        w90iniprj2          2
            znucl       18.00000

================================================================================

 chkinp: Checking input parameters for consistency, jdtset=   1.

 chkinp: Checking input parameters for consistency, jdtset=   2.

================================================================================
== DATASET  1 ==================================================================
-   nproc =    1

 Real(R)+Recip(G) space primitive vectors, cartesian coordinates (Bohr,Bohr^-1):
 R(1)=  0.0000000  6.2500000  6.2500000  G(1)= -0.0800000  0.0800000  0.0800000
 R(2)=  6.2500000  0.0000000  6.2500000  G(2)=  0.0800000 -0.0800000  0.0800000
 R(3)=  6.2500000  6.2500000  0.0000000  G(3)=  0.0800000  0.0800000 -0.0800000
 Unit cell volume ucvol=  4.8828125E+02 bohr^3
 Angles (23,13,12)=  6.00000000E+01  6.00000000E+01  6.00000000E+01 degrees

 getcut: wavevector=  0.0000  0.0000  0.0000  ngfft=  32  32  32
         ecut(hartree)=     15.000   => boxcut(ratio)=   2.07656

--- Pseudopotential description ------------------------------------------------
- pspini: atom type   1  psp file is /home/gonze/ABINIT/ABINITv7.10.4/trunk/7.10.4-private/tests/Psps_for_tests/18ar.revpbe
- pspatm: opening atomic psp file    /home/gonze/ABINIT/ABINITv7.10.4/trunk/7.10.4-private/tests/Psps_for_tests/18ar.revpbe
-   Ar  APE 1.0 : Troullier-Martins scheme, Perdew-Wang LDA, llocal= 1
- 18.00000   8.00000  20100419                znucl, zion, pspdat
    6    7    1    1       800   0.00000      pspcod,pspxc,lmax,lloc,mmax,r2well
    0.00000000000000    0.00000000000000    0.00000000000000   rchrg,fchrg,qchrg
  1.018841          amesh (Hamman grid)
 pspatm: epsatm=   16.71504544
         --- l  ekb(1:nproj) -->
             0    1.363104
 pspatm: atomic psp has been read  and splines computed

   1.33720364E+02                                ecore*ucvol(ha*bohr**3)
--------------------------------------------------------------------------------

P newkpt: treating      5 bands with npw=    1363 for ikpt=   1 by node    0
P newkpt: treating      5 bands with npw=    1350 for ikpt=   2 by node    0
P newkpt: treating      5 bands with npw=    1362 for ikpt=   3 by node    0

_setup2: Arith. and geom. avg. npw (full set) are    1356.125    1356.111

================================================================================

     iter   Etot(hartree)      deltaE(h)  residm     vres2
 ETOT  1  -20.956527321445    -2.096E+01 2.736E-03 9.261E+01
 ETOT  2  -20.957952846987    -1.426E-03 1.887E-07 2.439E+00
 ETOT  3  -20.958025767957    -7.292E-05 4.546E-07 8.459E+00
 ETOT  4  -20.958070414515    -4.465E-05 8.103E-07 9.471E-02
 ETOT  5  -20.958070933879    -5.194E-07 9.134E-09 7.018E-03
 ETOT  6  -20.958071017732    -8.385E-08 1.567E-09 7.281E-04
 ETOT  7  -20.958071023905    -6.174E-09 1.433E-10 8.934E-05
 ETOT  8  -20.958071024960    -1.054E-09 8.866E-12 1.443E-04
 ETOT  9  -20.958071026277    -1.317E-09 1.596E-11 2.412E-05
 ETOT 10  -20.958071026500    -2.229E-10 7.037E-12 2.582E-07
 ETOT 11  -20.958071026502    -1.855E-12 1.811E-14 1.425E-08
 ETOT 12  -20.958071026502    -5.755E-13 3.422E-15 4.936E-11
 ETOT 13  -20.958071026502     2.878E-13 2.318E-17 3.472E-11
 ETOT 14  -20.958071026501     9.841E-13 9.293E-18 2.485E-12

 At SCF step   14       vres2   =  2.49E-12 < tolvrs=  1.00E-11 =>converged.

 Cartesian components of stress tensor (hartree/bohr^3)
  sigma(1 1)= -4.22234130E-06  sigma(3 2)=  0.00000000E+00
  sigma(2 2)= -4.22234130E-06  sigma(3 1)=  0.00000000E+00
  sigma(3 3)= -4.22234130E-06  sigma(2 1)=  0.00000000E+00

================================================================================

 ----iterations are completed or convergence reached----

 Mean square residual over all n,k,spin=   3.2884E-18; max=  9.2930E-18
   0.0000  0.0000  0.0000    1  9.29295E-18 kpt; spin; max resid(k); each band:
  7.78E-18 9.43E-19 9.43E-19 9.43E-19 9.29E-18
   0.5000  0.0000  0.0000    1  8.04189E-18 kpt; spin; max resid(k); each band:
  4.65E-18 3.30E-19 1.17E-18 1.17E-18 8.04E-18
   0.5000  0.5000  0.0000    1  8.37413E-18 kpt; spin; max resid(k); each band:
  2.30E-18 3.09E-19 1.54E-18 1.54E-18 8.37E-18
 reduced coordinates (array xred) for    1 atoms
       0.000000000000      0.000000000000      0.000000000000
 rms dE/dt=  0.0000E+00; max dE/dt=  0.0000E+00; dE/dt below (all hartree)
    1       0.000000000000      0.000000000000      0.000000000000

 cartesian coordinates (angstrom) at end:
    1      0.00000000000000     0.00000000000000     0.00000000000000

 cartesian forces (hartree/bohr) at end:
    1     -0.00000000000000    -0.00000000000000    -0.00000000000000
 frms,max,avg= 0.0000000E+00 0.0000000E+00   0.000E+00  0.000E+00  0.000E+00 h/b

 cartesian forces (eV/Angstrom) at end:
    1     -0.00000000000000    -0.00000000000000    -0.00000000000000
 frms,max,avg= 0.0000000E+00 0.0000000E+00   0.000E+00  0.000E+00  0.000E+00 e/A
 length scales= 12.500000000000 12.500000000000 12.500000000000 bohr
              =  6.614715107375  6.614715107375  6.614715107375 angstroms
 prteigrs : about to open file t11o_DS1_EIG
 Fermi (or HOMO) energy (hartree) =  -0.26716   Average Vxc (hartree)=  -0.14810
 Eigenvalues (hartree) for nkpt=   3  k points:
 kpt#   1, nband=  5, wtk=  0.12500, kpt=  0.0000  0.0000  0.0000 (reduced coord)
  -0.76927  -0.26716  -0.26716  -0.26716   0.02151
 kpt#   2, nband=  5, wtk=  0.50000, kpt=  0.5000  0.0000  0.0000 (reduced coord)
  -0.76856  -0.27723  -0.26836  -0.26836   0.11584
 kpt#   3, nband=  5, wtk=  0.37500, kpt=  0.5000  0.5000  0.0000 (reduced coord)
  -0.76832  -0.27640  -0.27056  -0.27056   0.13164
 Total charge density [el/Bohr^3]
,     Maximum=    3.8596E-01  at reduced coord.    0.0000    0.0938    0.9063
,Next maximum=    3.8596E-01  at reduced coord.    0.0938    0.0000    0.9063
,     Minimum=    3.4306E-05  at reduced coord.    0.5000    0.5000    0.5000
,Next minimum=    3.6212E-05  at reduced coord.    0.5000    0.5000    0.4688
,  Integrated=    8.0000E+00

--------------------------------------------------------------------------------
 Components of total free energy (in Hartree) :

    Kinetic energy  =  7.47889084434366E+00
    Hartree energy  =  7.31682090408307E+00
    XC energy       = -3.34940016187584E+00
    Ewald energy    = -1.17372469097313E+01
    PspCore energy  =  2.73859304494705E-01
    Loc. psp. energy= -2.18055134976143E+01
    NL   psp  energy=  8.64518489799149E-01
    >>>>>>>>> Etotal= -2.09580710265009E+01

 Other information on the energy :
    Total energy(eV)= -5.70298115667261E+02 ; Band energy (Ha)=  -3.1645706071E+00
--------------------------------------------------------------------------------

 Cartesian components of stress tensor (hartree/bohr^3)
  sigma(1 1)= -4.22234130E-06  sigma(3 2)=  0.00000000E+00
  sigma(2 2)= -4.22234130E-06  sigma(3 1)=  0.00000000E+00
  sigma(3 3)= -4.22234130E-06  sigma(2 1)=  0.00000000E+00

-Cartesian components of stress tensor (GPa)         [Pressure=  1.2423E-01 GPa]
- sigma(1 1)= -1.24225549E-01  sigma(3 2)=  0.00000000E+00
- sigma(2 2)= -1.24225549E-01  sigma(3 1)=  0.00000000E+00
- sigma(3 3)= -1.24225549E-01  sigma(2 1)=  0.00000000E+00

================================================================================
== DATASET  2 ==================================================================
-   nproc =    1

 mkfilename : getwfk/=0, take file _WFK from output of DATASET   1.

 mkfilename : getden/=0, take file _DEN from output of DATASET   1.

 Real(R)+Recip(G) space primitive vectors, cartesian coordinates (Bohr,Bohr^-1):
 R(1)=  0.0000000  6.2500000  6.2500000  G(1)= -0.0800000  0.0800000  0.0800000
 R(2)=  6.2500000  0.0000000  6.2500000  G(2)=  0.0800000 -0.0800000  0.0800000
 R(3)=  6.2500000  6.2500000  0.0000000  G(3)=  0.0800000  0.0800000 -0.0800000
 Unit cell volume ucvol=  4.8828125E+02 bohr^3
 Angles (23,13,12)=  6.00000000E+01  6.00000000E+01  6.00000000E+01 degrees

 getcut: wavevector=  0.0000  0.0000  0.0000  ngfft=  32  32  32
         ecut(hartree)=     15.000   => boxcut(ratio)=   2.07656
--------------------------------------------------------------------------------

-inwffil : will read wavefunctions from disk file t11o_DS1_WFK
- newkpt: read input wf with ikpt,npw=   1    1363, make ikpt,npw=   1    1363
- newkpt: read input wf with ikpt,npw=   2    1350, make ikpt,npw=   2    1350
- newkpt: read input wf with ikpt,npw=   2    1350, make ikpt,npw=   3    1350
- newkpt: read input wf with ikpt,npw=   3    1362, make ikpt,npw=   4    1362
- newkpt: read input wf with ikpt,npw=   2    1350, make ikpt,npw=   5    1350
- newkpt: read input wf with ikpt,npw=   3    1362, make ikpt,npw=   6    1362
- newkpt: read input wf with ikpt,npw=   3    1362, make ikpt,npw=   7    1362
- newkpt: read input wf with ikpt,npw=   2    1350, make ikpt,npw=   8    1350


================================================================================

---------------------------------------------------------------

  Calculation of overlap and call to wannier90 library 
  to obtain maximally localized wannier functions 

  - w90.win is a mandatory secondary input
  - w90.wout is the output for the library
  - w90random.amn contains random projections
  - w90.amn contains projections
  - w90.mmn contains the overlap
  - w90.eig contains the eigenvalues

---------------------------------------------------------------

   mlwfovlp:  you should give k-point in the full brillouin zone 
   with explicit k-points (or kptopt=3) and istwfk 1

   mlwfovlp :  mlwfovlp_setup done -
-  see w90.wout for details.

   Writing top of the overlap matrix: M_mn(ikb,ik)
   m=n=1:3, ikb=1, ik=1

;   (   0.930962   0.000000 ,   0.347035  -0.000000 ,  -0.000000  -0.000000 ,    )
;   (  -0.083508  -0.000000 ,   0.198684   0.000001 ,   0.910843   0.000000 ,    )
;   (  -0.113727  -0.000002 ,   0.270583   0.000004 ,  -0.139020  -0.000000 ,    )

   Writing bottom of the overlap matrix: M_mn(ikb,ik)
   m=n=num_bands-2:num_bands, ikb=nntot, ik=nkpt

;   (  -0.564065   0.000000 ,   0.713620   0.000000 ,  -0.162121  -0.000001 ,    )
;   (  -0.113962  -0.000001 ,   0.133390  -0.000002 ,   0.920954  -0.000000 ,    )
;   (  -0.691828  -0.000000 ,  -0.471621   0.000000 ,  -0.049553   0.000002 ,    )

   Writing top of the initial projections matrix: A_mn(ik)
   m=1:3, n=1:3, ik=1

;   (   0.707927   0.000000 ,   0.707927   0.000000 ,   0.707927   0.000000 ,    )
;   (   0.000002   0.846601 ,  -0.000001   0.308625 ,  -0.000001   0.006008 ,    )
;   (   0.000005   0.432304 ,  -0.000006   0.420309 ,   0.000000  -1.272907 ,    )

   Writing bottom of the initial projections matrix: A_mn(ik)
   m=num_bands-2:num_bands, n=nwan-2:nwan, ik=nkpt

;   (  -0.000000  -0.411111 ,   0.000000  -0.411111 ,   0.000000  -0.411111 ,    )
;   (   0.000001   0.925068 ,   0.000001  -1.119517 ,  -0.000002   0.194449 ,    )
;   (  -0.000002  -0.758619 ,   0.000002  -0.421823 ,  -0.000000   1.180442 ,    )

   mlwfovlp :  mlwfovlp_run completed -
-  see w90.wout for details.


 vdw_xc : 10
 van der Waals correction(Ha):   -0.001160
 van der Waals correction(eV):   -0.031573

================================================================================

 ----iterations are completed or convergence reached----

 Mean square residual over all n,k,spin=   1.0838E-17; max=  1.3734E-17
   0.0000  0.0000  0.0000    1  1.22783E-17 kpt; spin; max resid(k); each band:
  1.23E-17 8.89E-18 8.89E-18 8.89E-18
   0.5000  0.0000  0.0000    1  1.37341E-17 kpt; spin; max resid(k); each band:
  1.22E-17 1.37E-17 9.00E-18 9.00E-18
   0.0000  0.5000  0.0000    1  1.37287E-17 kpt; spin; max resid(k); each band:
  1.22E-17 1.37E-17 9.00E-18 9.01E-18
   0.5000  0.5000  0.0000    1  1.24606E-17 kpt; spin; max resid(k); each band:
  1.22E-17 1.25E-17 9.70E-18 9.70E-18
   0.0000  0.0000  0.5000    1  1.37235E-17 kpt; spin; max resid(k); each band:
  1.22E-17 1.37E-17 9.02E-18 9.00E-18
   0.5000  0.0000  0.5000    1  1.24605E-17 kpt; spin; max resid(k); each band:
  1.22E-17 1.25E-17 9.71E-18 9.70E-18
   0.0000  0.5000  0.5000    1  1.24616E-17 kpt; spin; max resid(k); each band:
  1.22E-17 1.25E-17 9.73E-18 9.70E-18
   0.5000  0.5000  0.5000    1  1.37287E-17 kpt; spin; max resid(k); each band:
  1.22E-17 1.37E-17 9.02E-18 8.99E-18
 reduced coordinates (array xred) for    1 atoms
       0.000000000000      0.000000000000      0.000000000000

 cartesian coordinates (angstrom) at end:
    1      0.00000000000000     0.00000000000000     0.00000000000000
 length scales= 12.500000000000 12.500000000000 12.500000000000 bohr
              =  6.614715107375  6.614715107375  6.614715107375 angstroms
 prteigrs : about to open file t11o_DS2_EIG
 Eigenvalues (hartree) for nkpt=   8  k points:
 kpt#   1, nband=  4, wtk=  0.12500, kpt=  0.0000  0.0000  0.0000 (reduced coord)
  -0.76927  -0.26716  -0.26716  -0.26716
 kpt#   2, nband=  4, wtk=  0.12500, kpt=  0.5000  0.0000  0.0000 (reduced coord)
  -0.76856  -0.27723  -0.26836  -0.26836
 kpt#   3, nband=  4, wtk=  0.12500, kpt=  0.0000  0.5000  0.0000 (reduced coord)
  -0.76856  -0.27723  -0.26836  -0.26836
 kpt#   4, nband=  4, wtk=  0.12500, kpt=  0.5000  0.5000  0.0000 (reduced coord)
  -0.76832  -0.27640  -0.27056  -0.27056
 kpt#   5, nband=  4, wtk=  0.12500, kpt=  0.0000  0.0000  0.5000 (reduced coord)
  -0.76856  -0.27723  -0.26836  -0.26836
 kpt#   6, nband=  4, wtk=  0.12500, kpt=  0.5000  0.0000  0.5000 (reduced coord)
  -0.76832  -0.27640  -0.27056  -0.27056
 kpt#   7, nband=  4, wtk=  0.12500, kpt=  0.0000  0.5000  0.5000 (reduced coord)
  -0.76832  -0.27640  -0.27056  -0.27056
 kpt#   8, nband=  4, wtk=  0.12500, kpt=  0.5000  0.5000  0.5000 (reduced coord)
  -0.76856  -0.27723  -0.26836  -0.26836
 Total charge density [el/Bohr^3]
,     Maximum=    3.8596E-01  at reduced coord.    0.0938    0.0000    0.9063
,Next maximum=    3.8596E-01  at reduced coord.    0.0000    0.0000    0.9063
,     Minimum=    3.4306E-05  at reduced coord.    0.5000    0.5000    0.5000
,Next minimum=    3.6212E-05  at reduced coord.    0.5000    0.5000    0.4688
,  Integrated=    8.0000E+00

== END DATASET(S) ==============================================================
================================================================================
  
 -outvars: echo values of variables after computation  --------
            acell      1.2500000000E+01  1.2500000000E+01  1.2500000000E+01 Bohr
              amu      3.99480000E+01
      chksymbreak           0
           diemac      4.00000000E+00
             ecut      1.50000000E+01 Hartree
           ecutsm      5.00000000E-01 Hartree
           etotal1    -2.0958071027E+01
            fcart1    -0.0000000000E+00 -0.0000000000E+00 -0.0000000000E+00
-          fftalg         112
           getden1          0
           getden2         -1
           getwfk1          0
           getwfk2         -1
             iscf1          5
             iscf2         -2
           istwfk1       1    1    1
           istwfk2       1    1    1    1    1    1    1    1
              ixc        -102
           jdtset        1    2
              kpt1     0.00000000E+00  0.00000000E+00  0.00000000E+00
                       5.00000000E-01  0.00000000E+00  0.00000000E+00
                       5.00000000E-01  5.00000000E-01  0.00000000E+00
              kpt2     0.00000000E+00  0.00000000E+00  0.00000000E+00
                       5.00000000E-01  0.00000000E+00  0.00000000E+00
                       0.00000000E+00  5.00000000E-01  0.00000000E+00
                       5.00000000E-01  5.00000000E-01  0.00000000E+00
                       0.00000000E+00  0.00000000E+00  5.00000000E-01
                       5.00000000E-01  0.00000000E+00  5.00000000E-01
                       0.00000000E+00  5.00000000E-01  5.00000000E-01
                       5.00000000E-01  5.00000000E-01  5.00000000E-01
           kptopt1          1
           kptopt2          3
         kptrlatt        2    0    0      0    2    0      0    0    2
          kptrlen      1.76776695E+01
P           mkmem1          3
P           mkmem2          8
            natom           1
            nband1          5
            nband2          4
           nbdbuf1          0
           nbdbuf2          2
           ndtset           2
            ngfft          32      32      32
             nkpt1          3
             nkpt2          8
            nstep1        100
            nstep2          0
             nsym          48
           ntypat           1
              occ      2.000000  2.000000  2.000000  2.000000  0.000000
          prtwant1          0
          prtwant2          2
            rprim      0.0000000000E+00  5.0000000000E-01  5.0000000000E-01
                       5.0000000000E-01  0.0000000000E+00  5.0000000000E-01
                       5.0000000000E-01  5.0000000000E-01  0.0000000000E+00
          spgroup         225
           strten1    -4.2223412988E-06 -4.2223412988E-06 -4.2223412988E-06
                       0.0000000000E+00  0.0000000000E+00  0.0000000000E+00
           symrel      1  0  0   0  1  0   0  0  1      -1  0  0   0 -1  0   0  0 -1
                       0 -1  1   0 -1  0   1 -1  0       0  1 -1   0  1  0  -1  1  0
                      -1  0  0  -1  0  1  -1  1  0       1  0  0   1  0 -1   1 -1  0
                       0  1 -1   1  0 -1   0  0 -1       0 -1  1  -1  0  1   0  0  1
                      -1  0  0  -1  1  0  -1  0  1       1  0  0   1 -1  0   1  0 -1
                       0 -1  1   1 -1  0   0 -1  0       0  1 -1  -1  1  0   0  1  0
                       1  0  0   0  0  1   0  1  0      -1  0  0   0  0 -1   0 -1  0
                       0  1 -1   0  0 -1   1  0 -1       0 -1  1   0  0  1  -1  0  1
                      -1  0  1  -1  1  0  -1  0  0       1  0 -1   1 -1  0   1  0  0
                       0 -1  0   1 -1  0   0 -1  1       0  1  0  -1  1  0   0  1 -1
                       1  0 -1   0  0 -1   0  1 -1      -1  0  1   0  0  1   0 -1  1
                       0  1  0   0  0  1   1  0  0       0 -1  0   0  0 -1  -1  0  0
                       1  0 -1   0  1 -1   0  0 -1      -1  0  1   0 -1  1   0  0  1
                       0 -1  0   0 -1  1   1 -1  0       0  1  0   0  1 -1  -1  1  0
                      -1  0  1  -1  0  0  -1  1  0       1  0 -1   1  0  0   1 -1  0
                       0  1  0   1  0  0   0  0  1       0 -1  0  -1  0  0   0  0 -1
                       0  0 -1   0  1 -1   1  0 -1       0  0  1   0 -1  1  -1  0  1
                       1 -1  0   0 -1  1   0 -1  0      -1  1  0   0  1 -1   0  1  0
                       0  0  1   1  0  0   0  1  0       0  0 -1  -1  0  0   0 -1  0
                      -1  1  0  -1  0  0  -1  0  1       1 -1  0   1  0  0   1  0 -1
                       0  0  1   0  1  0   1  0  0       0  0 -1   0 -1  0  -1  0  0
                       1 -1  0   0 -1  0   0 -1  1      -1  1  0   0  1  0   0  1 -1
                       0  0 -1   1  0 -1   0  1 -1       0  0  1  -1  0  1   0 -1  1
                      -1  1  0  -1  0  1  -1  0  0       1 -1  0   1  0 -1   1  0  0
           tolvrs1     1.00000000E-11
           tolvrs2     0.00000000E+00
           tolwfr1     0.00000000E+00
           tolwfr2     1.00000000E-10
            typat      1
        vdw_nfrag          -1
    vdw_supercell1          0       0       0
    vdw_supercell2          2       2       2
           vdw_xc          10
              wtk1       0.12500    0.50000    0.37500
              wtk2       0.12500    0.12500    0.12500    0.12500    0.12500    0.12500
                         0.12500    0.12500
        w90iniprj1          1
        w90iniprj2          2
            znucl       18.00000

================================================================================


- Timing analysis has been suppressed with timopt=0



================================================================================

 Suggested references for the acknowledgment of ABINIT usage.

 The users of ABINIT have little formal obligations with respect to the ABINIT group
 (those specified in the GNU General Public License, http://www.gnu.org/copyleft/gpl.txt).
 However, it is common practice in the scientific literature,
 to acknowledge the efforts of people that have made the research possible.
 In this spirit, please find below suggested citations of work written by ABINIT developers,
 corresponding to implementations inside of ABINIT that you have used in the present run.
 Note also that it will be of great value to readers of publications presenting these results,
 to read papers enabling them to understand the theoretical formalism and details
 of the ABINIT implementation.
 For information on why they are suggested, see also http://www.abinit.org/about/?text=acknowledgments.

 [1] Libxc: A library of exchange and correlation functionals for density functional theory.
 M.A.L. Marques, M.J.T. Oliveira, T. Burnus, Computer Physics Communications 183, 2227 (2012).
 Comment : to be cited when LibXC is used (negative value of ixc)
 Strong suggestion to cite this paper.

 [2] Ab initio pseudopotentials for electronic structure calculations of poly-atomic systems, 
 using density-functional theory.
 M. Fuchs, M. Scheffler, Comput. Phys. Commun. 119, 67 (1999).
 Comment : Some pseudopotential generated using the FHI code were used.

 [3] ABINIT : First-principles approach of materials and nanosystem properties.
 X. Gonze, B. Amadon, P.-M. Anglade, J.-M. Beuken, F. Bottin, P. Boulanger, F. Bruneval,
 D. Caliste, R. Caracas, M. Cote, T. Deutsch, L. Genovese, Ph. Ghosez, M. Giantomassi
 S. Goedecker, D.R. Hamann, P. Hermet, F. Jollet, G. Jomard, S. Leroux, M. Mancini, S. Mazevet,
 M.J.T. Oliveira, G. Onida, Y. Pouillon, T. Rangel, G.-M. Rignanese, D. Sangalli, R. Shaltaf,
 M. Torrent, M.J. Verstraete, G. Zerah, J.W. Zwanziger
 Computer Phys. Comm. 180, 2582-2615 (2009).
 Comment : the third generic paper describing the ABINIT project.
 Note that a version of this paper, that is not formatted for Computer Phys. Comm. 
 is available at http://www.abinit.org/about/ABINIT_CPC_v10.pdf .
 The licence allows the authors to put it on the Web.

 [4] A brief introduction to the ABINIT software package.
 X. Gonze, G.-M. Rignanese, M. Verstraete, J.-M. Beuken, Y. Pouillon, R. Caracas, F. Jollet,
 M. Torrent, G. Zerah, M. Mikami, Ph. Ghosez, M. Veithen, J.-Y. Raty, V. Olevano, F. Bruneval,
 L. Reining, R. Godby, G. Onida, D.R. Hamann, and D.C. Allan.
 Z. Kristallogr. 220, 558-562 (2005).
 Comment : the second generic paper describing the ABINIT project. Note that this paper
 should be cited especially if you are using the GW part of ABINIT, as several authors
 of this part are not in the list of authors of the first or third paper.
 The .pdf of the latter paper is available at http://www.abinit.org/about/zfk_0505-06_558-562.pdf.
 Note that it should not redistributed (Copyright by Oldenburg Wissenshaftverlag,
 the licence allows the authors to put it on the Web).


 And optionally :

 [5] First-principles computation of material properties : the ABINIT software project. 
 X. Gonze, J.-M. Beuken, R. Caracas, F. Detraux, M. Fuchs, G.-M. Rignanese, L. Sindic,
 M. Verstraete, G. Zerah, F. Jollet, M. Torrent, A. Roy, M. Mikami, Ph. Ghosez, J.-Y. Raty, D.C. Allan.
 Computational Materials Science 25, 478-492 (2002). http://dx.doi.org/10.1016/S0927-0256(02)00325-7
 Comment : the original paper describing the ABINIT project.
-
- Proc.   0 individual time (sec): cpu=          2.1  wall=          2.1

================================================================================

 Calculation completed.
.Delivered    4 WARNINGs and   4 COMMENTs to log file.
+Overall time at end (sec) : cpu=          2.1  wall=          2.1
