
.Version 7.10.4 of ABINIT 
.(MPI version, prepared for a x86_64_linux_gnu4.7 computer) 

.Copyright (C) 1998-2014 ABINIT group . 
 ABINIT comes with ABSOLUTELY NO WARRANTY.
 It is free software, and you are welcome to redistribute it
 under certain conditions (GNU General Public License,
 see ~abinit/COPYING or http://www.gnu.org/copyleft/gpl.txt).

 ABINIT is a project of the Universite Catholique de Louvain,
 Corning Inc. and other collaborators, see ~abinit/doc/developers/contributors.txt .
 Please read ~abinit/doc/users/acknowledgments.html for suggested
 acknowledgments of the ABINIT effort.
 For more information, see http://www.abinit.org .

.Starting date : Wed 11 Mar 2015.
- ( at 10h33 )
  
- input  file    -> t13.in
- output file    -> t13.out
- root for input  files -> t13i
- root for output files -> t13o


 DATASET    1 : space group Fm -3 m (#225); Bravais cF (face-center cubic)
================================================================================
 Values of the parameters that define the memory need for DATASET  1.
   intxc =         0  ionmov =         0    iscf =         5 xclevel =         2
  lmnmax =         2   lnmax =         2   mband =         5  mffmem =         1
P  mgfft =        36   mkmem =         3 mpssoang=         2     mpw =      1807
  mqgrid =      3001   natom =         1    nfft =     46656    nkpt =         3
  nloalg =         4  nspden =         1 nspinor =         1  nsppol =         1
    nsym =        48  n1xccc =         0  ntypat =         1  occopt =         1
================================================================================
P This job should need less than                      13.037 Mbytes of memory.
  Rough estimation (10% accuracy) of disk space for files :
_ WF disk file :      0.416 Mbytes ; DEN or POT disk file :      0.358 Mbytes.
================================================================================


 DATASET    2 : space group Fm -3 m (#225); Bravais cF (face-center cubic)
================================================================================
 Values of the parameters that define the memory need for DATASET  2.
   intxc =         0  ionmov =         0    iscf =        -2 xclevel =         2
  lmnmax =         2   lnmax =         2   mband =         4  mffmem =         1
P  mgfft =        36   mkmem =         8 mpssoang=         2     mpw =      1807
  mqgrid =      3001   natom =         1    nfft =     46656    nkpt =         8
  nloalg =         4  nspden =         1 nspinor =         1  nsppol =         1
    nsym =        48  n1xccc =         0  ntypat =         1  occopt =         1
================================================================================
P This job should need less than                       9.694 Mbytes of memory.
  Rough estimation (10% accuracy) of disk space for files :
_ WF disk file :      0.884 Mbytes ; DEN or POT disk file :      0.358 Mbytes.
================================================================================

--------------------------------------------------------------------------------
------------- Echo of variables that govern the present computation ------------
--------------------------------------------------------------------------------
-
- outvars: echo of selected default values                                      
-   accesswff0 =  0 , fftalg0 =112 , wfoptalg0 =  0
-
- outvars: echo of global parameters not present in the input file              
-  max_nthreads =    0
-
 -outvars: echo values of preprocessed input variables --------
            acell      1.2500000000E+01  1.2500000000E+01  1.2500000000E+01 Bohr
              amu      3.99480000E+01
           diemac      4.00000000E+00
             ecut      1.80000000E+01 Hartree
           ecutsm      5.00000000E-01 Hartree
-          fftalg         112
           getden1          0
           getden2         -1
           getwfk1          0
           getwfk2         -1
             iscf1          5
             iscf2         -2
           istwfk1       1    1    1
           istwfk2       1    1    1    1    1    1    1    1
              ixc          14
           jdtset        1    2
              kpt1     0.00000000E+00  0.00000000E+00  0.00000000E+00
                       5.00000000E-01  0.00000000E+00  0.00000000E+00
                       5.00000000E-01  5.00000000E-01  0.00000000E+00
              kpt2     0.00000000E+00  0.00000000E+00  0.00000000E+00
                       5.00000000E-01  0.00000000E+00  0.00000000E+00
                       0.00000000E+00  5.00000000E-01  0.00000000E+00
                       5.00000000E-01  5.00000000E-01  0.00000000E+00
                       0.00000000E+00  0.00000000E+00  5.00000000E-01
                       5.00000000E-01  0.00000000E+00  5.00000000E-01
                       0.00000000E+00  5.00000000E-01  5.00000000E-01
                       5.00000000E-01  5.00000000E-01  5.00000000E-01
           kptopt1          1
           kptopt2          3
         kptrlatt        2    0    0      0    2    0      0    0    2
          kptrlen      1.76776695E+01
P           mkmem1          3
P           mkmem2          8
            natom           1
            nband1          5
            nband2          4
           nbdbuf1          0
           nbdbuf2          2
           ndtset           2
            ngfft          36      36      36
             nkpt1          3
             nkpt2          8
            nstep1        100
            nstep2          0
             nsym          48
           ntypat           1
              occ      2.000000  2.000000  2.000000  2.000000  0.000000
          prtwant1          0
          prtwant2          2
            rprim      0.0000000000E+00  5.0000000000E-01  5.0000000000E-01
                       5.0000000000E-01  0.0000000000E+00  5.0000000000E-01
                       5.0000000000E-01  5.0000000000E-01  0.0000000000E+00
          spgroup         225
           symrel      1  0  0   0  1  0   0  0  1      -1  0  0   0 -1  0   0  0 -1
                       0 -1  1   0 -1  0   1 -1  0       0  1 -1   0  1  0  -1  1  0
                      -1  0  0  -1  0  1  -1  1  0       1  0  0   1  0 -1   1 -1  0
                       0  1 -1   1  0 -1   0  0 -1       0 -1  1  -1  0  1   0  0  1
                      -1  0  0  -1  1  0  -1  0  1       1  0  0   1 -1  0   1  0 -1
                       0 -1  1   1 -1  0   0 -1  0       0  1 -1  -1  1  0   0  1  0
                       1  0  0   0  0  1   0  1  0      -1  0  0   0  0 -1   0 -1  0
                       0  1 -1   0  0 -1   1  0 -1       0 -1  1   0  0  1  -1  0  1
                      -1  0  1  -1  1  0  -1  0  0       1  0 -1   1 -1  0   1  0  0
                       0 -1  0   1 -1  0   0 -1  1       0  1  0  -1  1  0   0  1 -1
                       1  0 -1   0  0 -1   0  1 -1      -1  0  1   0  0  1   0 -1  1
                       0  1  0   0  0  1   1  0  0       0 -1  0   0  0 -1  -1  0  0
                       1  0 -1   0  1 -1   0  0 -1      -1  0  1   0 -1  1   0  0  1
                       0 -1  0   0 -1  1   1 -1  0       0  1  0   0  1 -1  -1  1  0
                      -1  0  1  -1  0  0  -1  1  0       1  0 -1   1  0  0   1 -1  0
                       0  1  0   1  0  0   0  0  1       0 -1  0  -1  0  0   0  0 -1
                       0  0 -1   0  1 -1   1  0 -1       0  0  1   0 -1  1  -1  0  1
                       1 -1  0   0 -1  1   0 -1  0      -1  1  0   0  1 -1   0  1  0
                       0  0  1   1  0  0   0  1  0       0  0 -1  -1  0  0   0 -1  0
                      -1  1  0  -1  0  0  -1  0  1       1 -1  0   1  0  0   1  0 -1
                       0  0  1   0  1  0   1  0  0       0  0 -1   0 -1  0  -1  0  0
                       1 -1  0   0 -1  0   0 -1  1      -1  1  0   0  1  0   0  1 -1
                       0  0 -1   1  0 -1   0  1 -1       0  0  1  -1  0  1   0 -1  1
                      -1  1  0  -1  0  1  -1  0  0       1 -1  0   1  0 -1   1  0  0
           tolvrs1     1.00000000E-12
           tolvrs2     0.00000000E+00
           tolwfr1     0.00000000E+00
           tolwfr2     1.00000000E-10
            typat      1
    vdw_supercell1          0       0       0
    vdw_supercell2          3       3       3
           vdw_xc1          0
           vdw_xc2         14
              wtk1       0.12500    0.50000    0.37500
              wtk2       0.12500    0.12500    0.12500    0.12500    0.12500    0.12500
                         0.12500    0.12500
            znucl       18.00000

================================================================================

 chkinp: Checking input parameters for consistency, jdtset=   1.

 chkinp: Checking input parameters for consistency, jdtset=   2.

================================================================================
== DATASET  1 ==================================================================
-   nproc =    1

 Exchange-correlation functional for the present dataset will be:
  GGA: revPBE functional - ixc=14
 Citation for XC functional:
  Zhang and Yang, PRL 80, 890 (1998)

 Real(R)+Recip(G) space primitive vectors, cartesian coordinates (Bohr,Bohr^-1):
 R(1)=  0.0000000  6.2500000  6.2500000  G(1)= -0.0800000  0.0800000  0.0800000
 R(2)=  6.2500000  0.0000000  6.2500000  G(2)=  0.0800000 -0.0800000  0.0800000
 R(3)=  6.2500000  6.2500000  0.0000000  G(3)=  0.0800000  0.0800000 -0.0800000
 Unit cell volume ucvol=  4.8828125E+02 bohr^3
 Angles (23,13,12)=  6.00000000E+01  6.00000000E+01  6.00000000E+01 degrees

 getcut: wavevector=  0.0000  0.0000  0.0000  ngfft=  36  36  36
         ecut(hartree)=     18.000   => boxcut(ratio)=   2.13258

--- Pseudopotential description ------------------------------------------------
- pspini: atom type   1  psp file is /home/gonze/ABINIT/ABINITv7.10.4/trunk/7.10.4-private/tests/Psps_for_tests/18ar.revpbe
- pspatm: opening atomic psp file    /home/gonze/ABINIT/ABINITv7.10.4/trunk/7.10.4-private/tests/Psps_for_tests/18ar.revpbe
-   Ar  APE 1.0 : Troullier-Martins scheme, Perdew-Wang LDA, llocal= 1
- 18.00000   8.00000  20100419                znucl, zion, pspdat
    6    7    1    1       800   0.00000      pspcod,pspxc,lmax,lloc,mmax,r2well
    0.00000000000000    0.00000000000000    0.00000000000000   rchrg,fchrg,qchrg
  1.018841          amesh (Hamman grid)
 pspatm: epsatm=   16.71504544
         --- l  ekb(1:nproj) -->
             0    1.363104
 pspatm: atomic psp has been read  and splines computed

   1.33720364E+02                                ecore*ucvol(ha*bohr**3)
--------------------------------------------------------------------------------

P newkpt: treating      5 bands with npw=    1807 for ikpt=   1 by node    0
P newkpt: treating      5 bands with npw=    1772 for ikpt=   2 by node    0
P newkpt: treating      5 bands with npw=    1772 for ikpt=   3 by node    0

_setup2: Arith. and geom. avg. npw (full set) are    1776.375    1776.338

================================================================================

     iter   Etot(hartree)      deltaE(h)  residm     vres2
 ETOT  1  -21.250238328552    -2.125E+01 7.206E-03 6.129E+01
 ETOT  2  -21.251708571344    -1.470E-03 3.538E-07 1.264E+00
 ETOT  3  -21.251766333298    -5.776E-05 1.480E-06 1.089E-01
 ETOT  4  -21.251769662877    -3.330E-06 5.563E-08 6.975E-01
 ETOT  5  -21.251770472542    -8.097E-07 4.785E-09 7.125E-03
 ETOT  6  -21.251770611948    -1.394E-07 2.812E-09 7.323E-04
 ETOT  7  -21.251770612792    -8.437E-10 1.982E-11 7.291E-04
 ETOT  8  -21.251770616661    -3.869E-09 6.792E-11 3.369E-05
 ETOT  9  -21.251770616922    -2.610E-10 9.305E-12 3.756E-07
 ETOT 10  -21.251770616931    -9.614E-12 3.897E-13 1.670E-06
 ETOT 11  -21.251770616936    -5.045E-12 3.475E-13 1.759E-07
 ETOT 12  -21.251770616936    -4.974E-14 4.069E-14 2.118E-08
 ETOT 13  -21.251770616936    -8.527E-14 5.380E-15 6.209E-09
 ETOT 14  -21.251770616936     1.812E-13 4.209E-16 7.082E-11
 ETOT 15  -21.251770616936    -2.203E-13 2.093E-16 5.098E-11
 ETOT 16  -21.251770616937    -1.350E-13 8.465E-18 4.951E-12
 ETOT 17  -21.251770616936     1.172E-13 1.581E-18 5.947E-13

 At SCF step   17       vres2   =  5.95E-13 < tolvrs=  1.00E-12 =>converged.

 Cartesian components of stress tensor (hartree/bohr^3)
  sigma(1 1)= -1.45574827E-06  sigma(3 2)=  0.00000000E+00
  sigma(2 2)= -1.45574827E-06  sigma(3 1)=  0.00000000E+00
  sigma(3 3)= -1.45574827E-06  sigma(2 1)=  0.00000000E+00

================================================================================

 ----iterations are completed or convergence reached----

 Mean square residual over all n,k,spin=   2.5558E-19; max=  1.5806E-18
   0.0000  0.0000  0.0000    1  1.58063E-18 kpt; spin; max resid(k); each band:
  3.55E-19 3.18E-21 3.18E-21 3.18E-21 1.58E-18
   0.5000  0.0000  0.0000    1  5.63819E-19 kpt; spin; max resid(k); each band:
  3.58E-19 4.63E-21 5.07E-20 5.07E-20 5.64E-19
   0.5000  0.5000  0.0000    1  6.71736E-19 kpt; spin; max resid(k); each band:
  1.79E-19 3.13E-21 3.32E-21 3.32E-21 6.72E-19
 reduced coordinates (array xred) for    1 atoms
       0.000000000000      0.000000000000      0.000000000000
 rms dE/dt=  0.0000E+00; max dE/dt=  0.0000E+00; dE/dt below (all hartree)
    1       0.000000000000      0.000000000000      0.000000000000

 cartesian coordinates (angstrom) at end:
    1      0.00000000000000     0.00000000000000     0.00000000000000

 cartesian forces (hartree/bohr) at end:
    1     -0.00000000000000    -0.00000000000000    -0.00000000000000
 frms,max,avg= 0.0000000E+00 0.0000000E+00   0.000E+00  0.000E+00  0.000E+00 h/b

 cartesian forces (eV/Angstrom) at end:
    1     -0.00000000000000    -0.00000000000000    -0.00000000000000
 frms,max,avg= 0.0000000E+00 0.0000000E+00   0.000E+00  0.000E+00  0.000E+00 e/A
 length scales= 12.500000000000 12.500000000000 12.500000000000 bohr
              =  6.614715107375  6.614715107375  6.614715107375 angstroms
 prteigrs : about to open file t13o_DS1_EIG
 Fermi (or HOMO) energy (hartree) =  -0.30447   Average Vxc (hartree)=  -0.16347
 Eigenvalues (hartree) for nkpt=   3  k points:
 kpt#   1, nband=  5, wtk=  0.12500, kpt=  0.0000  0.0000  0.0000 (reduced coord)
  -0.80993  -0.30447  -0.30447  -0.30447   0.00891
 kpt#   2, nband=  5, wtk=  0.50000, kpt=  0.5000  0.0000  0.0000 (reduced coord)
  -0.80928  -0.31336  -0.30554  -0.30554   0.10208
 kpt#   3, nband=  5, wtk=  0.37500, kpt=  0.5000  0.5000  0.0000 (reduced coord)
  -0.80907  -0.31267  -0.30750  -0.30750   0.11946
 Total charge density [el/Bohr^3]
,     Maximum=    3.8671E-01  at reduced coord.    0.9444    0.9722    0.9722
,Next maximum=    3.8671E-01  at reduced coord.    0.1111    0.9722    0.9722
,     Minimum=    2.5717E-05  at reduced coord.    0.5000    0.5000    0.5000
,Next minimum=    2.7004E-05  at reduced coord.    0.5000    0.5000    0.4722
,  Integrated=    8.0000E+00

--------------------------------------------------------------------------------
 Components of total free energy (in Hartree) :

    Kinetic energy  =  7.52321597467551E+00
    Hartree energy  =  7.39017306971940E+00
    XC energy       = -3.65792935546809E+00
    Ewald energy    = -1.17372469097313E+01
    PspCore energy  =  2.73859304494705E-01
    Loc. psp. energy= -2.19127128479300E+01
    NL   psp  energy=  8.68870147303390E-01
    >>>>>>>>> Etotal= -2.12517706169364E+01

 Other information on the energy :
    Total energy(eV)= -5.78290087962125E+02 ; Band energy (Ha)=  -3.4671079604E+00
--------------------------------------------------------------------------------

 Cartesian components of stress tensor (hartree/bohr^3)
  sigma(1 1)= -1.45574827E-06  sigma(3 2)=  0.00000000E+00
  sigma(2 2)= -1.45574827E-06  sigma(3 1)=  0.00000000E+00
  sigma(3 3)= -1.45574827E-06  sigma(2 1)=  0.00000000E+00

-Cartesian components of stress tensor (GPa)         [Pressure=  4.2830E-02 GPa]
- sigma(1 1)= -4.28295857E-02  sigma(3 2)=  0.00000000E+00
- sigma(2 2)= -4.28295857E-02  sigma(3 1)=  0.00000000E+00
- sigma(3 3)= -4.28295857E-02  sigma(2 1)=  0.00000000E+00

================================================================================
== DATASET  2 ==================================================================
-   nproc =    1

 mkfilename : getwfk/=0, take file _WFK from output of DATASET   1.

 mkfilename : getden/=0, take file _DEN from output of DATASET   1.

 Exchange-correlation functional for the present dataset will be:
  GGA: revPBE functional - ixc=14
 Citation for XC functional:
  Zhang and Yang, PRL 80, 890 (1998)

 Real(R)+Recip(G) space primitive vectors, cartesian coordinates (Bohr,Bohr^-1):
 R(1)=  0.0000000  6.2500000  6.2500000  G(1)= -0.0800000  0.0800000  0.0800000
 R(2)=  6.2500000  0.0000000  6.2500000  G(2)=  0.0800000 -0.0800000  0.0800000
 R(3)=  6.2500000  6.2500000  0.0000000  G(3)=  0.0800000  0.0800000 -0.0800000
 Unit cell volume ucvol=  4.8828125E+02 bohr^3
 Angles (23,13,12)=  6.00000000E+01  6.00000000E+01  6.00000000E+01 degrees

 getcut: wavevector=  0.0000  0.0000  0.0000  ngfft=  36  36  36
         ecut(hartree)=     18.000   => boxcut(ratio)=   2.13258
--------------------------------------------------------------------------------

-inwffil : will read wavefunctions from disk file t13o_DS1_WFK
- newkpt: read input wf with ikpt,npw=   1    1807, make ikpt,npw=   1    1807
- newkpt: read input wf with ikpt,npw=   2    1772, make ikpt,npw=   2    1772
- newkpt: read input wf with ikpt,npw=   2    1772, make ikpt,npw=   3    1772
- newkpt: read input wf with ikpt,npw=   3    1772, make ikpt,npw=   4    1772
- newkpt: read input wf with ikpt,npw=   2    1772, make ikpt,npw=   5    1772
- newkpt: read input wf with ikpt,npw=   3    1772, make ikpt,npw=   6    1772
- newkpt: read input wf with ikpt,npw=   3    1772, make ikpt,npw=   7    1772
- newkpt: read input wf with ikpt,npw=   2    1772, make ikpt,npw=   8    1772


================================================================================

---------------------------------------------------------------

  Calculation of overlap and call to wannier90 library 
  to obtain maximally localized wannier functions 

  - w90.win is a mandatory secondary input
  - w90.wout is the output for the library
  - w90random.amn contains random projections
  - w90.amn contains projections
  - w90.mmn contains the overlap
  - w90.eig contains the eigenvalues

---------------------------------------------------------------

   mlwfovlp:  you should give k-point in the full brillouin zone 
   with explicit k-points (or kptopt=3) and istwfk 1

   mlwfovlp :  mlwfovlp_setup done -
-  see w90.wout for details.

   Writing top of the overlap matrix: M_mn(ikb,ik)
   m=n=1:3, ikb=1, ik=1

;   (   0.931373  -0.000000 ,   0.346217  -0.000000 ,  -0.000000  -0.000000 ,    )
;   (  -0.083473   0.000000 ,   0.199779  -0.000001 ,   0.911369   0.000001 ,    )
;   (  -0.113675   0.000001 ,   0.272064  -0.000002 ,  -0.140310   0.000004 ,    )

   Writing bottom of the overlap matrix: M_mn(ikb,ik)
   m=n=num_bands-2:num_bands, ikb=nntot, ik=nkpt

;   (  -0.564431   0.000000 ,   0.715303  -0.000000 ,  -0.163186   0.000002 ,    )
;   (  -0.114772  -0.000006 ,   0.133853  -0.000002 ,   0.921675  -0.000000 ,    )
;   (  -0.693872  -0.000001 ,  -0.473271   0.000001 ,  -0.049533   0.000007 ,    )

   Writing top of the initial projections matrix: A_mn(ik)
   m=1:3, n=1:3, ik=1

;   (   0.155744   0.093686 ,   0.216971   0.250192 ,   0.252459   0.234924 ,    )
;   (   0.158021   0.168146 ,   0.251976   0.200257 ,   0.227885   0.020724 ,    )
;   (   0.133966   0.051926 ,   0.105189   0.255798 ,   0.232946   0.042728 ,    )

   Writing bottom of the initial projections matrix: A_mn(ik)
   m=num_bands-2:num_bands, n=nwan-2:nwan, ik=nkpt

;   (   0.029706   0.127784 ,   0.200276   0.208055 ,   0.129656   0.280727 ,    )
;   (   0.205530   0.158666 ,   0.212015   0.402459 ,   0.246136   0.039495 ,    )
;   (   0.133552   0.150936 ,   0.151632   0.183667 ,   0.164708   0.190351 ,    )

   mlwfovlp :  mlwfovlp_run completed -
-  see w90.wout for details.


 vdw_xc : 14
 van der Waals correction(Ha):   -0.010618
 van der Waals correction(eV):   -0.288918

================================================================================

 ----iterations are completed or convergence reached----

 Mean square residual over all n,k,spin=   2.3861E-18; max=  3.0811E-18
   0.0000  0.0000  0.0000    1  2.27564E-18 kpt; spin; max resid(k); each band:
  2.03E-18 2.28E-18 2.28E-18 2.28E-18
   0.5000  0.0000  0.0000    1  3.08115E-18 kpt; spin; max resid(k); each band:
  1.97E-18 3.08E-18 2.28E-18 2.28E-18
   0.0000  0.5000  0.0000    1  3.07160E-18 kpt; spin; max resid(k); each band:
  1.97E-18 3.07E-18 2.28E-18 2.28E-18
   0.5000  0.5000  0.0000    1  2.76460E-18 kpt; spin; max resid(k); each band:
  1.98E-18 2.76E-18 2.47E-18 2.47E-18
   0.0000  0.0000  0.5000    1  3.06198E-18 kpt; spin; max resid(k); each band:
  1.97E-18 3.06E-18 2.29E-18 2.28E-18
   0.5000  0.0000  0.5000    1  2.75672E-18 kpt; spin; max resid(k); each band:
  1.98E-18 2.76E-18 2.48E-18 2.47E-18
   0.0000  0.5000  0.5000    1  2.75090E-18 kpt; spin; max resid(k); each band:
  1.98E-18 2.75E-18 2.50E-18 2.47E-18
   0.5000  0.5000  0.5000    1  3.07160E-18 kpt; spin; max resid(k); each band:
  1.97E-18 3.07E-18 2.29E-18 2.27E-18
 reduced coordinates (array xred) for    1 atoms
       0.000000000000      0.000000000000      0.000000000000

 cartesian coordinates (angstrom) at end:
    1      0.00000000000000     0.00000000000000     0.00000000000000
 length scales= 12.500000000000 12.500000000000 12.500000000000 bohr
              =  6.614715107375  6.614715107375  6.614715107375 angstroms
 prteigrs : about to open file t13o_DS2_EIG
 Eigenvalues (hartree) for nkpt=   8  k points:
 kpt#   1, nband=  4, wtk=  0.12500, kpt=  0.0000  0.0000  0.0000 (reduced coord)
  -0.80993  -0.30447  -0.30447  -0.30447
 kpt#   2, nband=  4, wtk=  0.12500, kpt=  0.5000  0.0000  0.0000 (reduced coord)
  -0.80928  -0.31336  -0.30554  -0.30554
 kpt#   3, nband=  4, wtk=  0.12500, kpt=  0.0000  0.5000  0.0000 (reduced coord)
  -0.80928  -0.31336  -0.30554  -0.30554
 kpt#   4, nband=  4, wtk=  0.12500, kpt=  0.5000  0.5000  0.0000 (reduced coord)
  -0.80907  -0.31267  -0.30750  -0.30750
 kpt#   5, nband=  4, wtk=  0.12500, kpt=  0.0000  0.0000  0.5000 (reduced coord)
  -0.80928  -0.31336  -0.30554  -0.30554
 kpt#   6, nband=  4, wtk=  0.12500, kpt=  0.5000  0.0000  0.5000 (reduced coord)
  -0.80907  -0.31267  -0.30750  -0.30750
 kpt#   7, nband=  4, wtk=  0.12500, kpt=  0.0000  0.5000  0.5000 (reduced coord)
  -0.80907  -0.31267  -0.30750  -0.30750
 kpt#   8, nband=  4, wtk=  0.12500, kpt=  0.5000  0.5000  0.5000 (reduced coord)
  -0.80928  -0.31336  -0.30554  -0.30554
 Total charge density [el/Bohr^3]
,     Maximum=    3.8671E-01  at reduced coord.    0.9444    0.9722    0.9722
,Next maximum=    3.8671E-01  at reduced coord.    0.1111    0.9722    0.9722
,     Minimum=    2.5717E-05  at reduced coord.    0.5000    0.5000    0.5000
,Next minimum=    2.7004E-05  at reduced coord.    0.5000    0.5000    0.4722
,  Integrated=    8.0000E+00

== END DATASET(S) ==============================================================
================================================================================
  
 -outvars: echo values of variables after computation  --------
            acell      1.2500000000E+01  1.2500000000E+01  1.2500000000E+01 Bohr
              amu      3.99480000E+01
           diemac      4.00000000E+00
             ecut      1.80000000E+01 Hartree
           ecutsm      5.00000000E-01 Hartree
           etotal1    -2.1251770617E+01
            fcart1    -0.0000000000E+00 -0.0000000000E+00 -0.0000000000E+00
-          fftalg         112
           getden1          0
           getden2         -1
           getwfk1          0
           getwfk2         -1
             iscf1          5
             iscf2         -2
           istwfk1       1    1    1
           istwfk2       1    1    1    1    1    1    1    1
              ixc          14
           jdtset        1    2
              kpt1     0.00000000E+00  0.00000000E+00  0.00000000E+00
                       5.00000000E-01  0.00000000E+00  0.00000000E+00
                       5.00000000E-01  5.00000000E-01  0.00000000E+00
              kpt2     0.00000000E+00  0.00000000E+00  0.00000000E+00
                       5.00000000E-01  0.00000000E+00  0.00000000E+00
                       0.00000000E+00  5.00000000E-01  0.00000000E+00
                       5.00000000E-01  5.00000000E-01  0.00000000E+00
                       0.00000000E+00  0.00000000E+00  5.00000000E-01
                       5.00000000E-01  0.00000000E+00  5.00000000E-01
                       0.00000000E+00  5.00000000E-01  5.00000000E-01
                       5.00000000E-01  5.00000000E-01  5.00000000E-01
           kptopt1          1
           kptopt2          3
         kptrlatt        2    0    0      0    2    0      0    0    2
          kptrlen      1.76776695E+01
P           mkmem1          3
P           mkmem2          8
            natom           1
            nband1          5
            nband2          4
           nbdbuf1          0
           nbdbuf2          2
           ndtset           2
            ngfft          36      36      36
             nkpt1          3
             nkpt2          8
            nstep1        100
            nstep2          0
             nsym          48
           ntypat           1
              occ      2.000000  2.000000  2.000000  2.000000  0.000000
          prtwant1          0
          prtwant2          2
            rprim      0.0000000000E+00  5.0000000000E-01  5.0000000000E-01
                       5.0000000000E-01  0.0000000000E+00  5.0000000000E-01
                       5.0000000000E-01  5.0000000000E-01  0.0000000000E+00
          spgroup         225
           strten1    -1.4557482747E-06 -1.4557482747E-06 -1.4557482747E-06
                       0.0000000000E+00  0.0000000000E+00  0.0000000000E+00
           symrel      1  0  0   0  1  0   0  0  1      -1  0  0   0 -1  0   0  0 -1
                       0 -1  1   0 -1  0   1 -1  0       0  1 -1   0  1  0  -1  1  0
                      -1  0  0  -1  0  1  -1  1  0       1  0  0   1  0 -1   1 -1  0
                       0  1 -1   1  0 -1   0  0 -1       0 -1  1  -1  0  1   0  0  1
                      -1  0  0  -1  1  0  -1  0  1       1  0  0   1 -1  0   1  0 -1
                       0 -1  1   1 -1  0   0 -1  0       0  1 -1  -1  1  0   0  1  0
                       1  0  0   0  0  1   0  1  0      -1  0  0   0  0 -1   0 -1  0
                       0  1 -1   0  0 -1   1  0 -1       0 -1  1   0  0  1  -1  0  1
                      -1  0  1  -1  1  0  -1  0  0       1  0 -1   1 -1  0   1  0  0
                       0 -1  0   1 -1  0   0 -1  1       0  1  0  -1  1  0   0  1 -1
                       1  0 -1   0  0 -1   0  1 -1      -1  0  1   0  0  1   0 -1  1
                       0  1  0   0  0  1   1  0  0       0 -1  0   0  0 -1  -1  0  0
                       1  0 -1   0  1 -1   0  0 -1      -1  0  1   0 -1  1   0  0  1
                       0 -1  0   0 -1  1   1 -1  0       0  1  0   0  1 -1  -1  1  0
                      -1  0  1  -1  0  0  -1  1  0       1  0 -1   1  0  0   1 -1  0
                       0  1  0   1  0  0   0  0  1       0 -1  0  -1  0  0   0  0 -1
                       0  0 -1   0  1 -1   1  0 -1       0  0  1   0 -1  1  -1  0  1
                       1 -1  0   0 -1  1   0 -1  0      -1  1  0   0  1 -1   0  1  0
                       0  0  1   1  0  0   0  1  0       0  0 -1  -1  0  0   0 -1  0
                      -1  1  0  -1  0  0  -1  0  1       1 -1  0   1  0  0   1  0 -1
                       0  0  1   0  1  0   1  0  0       0  0 -1   0 -1  0  -1  0  0
                       1 -1  0   0 -1  0   0 -1  1      -1  1  0   0  1  0   0  1 -1
                       0  0 -1   1  0 -1   0  1 -1       0  0  1  -1  0  1   0 -1  1
                      -1  1  0  -1  0  1  -1  0  0       1 -1  0   1  0 -1   1  0  0
           tolvrs1     1.00000000E-12
           tolvrs2     0.00000000E+00
           tolwfr1     0.00000000E+00
           tolwfr2     1.00000000E-10
            typat      1
    vdw_supercell1          0       0       0
    vdw_supercell2          3       3       3
           vdw_xc1          0
           vdw_xc2         14
              wtk1       0.12500    0.50000    0.37500
              wtk2       0.12500    0.12500    0.12500    0.12500    0.12500    0.12500
                         0.12500    0.12500
            znucl       18.00000

================================================================================


- Timing analysis has been suppressed with timopt=0



================================================================================

 Suggested references for the acknowledgment of ABINIT usage.

 The users of ABINIT have little formal obligations with respect to the ABINIT group
 (those specified in the GNU General Public License, http://www.gnu.org/copyleft/gpl.txt).
 However, it is common practice in the scientific literature,
 to acknowledge the efforts of people that have made the research possible.
 In this spirit, please find below suggested citations of work written by ABINIT developers,
 corresponding to implementations inside of ABINIT that you have used in the present run.
 Note also that it will be of great value to readers of publications presenting these results,
 to read papers enabling them to understand the theoretical formalism and details
 of the ABINIT implementation.
 For information on why they are suggested, see also http://www.abinit.org/about/?text=acknowledgments.

 [1] Ab initio pseudopotentials for electronic structure calculations of poly-atomic systems, 
 using density-functional theory.
 M. Fuchs, M. Scheffler, Comput. Phys. Commun. 119, 67 (1999).
 Comment : Some pseudopotential generated using the FHI code were used.

 [2] ABINIT : First-principles approach of materials and nanosystem properties.
 X. Gonze, B. Amadon, P.-M. Anglade, J.-M. Beuken, F. Bottin, P. Boulanger, F. Bruneval,
 D. Caliste, R. Caracas, M. Cote, T. Deutsch, L. Genovese, Ph. Ghosez, M. Giantomassi
 S. Goedecker, D.R. Hamann, P. Hermet, F. Jollet, G. Jomard, S. Leroux, M. Mancini, S. Mazevet,
 M.J.T. Oliveira, G. Onida, Y. Pouillon, T. Rangel, G.-M. Rignanese, D. Sangalli, R. Shaltaf,
 M. Torrent, M.J. Verstraete, G. Zerah, J.W. Zwanziger
 Computer Phys. Comm. 180, 2582-2615 (2009).
 Comment : the third generic paper describing the ABINIT project.
 Note that a version of this paper, that is not formatted for Computer Phys. Comm. 
 is available at http://www.abinit.org/about/ABINIT_CPC_v10.pdf .
 The licence allows the authors to put it on the Web.

 [3] A brief introduction to the ABINIT software package.
 X. Gonze, G.-M. Rignanese, M. Verstraete, J.-M. Beuken, Y. Pouillon, R. Caracas, F. Jollet,
 M. Torrent, G. Zerah, M. Mikami, Ph. Ghosez, M. Veithen, J.-Y. Raty, V. Olevano, F. Bruneval,
 L. Reining, R. Godby, G. Onida, D.R. Hamann, and D.C. Allan.
 Z. Kristallogr. 220, 558-562 (2005).
 Comment : the second generic paper describing the ABINIT project. Note that this paper
 should be cited especially if you are using the GW part of ABINIT, as several authors
 of this part are not in the list of authors of the first or third paper.
 The .pdf of the latter paper is available at http://www.abinit.org/about/zfk_0505-06_558-562.pdf.
 Note that it should not redistributed (Copyright by Oldenburg Wissenshaftverlag,
 the licence allows the authors to put it on the Web).


 And optionally :

 [4] First-principles computation of material properties : the ABINIT software project. 
 X. Gonze, J.-M. Beuken, R. Caracas, F. Detraux, M. Fuchs, G.-M. Rignanese, L. Sindic,
 M. Verstraete, G. Zerah, F. Jollet, M. Torrent, A. Roy, M. Mikami, Ph. Ghosez, J.-Y. Raty, D.C. Allan.
 Computational Materials Science 25, 478-492 (2002). http://dx.doi.org/10.1016/S0927-0256(02)00325-7
 Comment : the original paper describing the ABINIT project.

 [5] Fast radix 2, 3, 4 and 5 kernels for Fast Fourier Transformations
 on computers with overlapping multiply-add instructions.
 S. Goedecker, SIAM J. on Scientific Computing 18, 1605 (1997).
-
- Proc.   0 individual time (sec): cpu=          3.6  wall=          3.6

================================================================================

 Calculation completed.
.Delivered    4 WARNINGs and   4 COMMENTs to log file.
+Overall time at end (sec) : cpu=          3.6  wall=          3.6
