
.Version 7.9.3 of ABINIT 
.(MPI version, prepared for a x86_64_linux_gnu4.7 computer) 

.Copyright (C) 1998-2014 ABINIT group . 
 ABINIT comes with ABSOLUTELY NO WARRANTY.
 It is free software, and you are welcome to redistribute it
 under certain conditions (GNU General Public License,
 see ~abinit/COPYING or http://www.gnu.org/copyleft/gpl.txt).

 ABINIT is a project of the Universite Catholique de Louvain,
 Corning Inc. and other collaborators, see ~abinit/doc/developers/contributors.txt .
 Please read ~abinit/doc/users/acknowledgments.html for suggested
 acknowledgments of the ABINIT effort.
 For more information, see http://www.abinit.org .

.Starting date : Sat 30 Aug 2014.
- ( at 22h33 )
  
- input  file    -> t03.in
- output file    -> t03.out
- root for input  files -> t03i
- root for output files -> t03o


 DATASET    1 : space group F-4 3 m (#216); Bravais cF (face-center cubic)
================================================================================
 Values of the parameters that define the memory need for DATASET  1.
   intxc =         0  ionmov =         0    iscf =         5 xclevel =         1
  lmnmax =         4   lnmax =         4   mband =         4  mffmem =         1
P  mgfft =        16   mkmem =         2 mpssoang=         3     mpw =       186
  mqgrid =      3001   natom =         2    nfft =      4096    nkpt =         2
  nloalg =         4  nspden =         1 nspinor =         1  nsppol =         1
    nsym =        24  n1xccc =         0  ntypat =         1  occopt =         0
================================================================================
P This job should need less than                       1.531 Mbytes of memory.
  Rough estimation (10% accuracy) of disk space for files :
_ WF disk file :      0.025 Mbytes ; DEN or POT disk file :      0.033 Mbytes.
================================================================================


 DATASET    2 : space group F-4 3 m (#216); Bravais cF (face-center cubic)
================================================================================
 Values of the parameters that define the memory need for DATASET  2.
   intxc =         0  ionmov =         0    iscf =         5 xclevel =         1
  lmnmax =         8   lnmax =         4   mband =         4  mffmem =         1
P  mgfft =        16   mkmem =         2 mpssoang=         3     mpw =       186
  mqgrid =      3001   natom =         2    nfft =      4096    nkpt =         2
  nloalg =         4  nspden =         1 nspinor =         1  nsppol =         1
    nsym =        24  n1xccc =         0  ntypat =         1  occopt =         0
================================================================================
P This job should need less than                       1.580 Mbytes of memory.
  Rough estimation (10% accuracy) of disk space for files :
_ WF disk file :      0.025 Mbytes ; DEN or POT disk file :      0.033 Mbytes.
================================================================================

--------------------------------------------------------------------------------
------------- Echo of variables that govern the present computation ------------
--------------------------------------------------------------------------------
-
- outvars: echo of selected default values                                      
-   accesswff0 =  0 , fftalg0 =112 , wfoptalg0 =  0
-
- outvars: echo of global parameters not present in the input file              
-  max_nthreads =    0
-
 -outvars: echo values of preprocessed input variables --------
            acell      1.0366000000E+01  1.0366000000E+01  1.0366000000E+01 Bohr
              amu      2.80855000E+01
           diemac      1.20000000E+01
             ecut      5.80000000E+00 Hartree
           enunit           2
-          fftalg         112
             iscf           5
              ixc           3
           jdtset        1    2
              kpt      1.00000000E+00  1.00000000E+00  1.00000000E+00
                       1.00000000E+00  2.00000000E+00  2.00000000E+00
           kptnrm      4.00000000E+00
           kptopt           0
P           mkmem           2
            natom           2
            nband           4
           ndtset           2
            ngfft          16      16      16
             nkpt           2
            nstep          20
             nsym          24
           ntypat           1
              occ      2.000000  2.000000  2.000000  2.000000
           occopt           0
            rprim      0.0000000000E+00  5.0000000000E-01  5.0000000000E-01
                       5.0000000000E-01  0.0000000000E+00  5.0000000000E-01
                       5.0000000000E-01  5.0000000000E-01  0.0000000000E+00
          spgroup         216
           symrel      1  0  0   0  1  0   0  0  1       0  1 -1   1  0 -1   0  0 -1
                       0 -1  1   0 -1  0   1 -1  0      -1  0  0  -1  0  1  -1  1  0
                       0  1  0   0  0  1   1  0  0       1  0 -1   0  0 -1   0  1 -1
                       0 -1  0   1 -1  0   0 -1  1      -1  0  1  -1  1  0  -1  0  0
                       0  0  1   1  0  0   0  1  0       0  0 -1   0  1 -1   1  0 -1
                       1 -1  0   0 -1  1   0 -1  0      -1  1  0  -1  0  0  -1  0  1
                       1  0 -1   0  1 -1   0  0 -1       0  1  0   1  0  0   0  0  1
                      -1  0  1  -1  0  0  -1  1  0       0 -1  0   0 -1  1   1 -1  0
                      -1  1  0  -1  0  1  -1  0  0       1 -1  0   0 -1  0   0 -1  1
                       0  0 -1   1  0 -1   0  1 -1       0  0  1   0  1  0   1  0  0
                       0 -1  1   1 -1  0   0 -1  0      -1  0  0  -1  1  0  -1  0  1
                       1  0  0   0  0  1   0  1  0       0  1 -1   0  0 -1   1  0 -1
           tolwfr      1.00000000E-14
            typat      1  1
           useylm1          0
           useylm2          1
              wtk        0.25000    0.75000
           xangst      0.0000000000E+00  0.0000000000E+00  0.0000000000E+00
                       1.3713627361E+00  1.3713627361E+00  1.3713627361E+00
            xcart      0.0000000000E+00  0.0000000000E+00  0.0000000000E+00
                       2.5915000000E+00  2.5915000000E+00  2.5915000000E+00
             xred      0.0000000000E+00  0.0000000000E+00  0.0000000000E+00
                       2.5000000000E-01  2.5000000000E-01  2.5000000000E-01
            znucl       14.00000

================================================================================

 chkinp: Checking input parameters for consistency, jdtset=   1.

 chkinp: Checking input parameters for consistency, jdtset=   2.

================================================================================
== DATASET  1 ==================================================================
-   nproc =    1

 Exchange-correlation functional for the present dataset will be:
  LDA: old Teter (4/91) fit to Ceperley-Alder data - ixc=3

 Real(R)+Recip(G) space primitive vectors, cartesian coordinates (Bohr,Bohr^-1):
 R(1)=  0.0000000  5.1830000  5.1830000  G(1)= -0.0964692  0.0964692  0.0964692
 R(2)=  5.1830000  0.0000000  5.1830000  G(2)=  0.0964692 -0.0964692  0.0964692
 R(3)=  5.1830000  5.1830000  0.0000000  G(3)=  0.0964692  0.0964692 -0.0964692
 Unit cell volume ucvol=  2.7846693E+02 bohr^3
 Angles (23,13,12)=  6.00000000E+01  6.00000000E+01  6.00000000E+01 degrees

 getcut: wavevector=  0.0000  0.0000  0.0000  ngfft=  16  16  16
         ecut(hartree)=      5.800   => boxcut(ratio)=   2.01347

--- Pseudopotential description ------------------------------------------------
- pspini: atom type   1  psp file is /home/gonze/ABINIT/ABINITv7.9.3/trunk/7.9.3-private/tests/Psps_for_tests/14si.phoney_mod
- pspatm: opening atomic psp file    /home/gonze/ABINIT/ABINITv7.9.3/trunk/7.9.3-private/tests/Psps_for_tests/14si.phoney_mod
- 2 bohr rc 15 hartree ec psp for silicon 8 November 1991 (new)
- 14.00000   4.00000    980710                znucl, zion, pspdat
    5    3    2    2       600   0.00000      pspcod,pspxc,lmax,lloc,mmax,r2well
    1.000000E-06    3.075239E-02              r1 and al (Hamman grid)
    0   0.000   0.000    2   2.0042666        l,e99.0,e99.9,nproj,rcpsp
   0.00000000   0.00000000   0.00000000   0.00000000     rms, ekb1, ekb2, epsatm
    1   0.000   0.000    2   2.0042666        l,e99.0,e99.9,nproj,rcpsp
   0.00000000   0.00000000   0.00000000   0.00000000     rms, ekb1, ekb2, epsatm
    2   0.000   0.000    0   2.0042666        l,e99.0,e99.9,nproj,rcpsp
   0.00000000   0.00000000   0.00000000   0.00000000     rms, ekb1, ekb2, epsatm
    0.00000000000000    0.00000000000000    0.00000000000000   rchrg,fchrg,qchrg
 pspatm: epsatm=   -1.82035725
         --- l  ekb(1:nproj) -->
             0    3.773677   10.247662
             1    2.166328    2.055393
 pspatm: atomic psp has been read  and splines computed

  -2.91257160E+01                                ecore*ucvol(ha*bohr**3)
--------------------------------------------------------------------------------

P newkpt: treating      4 bands with npw=     180 for ikpt=   1 by node    0
P newkpt: treating      4 bands with npw=     186 for ikpt=   2 by node    0

_setup2: Arith. and geom. avg. npw (full set) are     184.500     184.482

================================================================================

     iter   Etot(hartree)      deltaE(h)  residm     vres2
 ETOT  1  -7.8931360945331    -7.893E+00 1.624E-03 2.851E+00
 ETOT  2  -7.8973458227620    -4.210E-03 2.816E-07 1.141E-01
 ETOT  3  -7.8974495766186    -1.038E-04 5.156E-07 1.851E-02
 ETOT  4  -7.8974616480082    -1.207E-05 2.103E-08 1.785E-03
 ETOT  5  -7.8974625699582    -9.219E-07 5.183E-09 2.492E-04
 ETOT  6  -7.8974628365225    -2.666E-07 5.030E-09 2.926E-05
 ETOT  7  -7.8974628931245    -5.660E-08 4.909E-10 1.458E-07
 ETOT  8  -7.8974628931828    -5.831E-11 2.338E-13 8.466E-08
 ETOT  9  -7.8974628932092    -2.639E-11 8.526E-14 2.406E-09
 ETOT 10  -7.8974628932112    -2.026E-12 2.066E-14 1.099E-10
 ETOT 11  -7.8974628932114    -1.537E-13 4.827E-15 1.306E-11

 At SCF step   11   max residual=  4.83E-15 < tolwfr=  1.00E-14 =>converged.

 Cartesian components of stress tensor (hartree/bohr^3)
  sigma(1 1)=  3.73090511E-04  sigma(3 2)=  0.00000000E+00
  sigma(2 2)=  3.73090511E-04  sigma(3 1)=  0.00000000E+00
  sigma(3 3)=  3.73090511E-04  sigma(2 1)=  0.00000000E+00

================================================================================

 ----iterations are completed or convergence reached----

 Mean square residual over all n,k,spin=   3.5355E-15; max=  4.8272E-15
   0.2500  0.2500  0.2500    1  3.75504E-15 kpt; spin; max resid(k); each band:
  3.07E-15 3.76E-15 2.80E-15 3.49E-15
   0.2500  0.5000  0.5000    1  4.82724E-15 kpt; spin; max resid(k); each band:
  4.83E-15 4.66E-15 2.89E-15 2.80E-15
 reduced coordinates (array xred) for    2 atoms
       0.000000000000      0.000000000000      0.000000000000
       0.250000000000      0.250000000000      0.250000000000
 rms dE/dt=  1.5029E-30; max dE/dt=  1.0518E-30; dE/dt below (all hartree)
    1       0.000000000000      0.000000000000      0.000000000000
    2      -0.000000000000     -0.000000000000      0.000000000000

 cartesian coordinates (angstrom) at end:
    1      0.00000000000000     0.00000000000000     0.00000000000000
    2      1.37136273606098     1.37136273606098     1.37136273606098

 cartesian forces (hartree/bohr) at end:
    1     -0.00000000000000     0.00000000000000    -0.00000000000000
    2      0.00000000000000    -0.00000000000000     0.00000000000000
 frms,max,avg= 1.9151615E-31 3.2977014E-31   0.000E+00  0.000E+00  0.000E+00 h/b

 cartesian forces (eV/Angstrom) at end:
    1     -0.00000000000000     0.00000000000000    -0.00000000000000
    2      0.00000000000000    -0.00000000000000     0.00000000000000
 frms,max,avg= 9.8481556E-30 1.6957461E-29   0.000E+00  0.000E+00  0.000E+00 e/A
 length scales= 10.366000000000 10.366000000000 10.366000000000 bohr
              =  5.485450944244  5.485450944244  5.485450944244 angstroms
 prteigrs : about to open file t03o_DS1_EIG
 Fermi (or HOMO) energy (hartree) =   0.19884   Average Vxc (hartree)=  -0.33198
 Eigenvalues (hartree) for nkpt=   2  k points:
 kpt#   1, nband=  4, wtk=  0.25000, kpt=  0.2500  0.2500  0.2500 (reduced coord)
  -0.17465   0.08568   0.19884   0.19884
 kpt#   2, nband=  4, wtk=  0.75000, kpt=  0.2500  0.5000  0.5000 (reduced coord)
  -0.10616  -0.00320   0.09865   0.14627
 Fermi (or HOMO) energy (eV) =   5.41065   Average Vxc (eV)=  -9.03367
 Eigenvalues (   eV  ) for nkpt=   2  k points:
 kpt#   1, nband=  4, wtk=  0.25000, kpt=  0.2500  0.2500  0.2500 (reduced coord)
  -4.75253   2.33155   5.41065   5.41065
 kpt#   2, nband=  4, wtk=  0.75000, kpt=  0.2500  0.5000  0.5000 (reduced coord)
  -2.88887  -0.08718   2.68452   3.98012
 Total charge density [el/Bohr^3]
,     Maximum=    8.5266E-02  at reduced coord.    0.1250    0.1250    0.6250
,Next maximum=    8.5266E-02  at reduced coord.    0.1250    0.6250    0.1250
,     Minimum=    2.9331E-03  at reduced coord.    0.7500    0.7500    0.7500
,Next minimum=    2.9331E-03  at reduced coord.    0.5000    0.5000    0.5000
,  Integrated=    8.0000E+00

--------------------------------------------------------------------------------
 Components of total free energy (in Hartree) :

    Kinetic energy  =  3.03676762536495E+00
    Hartree energy  =  5.59362740625885E-01
    XC energy       = -2.37986185797304E+00
    Ewald energy    = -8.31456383429187E+00
    PspCore energy  = -1.04593088893965E-01
    Loc. psp. energy= -2.42111268836786E+00
    NL   psp  energy=  1.72653821032453E+00
    >>>>>>>>> Etotal= -7.89746289321137E+00

 Other information on the energy :
    Total energy(eV)= -2.14900894307281E+02 ; Band energy (Ha)=   3.5768309038E-01
--------------------------------------------------------------------------------

 Cartesian components of stress tensor (hartree/bohr^3)
  sigma(1 1)=  3.73090511E-04  sigma(3 2)=  0.00000000E+00
  sigma(2 2)=  3.73090511E-04  sigma(3 1)=  0.00000000E+00
  sigma(3 3)=  3.73090511E-04  sigma(2 1)=  0.00000000E+00

-Cartesian components of stress tensor (GPa)         [Pressure= -1.0977E+01 GPa]
- sigma(1 1)=  1.09767000E+01  sigma(3 2)=  0.00000000E+00
- sigma(2 2)=  1.09767000E+01  sigma(3 1)=  0.00000000E+00
- sigma(3 3)=  1.09767000E+01  sigma(2 1)=  0.00000000E+00

================================================================================
== DATASET  2 ==================================================================
-   nproc =    1

 Exchange-correlation functional for the present dataset will be:
  LDA: old Teter (4/91) fit to Ceperley-Alder data - ixc=3

 Real(R)+Recip(G) space primitive vectors, cartesian coordinates (Bohr,Bohr^-1):
 R(1)=  0.0000000  5.1830000  5.1830000  G(1)= -0.0964692  0.0964692  0.0964692
 R(2)=  5.1830000  0.0000000  5.1830000  G(2)=  0.0964692 -0.0964692  0.0964692
 R(3)=  5.1830000  5.1830000  0.0000000  G(3)=  0.0964692  0.0964692 -0.0964692
 Unit cell volume ucvol=  2.7846693E+02 bohr^3
 Angles (23,13,12)=  6.00000000E+01  6.00000000E+01  6.00000000E+01 degrees

 getcut: wavevector=  0.0000  0.0000  0.0000  ngfft=  16  16  16
         ecut(hartree)=      5.800   => boxcut(ratio)=   2.01347

--- Pseudopotential description ------------------------------------------------
- pspini: atom type   1  psp file is /home/gonze/ABINIT/ABINITv7.9.3/trunk/7.9.3-private/tests/Psps_for_tests/14si.phoney_mod
- pspatm: opening atomic psp file    /home/gonze/ABINIT/ABINITv7.9.3/trunk/7.9.3-private/tests/Psps_for_tests/14si.phoney_mod
- 2 bohr rc 15 hartree ec psp for silicon 8 November 1991 (new)
- 14.00000   4.00000    980710                znucl, zion, pspdat
    5    3    2    2       600   0.00000      pspcod,pspxc,lmax,lloc,mmax,r2well
    1.000000E-06    3.075239E-02              r1 and al (Hamman grid)
    0   0.000   0.000    2   2.0042666        l,e99.0,e99.9,nproj,rcpsp
   0.00000000   0.00000000   0.00000000   0.00000000     rms, ekb1, ekb2, epsatm
    1   0.000   0.000    2   2.0042666        l,e99.0,e99.9,nproj,rcpsp
   0.00000000   0.00000000   0.00000000   0.00000000     rms, ekb1, ekb2, epsatm
    2   0.000   0.000    0   2.0042666        l,e99.0,e99.9,nproj,rcpsp
   0.00000000   0.00000000   0.00000000   0.00000000     rms, ekb1, ekb2, epsatm
    0.00000000000000    0.00000000000000    0.00000000000000   rchrg,fchrg,qchrg
 pspatm: epsatm=   -1.82035725
         --- l  ekb(1:nproj) -->
             0    3.773677   10.247662
             1    2.166328    2.055393
 pspatm: atomic psp has been read  and splines computed

--------------------------------------------------------------------------------

P newkpt: treating      4 bands with npw=     180 for ikpt=   1 by node    0
P newkpt: treating      4 bands with npw=     186 for ikpt=   2 by node    0

_setup2: Arith. and geom. avg. npw (full set) are     184.500     184.482

================================================================================

     iter   Etot(hartree)      deltaE(h)  residm     vres2
 ETOT  1  -7.8931360945333    -7.893E+00 1.624E-03 2.851E+00
 ETOT  2  -7.8973458227622    -4.210E-03 2.816E-07 1.141E-01
 ETOT  3  -7.8974495766188    -1.038E-04 5.156E-07 1.851E-02
 ETOT  4  -7.8974616480084    -1.207E-05 2.103E-08 1.785E-03
 ETOT  5  -7.8974625699584    -9.220E-07 5.183E-09 2.492E-04
 ETOT  6  -7.8974628365226    -2.666E-07 5.030E-09 2.926E-05
 ETOT  7  -7.8974628931247    -5.660E-08 4.909E-10 1.458E-07
 ETOT  8  -7.8974628931830    -5.831E-11 2.338E-13 8.466E-08
 ETOT  9  -7.8974628932093    -2.637E-11 8.526E-14 2.406E-09
 ETOT 10  -7.8974628932114    -2.069E-12 2.066E-14 1.099E-10
 ETOT 11  -7.8974628932116    -1.563E-13 4.827E-15 1.305E-11

 At SCF step   11   max residual=  4.83E-15 < tolwfr=  1.00E-14 =>converged.

 Cartesian components of stress tensor (hartree/bohr^3)
  sigma(1 1)=  3.73090511E-04  sigma(3 2)=  0.00000000E+00
  sigma(2 2)=  3.73090511E-04  sigma(3 1)=  0.00000000E+00
  sigma(3 3)=  3.73090511E-04  sigma(2 1)=  0.00000000E+00

================================================================================

 ----iterations are completed or convergence reached----

 Mean square residual over all n,k,spin=   3.5155E-15; max=  4.8272E-15
   0.2500  0.2500  0.2500    1  3.75492E-15 kpt; spin; max resid(k); each band:
  3.07E-15 3.75E-15 2.82E-15 3.32E-15
   0.2500  0.5000  0.5000    1  4.82716E-15 kpt; spin; max resid(k); each band:
  4.83E-15 4.66E-15 2.89E-15 2.80E-15
 reduced coordinates (array xred) for    2 atoms
       0.000000000000      0.000000000000      0.000000000000
       0.250000000000      0.250000000000      0.250000000000
 rms dE/dt=  0.0000E+00; max dE/dt=  0.0000E+00; dE/dt below (all hartree)
    1       0.000000000000      0.000000000000      0.000000000000
    2       0.000000000000      0.000000000000      0.000000000000

 cartesian coordinates (angstrom) at end:
    1      0.00000000000000     0.00000000000000     0.00000000000000
    2      1.37136273606098     1.37136273606098     1.37136273606098

 cartesian forces (hartree/bohr) at end:
    1     -0.00000000000000    -0.00000000000000    -0.00000000000000
    2     -0.00000000000000    -0.00000000000000    -0.00000000000000
 frms,max,avg= 0.0000000E+00 0.0000000E+00   0.000E+00  0.000E+00  0.000E+00 h/b

 cartesian forces (eV/Angstrom) at end:
    1     -0.00000000000000    -0.00000000000000    -0.00000000000000
    2     -0.00000000000000    -0.00000000000000    -0.00000000000000
 frms,max,avg= 0.0000000E+00 0.0000000E+00   0.000E+00  0.000E+00  0.000E+00 e/A
 length scales= 10.366000000000 10.366000000000 10.366000000000 bohr
              =  5.485450944244  5.485450944244  5.485450944244 angstroms
 prteigrs : about to open file t03o_DS2_EIG
 Fermi (or HOMO) energy (hartree) =   0.19884   Average Vxc (hartree)=  -0.33198
 Eigenvalues (hartree) for nkpt=   2  k points:
 kpt#   1, nband=  4, wtk=  0.25000, kpt=  0.2500  0.2500  0.2500 (reduced coord)
  -0.17465   0.08568   0.19884   0.19884
 kpt#   2, nband=  4, wtk=  0.75000, kpt=  0.2500  0.5000  0.5000 (reduced coord)
  -0.10616  -0.00320   0.09865   0.14627
 Fermi (or HOMO) energy (eV) =   5.41065   Average Vxc (eV)=  -9.03367
 Eigenvalues (   eV  ) for nkpt=   2  k points:
 kpt#   1, nband=  4, wtk=  0.25000, kpt=  0.2500  0.2500  0.2500 (reduced coord)
  -4.75253   2.33155   5.41065   5.41065
 kpt#   2, nband=  4, wtk=  0.75000, kpt=  0.2500  0.5000  0.5000 (reduced coord)
  -2.88887  -0.08718   2.68452   3.98012
 Total charge density [el/Bohr^3]
,     Maximum=    8.5266E-02  at reduced coord.    0.1250    0.1250    0.6250
,Next maximum=    8.5266E-02  at reduced coord.    0.1250    0.6250    0.1250
,     Minimum=    2.9331E-03  at reduced coord.    0.7500    0.7500    0.7500
,Next minimum=    2.9331E-03  at reduced coord.    0.5000    0.5000    0.5000
,  Integrated=    8.0000E+00

--------------------------------------------------------------------------------
 Components of total free energy (in Hartree) :

    Kinetic energy  =  3.03676762525247E+00
    Hartree energy  =  5.59362740543959E-01
    XC energy       = -2.37986185794171E+00
    Ewald energy    = -8.31456383429187E+00
    PspCore energy  = -1.04593088893965E-01
    Loc. psp. energy= -2.42111268814613E+00
    NL   psp  energy=  1.72653821026568E+00
    >>>>>>>>> Etotal= -7.89746289321157E+00

 Other information on the energy :
    Total energy(eV)= -2.14900894307286E+02 ; Band energy (Ha)=   3.5768309037E-01
--------------------------------------------------------------------------------

 Cartesian components of stress tensor (hartree/bohr^3)
  sigma(1 1)=  3.73090511E-04  sigma(3 2)=  0.00000000E+00
  sigma(2 2)=  3.73090511E-04  sigma(3 1)=  0.00000000E+00
  sigma(3 3)=  3.73090511E-04  sigma(2 1)=  0.00000000E+00

-Cartesian components of stress tensor (GPa)         [Pressure= -1.0977E+01 GPa]
- sigma(1 1)=  1.09767000E+01  sigma(3 2)=  0.00000000E+00
- sigma(2 2)=  1.09767000E+01  sigma(3 1)=  0.00000000E+00
- sigma(3 3)=  1.09767000E+01  sigma(2 1)=  0.00000000E+00

== END DATASET(S) ==============================================================
================================================================================
  
 -outvars: echo values of variables after computation  --------
            acell      1.0366000000E+01  1.0366000000E+01  1.0366000000E+01 Bohr
              amu      2.80855000E+01
           diemac      1.20000000E+01
             ecut      5.80000000E+00 Hartree
           enunit           2
           etotal1    -7.8974628932E+00
           etotal2    -7.8974628932E+00
            fcart1    -2.5366933733E-32  2.5366933733E-32 -3.2977013853E-31
                       2.5366933733E-32 -2.5366933733E-32  3.2977013853E-31
            fcart2    -0.0000000000E+00 -0.0000000000E+00 -0.0000000000E+00
                      -0.0000000000E+00 -0.0000000000E+00 -0.0000000000E+00
-          fftalg         112
             iscf           5
              ixc           3
           jdtset        1    2
              kpt      1.00000000E+00  1.00000000E+00  1.00000000E+00
                       1.00000000E+00  2.00000000E+00  2.00000000E+00
           kptnrm      4.00000000E+00
           kptopt           0
P           mkmem           2
            natom           2
            nband           4
           ndtset           2
            ngfft          16      16      16
             nkpt           2
            nstep          20
             nsym          24
           ntypat           1
              occ      2.000000  2.000000  2.000000  2.000000
           occopt           0
            rprim      0.0000000000E+00  5.0000000000E-01  5.0000000000E-01
                       5.0000000000E-01  0.0000000000E+00  5.0000000000E-01
                       5.0000000000E-01  5.0000000000E-01  0.0000000000E+00
          spgroup         216
           strten1     3.7309051093E-04  3.7309051093E-04  3.7309051093E-04
                       0.0000000000E+00  0.0000000000E+00  0.0000000000E+00
           strten2     3.7309051123E-04  3.7309051123E-04  3.7309051123E-04
                       0.0000000000E+00  0.0000000000E+00  0.0000000000E+00
           symrel      1  0  0   0  1  0   0  0  1       0  1 -1   1  0 -1   0  0 -1
                       0 -1  1   0 -1  0   1 -1  0      -1  0  0  -1  0  1  -1  1  0
                       0  1  0   0  0  1   1  0  0       1  0 -1   0  0 -1   0  1 -1
                       0 -1  0   1 -1  0   0 -1  1      -1  0  1  -1  1  0  -1  0  0
                       0  0  1   1  0  0   0  1  0       0  0 -1   0  1 -1   1  0 -1
                       1 -1  0   0 -1  1   0 -1  0      -1  1  0  -1  0  0  -1  0  1
                       1  0 -1   0  1 -1   0  0 -1       0  1  0   1  0  0   0  0  1
                      -1  0  1  -1  0  0  -1  1  0       0 -1  0   0 -1  1   1 -1  0
                      -1  1  0  -1  0  1  -1  0  0       1 -1  0   0 -1  0   0 -1  1
                       0  0 -1   1  0 -1   0  1 -1       0  0  1   0  1  0   1  0  0
                       0 -1  1   1 -1  0   0 -1  0      -1  0  0  -1  1  0  -1  0  1
                       1  0  0   0  0  1   0  1  0       0  1 -1   0  0 -1   1  0 -1
           tolwfr      1.00000000E-14
            typat      1  1
           useylm1          0
           useylm2          1
              wtk        0.25000    0.75000
           xangst      0.0000000000E+00  0.0000000000E+00  0.0000000000E+00
                       1.3713627361E+00  1.3713627361E+00  1.3713627361E+00
            xcart      0.0000000000E+00  0.0000000000E+00  0.0000000000E+00
                       2.5915000000E+00  2.5915000000E+00  2.5915000000E+00
             xred      0.0000000000E+00  0.0000000000E+00  0.0000000000E+00
                       2.5000000000E-01  2.5000000000E-01  2.5000000000E-01
            znucl       14.00000

================================================================================


- Timing analysis has been suppressed with timopt=0



================================================================================

 Suggested references for the acknowledgment of ABINIT usage.

 The users of ABINIT have little formal obligations with respect to the ABINIT group
 (those specified in the GNU General Public License, http://www.gnu.org/copyleft/gpl.txt).
 However, it is common practice in the scientific literature,
 to acknowledge the efforts of people that have made the research possible.
 In this spirit, please find below suggested citations of work written by ABINIT developers,
 corresponding to implementations inside of ABINIT that you have used in the present run.
 Note also that it will be of great value to readers of publications presenting these results,
 to read papers enabling them to understand the theoretical formalism and details
 of the ABINIT implementation.
 For information on why they are suggested, see also http://www.abinit.org/about/?text=acknowledgments.

 [1] ABINIT : First-principles approach of materials and nanosystem properties.
 X. Gonze, B. Amadon, P.-M. Anglade, J.-M. Beuken, F. Bottin, P. Boulanger, F. Bruneval,
 D. Caliste, R. Caracas, M. Cote, T. Deutsch, L. Genovese, Ph. Ghosez, M. Giantomassi
 S. Goedecker, D.R. Hamann, P. Hermet, F. Jollet, G. Jomard, S. Leroux, M. Mancini, S. Mazevet,
 M.J.T. Oliveira, G. Onida, Y. Pouillon, T. Rangel, G.-M. Rignanese, D. Sangalli, R. Shaltaf,
 M. Torrent, M.J. Verstraete, G. Zerah, J.W. Zwanziger
 Computer Phys. Comm. 180, 2582-2615 (2009).
 Comment : the third generic paper describing the ABINIT project.
 Note that a version of this paper, that is not formatted for Computer Phys. Comm. 
 is available at http://www.abinit.org/about/ABINIT_CPC_v10.pdf .
 The licence allows the authors to put it on the Web.

 [2] A brief introduction to the ABINIT software package.
 X. Gonze, G.-M. Rignanese, M. Verstraete, J.-M. Beuken, Y. Pouillon, R. Caracas, F. Jollet,
 M. Torrent, G. Zerah, M. Mikami, Ph. Ghosez, M. Veithen, J.-Y. Raty, V. Olevano, F. Bruneval,
 L. Reining, R. Godby, G. Onida, D.R. Hamann, and D.C. Allan.
 Z. Kristallogr. 220, 558-562 (2005).
 Comment : the second generic paper describing the ABINIT project. Note that this paper
 should be cited especially if you are using the GW part of ABINIT, as several authors
 of this part are not in the list of authors of the first or third paper.
 The .pdf of the latter paper is available at http://www.abinit.org/about/zfk_0505-06_558-562.pdf.
 Note that it should not redistributed (Copyright by Oldenburg Wissenshaftverlag,
 the licence allows the authors to put it on the Web).


 And optionally :

 [3] First-principles computation of material properties : the ABINIT software project. 
 X. Gonze, J.-M. Beuken, R. Caracas, F. Detraux, M. Fuchs, G.-M. Rignanese, L. Sindic,
 M. Verstraete, G. Zerah, F. Jollet, M. Torrent, A. Roy, M. Mikami, Ph. Ghosez, J.-Y. Raty, D.C. Allan.
 Computational Materials Science 25, 478-492 (2002). http://dx.doi.org/10.1016/S0927-0256(02)00325-7
 Comment : the original paper describing the ABINIT project.

 [4] Fast radix 2, 3, 4 and 5 kernels for Fast Fourier Transformations
 on computers with overlapping multiply-add instructions.
 S. Goedecker, SIAM J. on Scientific Computing 18, 1605 (1997).

 [5] Towards a potential-based conjugate gradient algorithm for order-N self-consistent
 total energy calculations.
 X. Gonze, Phys. Rev. B 54, 4383 (1996).
 Comment : The potential-based conjugate-gradient algorithm, used when iscf=5, is not published.
 However, many elements of this algorithm have been explained in the paper above.
-
- Proc.   0 individual time (sec): cpu=          1.3  wall=          1.3

================================================================================

 Calculation completed.
.Delivered    7 WARNINGs and   0 COMMENTs to log file.
+Overall time at end (sec) : cpu=          1.3  wall=          1.3
