
.Version 7.10.4 of ANADDB 
.(MPI version, prepared for a x86_64_linux_gnu4.7 computer) 

.Copyright (C) 1998-2014 ABINIT group . 
 ANADDB comes with ABSOLUTELY NO WARRANTY.
 It is free software, and you are welcome to redistribute it
 under certain conditions (GNU General Public License,
 see ~abinit/COPYING or http://www.gnu.org/copyleft/gpl.txt).

 ABINIT is a project of the Universite Catholique de Louvain,
 Corning Inc. and other collaborators, see ~abinit/doc/developers/contributors.txt .
 Please read ~abinit/doc/users/acknowledgments.html for suggested
 acknowledgments of the ABINIT effort.
 For more information, see http://www.abinit.org .

.Starting date : Sun  1 Feb 2015.
- ( at 15h08 )
  

================================================================================

 -outvars_anaddb: echo values of input variables ----------------------

 Flags :
     polflag         1
 Miscellaneous information :
       eivec         1
         asr         1
      chneut         2
 Relaxation at fixed polarization :
     relaxat         1
    relaxstr         1

================================================================================

 read the DDB information and perform some checks

-begin at tcpu      0.016  and twall      0.016 sec

 Real(R)+Recip(G) space primitive vectors, cartesian coordinates (Bohr,Bohr^-1):
 R(1)=  0.0000000  5.3082654  5.3082654  G(1)= -0.0941927  0.0941927  0.0941927
 R(2)=  5.3082654  0.0000000  5.3082654  G(2)=  0.0941927 -0.0941927  0.0941927
 R(3)=  5.3082654  5.3082654  0.0000000  G(3)=  0.0941927  0.0941927 -0.0941927
 Unit cell volume ucvol=  2.9914923E+02 bohr^3
 Angles (23,13,12)=  6.00000000E+01  6.00000000E+01  6.00000000E+01 degrees
 Now the whole DDB is in central memory

================================================================================

 Dielectric Tensor and Effective Charges 

-begin at tcpu      0.024  and twall*********** sec

 anaddb : Zero the imaginary part of the Dynamical Matrix at Gamma,
   and impose the ASR on the effective charges 

 The violation of the charge neutrality conditions
 by the effective charges is as follows :
    atom        electric field
 displacement     direction
       1               1       -0.000005        0.000000
       1               2        0.000000        0.000000
       1               3       -0.000000        0.000000
       2               1        0.000000        0.000000
       2               2       -0.000005        0.000000
       2               3       -0.000000        0.000000
       3               1        0.000000        0.000000
       3               2        0.000000        0.000000
       3               3       -0.000005        0.000000

 Effective charge tensors after 
 imposition of the charge neutrality,
 and eventual restriction to some part :
   atom    displacement
         1         1    2.248400E+00    0.000000E+00    1.180234E-19
         1         2    0.000000E+00    2.248400E+00    1.180234E-19
         1         3    0.000000E+00    0.000000E+00    2.248400E+00
         2         1   -2.248400E+00    0.000000E+00   -1.180234E-19
         2         2    0.000000E+00   -2.248400E+00   -1.180234E-19
         2         3    0.000000E+00    0.000000E+00   -2.248400E+00
 Now, the imaginary part of the dynamical matrix is zeroed

 Polarization in cartesian coordinates (a.u.):
 (the sum of the electronic and ionic Berry phase has been folded into [-1, 1])
     Electronic berry phase:        0.545381697E-03   0.545381697E-03   0.545381697E-03
     Ionic:                        -0.266168099E-01  -0.266168099E-01  -0.266168099E-01  
     Total:                        -0.260714282E-01  -0.260714282E-01  -0.260714282E-01

 Polarization in cartesian coordinates (C/m^2):
 (the sum of the electronic and ionic Berry phase has been folded into [-1, 1])
     Electronic berry phase:        0.312038837E-01   0.312038837E-01   0.312038837E-01
     Ionic:                        -0.152287443E+01  -0.152287443E+01  -0.152287443E+01  
     Total:                        -0.149167055E+01  -0.149167055E+01  -0.149167055E+01


================================================================================


 Relaxation of the geometry at fixed polarization:

 Lambda =        2.688752873       2.688752827       2.688752819
 Value of the energy functional E_1 = -0.988405357E+01

 Difference between actual value of the Polarization (C/m^2)
 and the target value:
       -0.091670545       -0.091670545       -0.091670545

 Difference between the Hellmann-Feynman forces
 and the forces induced by the electric field
 (cartesian coordinates, hartree/bohr)
    2.020861993E-02    2.020861959E-02    2.020861953E-02
   -2.020861993E-02   -2.020861959E-02   -2.020861953E-02
 fmax =     2.020861993E-02

 Change of cartesian coordinates (delta_xcart):
       1       0.133029540       0.132939970       0.133010150
       2      -0.084836095      -0.084925678      -0.084855514

 New cartesian coordinates (xcart_new):
   xcart
     0.13302954000000D+00     0.13293997000000D+00     0.13301015000000D+00
     0.25692966175000D+01     0.25692070345000D+01     0.25692771985000D+01

 New reduced coordinates (xred_new):
   xred
     0.12520152004268D-01     0.12537025689517D-01     0.12523804798250D-01
     0.24199878960461D+00     0.24201566573887D+00     0.24200244786177D+00

 Difference between the Hellmann-Feynman stresses
 and the stresses induced by the electric field
 (cartesian coordinates, hartree/bohr^3)
  diffsig(1) =      0.000250331     diffsig(4) =      0.000104344
  diffsig(2) =      0.000250331     diffsig(5) =      0.000104344
  diffsig(3) =      0.000250331     diffsig(6) =      0.000104344
 sigmax =     2.503311729E-04

 Induced strain (delta_eta):
  delta_eta(1) =     -0.027412692     delta_eta(4) =      0.003036890
  delta_eta(2) =     -0.027412429     delta_eta(5) =      0.003036900
  delta_eta(3) =     -0.027412601     delta_eta(6) =      0.003036914

 New lattice constants (acell_new):
   acell
    0.73126514031682D+01    0.73126504513124D+01    0.73126511512160D+01

 New primitive vectors (rprim_new):
   rprim
    0.22044956035473D-02    0.70710512555727D+00    0.70710500041350D+00
    0.70710503011696D+00    0.22044924812156D-02    0.70710509586354D+00
    0.70710496755337D+00    0.70710515844373D+00    0.22044871558528D-02
-
- Proc.   0 individual time (sec): cpu=          0.0  wall=          0.0

================================================================================

+Total cpu time      0.018  and wall time      0.018 sec

 anaddb : the run completed succesfully.
