
 **** DERIVATIVE DATABASE ****    
+DDB, Version number    100401

 merged DDB file of strained Si                                                                                                                                                                                                                                          

    usepaw         0
     natom         2
      nkpt        16
    nsppol         1
      nsym         4
    ntypat         1
    occopt         1
     nband         4
     acell  0.10215000000000D+02  0.10215000000000D+02  0.97000000000000D+01
       amu  0.28085500000000D+02
   dilatmx  0.10000000000000D+01
      ecut  0.50000000000000D+01
    ecutsm  0.00000000000000D+00
     intxc         0
      iscf         5
       ixc         1
       kpt  0.00000000000000D+00 -0.25000000000000D+00  0.00000000000000D+00
            0.25000000000000D+00  0.50000000000000D+00  0.00000000000000D+00
            0.50000000000000D+00 -0.25000000000000D+00  0.00000000000000D+00
            0.00000000000000D+00  0.50000000000000D+00  0.25000000000000D+00
            0.25000000000000D+00 -0.25000000000000D+00  0.25000000000000D+00
            0.00000000000000D+00 -0.25000000000000D+00  0.50000000000000D+00
            0.25000000000000D+00  0.00000000000000D+00  0.00000000000000D+00
            0.00000000000000D+00  0.00000000000000D+00  0.25000000000000D+00
            0.25000000000000D+00  0.25000000000000D+00  0.25000000000000D+00
            0.50000000000000D+00  0.50000000000000D+00  0.25000000000000D+00
           -0.25000000000000D+00 -0.25000000000000D+00  0.25000000000000D+00
            0.25000000000000D+00  0.50000000000000D+00  0.50000000000000D+00
            0.50000000000000D+00 -0.25000000000000D+00  0.50000000000000D+00
            0.25000000000000D+00 -0.25000000000000D+00 -0.25000000000000D+00
            0.50000000000000D+00  0.00000000000000D+00  0.25000000000000D+00
            0.25000000000000D+00  0.00000000000000D+00  0.50000000000000D+00
    kptnrm  0.10000000000000D+01
     ngfft        16   16   16
    nspden         1
   nspinor         1
       occ  0.20000000000000D+01  0.20000000000000D+01  0.20000000000000D+01
            0.20000000000000D+01
     rprim  0.24989580000000D-01  0.49937513000000D+00  0.50000000000000D+00
            0.49937513000000D+00  0.24989580000000D-01  0.50000000000000D+00
            0.52436470000000D+00  0.52436470000000D+00  0.00000000000000D+00
     sciss  0.00000000000000D+00
    spinat  0.00000000000000D+00  0.00000000000000D+00  0.00000000000000D+00
            0.00000000000000D+00  0.00000000000000D+00  0.00000000000000D+00
    symafm         1    1    1    1
    symrel         1    0    0    0    1    0    0    0    1
                  -1    0    0    0   -1    0    0    0   -1
                   0   -1    0   -1    0    0    0    0   -1
                   0    1    0    1    0    0    0    0    1
     tnons  0.00000000000000D+00  0.00000000000000D+00  0.00000000000000D+00
            0.25000000000070D+00  0.25000000000070D+00  0.25000000000556D+00
            0.25000000000070D+00  0.25000000000070D+00  0.25000000000556D+00
            0.00000000000000D+00  0.00000000000000D+00  0.00000000000000D+00
    tolwfr  0.10000000000000D+01
   tphysel  0.00000000000000D+00
    tsmear  0.40000000000000D-01
     typat         1    1
       wtk  0.62500000000000D-01  0.62500000000000D-01  0.62500000000000D-01
            0.62500000000000D-01  0.62500000000000D-01  0.62500000000000D-01
            0.62500000000000D-01  0.62500000000000D-01  0.62500000000000D-01
            0.62500000000000D-01  0.62500000000000D-01  0.62500000000000D-01
            0.62500000000000D-01  0.62500000000000D-01  0.62500000000000D-01
            0.62500000000000D-01
      xred  0.32588142207000D-02  0.32588142207000D-02  0.28033396556000D-03
            0.24674118578000D+00  0.24674118578000D+00  0.24971966604000D+00
     znucl  0.14000000000000D+02
      zion  0.40000000000000D+01
 
  Description of the potentials (KB energies)
  vrsio8 (for pseudopotentials)=100401
  usepaw =  0
  dimekb =  2       lmnmax=  2
  Atom type=    1   pspso=  0   nekb=   2
  iln lpsang iproj  ekb(:)
     1     0     1     3.2879487E+00  0.0000000E+00
     2     1     1     0.0000000E+00  1.8498858E+00
 
 **** Database of total energy derivatives ****
 Number of data blocks=    3
  
 Total energy                 - # elements :       1
 -0.88455152253525D+01  0.00000000000000D+00
  
 1st derivatives              - # elements :      12
   1   1 -0.15153108363581D-02  0.00000000000000D+00
   2   1 -0.15153108363581D-02  0.00000000000000D+00
   3   1 -0.17940123986003D-02  0.00000000000000D+00
   1   2  0.15153108363581D-02  0.00000000000000D+00
   2   2  0.15153108363581D-02  0.00000000000000D+00
   3   2  0.17940123986003D-02  0.00000000000000D+00
   1   5 -0.12131666162896D-03  0.00000000000000D+00
   2   5 -0.12131666162896D-03  0.00000000000000D+00
   3   5 -0.15933260675444D-04  0.00000000000000D+00
   1   6  0.71466592148515D-04  0.00000000000000D+00
   2   6  0.71466592148515D-04  0.00000000000000D+00
   3   6  0.13590286619248D-03  0.00000000000000D+00
  
 2nd derivatives (non-stat.)  - # elements :     108
 qpt  0.00000000E+00  0.00000000E+00  0.00000000E+00   1.0
   1   1   1   1  0.79697868669411D+01  0.00000000000000D+00
   2   1   1   1  0.42861572535363D+01  0.00000000000000D+00
   3   1   1   1  0.39892449091161D+01  0.00000000000000D+00
   1   2   1   1 -0.79697865396285D+01  0.12872155666846D-16
   2   2   1   1 -0.42861569782328D+01  0.91426950092202D-17
   3   2   1   1 -0.39892450106464D+01 -0.68634051628558D-17
   1   1   2   1  0.42861572535363D+01  0.00000000000000D+00
   2   1   2   1  0.79697868669411D+01  0.00000000000000D+00
   3   1   2   1  0.39892449091161D+01  0.00000000000000D+00
   1   2   2   1 -0.42861569782328D+01  0.91426950092202D-17
   2   2   2   1 -0.79697865396285D+01  0.10229270309878D-16
   3   2   2   1 -0.39892450106464D+01 -0.18850259123237D-16
   1   1   3   1  0.39892447064518D+01  0.00000000000000D+00
   2   1   3   1  0.39892447064518D+01  0.00000000000000D+00
   3   1   3   1  0.77887115134682D+01  0.00000000000000D+00
   1   2   3   1 -0.39892450106464D+01 -0.68634051628558D-17
   2   2   3   1 -0.39892450106464D+01 -0.18850259123237D-16
   3   2   3   1 -0.77887105865104D+01  0.54368564072832D-18
   1   1   1   2 -0.79697865396285D+01 -0.12872155666846D-16
   2   1   1   2 -0.42861569782328D+01 -0.91426950092202D-17
   3   1   1   2 -0.39892450106464D+01  0.68634051628558D-17
   1   2   1   2  0.79697868669412D+01  0.00000000000000D+00
   2   2   1   2  0.42861572535363D+01  0.00000000000000D+00
   3   2   1   2  0.39892449091161D+01  0.00000000000000D+00
   1   1   2   2 -0.42861569782328D+01 -0.91426950092202D-17
   2   1   2   2 -0.79697865396285D+01 -0.10229270309878D-16
   3   1   2   2 -0.39892450106464D+01  0.18850259123237D-16
   1   2   2   2  0.42861572535363D+01  0.00000000000000D+00
   2   2   2   2  0.79697868669412D+01  0.00000000000000D+00
   3   2   2   2  0.39892449091161D+01  0.00000000000000D+00
   1   1   3   2 -0.39892450106464D+01  0.68634051628558D-17
   2   1   3   2 -0.39892450106464D+01  0.18850259123237D-16
   3   1   3   2 -0.77887105865104D+01 -0.54368564072832D-18
   1   2   3   2  0.39892447064518D+01  0.00000000000000D+00
   2   2   3   2  0.39892447064518D+01  0.00000000000000D+00
   3   2   3   2  0.77887115134682D+01  0.00000000000000D+00
   1   1   1   5  0.10483384085598D+00  0.00000000000000D+00
   2   1   1   5  0.22054835638928D+00  0.00000000000000D+00
   3   1   1   5  0.15255467798970D+00  0.00000000000000D+00
   1   2   1   5 -0.10483384085597D+00  0.00000000000000D+00
   2   2   1   5 -0.22054835638929D+00  0.00000000000000D+00
   3   2   1   5 -0.15255467798971D+00  0.00000000000000D+00
   1   5   1   5  0.16695428703808D+01  0.00000000000000D+00
   2   5   1   5  0.75076401557978D+00  0.00000000000000D+00
   3   5   1   5  0.67349162721406D+00  0.00000000000000D+00
   1   6   1   5 -0.13659387681223D-01  0.00000000000000D+00
   2   6   1   5  0.81796693849696D-03  0.00000000000000D+00
   3   6   1   5 -0.31259812204980D-01  0.00000000000000D+00
   1   1   2   5  0.22054831508659D+00  0.00000000000000D+00
   2   1   2   5  0.10483376419000D+00  0.00000000000000D+00
   3   1   2   5  0.15255461637226D+00  0.00000000000000D+00
   1   2   2   5 -0.22054831508658D+00  0.00000000000000D+00
   2   2   2   5 -0.10483376419001D+00  0.00000000000000D+00
   3   2   2   5 -0.15255461637229D+00  0.00000000000000D+00
   1   5   2   5  0.75076406411127D+00  0.00000000000000D+00
   2   5   2   5  0.16695429048128D+01  0.00000000000000D+00
   3   5   2   5  0.67349167642302D+00  0.00000000000000D+00
   1   6   2   5  0.81799943284604D-03  0.00000000000000D+00
   2   6   2   5 -0.13659372182257D-01  0.00000000000000D+00
   3   6   2   5 -0.31259778744843D-01  0.00000000000000D+00
   1   1   3   5  0.31138661460632D+00  0.00000000000000D+00
   2   1   3   5  0.31138661459814D+00  0.00000000000000D+00
   3   1   3   5  0.15906259373464D+00  0.00000000000000D+00
   1   2   3   5 -0.31138661460631D+00  0.00000000000000D+00
   2   2   3   5 -0.31138661459815D+00  0.00000000000000D+00
   3   2   3   5 -0.15906259373464D+00  0.00000000000000D+00
   1   5   3   5  0.67349167275572D+00  0.00000000000000D+00
   2   5   3   5  0.67349167275201D+00  0.00000000000000D+00
   3   5   3   5  0.18332716258489D+01  0.00000000000000D+00
   1   6   3   5 -0.28406892843314D-01  0.00000000000000D+00
   2   6   3   5 -0.28406892837059D-01  0.00000000000000D+00
   3   6   3   5 -0.15989838974284D-01  0.00000000000000D+00
   1   1   1   6  0.20670712128100D+00  0.00000000000000D+00
   2   1   1   6 -0.10374755221679D+01  0.00000000000000D+00
   3   1   1   6 -0.10161038970248D+01  0.00000000000000D+00
   1   2   1   6 -0.20670712128100D+00  0.00000000000000D+00
   2   2   1   6  0.10374755221679D+01  0.00000000000000D+00
   3   2   1   6  0.10161038970248D+01  0.00000000000000D+00
   1   5   1   6 -0.13659354825960D-01  0.00000000000000D+00
   2   5   1   6  0.81801344106708D-03  0.00000000000000D+00
   3   5   1   6 -0.28406893554051D-01  0.00000000000000D+00
   1   6   1   6  0.10707394873248D+01  0.00000000000000D+00
   2   6   1   6 -0.42995363485532D-01  0.00000000000000D+00
   3   6   1   6 -0.24958720898478D-01  0.00000000000000D+00
   1   1   2   6 -0.10374754579131D+01  0.00000000000000D+00
   2   1   2   6  0.20670717970785D+00  0.00000000000000D+00
   3   1   2   6 -0.10161040017869D+01  0.00000000000000D+00
   1   2   2   6  0.10374754579131D+01  0.00000000000000D+00
   2   2   2   6 -0.20670717970784D+00  0.00000000000000D+00
   3   2   2   6  0.10161040017869D+01  0.00000000000000D+00
   1   5   2   6  0.81801761757304D-03  0.00000000000000D+00
   2   5   2   6 -0.13659339825089D-01  0.00000000000000D+00
   3   5   2   6 -0.28406891318497D-01  0.00000000000000D+00
   1   6   2   6 -0.42995352662104D-01  0.00000000000000D+00
   2   6   2   6  0.10707396164901D+01  0.00000000000000D+00
   3   6   2   6 -0.24958784728829D-01  0.00000000000000D+00
   1   1   3   6 -0.10698091814105D+01  0.00000000000000D+00
   2   1   3   6 -0.10698091814134D+01  0.00000000000000D+00
   3   1   3   6  0.11160138602249D+00  0.00000000000000D+00
   1   2   3   6  0.10698091814105D+01  0.00000000000000D+00
   2   2   3   6  0.10698091814134D+01  0.00000000000000D+00
   3   2   3   6 -0.11160138602250D+00  0.00000000000000D+00
   1   5   3   6 -0.31259801762230D-01  0.00000000000000D+00
   2   5   3   6 -0.31259801762302D-01  0.00000000000000D+00
   3   5   3   6 -0.15989825772729D-01  0.00000000000000D+00
   1   6   3   6 -0.24958708495353D-01  0.00000000000000D+00
   2   6   3   6 -0.24958708497275D-01  0.00000000000000D+00
   3   6   3   6  0.10736398512949D+01  0.00000000000000D+00

 List of bloks and their characteristics 
  
 Total energy                 - # elements :       1
  
 1st derivatives              - # elements :      12
  
 2nd derivatives (non-stat.)  - # elements :     108
 qpt  0.00000000E+00  0.00000000E+00  0.00000000E+00   1.0
